127.0.0.1 - - [27/Oct/2013:06:25:01 +0100] "OPTIONS * HTTP/1.0" 200 152 "-" "Apache/2.2.17 (Ubuntu) (internal dummy connection)"
127.0.0.1 - - [27/Oct/2013:06:25:01 +0100] "OPTIONS * HTTP/1.0" 200 152 "-" "Apache/2.2.17 (Ubuntu) (internal dummy connection)"
127.0.0.1 - - [27/Oct/2013:06:25:01 +0100] "OPTIONS * HTTP/1.0" 200 152 "-" "Apache/2.2.17 (Ubuntu) (internal dummy connection)"
127.0.0.1 - - [27/Oct/2013:06:25:01 +0100] "OPTIONS * HTTP/1.0" 200 152 "-" "Apache/2.2.17 (Ubuntu) (internal dummy connection)"
127.0.0.1 - - [27/Oct/2013:06:25:01 +0100] "OPTIONS * HTTP/1.0" 200 152 "-" "Apache/2.2.17 (Ubuntu) (internal dummy connection)"
127.0.0.1 - - [27/Oct/2013:06:25:01 +0100] "OPTIONS * HTTP/1.0" 200 152 "-" "Apache/2.2.17 (Ubuntu) (internal dummy connection)"
127.0.0.1 - - [27/Oct/2013:06:25:01 +0100] "OPTIONS * HTTP/1.0" 200 152 "-" "Apache/2.2.17 (Ubuntu) (internal dummy connection)"
127.0.0.1 - - [27/Oct/2013:06:25:01 +0100] "OPTIONS * HTTP/1.0" 200 152 "-" "Apache/2.2.17 (Ubuntu) (internal dummy connection)"
127.0.0.1 - - [27/Oct/2013:06:25:01 +0100] "OPTIONS * HTTP/1.0" 200 152 "-" "Apache/2.2.17 (Ubuntu) (internal dummy connection)"
127.0.0.1 - - [27/Oct/2013:06:25:01 +0100] "OPTIONS * HTTP/1.0" 200 152 "-" "Apache/2.2.17 (Ubuntu) (internal dummy connection)"
127.0.0.1 - - [27/Oct/2013:06:25:01 +0100] "OPTIONS * HTTP/1.0" 200 152 "-" "Apache/2.2.17 (Ubuntu) (internal dummy connection)"
127.0.0.1 - - [27/Oct/2013:06:25:01 +0100] "OPTIONS * HTTP/1.0" 200 152 "-" "Apache/2.2.17 (Ubuntu) (internal dummy connection)"
127.0.0.1 - - [27/Oct/2013:06:25:01 +0100] "OPTIONS * HTTP/1.0" 200 152 "-" "Apache/2.2.17 (Ubuntu) (internal dummy connection)"
127.0.0.1 - - [27/Oct/2013:06:25:01 +0100] "OPTIONS * HTTP/1.0" 200 152 "-" "Apache/2.2.17 (Ubuntu) (internal dummy connection)"
127.0.0.1 - - [27/Oct/2013:06:25:01 +0100] "OPTIONS * HTTP/1.0" 200 152 "-" "Apache/2.2.17 (Ubuntu) (internal dummy connection)"
127.0.0.1 - - [27/Oct/2013:06:25:01 +0100] "OPTIONS * HTTP/1.0" 200 152 "-" "Apache/2.2.17 (Ubuntu) (internal dummy connection)"
127.0.0.1 - - [27/Oct/2013:06:25:01 +0100] "OPTIONS * HTTP/1.0" 200 152 "-" "Apache/2.2.17 (Ubuntu) (internal dummy connection)"
127.0.0.1 - - [27/Oct/2013:06:25:01 +0100] "OPTIONS * HTTP/1.0" 200 152 "-" "Apache/2.2.17 (Ubuntu) (internal dummy connection)"
127.0.0.1 - - [27/Oct/2013:06:25:01 +0100] "OPTIONS * HTTP/1.0" 200 152 "-" "Apache/2.2.17 (Ubuntu) (internal dummy connection)"
127.0.0.1 - - [27/Oct/2013:06:25:01 +0100] "OPTIONS * HTTP/1.0" 200 152 "-" "Apache/2.2.17 (Ubuntu) (internal dummy connection)"
31.6.71.17 - - [27/Oct/2013:06:25:18 +0100] "GET /node/58 HTTP/1.1" 200 6843 "http://www.hurence.com/" "Mozilla/5.0 (compatible; MSIE 10.0; Windows NT 6.1; Trident/6.0)"
31.6.71.17 - - [27/Oct/2013:06:25:20 +0100] "GET /?q=user/register HTTP/1.1" 200 5332 "http://www.hurence.com/node/58" "Mozilla/5.0 (compatible; MSIE 10.0; Windows NT 6.1; Trident/6.0)"
31.6.71.17 - - [27/Oct/2013:06:25:21 +0100] "POST /?q=user/register HTTP/1.1" 302 678 "http://www.hurence.com/?q=user/register" "Mozilla/5.0 (compatible; MSIE 10.0; Windows NT 6.1; Trident/6.0)"
31.6.71.17 - - [27/Oct/2013:06:25:21 +0100] "GET / HTTP/1.1" 200 6717 "http://www.hurence.com/?q=user/register" "Mozilla/5.0 (compatible; MSIE 10.0; Windows NT 6.1; Trident/6.0)"
31.6.71.17 - - [27/Oct/2013:06:25:24 +0100] "GET /?q=user HTTP/1.1" 200 5100 "http://www.hurence.com/" "Mozilla/5.0 (compatible; MSIE 10.0; Windows NT 6.1; Trident/6.0)"
31.6.71.17 - - [27/Oct/2013:06:25:24 +0100] "POST /?q=user HTTP/1.1" 200 5166 "http://www.hurence.com/?q=user" "Mozilla/5.0 (compatible; MSIE 10.0; Windows NT 6.1; Trident/6.0)"
66.249.75.213 - - [27/Oct/2013:06:28:11 +0100] "GET /node/90 HTTP/1.1" 200 6876 "-" "Mozilla/5.0 (iPhone; CPU iPhone OS 6_0 like Mac OS X) AppleWebKit/536.26 (KHTML, like Gecko) Version/6.0 Mobile/10A5376e Safari/8536.25 (compatible; Googlebot-Mobile/2.1; +http://www.google.com/bot.html)"
66.249.75.213 - - [27/Oct/2013:06:29:49 +0100] "GET /node/140 HTTP/1.1" 200 6649 "-" "Mozilla/5.0 (iPhone; CPU iPhone OS 6_0 like Mac OS X) AppleWebKit/536.26 (KHTML, like Gecko) Version/6.0 Mobile/10A5376e Safari/8536.25 (compatible; Googlebot-Mobile/2.1; +http://www.google.com/bot.html)"
5.63.145.68 - - [27/Oct/2013:06:34:03 +0100] "HEAD / HTTP/1.1" 200 468 "-" "checks.panopta.com"
72.14.199.235 - - [27/Oct/2013:06:34:49 +0100] "GET /rss.xml HTTP/1.1" 200 2983 "-" "Feedfetcher-Google; (+http://www.google.com/feedfetcher.html; 3 subscribers; feed-id=7225077890218036057)"
66.249.75.213 - - [27/Oct/2013:06:38:33 +0100] "GET /sites/all/modules/views/css/views.css?ls5cse HTTP/1.1" 200 649 "-" "Mozilla/5.0 (compatible; Googlebot/2.1; +http://www.google.com/bot.html)"
66.249.75.213 - - [27/Oct/2013:06:38:34 +0100] "GET /sites/all/modules/ctools/css/ctools.css?ls5cse HTTP/1.1" 200 591 "-" "Mozilla/5.0 (compatible; Googlebot/2.1; +http://www.google.com/bot.html)"
66.249.75.213 - - [27/Oct/2013:06:38:34 +0100] "GET /sites/all/modules/featured_content/featured_content.css?ls5cse HTTP/1.1" 200 478 "-" "Mozilla/5.0 (compatible; Googlebot/2.1; +http://www.google.com/bot.html)"
66.249.75.213 - - [27/Oct/2013:06:38:35 +0100] "GET /sites/all/themes/hurence/css/pages.css?ls5cse HTTP/1.1" 200 2219 "-" "Mozilla/5.0 (compatible; Googlebot/2.1; +http://www.google.com/bot.html)"
208.115.111.71 - - [27/Oct/2013:06:41:21 +0100] "GET /node/123?lang=fr HTTP/1.1" 200 32371 "-" "Mozilla/5.0 (compatible; Ezooms/1.0; ezooms.bot@gmail.com)"
208.115.111.71 - - [27/Oct/2013:06:41:33 +0100] "GET /node/54?lang=en HTTP/1.1" 200 30772 "-" "Mozilla/5.0 (compatible; Ezooms/1.0; ezooms.bot@gmail.com)"
5.63.145.68 - - [27/Oct/2013:06:49:29 +0100] "HEAD / HTTP/1.1" 200 468 "-" "checks.panopta.com"
61.135.189.124 - - [27/Oct/2013:06:51:21 +0100] "GET /robots.txt HTTP/1.1" 200 1812 "-" "Sogou web spider/4.0(+http://www.sogou.com/docs/help/webmasters.htm#07)"
61.135.189.124 - - [27/Oct/2013:06:51:20 +0100] "GET /node/12 HTTP/1.1" 200 6322 "-" "Sogou web spider/4.0(+http://www.sogou.com/docs/help/webmasters.htm#07)"
61.135.189.124 - - [27/Oct/2013:06:51:34 +0100] "GET /node/78 HTTP/1.1" 200 6587 "-" "Sogou web spider/4.0(+http://www.sogou.com/docs/help/webmasters.htm#07)"
5.10.83.12 - - [27/Oct/2013:06:55:32 +0100] "GET /node/87?lang=fr HTTP/1.1" 200 7151 "-" "Mozilla/5.0 (compatible; AhrefsBot/5.0; +http://ahrefs.com/robot/)"
123.125.71.46 - - [27/Oct/2013:06:55:34 +0100] "GET / HTTP/1.1" 200 16060 "-" "Mozilla/5.0 (compatible; Baiduspider/2.0; +http://www.baidu.com/search/spider.html)"
220.181.108.96 - - [27/Oct/2013:06:58:41 +0100] "GET / HTTP/1.1" 200 16060 "-" "Mozilla/5.0 (compatible; Baiduspider/2.0; +http://www.baidu.com/search/spider.html)"
5.63.145.68 - - [27/Oct/2013:07:05:42 +0100] "HEAD / HTTP/1.1" 200 468 "-" "checks.panopta.com"
5.10.83.12 - - [27/Oct/2013:07:16:27 +0100] "GET /node/72 HTTP/1.1" 200 6671 "-" "Mozilla/5.0 (compatible; AhrefsBot/5.0; +http://ahrefs.com/robot/)"
5.10.83.12 - - [27/Oct/2013:07:20:03 +0100] "GET /node/95?lang=fr HTTP/1.1" 200 6915 "-" "Mozilla/5.0 (compatible; AhrefsBot/5.0; +http://ahrefs.com/robot/)"
5.63.145.68 - - [27/Oct/2013:07:21:19 +0100] "HEAD / HTTP/1.1" 200 468 "-" "checks.panopta.com"
72.14.199.235 - - [27/Oct/2013:07:31:59 +0100] "GET /rss.xml HTTP/1.1" 200 2983 "-" "Feedfetcher-Google; (+http://www.google.com/feedfetcher.html; 3 subscribers; feed-id=7225077890218036057)"
5.63.145.68 - - [27/Oct/2013:07:36:41 +0100] "HEAD / HTTP/1.1" 200 468 "-" "checks.panopta.com"
66.249.75.202 - - [27/Oct/2013:07:41:56 +0100] "GET /node/104?lang=fr HTTP/1.1" 200 7105 "-" "Mozilla/5.0 (compatible; Googlebot/2.1; +http://www.google.com/bot.html)"
208.115.113.87 - - [27/Oct/2013:07:43:21 +0100] "GET /robots.txt HTTP/1.1" 200 1793 "-" "Mozilla/5.0 (compatible; Ezooms/1.0; ezooms.bot@gmail.com)"
208.115.113.87 - - [27/Oct/2013:07:43:21 +0100] "GET /robots.txt HTTP/1.1" 200 1793 "-" "Mozilla/5.0 (compatible; Ezooms/1.0; ezooms.bot@gmail.com)"
119.63.193.132 - - [27/Oct/2013:07:43:33 +0100] "GET / HTTP/1.1" 200 16060 "-" "Mozilla/4.0 (compatible; MSIE 7.0; Windows NT 6.0)"
5.10.83.12 - - [27/Oct/2013:07:48:02 +0100] "GET /node/99?lang=fr HTTP/1.1" 200 7074 "-" "Mozilla/5.0 (compatible; AhrefsBot/5.0; +http://ahrefs.com/robot/)"
220.181.108.123 - - [27/Oct/2013:07:48:40 +0100] "GET / HTTP/1.1" 200 16060 "-" "Mozilla/5.0 (compatible; Baiduspider/2.0; +http://www.baidu.com/search/spider.html)"
66.249.75.213 - - [27/Oct/2013:07:50:05 +0100] "GET /sites/all/themes/hurence/css/navigation.css?ls5cse HTTP/1.1" 200 807 "-" "Mozilla/5.0 (compatible; Googlebot/2.1; +http://www.google.com/bot.html)"
5.63.145.68 - - [27/Oct/2013:07:54:11 +0100] "HEAD / HTTP/1.1" 200 468 "-" "checks.panopta.com"
123.125.71.18 - - [27/Oct/2013:07:54:37 +0100] "GET / HTTP/1.1" 200 16060 "-" "Mozilla/5.0 (compatible; Baiduspider/2.0; +http://www.baidu.com/search/spider.html)"
5.10.83.12 - - [27/Oct/2013:07:56:17 +0100] "GET /node/144?lang=en HTTP/1.1" 200 6577 "-" "Mozilla/5.0 (compatible; AhrefsBot/5.0; +http://ahrefs.com/robot/)"
5.10.83.12 - - [27/Oct/2013:07:59:48 +0100] "GET /node/117?lang=fr HTTP/1.1" 200 6884 "-" "Mozilla/5.0 (compatible; AhrefsBot/5.0; +http://ahrefs.com/robot/)"
91.108.182.231 - - [27/Oct/2013:07:59:58 +0100] "GET / HTTP/1.0" 200 6363 "http://www.hurence.com/" "Mozilla/4.0 (compatible; MSIE 8.0; Windows NT 6.0; Trident/4.0; Mozilla/4.0 (compatible; MSIE 6.0; Windows NT 5.1; SV1) ; .NET CLR 3.5.30729)"
91.108.182.231 - - [27/Oct/2013:08:00:01 +0100] "GET /?q=user HTTP/1.0" 200 5094 "http://www.hurence.com/" "Mozilla/4.0 (compatible; MSIE 8.0; Windows NT 6.0; Trident/4.0; Mozilla/4.0 (compatible; MSIE 6.0; Windows NT 5.1; SV1) ; .NET CLR 3.5.30729)"
91.108.182.231 - - [27/Oct/2013:08:00:02 +0100] "POST /?q=user HTTP/1.0" 200 5176 "http://www.hurence.com/?q=user" "Mozilla/4.0 (compatible; MSIE 8.0; Windows NT 6.0; Trident/4.0; Mozilla/4.0 (compatible; MSIE 6.0; Windows NT 5.1; SV1) ; .NET CLR 3.5.30729)"
5.10.83.12 - - [27/Oct/2013:08:00:27 +0100] "GET / HTTP/1.1" 200 6300 "-" "Mozilla/5.0 (compatible; AhrefsBot/5.0; +http://ahrefs.com/robot/)"
5.10.83.12 - - [27/Oct/2013:08:00:59 +0100] "GET /node/67?lang=en HTTP/1.1" 200 6731 "-" "Mozilla/5.0 (compatible; AhrefsBot/5.0; +http://ahrefs.com/robot/)"
5.10.83.12 - - [27/Oct/2013:08:01:43 +0100] "GET /node/11?lang=en HTTP/1.1" 200 6830 "-" "Mozilla/5.0 (compatible; AhrefsBot/5.0; +http://ahrefs.com/robot/)"
5.10.83.12 - - [27/Oct/2013:08:03:01 +0100] "GET /node/66?lang=en HTTP/1.1" 200 7119 "-" "Mozilla/5.0 (compatible; AhrefsBot/5.0; +http://ahrefs.com/robot/)"
5.63.145.68 - - [27/Oct/2013:08:09:20 +0100] "HEAD / HTTP/1.1" 200 468 "-" "checks.panopta.com"
66.249.75.213 - - [27/Oct/2013:08:09:33 +0100] "GET /sites/all/themes/hurence/css/comments.css?ls5cse HTTP/1.1" 200 1020 "-" "Mozilla/5.0 (compatible; Googlebot/2.1; +http://www.google.com/bot.html)"
66.249.75.213 - - [27/Oct/2013:08:11:52 +0100] "GET /sites/all/themes/hurence/css/tabs.css?ls5cse HTTP/1.1" 200 1059 "-" "Mozilla/5.0 (compatible; Googlebot/2.1; +http://www.google.com/bot.html)"
5.10.83.12 - - [27/Oct/2013:08:15:19 +0100] "GET /node/137 HTTP/1.1" 200 9737 "-" "Mozilla/5.0 (compatible; AhrefsBot/5.0; +http://ahrefs.com/robot/)"
66.249.75.213 - - [27/Oct/2013:08:15:45 +0100] "GET /sites/all/themes/hurence/css/html-reset.css?ls5cse HTTP/1.1" 200 3351 "-" "Mozilla/5.0 (compatible; Googlebot/2.1; +http://www.google.com/bot.html)"
66.249.75.213 - - [27/Oct/2013:08:16:17 +0100] "GET /sites/all/themes/hurence/css/forms.css?ls5cse HTTP/1.1" 200 1398 "-" "Mozilla/5.0 (compatible; Googlebot/2.1; +http://www.google.com/bot.html)"
5.10.83.12 - - [27/Oct/2013:08:16:21 +0100] "GET /node/124?lang=fr HTTP/1.1" 200 6761 "-" "Mozilla/5.0 (compatible; AhrefsBot/5.0; +http://ahrefs.com/robot/)"
82.150.248.29 - - [27/Oct/2013:08:18:11 +0100] "GET /sites/all/themes/hurence/css/views-styles.css?ls5cse HTTP/1.1" 304 212 "-" "Mozilla/4.0 (compatible;)"
141.105.68.138 - - [27/Oct/2013:08:22:00 +0100] "GET /user/register HTTP/1.1" 200 5321 "https://www.google.com/" "Mozilla/5.0 (Windows NT 6.1; WOW64; rv:21.0) Gecko/20100101 Firefox/21.0"
141.105.68.138 - - [27/Oct/2013:08:22:02 +0100] "POST /user/register HTTP/1.1" 302 702 "http://www.hurence.com/user/register" "Mozilla/5.0 (Windows NT 6.1; WOW64; rv:21.0) Gecko/20100101 Firefox/21.0"
141.105.68.138 - - [27/Oct/2013:08:22:04 +0100] "GET / HTTP/1.1" 200 6661 "http://www.hurence.com/user/register" "Mozilla/5.0 (Windows NT 6.1; WOW64; rv:21.0) Gecko/20100101 Firefox/21.0"
5.63.145.68 - - [27/Oct/2013:08:25:53 +0100] "HEAD / HTTP/1.1" 200 468 "-" "checks.panopta.com"
66.249.75.213 - - [27/Oct/2013:08:30:59 +0100] "GET /node/121?lang=fr HTTP/1.1" 200 7015 "-" "SAMSUNG-SGH-E250/1.0 Profile/MIDP-2.0 Configuration/CLDC-1.1 UP.Browser/6.2.3.3.c.1.101 (GUI) MMP/2.0 (compatible; Googlebot-Mobile/2.1; +http://www.google.com/bot.html)"
79.133.196.50 - - [27/Oct/2013:08:31:34 +0100] "GET /user/register HTTP/1.1" 200 5323 "http://hurence.com/" "Mozilla/5.0 (compatible; MSIE 10.0; Windows NT 6.1; Trident/6.0)"
79.133.196.50 - - [27/Oct/2013:08:31:35 +0100] "GET /?q=node/add HTTP/1.1" 403 4815 "http://hurence.com/" "Mozilla/5.0 (compatible; MSIE 10.0; Windows NT 6.1; Trident/6.0)"
79.133.196.50 - - [27/Oct/2013:08:31:35 +0100] "GET /?q=user/register HTTP/1.1" 200 5330 "http://hurence.com/?q=node/add" "Mozilla/5.0 (compatible; MSIE 10.0; Windows NT 6.1; Trident/6.0)"
79.133.196.50 - - [27/Oct/2013:08:31:35 +0100] "POST /?q=user/register HTTP/1.1" 302 674 "http://hurence.com/?q=user/register" "Mozilla/5.0 (compatible; MSIE 10.0; Windows NT 6.1; Trident/6.0)"
79.133.196.50 - - [27/Oct/2013:08:31:36 +0100] "GET / HTTP/1.1" 200 6710 "http://hurence.com/?q=user/register" "Mozilla/5.0 (compatible; MSIE 10.0; Windows NT 6.1; Trident/6.0)"
79.133.196.50 - - [27/Oct/2013:08:31:37 +0100] "GET /?q=user HTTP/1.1" 200 5094 "http://hurence.com/" "Mozilla/5.0 (compatible; MSIE 10.0; Windows NT 6.1; Trident/6.0)"
79.133.196.50 - - [27/Oct/2013:08:31:38 +0100] "POST /?q=user HTTP/1.1" 200 5175 "http://hurence.com/?q=user" "Mozilla/5.0 (compatible; MSIE 10.0; Windows NT 6.1; Trident/6.0)"
91.236.74.251 - - [27/Oct/2013:08:33:14 +0100] "GET / HTTP/1.1" 200 6362 "http://hurence.com/" "Mozilla/5.0 (compatible; MSIE 10.0; Windows NT 6.1; Trident/6.0)"
91.236.74.251 - - [27/Oct/2013:08:33:16 +0100] "GET /?q=user HTTP/1.1" 200 5091 "http://hurence.com/" "Mozilla/5.0 (compatible; MSIE 10.0; Windows NT 6.1; Trident/6.0)"
91.236.74.251 - - [27/Oct/2013:08:33:16 +0100] "POST /?q=user HTTP/1.1" 200 5177 "http://hurence.com/?q=user" "Mozilla/5.0 (compatible; MSIE 10.0; Windows NT 6.1; Trident/6.0)"
66.249.75.213 - - [27/Oct/2013:08:34:44 +0100] "GET /node/110?lang=fr HTTP/1.1" 200 7150 "-" "DoCoMo/2.0 N905i(c100;TB;W24H16) (compatible; Googlebot-Mobile/2.1; +http://www.google.com/bot.html)"
5.10.83.12 - - [27/Oct/2013:08:34:52 +0100] "GET /node/112?lang=fr HTTP/1.1" 200 6694 "-" "Mozilla/5.0 (compatible; AhrefsBot/5.0; +http://ahrefs.com/robot/)"
72.14.199.235 - - [27/Oct/2013:08:35:29 +0100] "GET /rss.xml HTTP/1.1" 200 2983 "-" "Feedfetcher-Google; (+http://www.google.com/feedfetcher.html; 3 subscribers; feed-id=7225077890218036057)"
66.249.75.202 - - [27/Oct/2013:08:40:54 +0100] "GET /sites/default/files/What%20is%20Hadoop.pdf HTTP/1.1" 304 192 "-" "Mozilla/5.0 (compatible; Googlebot/2.1; +http://www.google.com/bot.html)"
5.63.145.68 - - [27/Oct/2013:08:41:09 +0100] "HEAD / HTTP/1.1" 200 468 "-" "checks.panopta.com"
208.115.113.87 - - [27/Oct/2013:08:43:26 +0100] "GET /node/10?lang=en HTTP/1.1" 200 29762 "-" "Mozilla/5.0 (compatible; Ezooms/1.0; ezooms.bot@gmail.com)"
208.115.113.87 - - [27/Oct/2013:08:43:39 +0100] "GET /node?page=1&lang=fr HTTP/1.1" 200 28358 "-" "Mozilla/5.0 (compatible; Ezooms/1.0; ezooms.bot@gmail.com)"
208.115.113.87 - - [27/Oct/2013:08:43:50 +0100] "GET /taxonomy/term/2?lang=fr HTTP/1.1" 200 35087 "-" "Mozilla/5.0 (compatible; Ezooms/1.0; ezooms.bot@gmail.com)"
208.115.113.87 - - [27/Oct/2013:08:44:01 +0100] "GET /node/105?lang=fr HTTP/1.1" 200 31558 "-" "Mozilla/5.0 (compatible; Ezooms/1.0; ezooms.bot@gmail.com)"
208.115.113.87 - - [27/Oct/2013:08:44:14 +0100] "GET /node/130 HTTP/1.1" 200 23397 "-" "Mozilla/5.0 (compatible; Ezooms/1.0; ezooms.bot@gmail.com)"
208.115.113.87 - - [27/Oct/2013:08:44:29 +0100] "GET /node/5?lang=en HTTP/1.1" 200 24070 "-" "Mozilla/5.0 (compatible; Ezooms/1.0; ezooms.bot@gmail.com)"
5.10.83.12 - - [27/Oct/2013:08:46:15 +0100] "GET /node/132?lang=en HTTP/1.1" 200 5980 "-" "Mozilla/5.0 (compatible; AhrefsBot/5.0; +http://ahrefs.com/robot/)"
220.181.108.88 - - [27/Oct/2013:08:46:19 +0100] "GET / HTTP/1.1" 200 16060 "-" "Mozilla/5.0 (compatible; Baiduspider/2.0; +http://www.baidu.com/search/spider.html)"
123.125.71.40 - - [27/Oct/2013:08:47:29 +0100] "GET / HTTP/1.1" 200 16060 "-" "Mozilla/5.0 (compatible; Baiduspider/2.0; +http://www.baidu.com/search/spider.html)"
5.10.83.12 - - [27/Oct/2013:08:48:06 +0100] "GET /node/122?lang=fr HTTP/1.1" 200 7297 "-" "Mozilla/5.0 (compatible; AhrefsBot/5.0; +http://ahrefs.com/robot/)"
94.23.165.113 - - [27/Oct/2013:08:52:32 +0100] "GET / HTTP/1.1" 200 6356 "http://www.hurence.com/" "Mozilla/5.0 (compatible; MSIE 10.0; Windows NT 6.1; Trident/6.0)"
46.105.254.212 - - [27/Oct/2013:08:52:35 +0100] "GET /?q=user HTTP/1.0" 200 5095 "http://www.hurence.com/" "Mozilla/5.0 (compatible; MSIE 10.0; Windows NT 6.1; Trident/6.0)"
46.105.254.212 - - [27/Oct/2013:08:52:35 +0100] "POST /?q=user HTTP/1.0" 200 5171 "http://www.hurence.com/?q=user" "Mozilla/5.0 (compatible; MSIE 10.0; Windows NT 6.1; Trident/6.0)"
5.10.83.12 - - [27/Oct/2013:08:54:03 +0100] "GET /node/15?lang=en HTTP/1.1" 200 6226 "-" "Mozilla/5.0 (compatible; AhrefsBot/5.0; +http://ahrefs.com/robot/)"
31.6.71.17 - - [27/Oct/2013:08:57:05 +0100] "GET / HTTP/1.1" 200 6361 "http://www.hurence.com/" "Mozilla/5.0 (compatible; MSIE 10.0; Windows NT 6.1; Trident/6.0)"
31.6.71.17 - - [27/Oct/2013:08:57:07 +0100] "GET /?q=user HTTP/1.1" 200 5094 "http://www.hurence.com/" "Mozilla/5.0 (compatible; MSIE 10.0; Windows NT 6.1; Trident/6.0)"
31.6.71.17 - - [27/Oct/2013:08:57:07 +0100] "POST /?q=user HTTP/1.1" 200 5162 "http://www.hurence.com/?q=user" "Mozilla/5.0 (compatible; MSIE 10.0; Windows NT 6.1; Trident/6.0)"
5.63.145.68 - - [27/Oct/2013:08:57:44 +0100] "HEAD / HTTP/1.1" 200 468 "-" "checks.panopta.com"
193.252.118.167 - - [27/Oct/2013:08:58:33 +0100] "GET /robots.txt HTTP/1.1" 200 947 "-" "Mozilla/5.0 (Windows; U; Windows NT 5.1; fr; rv:1.8.1) VoilaBot BETA 1.2 (support.voilabot@orange-ftgroup.com)"
193.252.118.167 - - [27/Oct/2013:08:59:01 +0100] "GET /node/100?lang=fr HTTP/1.1" 200 6841 "-" "Mozilla/5.0 (Windows; U; Windows NT 5.1; fr; rv:1.8.1) VoilaBot BETA 1.2 (support.voilabot@orange-ftgroup.com)"
5.10.83.12 - - [27/Oct/2013:08:59:51 +0100] "GET /node/11 HTTP/1.1" 200 6781 "-" "Mozilla/5.0 (compatible; AhrefsBot/5.0; +http://ahrefs.com/robot/)"
81.52.143.32 - - [27/Oct/2013:09:05:38 +0100] "GET /node/145?lang=fr HTTP/1.1" 200 6934 "-" "Mozilla/5.0 (Windows; U; Windows NT 5.1; fr; rv:1.8.1) VoilaBot BETA 1.2 (support.voilabot@orange-ftgroup.com)"
5.63.145.68 - - [27/Oct/2013:09:13:25 +0100] "HEAD / HTTP/1.1" 200 468 "-" "checks.panopta.com"
81.52.143.29 - - [27/Oct/2013:09:19:11 +0100] "GET /node/37 HTTP/1.1" 200 6324 "-" "Mozilla/5.0 (Windows; U; Windows NT 5.1; fr; rv:1.8.1) VoilaBot BETA 1.2 (support.voilabot@orange-ftgroup.com)"
81.52.143.15 - - [27/Oct/2013:09:25:22 +0100] "GET /node/121?lang=fr HTTP/1.1" 200 6972 "-" "Mozilla/5.0 (Windows; U; Windows NT 5.1; fr; rv:1.8.1) VoilaBot BETA 1.2 (support.voilabot@orange-ftgroup.com)"
72.14.199.235 - - [27/Oct/2013:09:28:49 +0100] "GET /rss.xml HTTP/1.1" 200 2983 "-" "Feedfetcher-Google; (+http://www.google.com/feedfetcher.html; 3 subscribers; feed-id=7225077890218036057)"
5.63.145.68 - - [27/Oct/2013:09:29:08 +0100] "HEAD / HTTP/1.1" 200 468 "-" "checks.panopta.com"
193.252.118.167 - - [27/Oct/2013:09:30:12 +0100] "GET /node/148 HTTP/1.1" 200 6388 "-" "Mozilla/5.0 (Windows; U; Windows NT 5.1; fr; rv:1.8.1) VoilaBot BETA 1.2 (support.voilabot@orange-ftgroup.com)"
157.55.32.94 - - [27/Oct/2013:09:34:24 +0100] "GET /robots.txt HTTP/1.1" 200 1850 "-" "Mozilla/5.0 (compatible; bingbot/2.0; +http://www.bing.com/bingbot.htm)"
65.19.138.33 - - [27/Oct/2013:09:43:04 +0100] "GET /taxonomy/term/1/feed?lang=fr HTTP/1.1" 200 668 "-" "Feedly/1.0 (+http://www.feedly.com/fetcher.html; like FeedFetcher-Google)"
5.63.145.68 - - [27/Oct/2013:09:44:12 +0100] "HEAD / HTTP/1.1" 200 468 "-" "checks.panopta.com"
119.63.193.194 - - [27/Oct/2013:09:45:15 +0100] "GET / HTTP/1.1" 200 16060 "-" "Mozilla/4.0 (compatible; MSIE 7.0; Windows NT 6.0)"
220.181.108.112 - - [27/Oct/2013:09:46:16 +0100] "GET / HTTP/1.1" 200 16060 "-" "Mozilla/5.0 (compatible; Baiduspider/2.0; +http://www.baidu.com/search/spider.html)"
208.115.111.71 - - [27/Oct/2013:09:47:27 +0100] "GET /robots.txt HTTP/1.1" 200 1793 "-" "Mozilla/5.0 (compatible; Ezooms/1.0; ezooms.bot@gmail.com)"
79.133.196.50 - - [27/Oct/2013:09:49:46 +0100] "GET /?q=user/register HTTP/1.1" 200 5329 "http://hurence.com/" "Mozilla/5.0 (compatible; MSIE 10.0; Windows NT 6.1; Trident/6.0)"
79.133.196.50 - - [27/Oct/2013:09:49:46 +0100] "GET /?q=node/add HTTP/1.1" 403 4817 "http://hurence.com/" "Mozilla/5.0 (compatible; MSIE 10.0; Windows NT 6.1; Trident/6.0)"
79.133.196.50 - - [27/Oct/2013:09:49:47 +0100] "GET /?q=user/register HTTP/1.1" 200 5332 "http://hurence.com/?q=node/add" "Mozilla/5.0 (compatible; MSIE 10.0; Windows NT 6.1; Trident/6.0)"
79.133.196.50 - - [27/Oct/2013:09:49:47 +0100] "POST /?q=user/register HTTP/1.1" 302 674 "http://hurence.com/?q=user/register" "Mozilla/5.0 (compatible; MSIE 10.0; Windows NT 6.1; Trident/6.0)"
79.133.196.50 - - [27/Oct/2013:09:49:47 +0100] "GET / HTTP/1.1" 200 6710 "http://hurence.com/?q=user/register" "Mozilla/5.0 (compatible; MSIE 10.0; Windows NT 6.1; Trident/6.0)"
79.133.196.50 - - [27/Oct/2013:09:49:49 +0100] "GET /?q=user HTTP/1.1" 200 5090 "http://hurence.com/" "Mozilla/5.0 (compatible; MSIE 10.0; Windows NT 6.1; Trident/6.0)"
79.133.196.50 - - [27/Oct/2013:09:49:49 +0100] "POST /?q=user HTTP/1.1" 200 5171 "http://hurence.com/?q=user" "Mozilla/5.0 (compatible; MSIE 10.0; Windows NT 6.1; Trident/6.0)"
5.63.145.68 - - [27/Oct/2013:10:00:59 +0100] "HEAD / HTTP/1.1" 200 468 "-" "checks.panopta.com"
5.63.145.68 - - [27/Oct/2013:10:16:44 +0100] "HEAD / HTTP/1.1" 200 468 "-" "checks.panopta.com"
217.69.133.191 - - [27/Oct/2013:10:20:31 +0100] "GET /robots.txt HTTP/1.0" 200 1812 "-" "Mozilla/5.0 (compatible; Linux x86_64; Mail.RU_Bot/2.0; +http://go.mail.ru/help/robots)"
217.69.133.191 - - [27/Oct/2013:10:20:41 +0100] "GET /node/106?lang=fr HTTP/1.0" 200 32253 "-" "Mozilla/5.0 (compatible; Linux x86_64; Mail.RU_Bot/2.0; +http://go.mail.ru/help/robots)"
217.69.133.21 - - [27/Oct/2013:10:20:53 +0100] "GET /node/105?lang=fr HTTP/1.0" 200 31536 "-" "Mozilla/5.0 (compatible; Linux x86_64; Mail.RU_Bot/2.0; +http://go.mail.ru/help/robots)"
198.20.69.74 - - [27/Oct/2013:10:21:23 +0100] "GET / HTTP/1.1" 200 27814 "-" "-"
198.20.69.74 - - [27/Oct/2013:10:21:25 +0100] "GET /robots.txt HTTP/1.1" 200 1793 "-" "-"
217.69.133.21 - - [27/Oct/2013:10:22:40 +0100] "GET /node/87?lang=fr HTTP/1.0" 200 32306 "-" "Mozilla/5.0 (compatible; Linux x86_64; Mail.RU_Bot/2.0; +http://go.mail.ru/help/robots)"
81.52.143.26 - - [27/Oct/2013:10:30:21 +0100] "GET /node/130?lang=fr HTTP/1.1" 200 5649 "-" "Mozilla/5.0 (Windows; U; Windows NT 5.1; fr; rv:1.8.1) VoilaBot BETA 1.2 (support.voilabot@orange-ftgroup.com)"
195.53.212.39 - - [27/Oct/2013:10:30:56 +0100] "GET /modules/comment/comment.css?ls5cse HTTP/1.1" 304 212 "-" "Mozilla/4.0 (compatible;)"
5.63.145.68 - - [27/Oct/2013:10:31:51 +0100] "HEAD / HTTP/1.1" 200 468 "-" "checks.panopta.com"
5.63.145.68 - - [27/Oct/2013:10:31:53 +0100] "GET / HTTP/1.1" 200 27767 "-" "checks.panopta.com"
66.249.83.213 - - [27/Oct/2013:10:33:29 +0100] "GET /taxonomy/term/1/feed?lang=fr HTTP/1.1" 200 701 "-" "Feedfetcher-Google; (+http://www.google.com/feedfetcher.html; feed-id=18088824767082349462)"
66.249.83.213 - - [27/Oct/2013:10:33:32 +0100] "GET /rss.xml?lang=fr HTTP/1.1" 200 2998 "-" "Feedfetcher-Google; (+http://www.google.com/feedfetcher.html; feed-id=1608384059868371807)"
112.111.55.168 - - [27/Oct/2013:10:33:40 +0100] "GET / HTTP/1.1" 200 6360 "http://www.hurence.com/" "Mozilla/5.0 (compatible; MSIE 10.0; Windows NT 6.1; Trident/6.0)"
112.111.55.168 - - [27/Oct/2013:10:33:43 +0100] "GET /?q=user HTTP/1.1" 200 5101 "http://www.hurence.com/" "Mozilla/5.0 (compatible; MSIE 10.0; Windows NT 6.1; Trident/6.0)"
112.111.55.168 - - [27/Oct/2013:10:33:44 +0100] "POST /?q=user HTTP/1.1" 200 5177 "http://www.hurence.com/?q=user" "Mozilla/5.0 (compatible; MSIE 10.0; Windows NT 6.1; Trident/6.0)"
66.249.75.202 - - [27/Oct/2013:10:36:07 +0100] "GET /node/65 HTTP/1.1" 200 6739 "-" "Mozilla/5.0 (compatible; Googlebot/2.1; +http://www.google.com/bot.html)"
157.56.93.187 - - [27/Oct/2013:10:37:04 +0100] "GET /robots.txt HTTP/1.1" 200 1850 "-" "Mozilla/5.0 (compatible; bingbot/2.0; +http://www.bing.com/bingbot.htm)"
199.180.128.187 - - [27/Oct/2013:10:40:36 +0100] "GET /node/3?lang=fr HTTP/1.0" 200 6841 "http://hurence.com/" "Mozilla/5.0 (compatible; MSIE 10.0; Windows NT 6.1; Trident/6.0)"
199.180.128.187 - - [27/Oct/2013:10:41:33 +0100] "GET /?q=node/add HTTP/1.0" 403 4779 "http://hurence.com/" "Mozilla/5.0 (compatible; MSIE 10.0; Windows NT 6.1; Trident/6.0)"
199.180.128.187 - - [27/Oct/2013:10:41:34 +0100] "GET /?q=user/register HTTP/1.0" 200 5333 "http://hurence.com/?q=node/add" "Mozilla/5.0 (compatible; MSIE 10.0; Windows NT 6.1; Trident/6.0)"
199.180.128.187 - - [27/Oct/2013:10:41:34 +0100] "POST /?q=user/register HTTP/1.0" 302 674 "http://hurence.com/?q=user/register" "Mozilla/5.0 (compatible; MSIE 10.0; Windows NT 6.1; Trident/6.0)"
199.180.128.187 - - [27/Oct/2013:10:41:35 +0100] "GET / HTTP/1.0" 200 6711 "http://hurence.com/?q=user/register" "Mozilla/5.0 (compatible; MSIE 10.0; Windows NT 6.1; Trident/6.0)"
199.180.128.187 - - [27/Oct/2013:10:41:37 +0100] "GET /?q=user HTTP/1.0" 200 5092 "http://hurence.com/" "Mozilla/5.0 (compatible; MSIE 10.0; Windows NT 6.1; Trident/6.0)"
199.180.128.187 - - [27/Oct/2013:10:41:38 +0100] "POST /?q=user HTTP/1.0" 200 5173 "http://hurence.com/?q=user" "Mozilla/5.0 (compatible; MSIE 10.0; Windows NT 6.1; Trident/6.0)"
5.63.145.68 - - [27/Oct/2013:10:47:04 +0100] "HEAD / HTTP/1.1" 200 468 "-" "checks.panopta.com"
220.181.51.108 - - [27/Oct/2013:10:47:12 +0100] "GET / HTTP/1.1" 200 6361 "-" "Mozilla/5.0 (Windows NT 5.1; rv:6.0.2) Gecko/20100101 Firefox/6.0.2"
220.181.51.108 - - [27/Oct/2013:10:47:14 +0100] "GET /sites/default/files/favicon.png HTTP/1.1" 200 3880 "-" "Mozilla/5.0 (Windows NT 5.1; rv:6.0.2) Gecko/20100101 Firefox/6.0.2"
220.181.51.108 - - [27/Oct/2013:10:47:14 +0100] "GET /node/37 HTTP/1.1" 200 6361 "-" "Mozilla/5.0 (Windows NT 5.1; rv:6.0.2) Gecko/20100101 Firefox/6.0.2"
220.181.51.108 - - [27/Oct/2013:10:47:16 +0100] "GET /node/37 HTTP/1.1" 200 6360 "-" "Mozilla/5.0 (Windows NT 5.1; rv:6.0.2) Gecko/20100101 Firefox/6.0.2"
208.115.111.71 - - [27/Oct/2013:10:47:50 +0100] "GET /node/51?lang=en HTTP/1.1" 200 23435 "-" "Mozilla/5.0 (compatible; Ezooms/1.0; ezooms.bot@gmail.com)"
208.115.111.71 - - [27/Oct/2013:10:48:02 +0100] "GET /node/58 HTTP/1.1" 200 29518 "-" "Mozilla/5.0 (compatible; Ezooms/1.0; ezooms.bot@gmail.com)"
208.115.111.71 - - [27/Oct/2013:10:48:15 +0100] "GET /node/61?lang=en HTTP/1.1" 200 29373 "-" "Mozilla/5.0 (compatible; Ezooms/1.0; ezooms.bot@gmail.com)"
157.56.93.187 - - [27/Oct/2013:10:53:38 +0100] "GET / HTTP/1.1" 200 6357 "-" "Mozilla/5.0 (compatible; bingbot/2.0; +http://www.bing.com/bingbot.htm)"
79.133.200.202 - - [27/Oct/2013:10:56:36 +0100] "GET / HTTP/1.1" 200 6358 "http://www.hurence.com/" "Mozilla/5.0 (compatible; MSIE 10.0; Windows NT 6.1; WOW64; Trident/6.0)"
220.181.108.123 - - [27/Oct/2013:10:59:32 +0100] "GET / HTTP/1.1" 200 16060 "-" "Mozilla/5.0 (compatible; Baiduspider/2.0; +http://www.baidu.com/search/spider.html)"
5.63.145.68 - - [27/Oct/2013:11:02:25 +0100] "HEAD / HTTP/1.1" 200 468 "-" "checks.panopta.com"
112.111.53.172 - - [27/Oct/2013:11:08:12 +0100] "GET / HTTP/1.1" 200 6360 "http://www.hurence.com/" "Mozilla/5.0 (compatible; MSIE 10.0; Windows NT 6.1; Trident/6.0)"
112.111.53.172 - - [27/Oct/2013:11:08:14 +0100] "GET /?q=user HTTP/1.1" 200 5104 "http://www.hurence.com/" "Mozilla/5.0 (compatible; MSIE 10.0; Windows NT 6.1; Trident/6.0)"
112.111.53.172 - - [27/Oct/2013:11:08:16 +0100] "POST /?q=user HTTP/1.1" 200 5174 "http://www.hurence.com/?q=user" "Mozilla/5.0 (compatible; MSIE 10.0; Windows NT 6.1; Trident/6.0)"
66.249.75.202 - - [27/Oct/2013:11:16:43 +0100] "GET /sites/all/themes/hurence/css/html-reset.css?ls5cse HTTP/1.1" 200 3351 "http://88-190-13-57.rev.dedibox.fr/node/6?lang=en" "Mozilla/5.0 (compatible; Googlebot/2.1; +http://www.google.com/bot.html)"
66.249.75.202 - - [27/Oct/2013:11:16:44 +0100] "GET /sites/all/modules/simplenews/simplenews.css?ls5cse HTTP/1.1" 200 574 "http://88-190-13-57.rev.dedibox.fr/node/6?lang=en" "Mozilla/5.0 (compatible; Googlebot/2.1; +http://www.google.com/bot.html)"
66.249.75.202 - - [27/Oct/2013:11:16:45 +0100] "GET /sites/all/themes/hurence/css/forms.css?ls5cse HTTP/1.1" 200 1397 "http://88-190-13-57.rev.dedibox.fr/node/6?lang=en" "Mozilla/5.0 (compatible; Googlebot/2.1; +http://www.google.com/bot.html)"
66.249.75.202 - - [27/Oct/2013:11:16:45 +0100] "GET /sites/all/modules/views/css/views.css?ls5cse HTTP/1.1" 200 648 "http://88-190-13-57.rev.dedibox.fr/node/6?lang=en" "Mozilla/5.0 (compatible; Googlebot/2.1; +http://www.google.com/bot.html)"
66.249.75.202 - - [27/Oct/2013:11:16:46 +0100] "GET /sites/all/themes/hurence/css/comments.css?ls5cse HTTP/1.1" 200 1019 "http://88-190-13-57.rev.dedibox.fr/node/6?lang=en" "Mozilla/5.0 (compatible; Googlebot/2.1; +http://www.google.com/bot.html)"
66.249.75.202 - - [27/Oct/2013:11:16:46 +0100] "GET /sites/all/themes/hurence/css/layout-fixed.css?ls5cse HTTP/1.1" 200 1924 "http://88-190-13-57.rev.dedibox.fr/node/6?lang=en" "Mozilla/5.0 (compatible; Googlebot/2.1; +http://www.google.com/bot.html)"
66.249.75.202 - - [27/Oct/2013:11:16:47 +0100] "GET /sites/all/modules/megamenu/megamenu.css?ls5cse HTTP/1.1" 200 1618 "http://88-190-13-57.rev.dedibox.fr/node/6?lang=en" "Mozilla/5.0 (compatible; Googlebot/2.1; +http://www.google.com/bot.html)"
66.249.75.202 - - [27/Oct/2013:11:16:48 +0100] "GET /sites/all/themes/hurence/css/navigation.css?ls5cse HTTP/1.1" 200 806 "http://88-190-13-57.rev.dedibox.fr/node/6?lang=en" "Mozilla/5.0 (compatible; Googlebot/2.1; +http://www.google.com/bot.html)"
66.249.75.202 - - [27/Oct/2013:11:16:48 +0100] "GET /sites/all/themes/hurence/css/views-styles.css?ls5cse HTTP/1.1" 200 389 "http://88-190-13-57.rev.dedibox.fr/node/6?lang=en" "Mozilla/5.0 (compatible; Googlebot/2.1; +http://www.google.com/bot.html)"
66.249.75.202 - - [27/Oct/2013:11:16:49 +0100] "GET /sites/all/themes/hurence/css/megamenu-hurence.css?ls5cse HTTP/1.1" 200 1725 "http://88-190-13-57.rev.dedibox.fr/node/6?lang=en" "Mozilla/5.0 (compatible; Googlebot/2.1; +http://www.google.com/bot.html)"
66.249.75.202 - - [27/Oct/2013:11:16:49 +0100] "GET /sites/all/themes/hurence/css/print.css?ls5cse HTTP/1.1" 200 979 "http://88-190-13-57.rev.dedibox.fr/node/6?lang=en" "Mozilla/5.0 (compatible; Googlebot/2.1; +http://www.google.com/bot.html)"
66.249.75.202 - - [27/Oct/2013:11:16:50 +0100] "GET /sites/all/themes/hurence/css/tabs.css?ls5cse HTTP/1.1" 200 1058 "http://88-190-13-57.rev.dedibox.fr/node/6?lang=en" "Mozilla/5.0 (compatible; Googlebot/2.1; +http://www.google.com/bot.html)"
66.249.75.202 - - [27/Oct/2013:11:16:51 +0100] "GET /sites/all/themes/hurence/css/nodes.css?ls5cse HTTP/1.1" 200 1115 "http://88-190-13-57.rev.dedibox.fr/node/6?lang=en" "Mozilla/5.0 (compatible; Googlebot/2.1; +http://www.google.com/bot.html)"
66.249.75.202 - - [27/Oct/2013:11:16:51 +0100] "GET /sites/all/themes/hurence/css/page-backgrounds.css?ls5cse HTTP/1.1" 200 721 "http://88-190-13-57.rev.dedibox.fr/node/6?lang=en" "Mozilla/5.0 (compatible; Googlebot/2.1; +http://www.google.com/bot.html)"
66.249.75.202 - - [27/Oct/2013:11:16:52 +0100] "GET /sites/all/themes/hurence/css/wireframes.css?ls5cse HTTP/1.1" 200 532 "http://88-190-13-57.rev.dedibox.fr/node/6?lang=en" "Mozilla/5.0 (compatible; Googlebot/2.1; +http://www.google.com/bot.html)"
66.249.75.202 - - [27/Oct/2013:11:16:53 +0100] "GET /sites/all/themes/hurence/css/blocks.css?ls5cse HTTP/1.1" 200 1869 "http://88-190-13-57.rev.dedibox.fr/node/6?lang=en" "Mozilla/5.0 (compatible; Googlebot/2.1; +http://www.google.com/bot.html)"
66.249.75.202 - - [27/Oct/2013:11:16:53 +0100] "GET /sites/all/modules/ctools/css/ctools.css?ls5cse HTTP/1.1" 200 591 "http://88-190-13-57.rev.dedibox.fr/node/6?lang=en" "Mozilla/5.0 (compatible; Googlebot/2.1; +http://www.google.com/bot.html)"
66.249.75.202 - - [27/Oct/2013:11:16:54 +0100] "GET /sites/all/themes/hurence/css/hurence.css?ls5cse HTTP/1.1" 200 688 "http://88-190-13-57.rev.dedibox.fr/node/6?lang=en" "Mozilla/5.0 (compatible; Googlebot/2.1; +http://www.google.com/bot.html)"
66.249.75.202 - - [27/Oct/2013:11:16:55 +0100] "GET /sites/all/themes/hurence/css/fields.css?ls5cse HTTP/1.1" 200 700 "http://88-190-13-57.rev.dedibox.fr/node/6?lang=en" "Mozilla/5.0 (compatible; Googlebot/2.1; +http://www.google.com/bot.html)"
66.249.75.202 - - [27/Oct/2013:11:16:56 +0100] "GET /sites/all/modules/featured_content/featured_content.css?ls5cse HTTP/1.1" 200 478 "http://88-190-13-57.rev.dedibox.fr/node/6?lang=en" "Mozilla/5.0 (compatible; Googlebot/2.1; +http://www.google.com/bot.html)"
66.249.75.202 - - [27/Oct/2013:11:16:56 +0100] "GET /sites/all/themes/hurence/css/pages.css?ls5cse HTTP/1.1" 200 2219 "http://88-190-13-57.rev.dedibox.fr/node/6?lang=en" "Mozilla/5.0 (compatible; Googlebot/2.1; +http://www.google.com/bot.html)"
180.76.5.144 - - [27/Oct/2013:11:17:23 +0100] "GET /node/46?lang=fr HTTP/1.1" 200 6827 "-" "Mozilla/5.0 (compatible; Baiduspider/2.0; +http://www.baidu.com/search/spider.html)"
5.63.145.68 - - [27/Oct/2013:11:17:27 +0100] "HEAD / HTTP/1.1" 200 468 "-" "checks.panopta.com"
5.63.145.68 - - [27/Oct/2013:11:32:37 +0100] "HEAD / HTTP/1.1" 200 468 "-" "checks.panopta.com"
81.209.177.155 - - [27/Oct/2013:11:40:41 +0100] "GET /robots.txt HTTP/1.1" 200 1850 "-" "netEstate FOAF crawler (+http://www.foaf-search.net/)"
81.209.177.155 - - [27/Oct/2013:11:40:41 +0100] "GET /taxonomy/term/2/feed HTTP/1.1" 200 18032 "-" "netEstate FOAF crawler (+http://www.foaf-search.net/)"
208.115.113.87 - - [27/Oct/2013:11:44:19 +0100] "GET /robots.txt HTTP/1.1" 200 1793 "-" "Mozilla/5.0 (compatible; Ezooms/1.0; ezooms.bot@gmail.com)"
208.115.113.87 - - [27/Oct/2013:11:44:19 +0100] "GET /robots.txt HTTP/1.1" 200 1793 "-" "Mozilla/5.0 (compatible; Ezooms/1.0; ezooms.bot@gmail.com)"
5.63.145.68 - - [27/Oct/2013:11:47:44 +0100] "HEAD / HTTP/1.1" 200 468 "-" "checks.panopta.com"
184.169.244.157 - - [27/Oct/2013:11:48:47 +0100] "GET /rss.xml HTTP/1.1" 200 2945 "-" "Digg Feed Fetcher 1.0 (Mozilla/5.0 (Macintosh; Intel Mac OS X 10_7_1) AppleWebKit/534.48.3 (KHTML, like Gecko) Version/5.1 Safari/534.48.3)"
54.241.214.78 - - [27/Oct/2013:11:49:25 +0100] "GET /rss.xml HTTP/1.1" 200 2945 "-" "Digg Feed Fetcher 1.0 (Mozilla/5.0 (Macintosh; Intel Mac OS X 10_7_1) AppleWebKit/534.48.3 (KHTML, like Gecko) Version/5.1 Safari/534.48.3)"
217.195.202.18 - - [27/Oct/2013:11:56:26 +0100] "GET / HTTP/1.1" 200 6356 "http://hurence.com/" "Mozilla/5.0 (compatible; MSIE 10.0; Windows NT 6.1; Trident/6.0)"
217.195.202.18 - - [27/Oct/2013:11:56:30 +0100] "GET /?q=user HTTP/1.1" 200 5092 "http://hurence.com/" "Mozilla/5.0 (compatible; MSIE 10.0; Windows NT 6.1; Trident/6.0)"
217.195.202.18 - - [27/Oct/2013:11:56:31 +0100] "POST /?q=user HTTP/1.1" 200 5172 "http://hurence.com/?q=user" "Mozilla/5.0 (compatible; MSIE 10.0; Windows NT 6.1; Trident/6.0)"
220.181.108.107 - - [27/Oct/2013:12:03:08 +0100] "GET / HTTP/1.1" 200 16060 "-" "Mozilla/5.0 (compatible; Baiduspider/2.0; +http://www.baidu.com/search/spider.html)"
5.63.145.68 - - [27/Oct/2013:12:03:12 +0100] "HEAD / HTTP/1.1" 200 468 "-" "checks.panopta.com"
195.53.212.39 - - [27/Oct/2013:12:13:52 +0100] "GET /modules/user/user.css?ls5cse HTTP/1.1" 304 213 "-" "Mozilla/4.0 (compatible;)"
5.63.145.68 - - [27/Oct/2013:12:18:23 +0100] "HEAD / HTTP/1.1" 200 468 "-" "checks.panopta.com"
119.63.193.131 - - [27/Oct/2013:12:20:30 +0100] "GET / HTTP/1.1" 200 16060 "-" "Mozilla/4.0 (compatible; MSIE 7.0; Windows NT 6.0)"
5.63.145.68 - - [27/Oct/2013:12:33:44 +0100] "HEAD / HTTP/1.1" 200 468 "-" "checks.panopta.com"
5.10.83.12 - - [27/Oct/2013:12:42:44 +0100] "GET /node/26 HTTP/1.1" 200 6562 "-" "Mozilla/5.0 (compatible; AhrefsBot/5.0; +http://ahrefs.com/robot/)"
208.115.113.87 - - [27/Oct/2013:12:46:38 +0100] "GET /node/88 HTTP/1.1" 200 29263 "-" "Mozilla/5.0 (compatible; Ezooms/1.0; ezooms.bot@gmail.com)"
208.115.113.87 - - [27/Oct/2013:12:46:52 +0100] "GET /node/136 HTTP/1.1" 200 35539 "-" "Mozilla/5.0 (compatible; Ezooms/1.0; ezooms.bot@gmail.com)"
208.115.113.87 - - [27/Oct/2013:12:47:05 +0100] "GET /node/134?lang=en HTTP/1.1" 200 23806 "-" "Mozilla/5.0 (compatible; Ezooms/1.0; ezooms.bot@gmail.com)"
208.115.113.87 - - [27/Oct/2013:12:47:18 +0100] "GET /node/102?lang=fr HTTP/1.1" 200 32405 "-" "Mozilla/5.0 (compatible; Ezooms/1.0; ezooms.bot@gmail.com)"
208.115.113.87 - - [27/Oct/2013:12:47:31 +0100] "GET /node/55 HTTP/1.1" 200 23084 "-" "Mozilla/5.0 (compatible; Ezooms/1.0; ezooms.bot@gmail.com)"
220.181.108.105 - - [27/Oct/2013:12:48:07 +0100] "GET / HTTP/1.1" 200 16060 "-" "Mozilla/5.0 (compatible; Baiduspider/2.0; +http://www.baidu.com/search/spider.html)"
5.63.145.68 - - [27/Oct/2013:12:48:47 +0100] "HEAD / HTTP/1.1" 200 468 "-" "checks.panopta.com"
123.125.71.26 - - [27/Oct/2013:12:48:54 +0100] "GET / HTTP/1.1" 200 16060 "-" "Mozilla/5.0 (compatible; Baiduspider/2.0; +http://www.baidu.com/search/spider.html)"
192.227.132.178 - - [27/Oct/2013:12:49:43 +0100] "GET / HTTP/1.1" 200 6362 "http://hurence.com/" "Mozilla/5.0 (compatible; MSIE 10.0; Windows NT 6.1; Trident/6.0)"
192.227.132.178 - - [27/Oct/2013:12:49:45 +0100] "GET /?q=user HTTP/1.1" 200 5093 "http://hurence.com/" "Mozilla/5.0 (compatible; MSIE 10.0; Windows NT 6.1; Trident/6.0)"
192.227.132.178 - - [27/Oct/2013:12:49:46 +0100] "POST /?q=user HTTP/1.1" 200 5166 "http://hurence.com/?q=user" "Mozilla/5.0 (compatible; MSIE 10.0; Windows NT 6.1; Trident/6.0)"
5.10.83.12 - - [27/Oct/2013:12:50:56 +0100] "GET /taxonomy/term/2?lang=en HTTP/1.1" 200 6802 "-" "Mozilla/5.0 (compatible; AhrefsBot/5.0; +http://ahrefs.com/robot/)"
5.10.83.12 - - [27/Oct/2013:12:56:25 +0100] "GET /node/64 HTTP/1.1" 200 6188 "-" "Mozilla/5.0 (compatible; AhrefsBot/5.0; +http://ahrefs.com/robot/)"
65.19.138.33 - - [27/Oct/2013:13:01:32 +0100] "GET /rss.xml?lang=fr HTTP/1.1" 200 2968 "-" "Feedly/1.0 (+http://www.feedly.com/fetcher.html; like FeedFetcher-Google)"
5.63.145.68 - - [27/Oct/2013:13:04:38 +0100] "HEAD / HTTP/1.1" 200 468 "-" "checks.panopta.com"
5.10.83.12 - - [27/Oct/2013:13:04:55 +0100] "GET /node/54?lang=en HTTP/1.1" 200 6808 "-" "Mozilla/5.0 (compatible; AhrefsBot/5.0; +http://ahrefs.com/robot/)"
5.10.83.12 - - [27/Oct/2013:13:05:13 +0100] "GET /node/61 HTTP/1.1" 200 6529 "-" "Mozilla/5.0 (compatible; AhrefsBot/5.0; +http://ahrefs.com/robot/)"
5.10.83.12 - - [27/Oct/2013:13:14:52 +0100] "GET /node/75 HTTP/1.1" 200 6466 "-" "Mozilla/5.0 (compatible; AhrefsBot/5.0; +http://ahrefs.com/robot/)"
5.10.83.12 - - [27/Oct/2013:13:17:12 +0100] "GET /node/62?lang=en HTTP/1.1" 200 6578 "-" "Mozilla/5.0 (compatible; AhrefsBot/5.0; +http://ahrefs.com/robot/)"
5.63.145.68 - - [27/Oct/2013:13:20:20 +0100] "HEAD / HTTP/1.1" 200 468 "-" "checks.panopta.com"
61.135.190.105 - - [27/Oct/2013:13:26:07 +0100] "GET / HTTP/1.1" 200 6363 "http://www.baidu.com/s?wd=Home%7Churence" "Mozilla/5.0 (Windows; U; Windows NT 5.1; zh-CN; rv:1.9.2.15) Gecko/20110303 Firefox/3.6.15"
61.135.190.100 - - [27/Oct/2013:13:26:10 +0100] "GET /misc/jquery.js?v=1.4.4 HTTP/1.1" 200 27432 "http://www.hurence.com/" "Mozilla/5.0 (Windows; U; Windows NT 5.1; zh-CN; rv:1.9.2.15) Gecko/20110303 Firefox/3.6.15"
61.135.190.105 - - [27/Oct/2013:13:26:11 +0100] "GET /misc/jquery.once.js?v=1.2 HTTP/1.1" 200 1420 "http://www.hurence.com/" "Mozilla/5.0 (Windows; U; Windows NT 5.1; zh-CN; rv:1.9.2.15) Gecko/20110303 Firefox/3.6.15"
61.135.190.100 - - [27/Oct/2013:13:26:12 +0100] "GET /misc/drupal.js?ls5cse HTTP/1.1" 200 4882 "http://www.hurence.com/" "Mozilla/5.0 (Windows; U; Windows NT 5.1; zh-CN; rv:1.9.2.15) Gecko/20110303 Firefox/3.6.15"
61.135.190.105 - - [27/Oct/2013:13:26:13 +0100] "GET /sites/all/modules/featured_content/featured_content.js?ls5cse HTTP/1.1" 200 1074 "http://www.hurence.com/" "Mozilla/5.0 (Windows; U; Windows NT 5.1; zh-CN; rv:1.9.2.15) Gecko/20110303 Firefox/3.6.15"
61.135.190.100 - - [27/Oct/2013:13:26:14 +0100] "GET /sites/all/modules/megamenu/megamenu.js?ls5cse HTTP/1.1" 200 1758 "http://www.hurence.com/" "Mozilla/5.0 (Windows; U; Windows NT 5.1; zh-CN; rv:1.9.2.15) Gecko/20110303 Firefox/3.6.15"
61.135.190.105 - - [27/Oct/2013:13:26:14 +0100] "GET /sites/all/themes/hurence/js/hurence.js?ls5cse HTTP/1.1" 200 806 "http://www.hurence.com/" "Mozilla/5.0 (Windows; U; Windows NT 5.1; zh-CN; rv:1.9.2.15) Gecko/20110303 Firefox/3.6.15"
61.135.190.100 - - [27/Oct/2013:13:26:15 +0100] "GET /sites/all/modules/views/js/jquery.ui.dialog.patch.js?ls5cse HTTP/1.1" 200 914 "http://www.hurence.com/" "Mozilla/5.0 (Windows; U; Windows NT 5.1; zh-CN; rv:1.9.2.15) Gecko/20110303 Firefox/3.6.15"
5.10.83.12 - - [27/Oct/2013:13:26:45 +0100] "GET /node/4?lang=fr HTTP/1.1" 200 6694 "-" "Mozilla/5.0 (compatible; AhrefsBot/5.0; +http://ahrefs.com/robot/)"
157.56.92.152 - - [27/Oct/2013:13:27:29 +0100] "GET /robots.txt HTTP/1.1" 200 1850 "-" "Mozilla/5.0 (compatible; bingbot/2.0; +http://www.bing.com/bingbot.htm)"
157.56.92.152 - - [27/Oct/2013:13:27:55 +0100] "GET /node/141?lang=fr HTTP/1.1" 200 7042 "-" "Mozilla/5.0 (compatible; bingbot/2.0; +http://www.bing.com/bingbot.htm)"
5.10.83.12 - - [27/Oct/2013:13:31:32 +0100] "GET /rss.xml HTTP/1.1" 200 2926 "-" "Mozilla/5.0 (compatible; AhrefsBot/5.0; +http://ahrefs.com/robot/)"
79.133.196.50 - - [27/Oct/2013:13:33:34 +0100] "GET /user/register HTTP/1.1" 200 5323 "http://hurence.com/" "Mozilla/5.0 (compatible; MSIE 10.0; Windows NT 6.1; Trident/6.0)"
79.133.196.50 - - [27/Oct/2013:13:33:34 +0100] "GET /?q=node/add HTTP/1.1" 403 4821 "http://hurence.com/" "Mozilla/5.0 (compatible; MSIE 10.0; Windows NT 6.1; Trident/6.0)"
79.133.196.50 - - [27/Oct/2013:13:33:35 +0100] "GET /?q=user/register HTTP/1.1" 200 5328 "http://hurence.com/?q=node/add" "Mozilla/5.0 (compatible; MSIE 10.0; Windows NT 6.1; Trident/6.0)"
79.133.196.50 - - [27/Oct/2013:13:33:35 +0100] "POST /?q=user/register HTTP/1.1" 302 674 "http://hurence.com/?q=user/register" "Mozilla/5.0 (compatible; MSIE 10.0; Windows NT 6.1; Trident/6.0)"
79.133.196.50 - - [27/Oct/2013:13:33:35 +0100] "GET / HTTP/1.1" 200 6710 "http://hurence.com/?q=user/register" "Mozilla/5.0 (compatible; MSIE 10.0; Windows NT 6.1; Trident/6.0)"
79.133.196.50 - - [27/Oct/2013:13:33:37 +0100] "GET /?q=user HTTP/1.1" 200 5094 "http://hurence.com/" "Mozilla/5.0 (compatible; MSIE 10.0; Windows NT 6.1; Trident/6.0)"
79.133.196.50 - - [27/Oct/2013:13:33:37 +0100] "POST /?q=user HTTP/1.1" 200 5168 "http://hurence.com/?q=user" "Mozilla/5.0 (compatible; MSIE 10.0; Windows NT 6.1; Trident/6.0)"
5.63.145.68 - - [27/Oct/2013:13:35:43 +0100] "HEAD / HTTP/1.1" 200 468 "-" "checks.panopta.com"
112.111.53.172 - - [27/Oct/2013:13:36:41 +0100] "GET / HTTP/1.1" 200 6358 "http://www.hurence.com/" "Mozilla/5.0 (compatible; MSIE 10.0; Windows NT 6.1; Trident/6.0)"
112.111.53.172 - - [27/Oct/2013:13:36:44 +0100] "GET /?q=user HTTP/1.1" 200 5099 "http://www.hurence.com/" "Mozilla/5.0 (compatible; MSIE 10.0; Windows NT 6.1; Trident/6.0)"
112.111.53.172 - - [27/Oct/2013:13:36:46 +0100] "POST /?q=user HTTP/1.1" 200 5169 "http://www.hurence.com/?q=user" "Mozilla/5.0 (compatible; MSIE 10.0; Windows NT 6.1; Trident/6.0)"
178.32.232.1 - - [27/Oct/2013:13:37:56 +0100] "GET / HTTP/1.1" 200 6364 "http://www.hurence.com/" "Mozilla/5.0 (compatible; MSIE 10.0; Windows NT 6.1; Trident/6.0)"
173.0.59.46 - - [27/Oct/2013:13:37:59 +0100] "GET /?q=user HTTP/1.0" 200 5096 "http://www.hurence.com/" "Mozilla/5.0 (compatible; MSIE 10.0; Windows NT 6.1; Trident/6.0)"
173.0.59.46 - - [27/Oct/2013:13:38:00 +0100] "POST /?q=user HTTP/1.0" 200 5170 "http://www.hurence.com/?q=user" "Mozilla/5.0 (compatible; MSIE 10.0; Windows NT 6.1; Trident/6.0)"
5.10.83.12 - - [27/Oct/2013:13:41:02 +0100] "GET /node/121?lang=fr HTTP/1.1" 200 6955 "-" "Mozilla/5.0 (compatible; AhrefsBot/5.0; +http://ahrefs.com/robot/)"
5.10.83.12 - - [27/Oct/2013:13:44:42 +0100] "GET /node/65 HTTP/1.1" 200 6653 "-" "Mozilla/5.0 (compatible; AhrefsBot/5.0; +http://ahrefs.com/robot/)"
208.115.111.71 - - [27/Oct/2013:13:45:09 +0100] "GET /robots.txt HTTP/1.1" 200 1793 "-" "Mozilla/5.0 (compatible; Ezooms/1.0; ezooms.bot@gmail.com)"
208.115.111.71 - - [27/Oct/2013:13:45:09 +0100] "GET /robots.txt HTTP/1.1" 200 1793 "-" "Mozilla/5.0 (compatible; Ezooms/1.0; ezooms.bot@gmail.com)"
192.3.168.84 - - [27/Oct/2013:13:45:27 +0100] "GET /node/136 HTTP/1.0" 200 9446 "http://www.hurence.com/" "Mozilla/5.0 (compatible; MSIE 10.0; Windows NT 6.1; Trident/6.0)"
192.3.168.84 - - [27/Oct/2013:13:45:29 +0100] "GET /?q=node/add HTTP/1.0" 403 4782 "http://www.hurence.com/" "Mozilla/5.0 (compatible; MSIE 10.0; Windows NT 6.1; Trident/6.0)"
192.3.168.84 - - [27/Oct/2013:13:45:32 +0100] "GET /?q=user/register HTTP/1.0" 200 5331 "http://www.hurence.com/?q=node/add" "Mozilla/5.0 (compatible; MSIE 10.0; Windows NT 6.1; Trident/6.0)"
192.3.168.84 - - [27/Oct/2013:13:45:33 +0100] "POST /?q=user/register HTTP/1.0" 302 678 "http://www.hurence.com/?q=user/register" "Mozilla/5.0 (compatible; MSIE 10.0; Windows NT 6.1; Trident/6.0)"
192.3.168.84 - - [27/Oct/2013:13:45:34 +0100] "GET / HTTP/1.0" 200 6716 "http://www.hurence.com/?q=user/register" "Mozilla/5.0 (compatible; MSIE 10.0; Windows NT 6.1; Trident/6.0)"
192.3.168.84 - - [27/Oct/2013:13:45:36 +0100] "GET /?q=user HTTP/1.0" 200 5095 "http://www.hurence.com/" "Mozilla/5.0 (compatible; MSIE 10.0; Windows NT 6.1; Trident/6.0)"
192.3.168.84 - - [27/Oct/2013:13:45:37 +0100] "POST /?q=user HTTP/1.0" 200 5172 "http://www.hurence.com/?q=user" "Mozilla/5.0 (compatible; MSIE 10.0; Windows NT 6.1; Trident/6.0)"
220.181.108.108 - - [27/Oct/2013:13:49:08 +0100] "GET / HTTP/1.1" 200 16060 "-" "Mozilla/5.0 (compatible; Baiduspider/2.0; +http://www.baidu.com/search/spider.html)"
5.63.145.68 - - [27/Oct/2013:13:50:48 +0100] "HEAD / HTTP/1.1" 200 468 "-" "checks.panopta.com"
180.76.6.232 - - [27/Oct/2013:13:53:25 +0100] "GET /node/19 HTTP/1.1" 200 6106 "-" "Mozilla/5.0 (compatible; Baiduspider/2.0; +http://www.baidu.com/search/spider.html)"
5.10.83.12 - - [27/Oct/2013:14:04:37 +0100] "GET /node/57 HTTP/1.1" 200 6916 "-" "Mozilla/5.0 (compatible; AhrefsBot/5.0; +http://ahrefs.com/robot/)"
5.10.83.12 - - [27/Oct/2013:14:05:23 +0100] "GET /node/18 HTTP/1.1" 200 6107 "-" "Mozilla/5.0 (compatible; AhrefsBot/5.0; +http://ahrefs.com/robot/)"
5.63.145.68 - - [27/Oct/2013:14:06:02 +0100] "HEAD / HTTP/1.1" 200 468 "-" "checks.panopta.com"
193.252.118.167 - - [27/Oct/2013:14:08:37 +0100] "GET /node/129 HTTP/1.1" 200 5422 "-" "Mozilla/5.0 (Windows; U; Windows NT 5.1; fr; rv:1.8.1) VoilaBot BETA 1.2 (support.voilabot@orange-ftgroup.com)"
5.10.83.12 - - [27/Oct/2013:14:11:22 +0100] "GET /node/11 HTTP/1.1" 200 6782 "-" "Mozilla/5.0 (compatible; AhrefsBot/5.0; +http://ahrefs.com/robot/)"
119.63.193.196 - - [27/Oct/2013:14:11:51 +0100] "GET / HTTP/1.1" 200 16060 "-" "Mozilla/4.0 (compatible; MSIE 7.0; Windows NT 6.0)"
5.10.83.12 - - [27/Oct/2013:14:16:27 +0100] "GET /node/88?lang=en HTTP/1.1" 200 6594 "-" "Mozilla/5.0 (compatible; AhrefsBot/5.0; +http://ahrefs.com/robot/)"
193.252.118.166 - - [27/Oct/2013:14:18:54 +0100] "GET /node/94?lang=fr HTTP/1.1" 200 7249 "-" "Mozilla/5.0 (Windows; U; Windows NT 5.1; fr; rv:1.8.1) VoilaBot BETA 1.2 (support.voilabot@orange-ftgroup.com)"
5.63.145.68 - - [27/Oct/2013:14:21:15 +0100] "HEAD / HTTP/1.1" 200 468 "-" "checks.panopta.com"
134.134.139.74 - - [27/Oct/2013:14:23:16 +0100] "GET /sites/all/themes/hurence/js/hurence.js?ls5cse HTTP/1.1" 304 213 "-" "Mozilla/4.0 (compatible;)"
66.249.75.213 - - [27/Oct/2013:14:24:13 +0100] "GET /robots.txt HTTP/1.1" 200 985 "-" "Mozilla/5.0 (compatible; Googlebot/2.1; +http://www.google.com/bot.html)"
66.249.75.213 - - [27/Oct/2013:14:24:13 +0100] "GET /node/98?lang=fr HTTP/1.1" 200 6760 "-" "SAMSUNG-SGH-E250/1.0 Profile/MIDP-2.0 Configuration/CLDC-1.1 UP.Browser/6.2.3.3.c.1.101 (GUI) MMP/2.0 (compatible; Googlebot-Mobile/2.1; +http://www.google.com/bot.html)"
81.52.143.35 - - [27/Oct/2013:14:24:24 +0100] "GET /node/136 HTTP/1.1" 200 9407 "-" "Mozilla/5.0 (Windows; U; Windows NT 5.1; fr; rv:1.8.1) VoilaBot BETA 1.2 (support.voilabot@orange-ftgroup.com)"
66.249.75.213 - - [27/Oct/2013:14:26:25 +0100] "GET /node/87?lang=fr HTTP/1.1" 200 7206 "-" "DoCoMo/2.0 N905i(c100;TB;W24H16) (compatible; Googlebot-Mobile/2.1; +http://www.google.com/bot.html)"
5.10.83.12 - - [27/Oct/2013:14:27:54 +0100] "GET /node/68 HTTP/1.1" 200 6670 "-" "Mozilla/5.0 (compatible; AhrefsBot/5.0; +http://ahrefs.com/robot/)"
5.63.145.68 - - [27/Oct/2013:14:36:44 +0100] "HEAD / HTTP/1.1" 200 468 "-" "checks.panopta.com"
188.165.246.158 - - [27/Oct/2013:14:39:54 +0100] "GET / HTTP/1.1" 200 6359 "http://www.hurence.com/" "Mozilla/5.0 (compatible; MSIE 10.0; Windows NT 6.1; Trident/6.0)"
162.220.10.149 - - [27/Oct/2013:14:39:57 +0100] "GET /?q=user HTTP/1.0" 200 5099 "http://www.hurence.com/" "Mozilla/5.0 (compatible; MSIE 10.0; Windows NT 6.1; Trident/6.0)"
162.220.10.149 - - [27/Oct/2013:14:39:58 +0100] "POST /?q=user HTTP/1.0" 200 5176 "http://www.hurence.com/?q=user" "Mozilla/5.0 (compatible; MSIE 10.0; Windows NT 6.1; Trident/6.0)"
