208.115.111.71 - - [27/Oct/2013:14:48:00 +0100] "GET /node/73?lang=en HTTP/1.1" 200 29967 "-" "Mozilla/5.0 (compatible; Ezooms/1.0; ezooms.bot@gmail.com)"
208.115.111.71 - - [27/Oct/2013:14:48:12 +0100] "GET /node/87?lang=fr HTTP/1.1" 200 32516 "-" "Mozilla/5.0 (compatible; Ezooms/1.0; ezooms.bot@gmail.com)"
208.115.111.71 - - [27/Oct/2013:14:48:25 +0100] "GET /node/ HTTP/1.1" 200 33152 "-" "Mozilla/5.0 (compatible; Ezooms/1.0; ezooms.bot@gmail.com)"
208.115.111.71 - - [27/Oct/2013:14:48:37 +0100] "GET /node/101?lang=fr HTTP/1.1" 200 32327 "-" "Mozilla/5.0 (compatible; Ezooms/1.0; ezooms.bot@gmail.com)"
5.63.145.68 - - [27/Oct/2013:14:52:12 +0100] "HEAD / HTTP/1.1" 200 468 "-" "checks.panopta.com"
220.181.108.123 - - [27/Oct/2013:14:56:47 +0100] "GET / HTTP/1.1" 200 16060 "-" "Mozilla/5.0 (compatible; Baiduspider/2.0; +http://www.baidu.com/search/spider.html)"
5.10.83.12 - - [27/Oct/2013:14:57:06 +0100] "GET /node/65?lang=en HTTP/1.1" 200 6692 "-" "Mozilla/5.0 (compatible; AhrefsBot/5.0; +http://ahrefs.com/robot/)"
91.236.74.165 - - [27/Oct/2013:15:05:58 +0100] "GET /?q=user/register HTTP/1.1" 200 5327 "http://hurence.com/" "Mozilla/5.0 (compatible; MSIE 10.0; Windows NT 6.1; Trident/6.0)"
91.236.74.165 - - [27/Oct/2013:15:05:58 +0100] "GET /?q=node/add HTTP/1.1" 403 4814 "http://hurence.com/" "Mozilla/5.0 (compatible; MSIE 10.0; Windows NT 6.1; Trident/6.0)"
91.236.74.165 - - [27/Oct/2013:15:05:59 +0100] "GET /?q=user/register HTTP/1.1" 200 5328 "http://hurence.com/?q=node/add" "Mozilla/5.0 (compatible; MSIE 10.0; Windows NT 6.1; Trident/6.0)"
91.236.74.165 - - [27/Oct/2013:15:05:59 +0100] "POST /?q=user/register HTTP/1.1" 302 674 "http://hurence.com/?q=user/register" "Mozilla/5.0 (compatible; MSIE 10.0; Windows NT 6.1; Trident/6.0)"
91.236.74.165 - - [27/Oct/2013:15:06:00 +0100] "GET / HTTP/1.1" 200 6715 "http://hurence.com/?q=user/register" "Mozilla/5.0 (compatible; MSIE 10.0; Windows NT 6.1; Trident/6.0)"
91.236.74.165 - - [27/Oct/2013:15:06:01 +0100] "GET /?q=user HTTP/1.1" 200 5095 "http://hurence.com/" "Mozilla/5.0 (compatible; MSIE 10.0; Windows NT 6.1; Trident/6.0)"
91.236.74.165 - - [27/Oct/2013:15:06:02 +0100] "POST /?q=user HTTP/1.1" 200 5169 "http://hurence.com/?q=user" "Mozilla/5.0 (compatible; MSIE 10.0; Windows NT 6.1; Trident/6.0)"
5.63.145.68 - - [27/Oct/2013:15:07:41 +0100] "HEAD / HTTP/1.1" 200 468 "-" "checks.panopta.com"
5.10.83.12 - - [27/Oct/2013:15:12:05 +0100] "GET /node/74 HTTP/1.1" 200 6476 "-" "Mozilla/5.0 (compatible; AhrefsBot/5.0; +http://ahrefs.com/robot/)"
5.10.83.12 - - [27/Oct/2013:15:23:42 +0100] "GET /node/136 HTTP/1.1" 200 9387 "-" "Mozilla/5.0 (compatible; AhrefsBot/5.0; +http://ahrefs.com/robot/)"
5.63.145.68 - - [27/Oct/2013:15:24:09 +0100] "HEAD / HTTP/1.1" 200 468 "-" "checks.panopta.com"
5.10.83.12 - - [27/Oct/2013:15:26:08 +0100] "GET /node/47?lang=fr HTTP/1.1" 200 5982 "-" "Mozilla/5.0 (compatible; AhrefsBot/5.0; +http://ahrefs.com/robot/)"
5.10.83.12 - - [27/Oct/2013:15:27:10 +0100] "GET /node/13?lang=en HTTP/1.1" 200 6782 "-" "Mozilla/5.0 (compatible; AhrefsBot/5.0; +http://ahrefs.com/robot/)"
5.63.145.68 - - [27/Oct/2013:15:39:17 +0100] "HEAD / HTTP/1.1" 200 468 "-" "checks.panopta.com"
180.76.6.16 - - [27/Oct/2013:15:42:55 +0100] "GET /node/3?lang=fr HTTP/1.1" 200 6804 "-" "Mozilla/5.0 (compatible; Baiduspider/2.0; +http://www.baidu.com/search/spider.html)"
5.10.83.12 - - [27/Oct/2013:15:43:08 +0100] "GET /node/46?lang=fr HTTP/1.1" 200 6813 "-" "Mozilla/5.0 (compatible; AhrefsBot/5.0; +http://ahrefs.com/robot/)"
178.33.214.234 - - [27/Oct/2013:15:43:25 +0100] "GET / HTTP/1.1" 200 6358 "http://www.hurence.com/" "Mozilla/5.0 (compatible; MSIE 10.0; Windows NT 6.1; Trident/6.0)"
196.196.20.99 - - [27/Oct/2013:15:46:43 +0100] "GET /?q=node/add HTTP/1.0" 403 4784 "http://www.hurence.com/" "Mozilla/5.0 (compatible; MSIE 10.0; Windows NT 6.1; Trident/6.0)"
196.196.20.99 - - [27/Oct/2013:15:46:43 +0100] "GET /?q=user/register HTTP/1.0" 200 5330 "http://www.hurence.com/?q=node/add" "Mozilla/5.0 (compatible; MSIE 10.0; Windows NT 6.1; Trident/6.0)"
208.115.113.87 - - [27/Oct/2013:15:46:43 +0100] "GET /robots.txt HTTP/1.1" 200 1793 "-" "Mozilla/5.0 (compatible; Ezooms/1.0; ezooms.bot@gmail.com)"
208.115.113.87 - - [27/Oct/2013:15:46:44 +0100] "GET /robots.txt HTTP/1.1" 200 1793 "-" "Mozilla/5.0 (compatible; Ezooms/1.0; ezooms.bot@gmail.com)"
196.196.20.99 - - [27/Oct/2013:15:46:44 +0100] "POST /?q=user/register HTTP/1.0" 302 678 "http://www.hurence.com/?q=user/register" "Mozilla/5.0 (compatible; MSIE 10.0; Windows NT 6.1; Trident/6.0)"
196.196.20.99 - - [27/Oct/2013:15:46:44 +0100] "GET / HTTP/1.0" 200 6719 "http://www.hurence.com/?q=user/register" "Mozilla/5.0 (compatible; MSIE 10.0; Windows NT 6.1; Trident/6.0)"
188.165.246.158 - - [27/Oct/2013:15:46:50 +0100] "GET / HTTP/1.1" 200 6360 "http://www.hurence.com/" "Mozilla/5.0 (compatible; MSIE 10.0; Windows NT 6.1; Trident/6.0)"
162.220.12.111 - - [27/Oct/2013:15:46:52 +0100] "GET /?q=user HTTP/1.0" 200 5101 "http://www.hurence.com/" "Mozilla/5.0 (compatible; MSIE 10.0; Windows NT 6.1; Trident/6.0)"
162.220.12.111 - - [27/Oct/2013:15:46:53 +0100] "POST /?q=user HTTP/1.0" 200 5168 "http://www.hurence.com/?q=user" "Mozilla/5.0 (compatible; MSIE 10.0; Windows NT 6.1; Trident/6.0)"
5.10.83.12 - - [27/Oct/2013:15:48:40 +0100] "GET /node/18 HTTP/1.1" 200 6116 "-" "Mozilla/5.0 (compatible; AhrefsBot/5.0; +http://ahrefs.com/robot/)"
5.10.83.12 - - [27/Oct/2013:15:49:53 +0100] "GET /node/138 HTTP/1.1" 200 6658 "-" "Mozilla/5.0 (compatible; AhrefsBot/5.0; +http://ahrefs.com/robot/)"
5.63.145.68 - - [27/Oct/2013:15:54:39 +0100] "HEAD / HTTP/1.1" 200 468 "-" "checks.panopta.com"
5.10.83.12 - - [27/Oct/2013:15:57:03 +0100] "GET /node/108?lang=fr HTTP/1.1" 200 6789 "-" "Mozilla/5.0 (compatible; AhrefsBot/5.0; +http://ahrefs.com/robot/)"
180.76.5.48 - - [27/Oct/2013:15:57:55 +0100] "GET /node/102?lang=fr HTTP/1.1" 200 6946 "-" "Mozilla/5.0 (compatible; Baiduspider/2.0; +http://www.baidu.com/search/spider.html)"
220.181.108.76 - - [27/Oct/2013:15:58:15 +0100] "GET / HTTP/1.1" 200 16060 "-" "Mozilla/5.0 (compatible; Baiduspider/2.0; +http://www.baidu.com/search/spider.html)"
66.249.75.213 - - [27/Oct/2013:16:01:33 +0100] "GET / HTTP/1.1" 200 6354 "-" "Mozilla/5.0 (compatible; Googlebot/2.1; +http://www.google.com/bot.html)"
193.252.118.175 - - [27/Oct/2013:16:02:49 +0100] "GET /node/12 HTTP/1.1" 200 6330 "-" "Mozilla/5.0 (Windows; U; Windows NT 5.1; fr; rv:1.8.1) VoilaBot BETA 1.2 (support.voilabot@orange-ftgroup.com)"
5.10.83.12 - - [27/Oct/2013:16:07:14 +0100] "GET /node/39?lang=fr HTTP/1.1" 200 6980 "-" "Mozilla/5.0 (compatible; AhrefsBot/5.0; +http://ahrefs.com/robot/)"
5.63.145.68 - - [27/Oct/2013:16:09:42 +0100] "HEAD / HTTP/1.1" 200 468 "-" "checks.panopta.com"
119.63.193.195 - - [27/Oct/2013:16:11:01 +0100] "GET / HTTP/1.1" 200 16060 "-" "Mozilla/4.0 (compatible; MSIE 7.0; Windows NT 6.0)"
66.249.75.213 - - [27/Oct/2013:16:11:53 +0100] "GET / HTTP/1.1" 200 6357 "-" "Mozilla/5.0 (compatible; Googlebot/2.1; +http://www.google.com/bot.html)"
5.10.83.12 - - [27/Oct/2013:16:19:00 +0100] "GET /node/68?lang=en HTTP/1.1" 200 6711 "-" "Mozilla/5.0 (compatible; AhrefsBot/5.0; +http://ahrefs.com/robot/)"
5.10.83.12 - - [27/Oct/2013:16:20:58 +0100] "GET /node/107 HTTP/1.1" 200 6442 "-" "Mozilla/5.0 (compatible; AhrefsBot/5.0; +http://ahrefs.com/robot/)"
5.10.83.12 - - [27/Oct/2013:16:22:56 +0100] "GET /node/100?lang=fr HTTP/1.1" 200 6822 "-" "Mozilla/5.0 (compatible; AhrefsBot/5.0; +http://ahrefs.com/robot/)"
5.63.145.68 - - [27/Oct/2013:16:25:32 +0100] "HEAD / HTTP/1.1" 200 468 "-" "checks.panopta.com"
5.10.83.12 - - [27/Oct/2013:16:27:48 +0100] "GET /node/144 HTTP/1.1" 200 6537 "-" "Mozilla/5.0 (compatible; AhrefsBot/5.0; +http://ahrefs.com/robot/)"
81.52.143.36 - - [27/Oct/2013:16:30:32 +0100] "GET /node/79 HTTP/1.1" 200 6653 "-" "Mozilla/5.0 (Windows; U; Windows NT 5.1; fr; rv:1.8.1) VoilaBot BETA 1.2 (support.voilabot@orange-ftgroup.com)"
81.52.143.33 - - [27/Oct/2013:16:32:06 +0100] "GET /node/9 HTTP/1.1" 200 6485 "-" "Mozilla/5.0 (Windows; U; Windows NT 5.1; fr; rv:1.8.1) VoilaBot BETA 1.2 (support.voilabot@orange-ftgroup.com)"
5.10.83.12 - - [27/Oct/2013:16:37:19 +0100] "GET /node/152?lang=fr HTTP/1.1" 200 5997 "-" "Mozilla/5.0 (compatible; AhrefsBot/5.0; +http://ahrefs.com/robot/)"
157.55.34.183 - - [27/Oct/2013:16:39:23 +0100] "GET /robots.txt HTTP/1.1" 200 1850 "-" "Mozilla/5.0 (compatible; bingbot/2.0; +http://www.bing.com/bingbot.htm)"
5.63.145.68 - - [27/Oct/2013:16:40:40 +0100] "HEAD / HTTP/1.1" 200 468 "-" "checks.panopta.com"
5.10.83.12 - - [27/Oct/2013:16:41:44 +0100] "GET /node/7?lang=en HTTP/1.1" 200 5719 "-" "Mozilla/5.0 (compatible; AhrefsBot/5.0; +http://ahrefs.com/robot/)"
157.55.34.183 - - [27/Oct/2013:16:51:59 +0100] "GET / HTTP/1.1" 200 6363 "-" "Mozilla/5.0 (compatible; bingbot/2.0; +http://www.bing.com/bingbot.htm)"
220.181.108.87 - - [27/Oct/2013:16:55:39 +0100] "GET / HTTP/1.1" 200 16060 "-" "Mozilla/5.0 (compatible; Baiduspider/2.0; +http://www.baidu.com/search/spider.html)"
5.63.145.68 - - [27/Oct/2013:16:55:49 +0100] "HEAD / HTTP/1.1" 200 468 "-" "checks.panopta.com"
193.252.118.175 - - [27/Oct/2013:17:03:26 +0100] "GET /node/132 HTTP/1.1" 200 5961 "-" "Mozilla/5.0 (Windows; U; Windows NT 5.1; fr; rv:1.8.1) VoilaBot BETA 1.2 (support.voilabot@orange-ftgroup.com)"
5.63.145.68 - - [27/Oct/2013:17:10:51 +0100] "HEAD / HTTP/1.1" 200 468 "-" "checks.panopta.com"
208.115.113.87 - - [27/Oct/2013:17:16:59 +0100] "GET /node HTTP/1.1" 200 33150 "-" "Mozilla/5.0 (compatible; Ezooms/1.0; ezooms.bot@gmail.com)"
208.115.113.87 - - [27/Oct/2013:17:17:12 +0100] "GET /node/131?lang=fr HTTP/1.1" 200 32078 "-" "Mozilla/5.0 (compatible; Ezooms/1.0; ezooms.bot@gmail.com)"
208.115.113.87 - - [27/Oct/2013:17:17:24 +0100] "GET /node/151 HTTP/1.1" 200 24370 "-" "Mozilla/5.0 (compatible; Ezooms/1.0; ezooms.bot@gmail.com)"
208.115.113.87 - - [27/Oct/2013:17:17:43 +0100] "GET /node/57 HTTP/1.1" 200 29861 "-" "Mozilla/5.0 (compatible; Ezooms/1.0; ezooms.bot@gmail.com)"
81.52.143.34 - - [27/Oct/2013:17:17:53 +0100] "GET /node/54?lang=fr HTTP/1.1" 200 7030 "-" "Mozilla/5.0 (Windows; U; Windows NT 5.1; fr; rv:1.8.1) VoilaBot BETA 1.2 (support.voilabot@orange-ftgroup.com)"
208.115.113.87 - - [27/Oct/2013:17:17:56 +0100] "GET /node/80 HTTP/1.1" 200 29354 "-" "Mozilla/5.0 (compatible; Ezooms/1.0; ezooms.bot@gmail.com)"
208.115.113.87 - - [27/Oct/2013:17:18:11 +0100] "GET /node/134 HTTP/1.1" 200 23246 "-" "Mozilla/5.0 (compatible; Ezooms/1.0; ezooms.bot@gmail.com)"
66.249.81.20 - - [27/Oct/2013:17:20:26 +0100] "GET / HTTP/1.1" 200 6356 "-" "Mozilla/5.0 (Windows NT 6.1; rv:6.0) Gecko/20110814 Firefox/6.0 Google (+https://developers.google.com/+/web/snippet/)"
66.249.81.20 - - [27/Oct/2013:17:20:28 +0100] "GET /sites/default/files/favicon.png HTTP/1.1" 200 3880 "-" "Mozilla/5.0 (Windows NT 6.1; rv:6.0) Gecko/20110814 Firefox/6.0 Google (+https://developers.google.com/+/web/snippet/)"
180.76.5.16 - - [27/Oct/2013:17:24:41 +0100] "GET /node/99?lang=fr HTTP/1.1" 200 7095 "-" "Mozilla/5.0 (compatible; Baiduspider/2.0; +http://www.baidu.com/search/spider.html)"
5.63.145.68 - - [27/Oct/2013:17:26:21 +0100] "HEAD / HTTP/1.1" 200 468 "-" "checks.panopta.com"
142.4.219.152 - - [27/Oct/2013:17:37:11 +0100] "GET / HTTP/1.1" 200 6361 "http://www.hurence.com" "Mozilla/5.0 (compatible; MSIE 10.0; Windows NT 6.1; Trident/6.0)"
142.4.219.152 - - [27/Oct/2013:17:37:13 +0100] "GET /?q=node/add HTTP/1.1" 403 4820 "http://www.hurence.com" "Mozilla/5.0 (compatible; MSIE 10.0; Windows NT 6.1; Trident/6.0)"
142.4.219.152 - - [27/Oct/2013:17:37:14 +0100] "GET /?q=user/register HTTP/1.1" 200 5331 "http://www.hurence.com/?q=node/add" "Mozilla/5.0 (compatible; MSIE 10.0; Windows NT 6.1; Trident/6.0)"
142.4.219.152 - - [27/Oct/2013:17:37:14 +0100] "POST /?q=user/register HTTP/1.1" 302 678 "http://www.hurence.com/?q=user/register" "Mozilla/5.0 (compatible; MSIE 10.0; Windows NT 6.1; Trident/6.0)"
142.4.219.152 - - [27/Oct/2013:17:37:15 +0100] "GET / HTTP/1.1" 200 6716 "http://www.hurence.com/?q=user/register" "Mozilla/5.0 (compatible; MSIE 10.0; Windows NT 6.1; Trident/6.0)"
5.63.145.68 - - [27/Oct/2013:17:42:14 +0100] "HEAD / HTTP/1.1" 200 468 "-" "checks.panopta.com"
5.63.145.68 - - [27/Oct/2013:17:42:16 +0100] "GET / HTTP/1.1" 200 27767 "-" "checks.panopta.com"
91.236.74.251 - - [27/Oct/2013:17:47:15 +0100] "GET /?q=user/register HTTP/1.1" 200 5327 "http://hurence.com/" "Mozilla/5.0 (compatible; MSIE 10.0; Windows NT 6.1; Trident/6.0)"
91.236.74.251 - - [27/Oct/2013:17:47:15 +0100] "GET /?q=node/add HTTP/1.1" 403 4820 "http://hurence.com/" "Mozilla/5.0 (compatible; MSIE 10.0; Windows NT 6.1; Trident/6.0)"
91.236.74.251 - - [27/Oct/2013:17:47:15 +0100] "GET /?q=user/register HTTP/1.1" 200 5325 "http://hurence.com/?q=node/add" "Mozilla/5.0 (compatible; MSIE 10.0; Windows NT 6.1; Trident/6.0)"
91.236.74.251 - - [27/Oct/2013:17:47:16 +0100] "POST /?q=user/register HTTP/1.1" 302 674 "http://hurence.com/?q=user/register" "Mozilla/5.0 (compatible; MSIE 10.0; Windows NT 6.1; Trident/6.0)"
91.236.74.251 - - [27/Oct/2013:17:47:16 +0100] "GET / HTTP/1.1" 200 6708 "http://hurence.com/?q=user/register" "Mozilla/5.0 (compatible; MSIE 10.0; Windows NT 6.1; Trident/6.0)"
91.236.74.251 - - [27/Oct/2013:17:47:22 +0100] "GET /?q=user HTTP/1.1" 200 5093 "http://hurence.com/" "Mozilla/5.0 (compatible; MSIE 10.0; Windows NT 6.1; Trident/6.0)"
91.236.74.251 - - [27/Oct/2013:17:47:22 +0100] "POST /?q=user HTTP/1.1" 200 5171 "http://hurence.com/?q=user" "Mozilla/5.0 (compatible; MSIE 10.0; Windows NT 6.1; Trident/6.0)"
208.115.111.71 - - [27/Oct/2013:17:47:44 +0100] "GET /robots.txt HTTP/1.1" 200 1793 "-" "Mozilla/5.0 (compatible; Ezooms/1.0; ezooms.bot@gmail.com)"
180.76.5.192 - - [27/Oct/2013:17:54:42 +0100] "GET /sites/default/files/What%20is%20Hadoop.pdf HTTP/1.1" 200 692003 "-" "Mozilla/5.0 (Windows NT 5.1; rv:6.0.2) Gecko/20100101 Firefox/6.0.2"
5.63.145.68 - - [27/Oct/2013:17:58:03 +0100] "HEAD / HTTP/1.1" 200 468 "-" "checks.panopta.com"
193.252.118.174 - - [27/Oct/2013:18:00:55 +0100] "GET /node/64 HTTP/1.1" 200 6203 "-" "Mozilla/5.0 (Windows; U; Windows NT 5.1; fr; rv:1.8.1) VoilaBot BETA 1.2 (support.voilabot@orange-ftgroup.com)"
220.181.108.86 - - [27/Oct/2013:18:06:14 +0100] "GET /node/26 HTTP/1.1" 200 6580 "-" "Mozilla/5.0 (compatible; Baiduspider/2.0; +http://www.baidu.com/search/spider.html)"
220.181.108.90 - - [27/Oct/2013:18:08:18 +0100] "GET / HTTP/1.1" 200 16060 "-" "Mozilla/5.0 (compatible; Baiduspider/2.0; +http://www.baidu.com/search/spider.html)"
119.63.193.132 - - [27/Oct/2013:18:09:33 +0100] "GET / HTTP/1.1" 200 16060 "-" "Mozilla/4.0 (compatible; MSIE 7.0; Windows NT 6.0)"
5.63.145.68 - - [27/Oct/2013:18:13:05 +0100] "HEAD / HTTP/1.1" 200 468 "-" "checks.panopta.com"
66.249.75.235 - - [27/Oct/2013:18:18:38 +0100] "GET /robots.txt HTTP/1.1" 200 985 "-" "Mozilla/5.0 (compatible; Googlebot/2.1; +http://www.google.com/bot.html)"
66.249.75.235 - - [27/Oct/2013:18:18:38 +0100] "GET / HTTP/1.1" 200 6359 "-" "Mozilla/5.0 (iPhone; CPU iPhone OS 6_0 like Mac OS X) AppleWebKit/536.26 (KHTML, like Gecko) Version/6.0 Mobile/10A5376e Safari/8536.25 (compatible; Googlebot-Mobile/2.1; +http://www.google.com/bot.html)"
66.249.75.213 - - [27/Oct/2013:18:20:54 +0100] "GET /node/101?lang=fr HTTP/1.1" 200 7115 "-" "Mozilla/5.0 (iPhone; CPU iPhone OS 6_0 like Mac OS X) AppleWebKit/536.26 (KHTML, like Gecko) Version/6.0 Mobile/10A5376e Safari/8536.25 (compatible; Googlebot-Mobile/2.1; +http://www.google.com/bot.html)"
5.63.145.68 - - [27/Oct/2013:18:28:07 +0100] "HEAD / HTTP/1.1" 200 468 "-" "checks.panopta.com"
66.249.75.235 - - [27/Oct/2013:18:28:41 +0100] "GET /sites/all/themes/hurence/css/print.css?ls5cse HTTP/1.1" 200 980 "-" "Mozilla/5.0 (compatible; Googlebot/2.1; +http://www.google.com/bot.html)"
66.249.75.235 - - [27/Oct/2013:18:28:42 +0100] "GET /sites/all/themes/hurence/css/views-styles.css?ls5cse HTTP/1.1" 200 389 "-" "Mozilla/5.0 (compatible; Googlebot/2.1; +http://www.google.com/bot.html)"
66.249.75.235 - - [27/Oct/2013:18:28:42 +0100] "GET /sites/all/themes/hurence/css/html-reset.css?ls5cse HTTP/1.1" 200 3350 "-" "Mozilla/5.0 (compatible; Googlebot/2.1; +http://www.google.com/bot.html)"
66.249.75.235 - - [27/Oct/2013:18:28:43 +0100] "GET /sites/all/themes/hurence/css/hurence.css?ls5cse HTTP/1.1" 200 688 "-" "Mozilla/5.0 (compatible; Googlebot/2.1; +http://www.google.com/bot.html)"
66.249.75.235 - - [27/Oct/2013:18:28:43 +0100] "GET /sites/all/themes/hurence/css/comments.css?ls5cse HTTP/1.1" 200 1019 "-" "Mozilla/5.0 (compatible; Googlebot/2.1; +http://www.google.com/bot.html)"
66.249.75.235 - - [27/Oct/2013:18:28:44 +0100] "GET /sites/all/themes/hurence/css/fields.css?ls5cse HTTP/1.1" 200 700 "-" "Mozilla/5.0 (compatible; Googlebot/2.1; +http://www.google.com/bot.html)"
66.249.75.235 - - [27/Oct/2013:18:28:45 +0100] "GET /sites/all/themes/hurence/css/forms.css?ls5cse HTTP/1.1" 200 1397 "-" "Mozilla/5.0 (compatible; Googlebot/2.1; +http://www.google.com/bot.html)"
66.249.75.235 - - [27/Oct/2013:18:28:45 +0100] "GET /sites/all/themes/hurence/css/megamenu-hurence.css?ls5cse HTTP/1.1" 200 1725 "-" "Mozilla/5.0 (compatible; Googlebot/2.1; +http://www.google.com/bot.html)"
66.249.75.235 - - [27/Oct/2013:18:28:46 +0100] "GET /sites/all/themes/hurence/css/layout-fixed.css?ls5cse HTTP/1.1" 200 1924 "-" "Mozilla/5.0 (compatible; Googlebot/2.1; +http://www.google.com/bot.html)"
66.249.75.235 - - [27/Oct/2013:18:28:46 +0100] "GET /sites/all/themes/hurence/css/navigation.css?ls5cse HTTP/1.1" 200 806 "-" "Mozilla/5.0 (compatible; Googlebot/2.1; +http://www.google.com/bot.html)"
66.249.75.235 - - [27/Oct/2013:18:28:47 +0100] "GET /sites/all/modules/simplenews/simplenews.css?ls5cse HTTP/1.1" 200 574 "-" "Mozilla/5.0 (compatible; Googlebot/2.1; +http://www.google.com/bot.html)"
66.249.75.235 - - [27/Oct/2013:18:28:48 +0100] "GET /sites/all/modules/views/css/views.css?ls5cse HTTP/1.1" 200 648 "-" "Mozilla/5.0 (compatible; Googlebot/2.1; +http://www.google.com/bot.html)"
66.249.75.235 - - [27/Oct/2013:18:28:48 +0100] "GET /sites/all/modules/ctools/css/ctools.css?ls5cse HTTP/1.1" 200 591 "-" "Mozilla/5.0 (compatible; Googlebot/2.1; +http://www.google.com/bot.html)"
66.249.75.235 - - [27/Oct/2013:18:28:49 +0100] "GET /sites/all/themes/hurence/css/nodes.css?ls5cse HTTP/1.1" 200 1115 "-" "Mozilla/5.0 (compatible; Googlebot/2.1; +http://www.google.com/bot.html)"
66.249.75.235 - - [27/Oct/2013:18:28:50 +0100] "GET /sites/all/themes/hurence/css/page-backgrounds.css?ls5cse HTTP/1.1" 200 721 "-" "Mozilla/5.0 (compatible; Googlebot/2.1; +http://www.google.com/bot.html)"
66.249.75.235 - - [27/Oct/2013:18:28:50 +0100] "GET /sites/all/modules/megamenu/megamenu.css?ls5cse HTTP/1.1" 200 1618 "-" "Mozilla/5.0 (compatible; Googlebot/2.1; +http://www.google.com/bot.html)"
66.249.75.235 - - [27/Oct/2013:18:28:51 +0100] "GET /sites/all/themes/hurence/css/pages.css?ls5cse HTTP/1.1" 200 2219 "-" "Mozilla/5.0 (compatible; Googlebot/2.1; +http://www.google.com/bot.html)"
66.249.75.235 - - [27/Oct/2013:18:28:52 +0100] "GET /sites/all/themes/hurence/css/blocks.css?ls5cse HTTP/1.1" 200 1869 "-" "Mozilla/5.0 (compatible; Googlebot/2.1; +http://www.google.com/bot.html)"
66.249.75.235 - - [27/Oct/2013:18:28:53 +0100] "GET /sites/all/modules/featured_content/featured_content.css?ls5cse HTTP/1.1" 200 478 "-" "Mozilla/5.0 (compatible; Googlebot/2.1; +http://www.google.com/bot.html)"
82.225.146.136 - - [27/Oct/2013:18:28:55 +0100] "GET / HTTP/1.1" 200 6360 "http://www.google.fr/url?sa=t&rct=j&q=&esrc=s&source=web&cd=1&ved=0CCwQFjAA&url=http%3A%2F%2Fwww.hurence.com%2F&ei=VE1tUvTuB6O-0QWUzIDwCA&usg=AFQjCNE_yYQKdcxl2HKRE0Ux6d-TvowDsg&bvm=bv.55123115,d.d2k" "Mozilla/5.0 (Macintosh; Intel Mac OS X 10.7; rv:24.0) Gecko/20100101 Firefox/24.0"
82.225.146.136 - - [27/Oct/2013:18:28:57 +0100] "GET /misc/jquery.js?v=1.4.4 HTTP/1.1" 200 27432 "http://www.hurence.com/" "Mozilla/5.0 (Macintosh; Intel Mac OS X 10.7; rv:24.0) Gecko/20100101 Firefox/24.0"
82.225.146.136 - - [27/Oct/2013:18:28:57 +0100] "GET /misc/jquery.once.js?v=1.2 HTTP/1.1" 200 1420 "http://www.hurence.com/" "Mozilla/5.0 (Macintosh; Intel Mac OS X 10.7; rv:24.0) Gecko/20100101 Firefox/24.0"
82.225.146.136 - - [27/Oct/2013:18:28:57 +0100] "GET /misc/drupal.js?ls5cse HTTP/1.1" 200 4883 "http://www.hurence.com/" "Mozilla/5.0 (Macintosh; Intel Mac OS X 10.7; rv:24.0) Gecko/20100101 Firefox/24.0"
82.225.146.136 - - [27/Oct/2013:18:28:57 +0100] "GET /sites/all/modules/featured_content/featured_content.js?ls5cse HTTP/1.1" 200 1075 "http://www.hurence.com/" "Mozilla/5.0 (Macintosh; Intel Mac OS X 10.7; rv:24.0) Gecko/20100101 Firefox/24.0"
82.225.146.136 - - [27/Oct/2013:18:28:57 +0100] "GET /sites/all/modules/megamenu/megamenu.js?ls5cse HTTP/1.1" 200 1759 "http://www.hurence.com/" "Mozilla/5.0 (Macintosh; Intel Mac OS X 10.7; rv:24.0) Gecko/20100101 Firefox/24.0"
82.225.146.136 - - [27/Oct/2013:18:28:57 +0100] "GET /sites/all/themes/hurence/js/hurence.js?ls5cse HTTP/1.1" 200 807 "http://www.hurence.com/" "Mozilla/5.0 (Macintosh; Intel Mac OS X 10.7; rv:24.0) Gecko/20100101 Firefox/24.0"
82.225.146.136 - - [27/Oct/2013:18:28:57 +0100] "GET /sites/all/modules/views/js/jquery.ui.dialog.patch.js?ls5cse HTTP/1.1" 200 914 "http://www.hurence.com/" "Mozilla/5.0 (Macintosh; Intel Mac OS X 10.7; rv:24.0) Gecko/20100101 Firefox/24.0"
82.225.146.136 - - [27/Oct/2013:18:28:57 +0100] "GET /modules/system/system.base.css?ls5cse HTTP/1.1" 200 2193 "http://www.hurence.com/" "Mozilla/5.0 (Macintosh; Intel Mac OS X 10.7; rv:24.0) Gecko/20100101 Firefox/24.0"
82.225.146.136 - - [27/Oct/2013:18:28:57 +0100] "GET /modules/system/system.menus.css?ls5cse HTTP/1.1" 200 1000 "http://www.hurence.com/" "Mozilla/5.0 (Macintosh; Intel Mac OS X 10.7; rv:24.0) Gecko/20100101 Firefox/24.0"
82.225.146.136 - - [27/Oct/2013:18:28:57 +0100] "GET /modules/system/system.messages.css?ls5cse HTTP/1.1" 200 721 "http://www.hurence.com/" "Mozilla/5.0 (Macintosh; Intel Mac OS X 10.7; rv:24.0) Gecko/20100101 Firefox/24.0"
82.225.146.136 - - [27/Oct/2013:18:28:57 +0100] "GET /modules/system/system.theme.css?ls5cse HTTP/1.1" 200 1560 "http://www.hurence.com/" "Mozilla/5.0 (Macintosh; Intel Mac OS X 10.7; rv:24.0) Gecko/20100101 Firefox/24.0"
82.225.146.136 - - [27/Oct/2013:18:28:57 +0100] "GET /modules/comment/comment.css?ls5cse HTTP/1.1" 200 480 "http://www.hurence.com/" "Mozilla/5.0 (Macintosh; Intel Mac OS X 10.7; rv:24.0) Gecko/20100101 Firefox/24.0"
82.225.146.136 - - [27/Oct/2013:18:28:57 +0100] "GET /modules/field/theme/field.css?ls5cse HTTP/1.1" 200 574 "http://www.hurence.com/" "Mozilla/5.0 (Macintosh; Intel Mac OS X 10.7; rv:24.0) Gecko/20100101 Firefox/24.0"
82.225.146.136 - - [27/Oct/2013:18:28:57 +0100] "GET /modules/node/node.css?ls5cse HTTP/1.1" 200 447 "http://www.hurence.com/" "Mozilla/5.0 (Macintosh; Intel Mac OS X 10.7; rv:24.0) Gecko/20100101 Firefox/24.0"
82.225.146.136 - - [27/Oct/2013:18:28:57 +0100] "GET /modules/search/search.css?ls5cse HTTP/1.1" 200 571 "http://www.hurence.com/" "Mozilla/5.0 (Macintosh; Intel Mac OS X 10.7; rv:24.0) Gecko/20100101 Firefox/24.0"
82.225.146.136 - - [27/Oct/2013:18:28:57 +0100] "GET /modules/user/user.css?ls5cse HTTP/1.1" 200 1036 "http://www.hurence.com/" "Mozilla/5.0 (Macintosh; Intel Mac OS X 10.7; rv:24.0) Gecko/20100101 Firefox/24.0"
82.225.146.136 - - [27/Oct/2013:18:28:57 +0100] "GET /sites/all/modules/views/css/views.css?ls5cse HTTP/1.1" 200 648 "http://www.hurence.com/" "Mozilla/5.0 (Macintosh; Intel Mac OS X 10.7; rv:24.0) Gecko/20100101 Firefox/24.0"
82.225.146.136 - - [27/Oct/2013:18:28:57 +0100] "GET /sites/all/modules/ctools/css/ctools.css?ls5cse HTTP/1.1" 200 591 "http://www.hurence.com/" "Mozilla/5.0 (Macintosh; Intel Mac OS X 10.7; rv:24.0) Gecko/20100101 Firefox/24.0"
82.225.146.136 - - [27/Oct/2013:18:28:57 +0100] "GET /sites/all/modules/featured_content/featured_content.css?ls5cse HTTP/1.1" 200 478 "http://www.hurence.com/" "Mozilla/5.0 (Macintosh; Intel Mac OS X 10.7; rv:24.0) Gecko/20100101 Firefox/24.0"
82.225.146.136 - - [27/Oct/2013:18:28:57 +0100] "GET /sites/all/modules/megamenu/megamenu.css?ls5cse HTTP/1.1" 200 1618 "http://www.hurence.com/" "Mozilla/5.0 (Macintosh; Intel Mac OS X 10.7; rv:24.0) Gecko/20100101 Firefox/24.0"
82.225.146.136 - - [27/Oct/2013:18:28:57 +0100] "GET /sites/all/modules/megamenu/megamenu-skins.css?ls5cse HTTP/1.1" 200 356 "http://www.hurence.com/" "Mozilla/5.0 (Macintosh; Intel Mac OS X 10.7; rv:24.0) Gecko/20100101 Firefox/24.0"
82.225.146.136 - - [27/Oct/2013:18:28:57 +0100] "GET /modules/locale/locale.css?ls5cse HTTP/1.1" 200 751 "http://www.hurence.com/" "Mozilla/5.0 (Macintosh; Intel Mac OS X 10.7; rv:24.0) Gecko/20100101 Firefox/24.0"
82.225.146.136 - - [27/Oct/2013:18:28:57 +0100] "GET /sites/all/modules/simplenews/simplenews.css?ls5cse HTTP/1.1" 200 574 "http://www.hurence.com/" "Mozilla/5.0 (Macintosh; Intel Mac OS X 10.7; rv:24.0) Gecko/20100101 Firefox/24.0"
82.225.146.136 - - [27/Oct/2013:18:28:57 +0100] "GET /sites/all/themes/hurence/css/html-reset.css?ls5cse HTTP/1.1" 200 3350 "http://www.hurence.com/" "Mozilla/5.0 (Macintosh; Intel Mac OS X 10.7; rv:24.0) Gecko/20100101 Firefox/24.0"
82.225.146.136 - - [27/Oct/2013:18:28:57 +0100] "GET /sites/all/themes/hurence/css/wireframes.css?ls5cse HTTP/1.1" 200 532 "http://www.hurence.com/" "Mozilla/5.0 (Macintosh; Intel Mac OS X 10.7; rv:24.0) Gecko/20100101 Firefox/24.0"
82.225.146.136 - - [27/Oct/2013:18:28:57 +0100] "GET /sites/all/themes/hurence/css/layout-fixed.css?ls5cse HTTP/1.1" 200 1924 "http://www.hurence.com/" "Mozilla/5.0 (Macintosh; Intel Mac OS X 10.7; rv:24.0) Gecko/20100101 Firefox/24.0"
82.225.146.136 - - [27/Oct/2013:18:28:57 +0100] "GET /sites/all/themes/hurence/css/page-backgrounds.css?ls5cse HTTP/1.1" 200 721 "http://www.hurence.com/" "Mozilla/5.0 (Macintosh; Intel Mac OS X 10.7; rv:24.0) Gecko/20100101 Firefox/24.0"
82.225.146.136 - - [27/Oct/2013:18:28:57 +0100] "GET /sites/all/themes/hurence/css/tabs.css?ls5cse HTTP/1.1" 200 1058 "http://www.hurence.com/" "Mozilla/5.0 (Macintosh; Intel Mac OS X 10.7; rv:24.0) Gecko/20100101 Firefox/24.0"
82.225.146.136 - - [27/Oct/2013:18:28:57 +0100] "GET /sites/all/themes/hurence/css/pages.css?ls5cse HTTP/1.1" 200 2219 "http://www.hurence.com/" "Mozilla/5.0 (Macintosh; Intel Mac OS X 10.7; rv:24.0) Gecko/20100101 Firefox/24.0"
82.225.146.136 - - [27/Oct/2013:18:28:57 +0100] "GET /sites/all/themes/hurence/css/blocks.css?ls5cse HTTP/1.1" 200 1869 "http://www.hurence.com/" "Mozilla/5.0 (Macintosh; Intel Mac OS X 10.7; rv:24.0) Gecko/20100101 Firefox/24.0"
82.225.146.136 - - [27/Oct/2013:18:28:57 +0100] "GET /sites/all/themes/hurence/css/navigation.css?ls5cse HTTP/1.1" 200 806 "http://www.hurence.com/" "Mozilla/5.0 (Macintosh; Intel Mac OS X 10.7; rv:24.0) Gecko/20100101 Firefox/24.0"
82.225.146.136 - - [27/Oct/2013:18:28:57 +0100] "GET /sites/all/themes/hurence/css/views-styles.css?ls5cse HTTP/1.1" 200 389 "http://www.hurence.com/" "Mozilla/5.0 (Macintosh; Intel Mac OS X 10.7; rv:24.0) Gecko/20100101 Firefox/24.0"
82.225.146.136 - - [27/Oct/2013:18:28:57 +0100] "GET /sites/all/themes/hurence/css/nodes.css?ls5cse HTTP/1.1" 200 1115 "http://www.hurence.com/" "Mozilla/5.0 (Macintosh; Intel Mac OS X 10.7; rv:24.0) Gecko/20100101 Firefox/24.0"
82.225.146.136 - - [27/Oct/2013:18:28:57 +0100] "GET /sites/all/themes/hurence/css/comments.css?ls5cse HTTP/1.1" 200 1019 "http://www.hurence.com/" "Mozilla/5.0 (Macintosh; Intel Mac OS X 10.7; rv:24.0) Gecko/20100101 Firefox/24.0"
82.225.146.136 - - [27/Oct/2013:18:28:57 +0100] "GET /sites/all/themes/hurence/css/forms.css?ls5cse HTTP/1.1" 200 1397 "http://www.hurence.com/" "Mozilla/5.0 (Macintosh; Intel Mac OS X 10.7; rv:24.0) Gecko/20100101 Firefox/24.0"
82.225.146.136 - - [27/Oct/2013:18:28:57 +0100] "GET /sites/all/themes/hurence/css/fields.css?ls5cse HTTP/1.1" 200 700 "http://www.hurence.com/" "Mozilla/5.0 (Macintosh; Intel Mac OS X 10.7; rv:24.0) Gecko/20100101 Firefox/24.0"
82.225.146.136 - - [27/Oct/2013:18:28:57 +0100] "GET /sites/all/themes/hurence/css/print.css?ls5cse HTTP/1.1" 200 979 "http://www.hurence.com/" "Mozilla/5.0 (Macintosh; Intel Mac OS X 10.7; rv:24.0) Gecko/20100101 Firefox/24.0"
82.225.146.136 - - [27/Oct/2013:18:28:57 +0100] "GET /sites/default/files/favicon.png HTTP/1.1" 200 3880 "-" "Mozilla/5.0 (Macintosh; Intel Mac OS X 10.7; rv:24.0) Gecko/20100101 Firefox/24.0"
82.225.146.136 - - [27/Oct/2013:18:28:57 +0100] "GET /sites/all/themes/hurence/css/hurence.css?ls5cse HTTP/1.1" 200 688 "http://www.hurence.com/" "Mozilla/5.0 (Macintosh; Intel Mac OS X 10.7; rv:24.0) Gecko/20100101 Firefox/24.0"
82.225.146.136 - - [27/Oct/2013:18:28:57 +0100] "GET /sites/all/themes/hurence/css/megamenu-hurence.css?ls5cse HTTP/1.1" 200 1725 "http://www.hurence.com/" "Mozilla/5.0 (Macintosh; Intel Mac OS X 10.7; rv:24.0) Gecko/20100101 Firefox/24.0"
82.225.146.136 - - [27/Oct/2013:18:28:57 +0100] "GET /misc/feed.png HTTP/1.1" 200 949 "http://www.hurence.com/" "Mozilla/5.0 (Macintosh; Intel Mac OS X 10.7; rv:24.0) Gecko/20100101 Firefox/24.0"
82.225.146.136 - - [27/Oct/2013:18:28:57 +0100] "GET /sites/default/files/styles/white_paper_logo/public/hadoop-logo.jpg HTTP/1.1" 200 2436 "http://www.hurence.com/" "Mozilla/5.0 (Macintosh; Intel Mac OS X 10.7; rv:24.0) Gecko/20100101 Firefox/24.0"
82.225.146.136 - - [27/Oct/2013:18:28:57 +0100] "GET /sites/all/themes/hurence/logo.png HTTP/1.1" 200 5065 "http://www.hurence.com/" "Mozilla/5.0 (Macintosh; Intel Mac OS X 10.7; rv:24.0) Gecko/20100101 Firefox/24.0"
82.225.146.136 - - [27/Oct/2013:18:28:57 +0100] "GET /modules/file/icons/application-pdf.png HTTP/1.1" 200 639 "http://www.hurence.com/" "Mozilla/5.0 (Macintosh; Intel Mac OS X 10.7; rv:24.0) Gecko/20100101 Firefox/24.0"
82.225.146.136 - - [27/Oct/2013:18:28:57 +0100] "GET /sites/all/themes/hurence/images/bg_header.gif HTTP/1.1" 200 559 "http://www.hurence.com/sites/all/themes/hurence/css/page-backgrounds.css?ls5cse" "Mozilla/5.0 (Macintosh; Intel Mac OS X 10.7; rv:24.0) Gecko/20100101 Firefox/24.0"
82.225.146.136 - - [27/Oct/2013:18:28:57 +0100] "GET /sites/all/themes/hurence/images/bg_header-inner.jpg HTTP/1.1" 200 8925 "http://www.hurence.com/sites/all/themes/hurence/css/page-backgrounds.css?ls5cse" "Mozilla/5.0 (Macintosh; Intel Mac OS X 10.7; rv:24.0) Gecko/20100101 Firefox/24.0"
82.225.146.136 - - [27/Oct/2013:18:28:57 +0100] "GET /sites/default/files/en.jpg HTTP/1.1" 200 3136 "http://www.hurence.com/sites/all/themes/hurence/css/blocks.css?ls5cse" "Mozilla/5.0 (Macintosh; Intel Mac OS X 10.7; rv:24.0) Gecko/20100101 Firefox/24.0"
82.225.146.136 - - [27/Oct/2013:18:28:57 +0100] "GET /sites/default/files/fr.jpg HTTP/1.1" 200 3176 "http://www.hurence.com/sites/all/themes/hurence/css/blocks.css?ls5cse" "Mozilla/5.0 (Macintosh; Intel Mac OS X 10.7; rv:24.0) Gecko/20100101 Firefox/24.0"
82.225.146.136 - - [27/Oct/2013:18:28:57 +0100] "GET /sites/default/files/mail.png HTTP/1.1" 200 4030 "http://www.hurence.com/sites/all/themes/hurence/css/blocks.css?ls5cse" "Mozilla/5.0 (Macintosh; Intel Mac OS X 10.7; rv:24.0) Gecko/20100101 Firefox/24.0"
82.225.146.136 - - [27/Oct/2013:18:28:57 +0100] "GET /sites/default/files/Twitter-24x24.png HTTP/1.1" 200 1869 "http://www.hurence.com/sites/all/themes/hurence/css/blocks.css?ls5cse" "Mozilla/5.0 (Macintosh; Intel Mac OS X 10.7; rv:24.0) Gecko/20100101 Firefox/24.0"
82.225.146.136 - - [27/Oct/2013:18:28:58 +0100] "GET /sites/default/files/Facebook-24x24.png HTTP/1.1" 200 1725 "http://www.hurence.com/sites/all/themes/hurence/css/blocks.css?ls5cse" "Mozilla/5.0 (Macintosh; Intel Mac OS X 10.7; rv:24.0) Gecko/20100101 Firefox/24.0"
82.225.146.136 - - [27/Oct/2013:18:28:57 +0100] "GET /sites/default/files/HurenceBannier.png HTTP/1.1" 200 388732 "http://www.hurence.com/" "Mozilla/5.0 (Macintosh; Intel Mac OS X 10.7; rv:24.0) Gecko/20100101 Firefox/24.0"
127.0.0.1 - - [27/Oct/2013:18:29:13 +0100] "OPTIONS * HTTP/1.0" 200 152 "-" "Apache/2.2.17 (Ubuntu) (internal dummy connection)"
66.249.75.213 - - [27/Oct/2013:18:29:17 +0100] "GET /sites/all/themes/hurence/css/wireframes.css?ls5cse HTTP/1.1" 200 533 "-" "Mozilla/5.0 (compatible; Googlebot/2.1; +http://www.google.com/bot.html)"
66.249.75.213 - - [27/Oct/2013:18:29:17 +0100] "GET /sites/all/themes/hurence/css/print.css?ls5cse HTTP/1.1" 200 979 "-" "Mozilla/5.0 (compatible; Googlebot/2.1; +http://www.google.com/bot.html)"
66.249.75.213 - - [27/Oct/2013:18:29:18 +0100] "GET /sites/all/modules/simplenews/simplenews.css?ls5cse HTTP/1.1" 200 574 "-" "Mozilla/5.0 (compatible; Googlebot/2.1; +http://www.google.com/bot.html)"
66.249.75.213 - - [27/Oct/2013:18:29:19 +0100] "GET /sites/all/themes/hurence/css/fields.css?ls5cse HTTP/1.1" 200 700 "-" "Mozilla/5.0 (compatible; Googlebot/2.1; +http://www.google.com/bot.html)"
66.249.75.213 - - [27/Oct/2013:18:29:20 +0100] "GET /sites/all/themes/hurence/css/views-styles.css?ls5cse HTTP/1.1" 200 389 "-" "Mozilla/5.0 (compatible; Googlebot/2.1; +http://www.google.com/bot.html)"
66.249.75.213 - - [27/Oct/2013:18:29:20 +0100] "GET /sites/all/themes/hurence/css/megamenu-hurence.css?ls5cse HTTP/1.1" 200 1725 "-" "Mozilla/5.0 (compatible; Googlebot/2.1; +http://www.google.com/bot.html)"
66.249.75.213 - - [27/Oct/2013:18:29:21 +0100] "GET /sites/all/themes/hurence/css/nodes.css?ls5cse HTTP/1.1" 200 1115 "-" "Mozilla/5.0 (compatible; Googlebot/2.1; +http://www.google.com/bot.html)"
66.249.75.213 - - [27/Oct/2013:18:29:22 +0100] "GET /sites/all/themes/hurence/css/blocks.css?ls5cse HTTP/1.1" 200 1869 "-" "Mozilla/5.0 (compatible; Googlebot/2.1; +http://www.google.com/bot.html)"
66.249.75.213 - - [27/Oct/2013:18:29:23 +0100] "GET /sites/all/themes/hurence/css/page-backgrounds.css?ls5cse HTTP/1.1" 200 721 "-" "Mozilla/5.0 (compatible; Googlebot/2.1; +http://www.google.com/bot.html)"
66.249.75.213 - - [27/Oct/2013:18:29:26 +0100] "GET /sites/all/themes/hurence/css/layout-fixed.css?ls5cse HTTP/1.1" 200 1924 "-" "Mozilla/5.0 (compatible; Googlebot/2.1; +http://www.google.com/bot.html)"
66.249.75.213 - - [27/Oct/2013:18:29:26 +0100] "GET /sites/all/modules/megamenu/megamenu.css?ls5cse HTTP/1.1" 200 1618 "-" "Mozilla/5.0 (compatible; Googlebot/2.1; +http://www.google.com/bot.html)"
82.225.146.136 - - [27/Oct/2013:18:32:08 +0100] "GET /node/126 HTTP/1.1" 200 6568 "http://www.hurence.com/" "Mozilla/5.0 (Macintosh; Intel Mac OS X 10.7; rv:24.0) Gecko/20100101 Firefox/24.0"
82.225.146.136 - - [27/Oct/2013:18:32:10 +0100] "GET /misc/jquery.js?v=1.4.4 HTTP/1.1" 304 214 "http://www.hurence.com/node/126" "Mozilla/5.0 (Macintosh; Intel Mac OS X 10.7; rv:24.0) Gecko/20100101 Firefox/24.0"
82.225.146.136 - - [27/Oct/2013:18:32:10 +0100] "GET /misc/jquery.once.js?v=1.2 HTTP/1.1" 304 213 "http://www.hurence.com/node/126" "Mozilla/5.0 (Macintosh; Intel Mac OS X 10.7; rv:24.0) Gecko/20100101 Firefox/24.0"
82.225.146.136 - - [27/Oct/2013:18:32:10 +0100] "GET /misc/drupal.js?ls5cse HTTP/1.1" 304 214 "http://www.hurence.com/node/126" "Mozilla/5.0 (Macintosh; Intel Mac OS X 10.7; rv:24.0) Gecko/20100101 Firefox/24.0"
82.225.146.136 - - [27/Oct/2013:18:32:10 +0100] "GET /sites/all/modules/featured_content/featured_content.js?ls5cse HTTP/1.1" 304 214 "http://www.hurence.com/node/126" "Mozilla/5.0 (Macintosh; Intel Mac OS X 10.7; rv:24.0) Gecko/20100101 Firefox/24.0"
82.225.146.136 - - [27/Oct/2013:18:32:10 +0100] "GET /sites/all/modules/megamenu/megamenu.js?ls5cse HTTP/1.1" 304 214 "http://www.hurence.com/node/126" "Mozilla/5.0 (Macintosh; Intel Mac OS X 10.7; rv:24.0) Gecko/20100101 Firefox/24.0"
82.225.146.136 - - [27/Oct/2013:18:32:10 +0100] "GET /sites/all/themes/hurence/js/hurence.js?ls5cse HTTP/1.1" 304 213 "http://www.hurence.com/node/126" "Mozilla/5.0 (Macintosh; Intel Mac OS X 10.7; rv:24.0) Gecko/20100101 Firefox/24.0"
82.225.146.136 - - [27/Oct/2013:18:32:10 +0100] "GET /sites/all/modules/views/js/jquery.ui.dialog.patch.js?ls5cse HTTP/1.1" 304 212 "http://www.hurence.com/node/126" "Mozilla/5.0 (Macintosh; Intel Mac OS X 10.7; rv:24.0) Gecko/20100101 Firefox/24.0"
82.225.146.136 - - [27/Oct/2013:18:32:10 +0100] "GET /modules/system/system.base.css?ls5cse HTTP/1.1" 304 213 "http://www.hurence.com/node/126" "Mozilla/5.0 (Macintosh; Intel Mac OS X 10.7; rv:24.0) Gecko/20100101 Firefox/24.0"
82.225.146.136 - - [27/Oct/2013:18:32:10 +0100] "GET /modules/system/system.menus.css?ls5cse HTTP/1.1" 304 212 "http://www.hurence.com/node/126" "Mozilla/5.0 (Macintosh; Intel Mac OS X 10.7; rv:24.0) Gecko/20100101 Firefox/24.0"
82.225.146.136 - - [27/Oct/2013:18:32:10 +0100] "GET /modules/system/system.messages.css?ls5cse HTTP/1.1" 304 212 "http://www.hurence.com/node/126" "Mozilla/5.0 (Macintosh; Intel Mac OS X 10.7; rv:24.0) Gecko/20100101 Firefox/24.0"
82.225.146.136 - - [27/Oct/2013:18:32:10 +0100] "GET /modules/system/system.theme.css?ls5cse HTTP/1.1" 304 212 "http://www.hurence.com/node/126" "Mozilla/5.0 (Macintosh; Intel Mac OS X 10.7; rv:24.0) Gecko/20100101 Firefox/24.0"
82.225.146.136 - - [27/Oct/2013:18:32:10 +0100] "GET /modules/comment/comment.css?ls5cse HTTP/1.1" 304 211 "http://www.hurence.com/node/126" "Mozilla/5.0 (Macintosh; Intel Mac OS X 10.7; rv:24.0) Gecko/20100101 Firefox/24.0"
82.225.146.136 - - [27/Oct/2013:18:32:10 +0100] "GET /modules/field/theme/field.css?ls5cse HTTP/1.1" 304 212 "http://www.hurence.com/node/126" "Mozilla/5.0 (Macintosh; Intel Mac OS X 10.7; rv:24.0) Gecko/20100101 Firefox/24.0"
82.225.146.136 - - [27/Oct/2013:18:32:10 +0100] "GET /modules/node/node.css?ls5cse HTTP/1.1" 304 211 "http://www.hurence.com/node/126" "Mozilla/5.0 (Macintosh; Intel Mac OS X 10.7; rv:24.0) Gecko/20100101 Firefox/24.0"
82.225.146.136 - - [27/Oct/2013:18:32:10 +0100] "GET /modules/search/search.css?ls5cse HTTP/1.1" 304 212 "http://www.hurence.com/node/126" "Mozilla/5.0 (Macintosh; Intel Mac OS X 10.7; rv:24.0) Gecko/20100101 Firefox/24.0"
82.225.146.136 - - [27/Oct/2013:18:32:10 +0100] "GET /modules/user/user.css?ls5cse HTTP/1.1" 304 212 "http://www.hurence.com/node/126" "Mozilla/5.0 (Macintosh; Intel Mac OS X 10.7; rv:24.0) Gecko/20100101 Firefox/24.0"
82.225.146.136 - - [27/Oct/2013:18:32:10 +0100] "GET /sites/all/modules/views/css/views.css?ls5cse HTTP/1.1" 304 212 "http://www.hurence.com/node/126" "Mozilla/5.0 (Macintosh; Intel Mac OS X 10.7; rv:24.0) Gecko/20100101 Firefox/24.0"
82.225.146.136 - - [27/Oct/2013:18:32:10 +0100] "GET /sites/all/modules/ctools/css/ctools.css?ls5cse HTTP/1.1" 304 212 "http://www.hurence.com/node/126" "Mozilla/5.0 (Macintosh; Intel Mac OS X 10.7; rv:24.0) Gecko/20100101 Firefox/24.0"
82.225.146.136 - - [27/Oct/2013:18:32:10 +0100] "GET /sites/all/modules/featured_content/featured_content.css?ls5cse HTTP/1.1" 304 211 "http://www.hurence.com/node/126" "Mozilla/5.0 (Macintosh; Intel Mac OS X 10.7; rv:24.0) Gecko/20100101 Firefox/24.0"
82.225.146.136 - - [27/Oct/2013:18:32:10 +0100] "GET /sites/all/modules/megamenu/megamenu.css?ls5cse HTTP/1.1" 304 212 "http://www.hurence.com/node/126" "Mozilla/5.0 (Macintosh; Intel Mac OS X 10.7; rv:24.0) Gecko/20100101 Firefox/24.0"
82.225.146.136 - - [27/Oct/2013:18:32:10 +0100] "GET /sites/all/modules/megamenu/megamenu-skins.css?ls5cse HTTP/1.1" 304 210 "http://www.hurence.com/node/126" "Mozilla/5.0 (Macintosh; Intel Mac OS X 10.7; rv:24.0) Gecko/20100101 Firefox/24.0"
82.225.146.136 - - [27/Oct/2013:18:32:10 +0100] "GET /sites/all/modules/simplenews/simplenews.css?ls5cse HTTP/1.1" 304 212 "http://www.hurence.com/node/126" "Mozilla/5.0 (Macintosh; Intel Mac OS X 10.7; rv:24.0) Gecko/20100101 Firefox/24.0"
82.225.146.136 - - [27/Oct/2013:18:32:10 +0100] "GET /modules/locale/locale.css?ls5cse HTTP/1.1" 304 212 "http://www.hurence.com/node/126" "Mozilla/5.0 (Macintosh; Intel Mac OS X 10.7; rv:24.0) Gecko/20100101 Firefox/24.0"
82.225.146.136 - - [27/Oct/2013:18:32:10 +0100] "GET /sites/all/themes/hurence/css/html-reset.css?ls5cse HTTP/1.1" 304 213 "http://www.hurence.com/node/126" "Mozilla/5.0 (Macintosh; Intel Mac OS X 10.7; rv:24.0) Gecko/20100101 Firefox/24.0"
82.225.146.136 - - [27/Oct/2013:18:32:10 +0100] "GET /sites/all/themes/hurence/css/wireframes.css?ls5cse HTTP/1.1" 304 212 "http://www.hurence.com/node/126" "Mozilla/5.0 (Macintosh; Intel Mac OS X 10.7; rv:24.0) Gecko/20100101 Firefox/24.0"
82.225.146.136 - - [27/Oct/2013:18:32:10 +0100] "GET /sites/all/themes/hurence/css/layout-fixed.css?ls5cse HTTP/1.1" 304 213 "http://www.hurence.com/node/126" "Mozilla/5.0 (Macintosh; Intel Mac OS X 10.7; rv:24.0) Gecko/20100101 Firefox/24.0"
82.225.146.136 - - [27/Oct/2013:18:32:10 +0100] "GET /sites/all/themes/hurence/css/page-backgrounds.css?ls5cse HTTP/1.1" 304 212 "http://www.hurence.com/node/126" "Mozilla/5.0 (Macintosh; Intel Mac OS X 10.7; rv:24.0) Gecko/20100101 Firefox/24.0"
82.225.146.136 - - [27/Oct/2013:18:32:10 +0100] "GET /sites/all/themes/hurence/css/tabs.css?ls5cse HTTP/1.1" 304 212 "http://www.hurence.com/node/126" "Mozilla/5.0 (Macintosh; Intel Mac OS X 10.7; rv:24.0) Gecko/20100101 Firefox/24.0"
82.225.146.136 - - [27/Oct/2013:18:32:10 +0100] "GET /sites/all/themes/hurence/css/pages.css?ls5cse HTTP/1.1" 304 213 "http://www.hurence.com/node/126" "Mozilla/5.0 (Macintosh; Intel Mac OS X 10.7; rv:24.0) Gecko/20100101 Firefox/24.0"
82.225.146.136 - - [27/Oct/2013:18:32:10 +0100] "GET /sites/all/themes/hurence/css/blocks.css?ls5cse HTTP/1.1" 304 213 "http://www.hurence.com/node/126" "Mozilla/5.0 (Macintosh; Intel Mac OS X 10.7; rv:24.0) Gecko/20100101 Firefox/24.0"
82.225.146.136 - - [27/Oct/2013:18:32:10 +0100] "GET /sites/all/themes/hurence/css/navigation.css?ls5cse HTTP/1.1" 304 212 "http://www.hurence.com/node/126" "Mozilla/5.0 (Macintosh; Intel Mac OS X 10.7; rv:24.0) Gecko/20100101 Firefox/24.0"
82.225.146.136 - - [27/Oct/2013:18:32:10 +0100] "GET /sites/all/themes/hurence/css/views-styles.css?ls5cse HTTP/1.1" 304 211 "http://www.hurence.com/node/126" "Mozilla/5.0 (Macintosh; Intel Mac OS X 10.7; rv:24.0) Gecko/20100101 Firefox/24.0"
82.225.146.136 - - [27/Oct/2013:18:32:10 +0100] "GET /sites/all/themes/hurence/css/nodes.css?ls5cse HTTP/1.1" 304 212 "http://www.hurence.com/node/126" "Mozilla/5.0 (Macintosh; Intel Mac OS X 10.7; rv:24.0) Gecko/20100101 Firefox/24.0"
82.225.146.136 - - [27/Oct/2013:18:32:10 +0100] "GET /sites/all/themes/hurence/css/comments.css?ls5cse HTTP/1.1" 304 212 "http://www.hurence.com/node/126" "Mozilla/5.0 (Macintosh; Intel Mac OS X 10.7; rv:24.0) Gecko/20100101 Firefox/24.0"
82.225.146.136 - - [27/Oct/2013:18:32:10 +0100] "GET /sites/all/themes/hurence/css/forms.css?ls5cse HTTP/1.1" 304 212 "http://www.hurence.com/node/126" "Mozilla/5.0 (Macintosh; Intel Mac OS X 10.7; rv:24.0) Gecko/20100101 Firefox/24.0"
82.225.146.136 - - [27/Oct/2013:18:32:10 +0100] "GET /sites/all/themes/hurence/css/fields.css?ls5cse HTTP/1.1" 304 212 "http://www.hurence.com/node/126" "Mozilla/5.0 (Macintosh; Intel Mac OS X 10.7; rv:24.0) Gecko/20100101 Firefox/24.0"
82.225.146.136 - - [27/Oct/2013:18:32:10 +0100] "GET /sites/all/themes/hurence/css/print.css?ls5cse HTTP/1.1" 304 212 "http://www.hurence.com/node/126" "Mozilla/5.0 (Macintosh; Intel Mac OS X 10.7; rv:24.0) Gecko/20100101 Firefox/24.0"
82.225.146.136 - - [27/Oct/2013:18:32:10 +0100] "GET /sites/all/themes/hurence/css/hurence.css?ls5cse HTTP/1.1" 304 212 "http://www.hurence.com/node/126" "Mozilla/5.0 (Macintosh; Intel Mac OS X 10.7; rv:24.0) Gecko/20100101 Firefox/24.0"
82.225.146.136 - - [27/Oct/2013:18:32:10 +0100] "GET /sites/all/themes/hurence/css/megamenu-hurence.css?ls5cse HTTP/1.1" 304 213 "http://www.hurence.com/node/126" "Mozilla/5.0 (Macintosh; Intel Mac OS X 10.7; rv:24.0) Gecko/20100101 Firefox/24.0"
82.225.146.136 - - [27/Oct/2013:18:32:10 +0100] "GET /node/128 HTTP/1.1" 200 6874 "http://www.hurence.com/" "Mozilla/5.0 (Macintosh; Intel Mac OS X 10.7; rv:24.0) Gecko/20100101 Firefox/24.0"
82.225.146.136 - - [27/Oct/2013:18:32:12 +0100] "GET /misc/jquery.js?v=1.4.4 HTTP/1.1" 304 214 "http://www.hurence.com/node/128" "Mozilla/5.0 (Macintosh; Intel Mac OS X 10.7; rv:24.0) Gecko/20100101 Firefox/24.0"
82.225.146.136 - - [27/Oct/2013:18:32:12 +0100] "GET /misc/jquery.once.js?v=1.2 HTTP/1.1" 304 212 "http://www.hurence.com/node/128" "Mozilla/5.0 (Macintosh; Intel Mac OS X 10.7; rv:24.0) Gecko/20100101 Firefox/24.0"
82.225.146.136 - - [27/Oct/2013:18:32:12 +0100] "GET /misc/drupal.js?ls5cse HTTP/1.1" 304 213 "http://www.hurence.com/node/128" "Mozilla/5.0 (Macintosh; Intel Mac OS X 10.7; rv:24.0) Gecko/20100101 Firefox/24.0"
82.225.146.136 - - [27/Oct/2013:18:32:12 +0100] "GET /sites/all/modules/featured_content/featured_content.js?ls5cse HTTP/1.1" 304 213 "http://www.hurence.com/node/128" "Mozilla/5.0 (Macintosh; Intel Mac OS X 10.7; rv:24.0) Gecko/20100101 Firefox/24.0"
82.225.146.136 - - [27/Oct/2013:18:32:12 +0100] "GET /sites/all/modules/megamenu/megamenu.js?ls5cse HTTP/1.1" 304 213 "http://www.hurence.com/node/128" "Mozilla/5.0 (Macintosh; Intel Mac OS X 10.7; rv:24.0) Gecko/20100101 Firefox/24.0"
82.225.146.136 - - [27/Oct/2013:18:32:12 +0100] "GET /sites/all/themes/hurence/js/hurence.js?ls5cse HTTP/1.1" 304 212 "http://www.hurence.com/node/128" "Mozilla/5.0 (Macintosh; Intel Mac OS X 10.7; rv:24.0) Gecko/20100101 Firefox/24.0"
82.225.146.136 - - [27/Oct/2013:18:32:12 +0100] "GET /sites/all/modules/views/js/jquery.ui.dialog.patch.js?ls5cse HTTP/1.1" 304 212 "http://www.hurence.com/node/128" "Mozilla/5.0 (Macintosh; Intel Mac OS X 10.7; rv:24.0) Gecko/20100101 Firefox/24.0"
82.225.146.136 - - [27/Oct/2013:18:32:12 +0100] "GET /modules/system/system.base.css?ls5cse HTTP/1.1" 304 213 "http://www.hurence.com/node/128" "Mozilla/5.0 (Macintosh; Intel Mac OS X 10.7; rv:24.0) Gecko/20100101 Firefox/24.0"
82.225.146.136 - - [27/Oct/2013:18:32:12 +0100] "GET /modules/system/system.menus.css?ls5cse HTTP/1.1" 304 212 "http://www.hurence.com/node/128" "Mozilla/5.0 (Macintosh; Intel Mac OS X 10.7; rv:24.0) Gecko/20100101 Firefox/24.0"
82.225.146.136 - - [27/Oct/2013:18:32:12 +0100] "GET /modules/system/system.messages.css?ls5cse HTTP/1.1" 304 212 "http://www.hurence.com/node/128" "Mozilla/5.0 (Macintosh; Intel Mac OS X 10.7; rv:24.0) Gecko/20100101 Firefox/24.0"
82.225.146.136 - - [27/Oct/2013:18:32:12 +0100] "GET /modules/system/system.theme.css?ls5cse HTTP/1.1" 304 212 "http://www.hurence.com/node/128" "Mozilla/5.0 (Macintosh; Intel Mac OS X 10.7; rv:24.0) Gecko/20100101 Firefox/24.0"
82.225.146.136 - - [27/Oct/2013:18:32:12 +0100] "GET /modules/comment/comment.css?ls5cse HTTP/1.1" 304 211 "http://www.hurence.com/node/128" "Mozilla/5.0 (Macintosh; Intel Mac OS X 10.7; rv:24.0) Gecko/20100101 Firefox/24.0"
82.225.146.136 - - [27/Oct/2013:18:32:12 +0100] "GET /modules/field/theme/field.css?ls5cse HTTP/1.1" 304 212 "http://www.hurence.com/node/128" "Mozilla/5.0 (Macintosh; Intel Mac OS X 10.7; rv:24.0) Gecko/20100101 Firefox/24.0"
82.225.146.136 - - [27/Oct/2013:18:32:12 +0100] "GET /modules/node/node.css?ls5cse HTTP/1.1" 304 211 "http://www.hurence.com/node/128" "Mozilla/5.0 (Macintosh; Intel Mac OS X 10.7; rv:24.0) Gecko/20100101 Firefox/24.0"
82.225.146.136 - - [27/Oct/2013:18:32:12 +0100] "GET /modules/search/search.css?ls5cse HTTP/1.1" 304 212 "http://www.hurence.com/node/128" "Mozilla/5.0 (Macintosh; Intel Mac OS X 10.7; rv:24.0) Gecko/20100101 Firefox/24.0"
82.225.146.136 - - [27/Oct/2013:18:32:12 +0100] "GET /modules/user/user.css?ls5cse HTTP/1.1" 304 212 "http://www.hurence.com/node/128" "Mozilla/5.0 (Macintosh; Intel Mac OS X 10.7; rv:24.0) Gecko/20100101 Firefox/24.0"
82.225.146.136 - - [27/Oct/2013:18:32:12 +0100] "GET /sites/all/modules/views/css/views.css?ls5cse HTTP/1.1" 304 212 "http://www.hurence.com/node/128" "Mozilla/5.0 (Macintosh; Intel Mac OS X 10.7; rv:24.0) Gecko/20100101 Firefox/24.0"
82.225.146.136 - - [27/Oct/2013:18:32:12 +0100] "GET /sites/all/modules/ctools/css/ctools.css?ls5cse HTTP/1.1" 304 212 "http://www.hurence.com/node/128" "Mozilla/5.0 (Macintosh; Intel Mac OS X 10.7; rv:24.0) Gecko/20100101 Firefox/24.0"
82.225.146.136 - - [27/Oct/2013:18:32:12 +0100] "GET /sites/all/modules/featured_content/featured_content.css?ls5cse HTTP/1.1" 304 211 "http://www.hurence.com/node/128" "Mozilla/5.0 (Macintosh; Intel Mac OS X 10.7; rv:24.0) Gecko/20100101 Firefox/24.0"
82.225.146.136 - - [27/Oct/2013:18:32:12 +0100] "GET /sites/all/modules/megamenu/megamenu.css?ls5cse HTTP/1.1" 304 212 "http://www.hurence.com/node/128" "Mozilla/5.0 (Macintosh; Intel Mac OS X 10.7; rv:24.0) Gecko/20100101 Firefox/24.0"
82.225.146.136 - - [27/Oct/2013:18:32:12 +0100] "GET /sites/all/modules/megamenu/megamenu-skins.css?ls5cse HTTP/1.1" 304 210 "http://www.hurence.com/node/128" "Mozilla/5.0 (Macintosh; Intel Mac OS X 10.7; rv:24.0) Gecko/20100101 Firefox/24.0"
82.225.146.136 - - [27/Oct/2013:18:32:12 +0100] "GET /sites/all/modules/simplenews/simplenews.css?ls5cse HTTP/1.1" 304 212 "http://www.hurence.com/node/128" "Mozilla/5.0 (Macintosh; Intel Mac OS X 10.7; rv:24.0) Gecko/20100101 Firefox/24.0"
82.225.146.136 - - [27/Oct/2013:18:32:12 +0100] "GET /modules/locale/locale.css?ls5cse HTTP/1.1" 304 212 "http://www.hurence.com/node/128" "Mozilla/5.0 (Macintosh; Intel Mac OS X 10.7; rv:24.0) Gecko/20100101 Firefox/24.0"
82.225.146.136 - - [27/Oct/2013:18:32:12 +0100] "GET /sites/all/themes/hurence/css/html-reset.css?ls5cse HTTP/1.1" 304 213 "http://www.hurence.com/node/128" "Mozilla/5.0 (Macintosh; Intel Mac OS X 10.7; rv:24.0) Gecko/20100101 Firefox/24.0"
82.225.146.136 - - [27/Oct/2013:18:32:12 +0100] "GET /sites/all/themes/hurence/css/wireframes.css?ls5cse HTTP/1.1" 304 212 "http://www.hurence.com/node/128" "Mozilla/5.0 (Macintosh; Intel Mac OS X 10.7; rv:24.0) Gecko/20100101 Firefox/24.0"
82.225.146.136 - - [27/Oct/2013:18:32:12 +0100] "GET /sites/all/themes/hurence/css/layout-fixed.css?ls5cse HTTP/1.1" 304 213 "http://www.hurence.com/node/128" "Mozilla/5.0 (Macintosh; Intel Mac OS X 10.7; rv:24.0) Gecko/20100101 Firefox/24.0"
82.225.146.136 - - [27/Oct/2013:18:32:12 +0100] "GET /sites/all/themes/hurence/css/page-backgrounds.css?ls5cse HTTP/1.1" 304 212 "http://www.hurence.com/node/128" "Mozilla/5.0 (Macintosh; Intel Mac OS X 10.7; rv:24.0) Gecko/20100101 Firefox/24.0"
