184.173.121.49 - - [27/Oct/2013:21:10:00 +0100] "GET /node/48?lang=fr HTTP/1.1" 200 6465 "-" "Mozilla/5.0 (compatible; MSIE 9.0; Windows NT 6.1; WOW64; Trident/5.0; chromeframe/19.0.1084.52)"
184.173.121.49 - - [27/Oct/2013:21:10:03 +0100] "GET /node/48?lang=en HTTP/1.1" 200 6318 "-" "Mozilla/5.0 (compatible; MSIE 9.0; Windows NT 6.1; WOW64; Trident/5.0; chromeframe/19.0.1084.52)"
184.173.121.49 - - [27/Oct/2013:21:10:05 +0100] "GET /node/48 HTTP/1.1" 200 6272 "-" "Mozilla/5.0 (compatible; MSIE 9.0; Windows NT 6.1; WOW64; Trident/5.0; chromeframe/19.0.1084.52)"
184.173.121.49 - - [27/Oct/2013:21:10:14 +0100] "GET /node/47?lang=fr HTTP/1.1" 200 6041 "-" "Mozilla/5.0 (compatible; MSIE 9.0; Windows NT 6.1; WOW64; Trident/5.0; chromeframe/19.0.1084.52)"
184.173.121.49 - - [27/Oct/2013:21:10:17 +0100] "GET /node/46?lang=fr HTTP/1.1" 200 6865 "-" "Mozilla/5.0 (compatible; MSIE 9.0; Windows NT 6.1; WOW64; Trident/5.0; chromeframe/19.0.1084.52)"
184.173.121.49 - - [27/Oct/2013:21:10:19 +0100] "GET /node/46 HTTP/1.1" 200 6615 "-" "Mozilla/5.0 (compatible; MSIE 9.0; Windows NT 6.1; WOW64; Trident/5.0; chromeframe/19.0.1084.52)"
184.173.121.49 - - [27/Oct/2013:21:10:21 +0100] "GET /node/45?lang=fr HTTP/1.1" 200 7129 "-" "Mozilla/5.0 (compatible; MSIE 9.0; Windows NT 6.1; WOW64; Trident/5.0; chromeframe/19.0.1084.52)"
184.173.121.49 - - [27/Oct/2013:21:10:23 +0100] "GET /node/44?lang=fr HTTP/1.1" 200 6626 "-" "Mozilla/5.0 (compatible; MSIE 9.0; Windows NT 6.1; WOW64; Trident/5.0; chromeframe/19.0.1084.52)"
184.173.121.49 - - [27/Oct/2013:21:10:25 +0100] "GET /node/43?lang=fr HTTP/1.1" 200 6628 "-" "Mozilla/5.0 (compatible; MSIE 9.0; Windows NT 6.1; WOW64; Trident/5.0; chromeframe/19.0.1084.52)"
184.173.121.49 - - [27/Oct/2013:21:10:27 +0100] "GET /node/42?lang=fr HTTP/1.1" 200 6988 "-" "Mozilla/5.0 (compatible; MSIE 9.0; Windows NT 6.1; WOW64; Trident/5.0; chromeframe/19.0.1084.52)"
184.173.121.49 - - [27/Oct/2013:21:10:30 +0100] "GET /node/41?lang=fr HTTP/1.1" 200 6749 "-" "Mozilla/5.0 (compatible; MSIE 9.0; Windows NT 6.1; WOW64; Trident/5.0; chromeframe/19.0.1084.52)"
184.173.121.49 - - [27/Oct/2013:21:10:31 +0100] "GET /node/40?lang=fr HTTP/1.1" 200 6895 "-" "Mozilla/5.0 (compatible; MSIE 9.0; Windows NT 6.1; WOW64; Trident/5.0; chromeframe/19.0.1084.52)"
184.173.121.49 - - [27/Oct/2013:21:10:33 +0100] "GET /node/40?lang=en HTTP/1.1" 200 6747 "-" "Mozilla/5.0 (compatible; MSIE 9.0; Windows NT 6.1; WOW64; Trident/5.0; chromeframe/19.0.1084.52)"
184.173.121.49 - - [27/Oct/2013:21:10:36 +0100] "GET /node/40 HTTP/1.1" 200 6705 "-" "Mozilla/5.0 (compatible; MSIE 9.0; Windows NT 6.1; WOW64; Trident/5.0; chromeframe/19.0.1084.52)"
184.173.121.49 - - [27/Oct/2013:21:10:38 +0100] "GET /node/4 HTTP/1.1" 200 6581 "-" "Mozilla/5.0 (compatible; MSIE 9.0; Windows NT 6.1; WOW64; Trident/5.0; chromeframe/19.0.1084.52)"
184.173.121.49 - - [27/Oct/2013:21:10:40 +0100] "GET /node/39?lang=fr HTTP/1.1" 200 7035 "-" "Mozilla/5.0 (compatible; MSIE 9.0; Windows NT 6.1; WOW64; Trident/5.0; chromeframe/19.0.1084.52)"
184.173.121.49 - - [27/Oct/2013:21:10:42 +0100] "GET /node/38?lang=fr HTTP/1.1" 200 6705 "-" "Mozilla/5.0 (compatible; MSIE 9.0; Windows NT 6.1; WOW64; Trident/5.0; chromeframe/19.0.1084.52)"
184.173.121.49 - - [27/Oct/2013:21:10:44 +0100] "GET /node/37?lang=en HTTP/1.1" 200 6407 "-" "Mozilla/5.0 (compatible; MSIE 9.0; Windows NT 6.1; WOW64; Trident/5.0; chromeframe/19.0.1084.52)"
184.173.121.49 - - [27/Oct/2013:21:10:46 +0100] "GET /node/3 HTTP/1.1" 200 6673 "-" "Mozilla/5.0 (compatible; MSIE 9.0; Windows NT 6.1; WOW64; Trident/5.0; chromeframe/19.0.1084.52)"
184.173.121.49 - - [27/Oct/2013:21:10:48 +0100] "GET /node/26?lang=en HTTP/1.1" 200 6646 "-" "Mozilla/5.0 (compatible; MSIE 9.0; Windows NT 6.1; WOW64; Trident/5.0; chromeframe/19.0.1084.52)"
184.173.121.49 - - [27/Oct/2013:21:10:50 +0100] "GET /node/26 HTTP/1.1" 200 6614 "-" "Mozilla/5.0 (compatible; MSIE 9.0; Windows NT 6.1; WOW64; Trident/5.0; chromeframe/19.0.1084.52)"
184.173.121.49 - - [27/Oct/2013:21:10:52 +0100] "GET /node/22?lang=en HTTP/1.1" 200 6317 "-" "Mozilla/5.0 (compatible; MSIE 9.0; Windows NT 6.1; WOW64; Trident/5.0; chromeframe/19.0.1084.52)"
184.173.121.49 - - [27/Oct/2013:21:10:54 +0100] "GET /node/22 HTTP/1.1" 200 6274 "-" "Mozilla/5.0 (compatible; MSIE 9.0; Windows NT 6.1; WOW64; Trident/5.0; chromeframe/19.0.1084.52)"
184.173.121.49 - - [27/Oct/2013:21:10:56 +0100] "GET /node/20?lang=fr HTTP/1.1" 200 6430 "-" "Mozilla/5.0 (compatible; MSIE 9.0; Windows NT 6.1; WOW64; Trident/5.0; chromeframe/19.0.1084.52)"
184.173.121.49 - - [27/Oct/2013:21:10:58 +0100] "GET /node/20 HTTP/1.1" 200 6223 "-" "Mozilla/5.0 (compatible; MSIE 9.0; Windows NT 6.1; WOW64; Trident/5.0; chromeframe/19.0.1084.52)"
184.173.121.49 - - [27/Oct/2013:21:11:00 +0100] "GET /node/19?lang=fr HTTP/1.1" 200 6351 "-" "Mozilla/5.0 (compatible; MSIE 9.0; Windows NT 6.1; WOW64; Trident/5.0; chromeframe/19.0.1084.52)"
184.173.121.49 - - [27/Oct/2013:21:11:02 +0100] "GET /node/19 HTTP/1.1" 200 6141 "-" "Mozilla/5.0 (compatible; MSIE 9.0; Windows NT 6.1; WOW64; Trident/5.0; chromeframe/19.0.1084.52)"
184.173.121.49 - - [27/Oct/2013:21:11:04 +0100] "GET /node/18?lang=fr HTTP/1.1" 200 6377 "-" "Mozilla/5.0 (compatible; MSIE 9.0; Windows NT 6.1; WOW64; Trident/5.0; chromeframe/19.0.1084.52)"
184.173.121.49 - - [27/Oct/2013:21:11:06 +0100] "GET /node/18 HTTP/1.1" 200 6169 "-" "Mozilla/5.0 (compatible; MSIE 9.0; Windows NT 6.1; WOW64; Trident/5.0; chromeframe/19.0.1084.52)"
184.173.121.49 - - [27/Oct/2013:21:11:08 +0100] "GET /node/15?lang=fr HTTP/1.1" 200 6445 "-" "Mozilla/5.0 (compatible; MSIE 9.0; Windows NT 6.1; WOW64; Trident/5.0; chromeframe/19.0.1084.52)"
184.173.121.49 - - [27/Oct/2013:21:11:11 +0100] "GET /node/152?lang=fr HTTP/1.1" 200 6050 "-" "Mozilla/5.0 (compatible; MSIE 9.0; Windows NT 6.1; WOW64; Trident/5.0; chromeframe/19.0.1084.52)"
184.173.121.49 - - [27/Oct/2013:21:11:13 +0100] "GET /node/152 HTTP/1.1" 200 5813 "-" "Mozilla/5.0 (compatible; MSIE 9.0; Windows NT 6.1; WOW64; Trident/5.0; chromeframe/19.0.1084.52)"
184.173.121.49 - - [27/Oct/2013:21:11:15 +0100] "GET /node/151?lang=fr HTTP/1.1" 200 6385 "-" "Mozilla/5.0 (compatible; MSIE 9.0; Windows NT 6.1; WOW64; Trident/5.0; chromeframe/19.0.1084.52)"
184.173.121.49 - - [27/Oct/2013:21:11:17 +0100] "GET /node/151 HTTP/1.1" 200 6171 "-" "Mozilla/5.0 (compatible; MSIE 9.0; Windows NT 6.1; WOW64; Trident/5.0; chromeframe/19.0.1084.52)"
184.173.121.49 - - [27/Oct/2013:21:11:19 +0100] "GET /node/150?lang=fr HTTP/1.1" 200 6216 "-" "Mozilla/5.0 (compatible; MSIE 9.0; Windows NT 6.1; WOW64; Trident/5.0; chromeframe/19.0.1084.52)"
184.173.121.49 - - [27/Oct/2013:21:11:21 +0100] "GET /node/150 HTTP/1.1" 200 5995 "-" "Mozilla/5.0 (compatible; MSIE 9.0; Windows NT 6.1; WOW64; Trident/5.0; chromeframe/19.0.1084.52)"
184.173.121.49 - - [27/Oct/2013:21:11:23 +0100] "GET /node/15?lang=en HTTP/1.1" 200 6282 "-" "Mozilla/5.0 (compatible; MSIE 9.0; Windows NT 6.1; WOW64; Trident/5.0; chromeframe/19.0.1084.52)"
184.173.121.49 - - [27/Oct/2013:21:11:25 +0100] "GET /node/15 HTTP/1.1" 200 6239 "-" "Mozilla/5.0 (compatible; MSIE 9.0; Windows NT 6.1; WOW64; Trident/5.0; chromeframe/19.0.1084.52)"
184.173.121.49 - - [27/Oct/2013:21:11:27 +0100] "GET /node/149?lang=fr HTTP/1.1" 200 6769 "-" "Mozilla/5.0 (compatible; MSIE 9.0; Windows NT 6.1; WOW64; Trident/5.0; chromeframe/19.0.1084.52)"
184.173.121.49 - - [27/Oct/2013:21:11:29 +0100] "GET /node/148?lang=en HTTP/1.1" 200 6470 "-" "Mozilla/5.0 (compatible; MSIE 9.0; Windows NT 6.1; WOW64; Trident/5.0; chromeframe/19.0.1084.52)"
184.173.121.49 - - [27/Oct/2013:21:11:32 +0100] "GET /node/148 HTTP/1.1" 200 6423 "-" "Mozilla/5.0 (compatible; MSIE 9.0; Windows NT 6.1; WOW64; Trident/5.0; chromeframe/19.0.1084.52)"
184.173.121.49 - - [27/Oct/2013:21:11:34 +0100] "GET /node/147?lang=fr HTTP/1.1" 200 7231 "-" "Mozilla/5.0 (compatible; MSIE 9.0; Windows NT 6.1; WOW64; Trident/5.0; chromeframe/19.0.1084.52)"
184.173.121.49 - - [27/Oct/2013:21:11:36 +0100] "GET /node/146?lang=en HTTP/1.1" 200 6849 "-" "Mozilla/5.0 (compatible; MSIE 9.0; Windows NT 6.1; WOW64; Trident/5.0; chromeframe/19.0.1084.52)"
184.173.121.49 - - [27/Oct/2013:21:11:39 +0100] "GET /node/146 HTTP/1.1" 200 6810 "-" "Mozilla/5.0 (compatible; MSIE 9.0; Windows NT 6.1; WOW64; Trident/5.0; chromeframe/19.0.1084.52)"
184.173.121.49 - - [27/Oct/2013:21:11:41 +0100] "GET /node/145?lang=fr HTTP/1.1" 200 6966 "-" "Mozilla/5.0 (compatible; MSIE 9.0; Windows NT 6.1; WOW64; Trident/5.0; chromeframe/19.0.1084.52)"
184.173.121.49 - - [27/Oct/2013:21:11:43 +0100] "GET /node/144?lang=en HTTP/1.1" 200 6630 "-" "Mozilla/5.0 (compatible; MSIE 9.0; Windows NT 6.1; WOW64; Trident/5.0; chromeframe/19.0.1084.52)"
184.173.121.49 - - [27/Oct/2013:21:11:45 +0100] "GET /node/144 HTTP/1.1" 200 6588 "-" "Mozilla/5.0 (compatible; MSIE 9.0; Windows NT 6.1; WOW64; Trident/5.0; chromeframe/19.0.1084.52)"
184.173.121.49 - - [27/Oct/2013:21:11:47 +0100] "GET /node/143?lang=fr HTTP/1.1" 200 6653 "-" "Mozilla/5.0 (compatible; MSIE 9.0; Windows NT 6.1; WOW64; Trident/5.0; chromeframe/19.0.1084.52)"
184.173.121.49 - - [27/Oct/2013:21:11:49 +0100] "GET /node/142?lang=en HTTP/1.1" 200 6342 "-" "Mozilla/5.0 (compatible; MSIE 9.0; Windows NT 6.1; WOW64; Trident/5.0; chromeframe/19.0.1084.52)"
184.173.121.49 - - [27/Oct/2013:21:11:51 +0100] "GET /node/142 HTTP/1.1" 200 6295 "-" "Mozilla/5.0 (compatible; MSIE 9.0; Windows NT 6.1; WOW64; Trident/5.0; chromeframe/19.0.1084.52)"
184.173.121.49 - - [27/Oct/2013:21:11:53 +0100] "GET /node/141?lang=fr HTTP/1.1" 200 7031 "-" "Mozilla/5.0 (compatible; MSIE 9.0; Windows NT 6.1; WOW64; Trident/5.0; chromeframe/19.0.1084.52)"
184.173.121.49 - - [27/Oct/2013:21:11:55 +0100] "GET /node/140?lang=en HTTP/1.1" 200 6680 "-" "Mozilla/5.0 (compatible; MSIE 9.0; Windows NT 6.1; WOW64; Trident/5.0; chromeframe/19.0.1084.52)"
184.173.121.49 - - [27/Oct/2013:21:11:57 +0100] "GET /node/140 HTTP/1.1" 200 6638 "-" "Mozilla/5.0 (compatible; MSIE 9.0; Windows NT 6.1; WOW64; Trident/5.0; chromeframe/19.0.1084.52)"
184.173.121.49 - - [27/Oct/2013:21:11:59 +0100] "GET /node/139?lang=fr HTTP/1.1" 200 7094 "-" "Mozilla/5.0 (compatible; MSIE 9.0; Windows NT 6.1; WOW64; Trident/5.0; chromeframe/19.0.1084.52)"
184.173.121.49 - - [27/Oct/2013:21:12:01 +0100] "GET /node/139 HTTP/1.1" 200 6906 "-" "Mozilla/5.0 (compatible; MSIE 9.0; Windows NT 6.1; WOW64; Trident/5.0; chromeframe/19.0.1084.52)"
184.173.121.49 - - [27/Oct/2013:21:12:03 +0100] "GET /node/138?lang=en HTTP/1.1" 200 6761 "-" "Mozilla/5.0 (compatible; MSIE 9.0; Windows NT 6.1; WOW64; Trident/5.0; chromeframe/19.0.1084.52)"
184.173.121.49 - - [27/Oct/2013:21:12:06 +0100] "GET /node/138 HTTP/1.1" 200 6716 "-" "Mozilla/5.0 (compatible; MSIE 9.0; Windows NT 6.1; WOW64; Trident/5.0; chromeframe/19.0.1084.52)"
184.173.121.49 - - [27/Oct/2013:21:12:08 +0100] "GET /node/137?lang=fr HTTP/1.1" 200 9959 "-" "Mozilla/5.0 (compatible; MSIE 9.0; Windows NT 6.1; WOW64; Trident/5.0; chromeframe/19.0.1084.52)"
184.173.121.49 - - [27/Oct/2013:21:12:10 +0100] "GET /node/137 HTTP/1.1" 200 9790 "-" "Mozilla/5.0 (compatible; MSIE 9.0; Windows NT 6.1; WOW64; Trident/5.0; chromeframe/19.0.1084.52)"
184.173.121.49 - - [27/Oct/2013:21:12:12 +0100] "GET /node/13?lang=en HTTP/1.1" 200 6835 "-" "Mozilla/5.0 (compatible; MSIE 9.0; Windows NT 6.1; WOW64; Trident/5.0; chromeframe/19.0.1084.52)"
184.173.121.49 - - [27/Oct/2013:21:12:14 +0100] "GET /node/136?lang=en HTTP/1.1" 200 9483 "-" "Mozilla/5.0 (compatible; MSIE 9.0; Windows NT 6.1; WOW64; Trident/5.0; chromeframe/19.0.1084.52)"
184.173.121.49 - - [27/Oct/2013:21:12:16 +0100] "GET /node/136 HTTP/1.1" 200 9439 "-" "Mozilla/5.0 (compatible; MSIE 9.0; Windows NT 6.1; WOW64; Trident/5.0; chromeframe/19.0.1084.52)"
184.173.121.49 - - [27/Oct/2013:21:12:18 +0100] "GET /node/135?lang=fr HTTP/1.1" 200 5647 "-" "Mozilla/5.0 (compatible; MSIE 9.0; Windows NT 6.1; WOW64; Trident/5.0; chromeframe/19.0.1084.52)"
184.173.121.49 - - [27/Oct/2013:21:12:20 +0100] "GET /node/135 HTTP/1.1" 200 5445 "-" "Mozilla/5.0 (compatible; MSIE 9.0; Windows NT 6.1; WOW64; Trident/5.0; chromeframe/19.0.1084.52)"
184.173.121.49 - - [27/Oct/2013:21:12:22 +0100] "GET /node/134?lang=en HTTP/1.1" 200 5474 "-" "Mozilla/5.0 (compatible; MSIE 9.0; Windows NT 6.1; WOW64; Trident/5.0; chromeframe/19.0.1084.52)"
184.173.121.49 - - [27/Oct/2013:21:12:24 +0100] "GET /node/134 HTTP/1.1" 200 5427 "-" "Mozilla/5.0 (compatible; MSIE 9.0; Windows NT 6.1; WOW64; Trident/5.0; chromeframe/19.0.1084.52)"
184.173.121.49 - - [27/Oct/2013:21:12:26 +0100] "GET /node/133?lang=fr HTTP/1.1" 200 6125 "-" "Mozilla/5.0 (compatible; MSIE 9.0; Windows NT 6.1; WOW64; Trident/5.0; chromeframe/19.0.1084.52)"
184.173.121.49 - - [27/Oct/2013:21:12:28 +0100] "GET /node/133 HTTP/1.1" 200 5929 "-" "Mozilla/5.0 (compatible; MSIE 9.0; Windows NT 6.1; WOW64; Trident/5.0; chromeframe/19.0.1084.52)"
184.173.121.49 - - [27/Oct/2013:21:12:30 +0100] "GET /node/132?lang=fr HTTP/1.1" 200 6200 "-" "Mozilla/5.0 (compatible; MSIE 9.0; Windows NT 6.1; WOW64; Trident/5.0; chromeframe/19.0.1084.52)"
184.173.121.49 - - [27/Oct/2013:21:12:32 +0100] "GET /node/132?lang=en HTTP/1.1" 200 6037 "-" "Mozilla/5.0 (compatible; MSIE 9.0; Windows NT 6.1; WOW64; Trident/5.0; chromeframe/19.0.1084.52)"
184.173.121.49 - - [27/Oct/2013:21:12:35 +0100] "GET /node/132 HTTP/1.1" 200 5996 "-" "Mozilla/5.0 (compatible; MSIE 9.0; Windows NT 6.1; WOW64; Trident/5.0; chromeframe/19.0.1084.52)"
184.173.121.49 - - [27/Oct/2013:21:12:36 +0100] "GET /node/131?lang=fr HTTP/1.1" 200 7193 "-" "Mozilla/5.0 (compatible; MSIE 9.0; Windows NT 6.1; WOW64; Trident/5.0; chromeframe/19.0.1084.52)"
184.173.121.49 - - [27/Oct/2013:21:14:37 +0100] "GET /node/130?lang=en HTTP/1.1" 200 5526 "-" "Mozilla/5.0 (compatible; MSIE 9.0; Windows NT 6.1; WOW64; Trident/5.0; chromeframe/19.0.1084.52)"
184.173.121.49 - - [27/Oct/2013:21:14:39 +0100] "GET /node/130 HTTP/1.1" 200 5490 "-" "Mozilla/5.0 (compatible; MSIE 9.0; Windows NT 6.1; WOW64; Trident/5.0; chromeframe/19.0.1084.52)"
184.173.121.49 - - [27/Oct/2013:21:14:41 +0100] "GET /node/13 HTTP/1.1" 200 6786 "-" "Mozilla/5.0 (compatible; MSIE 9.0; Windows NT 6.1; WOW64; Trident/5.0; chromeframe/19.0.1084.52)"
184.173.121.49 - - [27/Oct/2013:21:14:43 +0100] "GET /node/129?lang=en HTTP/1.1" 200 5490 "-" "Mozilla/5.0 (compatible; MSIE 9.0; Windows NT 6.1; WOW64; Trident/5.0; chromeframe/19.0.1084.52)"
184.173.121.49 - - [27/Oct/2013:21:14:45 +0100] "GET /node/129 HTTP/1.1" 200 5451 "-" "Mozilla/5.0 (compatible; MSIE 9.0; Windows NT 6.1; WOW64; Trident/5.0; chromeframe/19.0.1084.52)"
184.173.121.49 - - [27/Oct/2013:21:14:49 +0100] "GET /node/128?lang=en HTTP/1.1" 200 6911 "-" "Mozilla/5.0 (compatible; MSIE 9.0; Windows NT 6.1; WOW64; Trident/5.0; chromeframe/19.0.1084.52)"
184.173.121.49 - - [27/Oct/2013:21:14:52 +0100] "GET /node/12?lang=en HTTP/1.1" 200 6401 "-" "Mozilla/5.0 (compatible; MSIE 9.0; Windows NT 6.1; WOW64; Trident/5.0; chromeframe/19.0.1084.52)"
184.173.121.49 - - [27/Oct/2013:21:14:54 +0100] "GET /node/128 HTTP/1.1" 200 6873 "-" "Mozilla/5.0 (compatible; MSIE 9.0; Windows NT 6.1; WOW64; Trident/5.0; chromeframe/19.0.1084.52)"
184.173.121.49 - - [27/Oct/2013:21:14:56 +0100] "GET /node/127?lang=fr HTTP/1.1" 200 7401 "-" "Mozilla/5.0 (compatible; MSIE 9.0; Windows NT 6.1; WOW64; Trident/5.0; chromeframe/19.0.1084.52)"
184.173.121.49 - - [27/Oct/2013:21:14:58 +0100] "GET /node/126?lang=en HTTP/1.1" 200 6605 "-" "Mozilla/5.0 (compatible; MSIE 9.0; Windows NT 6.1; WOW64; Trident/5.0; chromeframe/19.0.1084.52)"
184.173.121.49 - - [27/Oct/2013:21:15:01 +0100] "GET /node/126 HTTP/1.1" 200 6564 "-" "Mozilla/5.0 (compatible; MSIE 9.0; Windows NT 6.1; WOW64; Trident/5.0; chromeframe/19.0.1084.52)"
184.173.121.49 - - [27/Oct/2013:21:15:03 +0100] "GET /node/125?lang=fr HTTP/1.1" 200 7151 "-" "Mozilla/5.0 (compatible; MSIE 9.0; Windows NT 6.1; WOW64; Trident/5.0; chromeframe/19.0.1084.52)"
184.173.121.49 - - [27/Oct/2013:21:15:05 +0100] "GET /node/124?lang=fr HTTP/1.1" 200 6816 "-" "Mozilla/5.0 (compatible; MSIE 9.0; Windows NT 6.1; WOW64; Trident/5.0; chromeframe/19.0.1084.52)"
184.173.121.49 - - [27/Oct/2013:21:15:07 +0100] "GET /node/123?lang=fr HTTP/1.1" 200 7311 "-" "Mozilla/5.0 (compatible; MSIE 9.0; Windows NT 6.1; WOW64; Trident/5.0; chromeframe/19.0.1084.52)"
184.173.121.49 - - [27/Oct/2013:21:15:50 +0100] "GET /node/121?lang=fr HTTP/1.1" 200 7003 "-" "Mozilla/5.0 (compatible; MSIE 9.0; Windows NT 6.1; WOW64; Trident/5.0; chromeframe/19.0.1084.52)"
184.173.121.49 - - [27/Oct/2013:21:15:56 +0100] "GET /node/120?lang=fr HTTP/1.1" 200 7164 "-" "Mozilla/5.0 (compatible; MSIE 9.0; Windows NT 6.1; WOW64; Trident/5.0; chromeframe/19.0.1084.52)"
184.173.121.49 - - [27/Oct/2013:21:15:58 +0100] "GET /node/12 HTTP/1.1" 200 6353 "-" "Mozilla/5.0 (compatible; MSIE 9.0; Windows NT 6.1; WOW64; Trident/5.0; chromeframe/19.0.1084.52)"
184.173.121.49 - - [27/Oct/2013:21:16:00 +0100] "GET /node/119?lang=fr HTTP/1.1" 200 7166 "-" "Mozilla/5.0 (compatible; MSIE 9.0; Windows NT 6.1; WOW64; Trident/5.0; chromeframe/19.0.1084.52)"
184.173.121.49 - - [27/Oct/2013:21:16:02 +0100] "GET /node/118?lang=fr HTTP/1.1" 200 7657 "-" "Mozilla/5.0 (compatible; MSIE 9.0; Windows NT 6.1; WOW64; Trident/5.0; chromeframe/19.0.1084.52)"
184.173.121.49 - - [27/Oct/2013:21:16:04 +0100] "GET /node/117?lang=fr HTTP/1.1" 200 6941 "-" "Mozilla/5.0 (compatible; MSIE 9.0; Windows NT 6.1; WOW64; Trident/5.0; chromeframe/19.0.1084.52)"
184.173.121.49 - - [27/Oct/2013:21:16:07 +0100] "GET /node/116?lang=fr HTTP/1.1" 200 6984 "-" "Mozilla/5.0 (compatible; MSIE 9.0; Windows NT 6.1; WOW64; Trident/5.0; chromeframe/19.0.1084.52)"
184.173.121.49 - - [27/Oct/2013:21:16:09 +0100] "GET /node/115?lang=fr HTTP/1.1" 200 5818 "-" "Mozilla/5.0 (compatible; MSIE 9.0; Windows NT 6.1; WOW64; Trident/5.0; chromeframe/19.0.1084.52)"
184.173.121.49 - - [27/Oct/2013:21:16:11 +0100] "GET /node/114?lang=fr HTTP/1.1" 200 6940 "-" "Mozilla/5.0 (compatible; MSIE 9.0; Windows NT 6.1; WOW64; Trident/5.0; chromeframe/19.0.1084.52)"
184.173.121.49 - - [27/Oct/2013:21:16:13 +0100] "GET /node/114 HTTP/1.1" 200 6684 "-" "Mozilla/5.0 (compatible; MSIE 9.0; Windows NT 6.1; WOW64; Trident/5.0; chromeframe/19.0.1084.52)"
184.173.121.49 - - [27/Oct/2013:21:16:15 +0100] "GET /node/113?lang=fr HTTP/1.1" 200 6992 "-" "Mozilla/5.0 (compatible; MSIE 9.0; Windows NT 6.1; WOW64; Trident/5.0; chromeframe/19.0.1084.52)"
184.173.121.49 - - [27/Oct/2013:21:16:18 +0100] "GET /node/11?lang=en HTTP/1.1" 200 6885 "-" "Mozilla/5.0 (compatible; MSIE 9.0; Windows NT 6.1; WOW64; Trident/5.0; chromeframe/19.0.1084.52)"
184.173.121.49 - - [27/Oct/2013:21:16:20 +0100] "GET /node/112?lang=fr HTTP/1.1" 200 6748 "-" "Mozilla/5.0 (compatible; MSIE 9.0; Windows NT 6.1; WOW64; Trident/5.0; chromeframe/19.0.1084.52)"
184.173.121.49 - - [27/Oct/2013:21:16:22 +0100] "GET /node/111?lang=fr HTTP/1.1" 200 7066 "-" "Mozilla/5.0 (compatible; MSIE 9.0; Windows NT 6.1; WOW64; Trident/5.0; chromeframe/19.0.1084.52)"
184.173.121.49 - - [27/Oct/2013:21:16:24 +0100] "GET /node/110?lang=fr HTTP/1.1" 200 7138 "-" "Mozilla/5.0 (compatible; MSIE 9.0; Windows NT 6.1; WOW64; Trident/5.0; chromeframe/19.0.1084.52)"
184.173.121.49 - - [27/Oct/2013:21:16:27 +0100] "GET /node/11 HTTP/1.1" 200 6833 "-" "Mozilla/5.0 (compatible; MSIE 9.0; Windows NT 6.1; WOW64; Trident/5.0; chromeframe/19.0.1084.52)"
184.173.121.49 - - [27/Oct/2013:21:16:29 +0100] "GET /node/109?lang=fr HTTP/1.1" 200 7118 "-" "Mozilla/5.0 (compatible; MSIE 9.0; Windows NT 6.1; WOW64; Trident/5.0; chromeframe/19.0.1084.52)"
184.173.121.49 - - [27/Oct/2013:21:16:32 +0100] "GET /node/108?lang=fr HTTP/1.1" 200 6845 "-" "Mozilla/5.0 (compatible; MSIE 9.0; Windows NT 6.1; WOW64; Trident/5.0; chromeframe/19.0.1084.52)"
184.173.121.49 - - [27/Oct/2013:21:16:35 +0100] "GET /node/107?lang=en HTTP/1.1" 200 6547 "-" "Mozilla/5.0 (compatible; MSIE 9.0; Windows NT 6.1; WOW64; Trident/5.0; chromeframe/19.0.1084.52)"
184.173.121.49 - - [27/Oct/2013:21:16:47 +0100] "GET /node/107 HTTP/1.1" 200 6493 "-" "Mozilla/5.0 (compatible; MSIE 9.0; Windows NT 6.1; WOW64; Trident/5.0; chromeframe/19.0.1084.52)"
184.173.121.49 - - [27/Oct/2013:21:16:50 +0100] "GET /node/106?lang=fr HTTP/1.1" 200 6929 "-" "Mozilla/5.0 (compatible; MSIE 9.0; Windows NT 6.1; WOW64; Trident/5.0; chromeframe/19.0.1084.52)"
184.173.121.49 - - [27/Oct/2013:21:16:52 +0100] "GET /node/10?lang=en HTTP/1.1" 200 6601 "-" "Mozilla/5.0 (compatible; MSIE 9.0; Windows NT 6.1; WOW64; Trident/5.0; chromeframe/19.0.1084.52)"
184.173.121.49 - - [27/Oct/2013:21:16:56 +0100] "GET /node/105?lang=fr HTTP/1.1" 200 6805 "-" "Mozilla/5.0 (compatible; MSIE 9.0; Windows NT 6.1; WOW64; Trident/5.0; chromeframe/19.0.1084.52)"
184.173.121.49 - - [27/Oct/2013:21:16:58 +0100] "GET /node/104?lang=fr HTTP/1.1" 200 7069 "-" "Mozilla/5.0 (compatible; MSIE 9.0; Windows NT 6.1; WOW64; Trident/5.0; chromeframe/19.0.1084.52)"
5.63.145.68 - - [27/Oct/2013:21:17:00 +0100] "HEAD / HTTP/1.1" 200 468 "-" "checks.panopta.com"
184.173.121.49 - - [27/Oct/2013:21:17:02 +0100] "GET /node/103?lang=fr HTTP/1.1" 200 7094 "-" "Mozilla/5.0 (compatible; MSIE 9.0; Windows NT 6.1; WOW64; Trident/5.0; chromeframe/19.0.1084.52)"
184.173.121.49 - - [27/Oct/2013:21:17:04 +0100] "GET /node/102?lang=fr HTTP/1.1" 200 6984 "-" "Mozilla/5.0 (compatible; MSIE 9.0; Windows NT 6.1; WOW64; Trident/5.0; chromeframe/19.0.1084.52)"
184.173.121.49 - - [27/Oct/2013:21:17:07 +0100] "GET /node/101?lang=fr HTTP/1.1" 200 7105 "-" "Mozilla/5.0 (compatible; MSIE 9.0; Windows NT 6.1; WOW64; Trident/5.0; chromeframe/19.0.1084.52)"
184.173.121.49 - - [27/Oct/2013:21:17:09 +0100] "GET /node/100?lang=fr HTTP/1.1" 200 6876 "-" "Mozilla/5.0 (compatible; MSIE 9.0; Windows NT 6.1; WOW64; Trident/5.0; chromeframe/19.0.1084.52)"
184.173.121.49 - - [27/Oct/2013:21:17:11 +0100] "GET /node/10 HTTP/1.1" 200 6556 "-" "Mozilla/5.0 (compatible; MSIE 9.0; Windows NT 6.1; WOW64; Trident/5.0; chromeframe/19.0.1084.52)"
184.173.121.49 - - [27/Oct/2013:21:17:13 +0100] "GET /?lang=fr HTTP/1.1" 200 6700 "-" "Mozilla/5.0 (compatible; MSIE 9.0; Windows NT 6.1; WOW64; Trident/5.0; chromeframe/19.0.1084.52)"
184.173.121.49 - - [27/Oct/2013:21:17:15 +0100] "GET /?lang=en HTTP/1.1" 200 6400 "-" "Mozilla/5.0 (compatible; MSIE 9.0; Windows NT 6.1; WOW64; Trident/5.0; chromeframe/19.0.1084.52)"
184.173.121.49 - - [27/Oct/2013:21:17:17 +0100] "GET / HTTP/1.1" 200 6355 "-" "Mozilla/5.0 (compatible; MSIE 9.0; Windows NT 6.1; WOW64; Trident/5.0; chromeframe/19.0.1084.52)"
184.173.121.49 - - [27/Oct/2013:21:17:20 +0100] "GET /robots.txt HTTP/1.1" 200 985 "-" "Mozilla/5.0 (compatible; MSIE 9.0; Windows NT 6.1; WOW64; Trident/5.0; chromeframe/19.0.1084.52)"
184.173.121.49 - - [27/Oct/2013:21:17:21 +0100] "GET /node/106?lang=fr HTTP/1.1" 200 6931 "-" "Mozilla/5.0 (compatible; MSIE 9.0; Windows NT 6.1; WOW64; Trident/5.0; chromeframe/19.0.1084.52)"
184.173.121.49 - - [27/Oct/2013:21:17:23 +0100] "GET /node/105?lang=fr HTTP/1.1" 200 6797 "-" "Mozilla/5.0 (compatible; MSIE 9.0; Windows NT 6.1; WOW64; Trident/5.0; chromeframe/19.0.1084.52)"
184.173.121.49 - - [27/Oct/2013:21:17:26 +0100] "GET /node/104?lang=fr HTTP/1.1" 200 7075 "-" "Mozilla/5.0 (compatible; MSIE 9.0; Windows NT 6.1; WOW64; Trident/5.0; chromeframe/19.0.1084.52)"
184.173.121.49 - - [27/Oct/2013:21:17:35 +0100] "GET /node/103?lang=fr HTTP/1.1" 200 7095 "-" "Mozilla/5.0 (compatible; MSIE 9.0; Windows NT 6.1; WOW64; Trident/5.0; chromeframe/19.0.1084.52)"
184.173.121.49 - - [27/Oct/2013:21:17:39 +0100] "GET /node/102?lang=fr HTTP/1.1" 200 6987 "-" "Mozilla/5.0 (compatible; MSIE 9.0; Windows NT 6.1; WOW64; Trident/5.0; chromeframe/19.0.1084.52)"
184.173.121.49 - - [27/Oct/2013:21:17:42 +0100] "GET /node/101?lang=fr HTTP/1.1" 200 7111 "-" "Mozilla/5.0 (compatible; MSIE 9.0; Windows NT 6.1; WOW64; Trident/5.0; chromeframe/19.0.1084.52)"
184.173.121.49 - - [27/Oct/2013:21:17:44 +0100] "GET /node/100?lang=fr HTTP/1.1" 200 6879 "-" "Mozilla/5.0 (compatible; MSIE 9.0; Windows NT 6.1; WOW64; Trident/5.0; chromeframe/19.0.1084.52)"
184.173.121.49 - - [27/Oct/2013:21:17:47 +0100] "GET /?lang=en HTTP/1.1" 200 6409 "-" "Mozilla/5.0 (compatible; MSIE 9.0; Windows NT 6.1; WOW64; Trident/5.0; chromeframe/19.0.1084.52)"
184.173.121.49 - - [27/Oct/2013:21:17:52 +0100] "GET / HTTP/1.1" 200 6361 "-" "Mozilla/5.0 (compatible; MSIE 9.0; Windows NT 6.1; WOW64; Trident/5.0; chromeframe/19.0.1084.52)"
157.55.35.78 - - [27/Oct/2013:21:19:39 +0100] "GET /robots.txt HTTP/1.1" 200 1850 "-" "Mozilla/5.0 (compatible; bingbot/2.0; +http://www.bing.com/bingbot.htm)"
72.14.199.235 - - [27/Oct/2013:21:27:14 +0100] "GET /rss.xml HTTP/1.1" 200 2983 "-" "Feedfetcher-Google; (+http://www.google.com/feedfetcher.html; 3 subscribers; feed-id=7225077890218036057)"
157.55.35.78 - - [27/Oct/2013:21:30:25 +0100] "GET / HTTP/1.1" 200 6357 "-" "Mozilla/5.0 (compatible; bingbot/2.0; +http://www.bing.com/bingbot.htm)"
5.63.145.68 - - [27/Oct/2013:21:32:37 +0100] "HEAD / HTTP/1.1" 200 468 "-" "checks.panopta.com"
79.133.200.202 - - [27/Oct/2013:21:38:57 +0100] "GET /?q=user/register HTTP/1.1" 200 5326 "http://hurence.com/" "Mozilla/5.0 (compatible; MSIE 10.0; Windows NT 6.1; WOW64; Trident/6.0)"
208.115.111.71 - - [27/Oct/2013:21:46:08 +0100] "GET /robots.txt HTTP/1.1" 200 1793 "-" "Mozilla/5.0 (compatible; Ezooms/1.0; ezooms.bot@gmail.com)"
208.115.111.71 - - [27/Oct/2013:21:46:08 +0100] "GET /robots.txt HTTP/1.1" 200 1793 "-" "Mozilla/5.0 (compatible; Ezooms/1.0; ezooms.bot@gmail.com)"
5.63.145.68 - - [27/Oct/2013:21:47:38 +0100] "HEAD / HTTP/1.1" 200 468 "-" "checks.panopta.com"
123.125.71.56 - - [27/Oct/2013:21:49:01 +0100] "GET / HTTP/1.1" 200 16060 "-" "Mozilla/5.0 (compatible; Baiduspider/2.0; +http://www.baidu.com/search/spider.html)"
220.181.108.84 - - [27/Oct/2013:21:49:48 +0100] "GET / HTTP/1.1" 200 16060 "-" "Mozilla/5.0 (compatible; Baiduspider/2.0; +http://www.baidu.com/search/spider.html)"
81.52.143.16 - - [27/Oct/2013:21:59:59 +0100] "GET /node/81 HTTP/1.1" 200 6442 "-" "Mozilla/5.0 (Windows; U; Windows NT 5.1; fr; rv:1.8.1) VoilaBot BETA 1.2 (support.voilabot@orange-ftgroup.com)"
5.63.145.68 - - [27/Oct/2013:22:04:21 +0100] "HEAD / HTTP/1.1" 200 468 "-" "checks.panopta.com"
192.157.239.45 - - [27/Oct/2013:22:05:11 +0100] "GET /node/3?lang=fr HTTP/1.0" 200 6844 "http://hurence.com/" "Mozilla/5.0 (compatible; MSIE 10.0; Windows NT 6.1; Trident/6.0)"
192.157.239.45 - - [27/Oct/2013:22:05:13 +0100] "GET /?q=node/add HTTP/1.0" 403 4774 "http://hurence.com/" "Mozilla/5.0 (compatible; MSIE 10.0; Windows NT 6.1; Trident/6.0)"
192.157.239.45 - - [27/Oct/2013:22:05:14 +0100] "GET /?q=user/register HTTP/1.0" 200 5329 "http://hurence.com/?q=node/add" "Mozilla/5.0 (compatible; MSIE 10.0; Windows NT 6.1; Trident/6.0)"
192.157.239.45 - - [27/Oct/2013:22:05:15 +0100] "POST /?q=user/register HTTP/1.0" 302 674 "http://hurence.com/?q=user/register" "Mozilla/5.0 (compatible; MSIE 10.0; Windows NT 6.1; Trident/6.0)"
192.157.239.45 - - [27/Oct/2013:22:05:16 +0100] "GET / HTTP/1.0" 200 6704 "http://hurence.com/?q=user/register" "Mozilla/5.0 (compatible; MSIE 10.0; Windows NT 6.1; Trident/6.0)"
192.157.239.45 - - [27/Oct/2013:22:05:18 +0100] "GET /?q=user HTTP/1.0" 200 5091 "http://hurence.com/" "Mozilla/5.0 (compatible; MSIE 10.0; Windows NT 6.1; Trident/6.0)"
192.157.239.45 - - [27/Oct/2013:22:05:19 +0100] "POST /?q=user HTTP/1.0" 200 5169 "http://hurence.com/?q=user" "Mozilla/5.0 (compatible; MSIE 10.0; Windows NT 6.1; Trident/6.0)"
119.63.193.130 - - [27/Oct/2013:22:14:12 +0100] "GET / HTTP/1.1" 200 16060 "-" "Mozilla/4.0 (compatible; MSIE 7.0; Windows NT 6.0)"
79.133.196.50 - - [27/Oct/2013:22:17:03 +0100] "GET / HTTP/1.1" 200 6362 "http://hurence.com/" "Mozilla/5.0 (compatible; MSIE 10.0; Windows NT 6.1; Trident/6.0)"
79.133.196.50 - - [27/Oct/2013:22:17:05 +0100] "GET /?q=user HTTP/1.1" 200 5094 "http://hurence.com/" "Mozilla/5.0 (compatible; MSIE 10.0; Windows NT 6.1; Trident/6.0)"
79.133.196.50 - - [27/Oct/2013:22:17:05 +0100] "POST /?q=user HTTP/1.1" 200 5162 "http://hurence.com/?q=user" "Mozilla/5.0 (compatible; MSIE 10.0; Windows NT 6.1; Trident/6.0)"
5.63.145.68 - - [27/Oct/2013:22:19:27 +0100] "HEAD / HTTP/1.1" 200 468 "-" "checks.panopta.com"
72.14.199.235 - - [27/Oct/2013:22:20:14 +0100] "GET /rss.xml HTTP/1.1" 200 2983 "-" "Feedfetcher-Google; (+http://www.google.com/feedfetcher.html; 3 subscribers; feed-id=7225077890218036057)"
5.10.83.84 - - [27/Oct/2013:22:26:26 +0100] "GET /taxonomy/term/1/feed?lang=fr HTTP/1.1" 200 641 "-" "Mozilla/5.0 (compatible; AhrefsBot/5.0; +http://ahrefs.com/robot/)"
180.76.5.160 - - [27/Oct/2013:22:29:28 +0100] "GET /node/41?lang=fr HTTP/1.1" 200 6718 "-" "Mozilla/5.0 (compatible; Baiduspider/2.0; +http://www.baidu.com/search/spider.html)"
199.119.225.16 - - [27/Oct/2013:22:32:12 +0100] "GET / HTTP/1.0" 200 6362 "http://www.hurence.com/" "Mozilla/5.0 (compatible; MSIE 10.0; Windows NT 6.1; Trident/6.0)"
199.119.225.16 - - [27/Oct/2013:22:32:14 +0100] "GET /?q=user HTTP/1.0" 200 5094 "http://www.hurence.com/" "Mozilla/5.0 (compatible; MSIE 10.0; Windows NT 6.1; Trident/6.0)"
199.119.225.16 - - [27/Oct/2013:22:32:15 +0100] "POST /?q=user HTTP/1.0" 200 5171 "http://www.hurence.com/?q=user" "Mozilla/5.0 (compatible; MSIE 10.0; Windows NT 6.1; Trident/6.0)"
5.63.145.68 - - [27/Oct/2013:22:34:58 +0100] "HEAD / HTTP/1.1" 200 468 "-" "checks.panopta.com"
5.10.83.84 - - [27/Oct/2013:22:41:24 +0100] "GET /node/81 HTTP/1.1" 200 6427 "-" "Mozilla/5.0 (compatible; AhrefsBot/5.0; +http://ahrefs.com/robot/)"
208.115.111.71 - - [27/Oct/2013:22:43:43 +0100] "GET /node/102?lang=fr HTTP/1.1" 200 32217 "-" "Mozilla/5.0 (compatible; Ezooms/1.0; ezooms.bot@gmail.com)"
208.115.111.71 - - [27/Oct/2013:22:43:56 +0100] "GET /node/107 HTTP/1.1" 200 28791 "-" "Mozilla/5.0 (compatible; Ezooms/1.0; ezooms.bot@gmail.com)"
208.115.111.71 - - [27/Oct/2013:22:44:10 +0100] "GET /node/43?lang=fr HTTP/1.1" 200 30985 "-" "Mozilla/5.0 (compatible; Ezooms/1.0; ezooms.bot@gmail.com)"
208.115.111.71 - - [27/Oct/2013:22:44:22 +0100] "GET /taxonomy/term/1?lang=fr HTTP/1.1" 200 23785 "-" "Mozilla/5.0 (compatible; Ezooms/1.0; ezooms.bot@gmail.com)"
37.59.91.145 - - [27/Oct/2013:22:44:45 +0100] "GET /node/3 HTTP/1.1" 200 6679 "http://www.hurence.com/" "Mozilla/5.0 (compatible; MSIE 10.0; Windows NT 6.1; Trident/6.0)"
220.181.108.83 - - [27/Oct/2013:22:48:14 +0100] "GET / HTTP/1.1" 200 16060 "-" "Mozilla/5.0 (compatible; Baiduspider/2.0; +http://www.baidu.com/search/spider.html)"
123.125.71.19 - - [27/Oct/2013:22:48:35 +0100] "GET / HTTP/1.1" 200 16060 "-" "Mozilla/5.0 (compatible; Baiduspider/2.0; +http://www.baidu.com/search/spider.html)"
5.63.145.68 - - [27/Oct/2013:22:50:08 +0100] "HEAD / HTTP/1.1" 200 468 "-" "checks.panopta.com"
193.252.149.16 - - [27/Oct/2013:22:54:00 +0100] "GET /node/83 HTTP/1.1" 200 6646 "-" "Mozilla/5.0 (Windows; U; Windows NT 5.1; fr; rv:1.8.1) VoilaBot BETA 1.2 (support.voilabot@orange-ftgroup.com)"
5.63.145.68 - - [27/Oct/2013:23:08:02 +0100] "HEAD / HTTP/1.1" 200 468 "-" "checks.panopta.com"
66.249.75.235 - - [27/Oct/2013:23:17:20 +0100] "GET /node/57 HTTP/1.1" 200 6969 "-" "Mozilla/5.0 (compatible; Googlebot/2.1; +http://www.google.com/bot.html)"
5.63.145.68 - - [27/Oct/2013:23:23:04 +0100] "HEAD / HTTP/1.1" 200 468 "-" "checks.panopta.com"
72.14.199.235 - - [27/Oct/2013:23:26:44 +0100] "GET /rss.xml HTTP/1.1" 200 2983 "-" "Feedfetcher-Google; (+http://www.google.com/feedfetcher.html; 3 subscribers; feed-id=7225077890218036057)"
5.10.83.84 - - [27/Oct/2013:23:30:26 +0100] "GET /node/114 HTTP/1.1" 200 6633 "-" "Mozilla/5.0 (compatible; AhrefsBot/5.0; +http://ahrefs.com/robot/)"
5.10.83.84 - - [27/Oct/2013:23:36:11 +0100] "GET /node/150?lang=fr HTTP/1.1" 200 6163 "-" "Mozilla/5.0 (compatible; AhrefsBot/5.0; +http://ahrefs.com/robot/)"
5.63.145.68 - - [27/Oct/2013:23:38:45 +0100] "HEAD / HTTP/1.1" 200 468 "-" "checks.panopta.com"
208.115.113.87 - - [27/Oct/2013:23:40:44 +0100] "GET /robots.txt HTTP/1.1" 200 1793 "-" "Mozilla/5.0 (compatible; Ezooms/1.0; ezooms.bot@gmail.com)"
208.115.113.87 - - [27/Oct/2013:23:40:44 +0100] "GET /robots.txt HTTP/1.1" 200 1793 "-" "Mozilla/5.0 (compatible; Ezooms/1.0; ezooms.bot@gmail.com)"
220.181.108.92 - - [27/Oct/2013:23:46:49 +0100] "GET / HTTP/1.1" 200 16060 "-" "Mozilla/5.0 (compatible; Baiduspider/2.0; +http://www.baidu.com/search/spider.html)"
123.125.71.51 - - [27/Oct/2013:23:47:47 +0100] "GET / HTTP/1.1" 200 16060 "-" "Mozilla/5.0 (compatible; Baiduspider/2.0; +http://www.baidu.com/search/spider.html)"
5.63.145.68 - - [27/Oct/2013:23:53:47 +0100] "HEAD / HTTP/1.1" 200 468 "-" "checks.panopta.com"
119.63.193.130 - - [28/Oct/2013:00:05:20 +0100] "GET / HTTP/1.1" 200 16060 "-" "Mozilla/4.0 (compatible; MSIE 7.0; Windows NT 6.0)"
91.236.74.165 - - [28/Oct/2013:00:05:24 +0100] "GET / HTTP/1.1" 200 6358 "http://hurence.com/" "Mozilla/5.0 (compatible; MSIE 10.0; Windows NT 6.1; WOW64; Trident/6.0)"
91.236.74.165 - - [28/Oct/2013:00:05:26 +0100] "GET /?q=user HTTP/1.1" 200 5092 "http://hurence.com/" "Mozilla/5.0 (compatible; MSIE 10.0; Windows NT 6.1; WOW64; Trident/6.0)"
91.236.74.165 - - [28/Oct/2013:00:05:30 +0100] "POST /?q=user HTTP/1.1" 200 5169 "http://hurence.com/?q=user" "Mozilla/5.0 (compatible; MSIE 10.0; Windows NT 6.1; WOW64; Trident/6.0)"
5.63.145.68 - - [28/Oct/2013:00:08:49 +0100] "HEAD / HTTP/1.1" 200 468 "-" "checks.panopta.com"
180.76.5.86 - - [28/Oct/2013:00:09:44 +0100] "GET /node/59?lang=en HTTP/1.1" 200 6438 "-" "Mozilla/5.0 (compatible; Baiduspider/2.0; +http://www.baidu.com/search/spider.html)"
77.75.77.11 - - [28/Oct/2013:00:10:28 +0100] "GET /robots.txt HTTP/1.1" 200 985 "-" "SeznamBot/3.0 (+http://fulltext.sblog.cz/)"
77.75.77.11 - - [28/Oct/2013:00:10:39 +0100] "GET /node/22 HTTP/1.1" 200 6269 "-" "SeznamBot/3.0 (+http://fulltext.sblog.cz/)"
5.63.145.68 - - [28/Oct/2013:00:25:18 +0100] "HEAD / HTTP/1.1" 200 468 "-" "checks.panopta.com"
72.14.199.235 - - [28/Oct/2013:00:28:14 +0100] "GET /rss.xml HTTP/1.1" 200 2983 "-" "Feedfetcher-Google; (+http://www.google.com/feedfetcher.html; 3 subscribers; feed-id=7225077890218036057)"
66.249.75.213 - - [28/Oct/2013:00:36:35 +0100] "GET /node/99?lang=fr HTTP/1.1" 200 7129 "-" "Mozilla/5.0 (iPhone; CPU iPhone OS 6_0 like Mac OS X) AppleWebKit/536.26 (KHTML, like Gecko) Version/6.0 Mobile/10A5376e Safari/8536.25 (compatible; Googlebot-Mobile/2.1; +http://www.google.com/bot.html)"
178.33.214.234 - - [28/Oct/2013:00:38:13 +0100] "GET / HTTP/1.1" 200 6362 "http://www.hurence.com/" "Mozilla/5.0 (compatible; MSIE 10.0; Windows NT 6.1; Trident/6.0)"
196.196.20.97 - - [28/Oct/2013:00:38:18 +0100] "GET /?q=user HTTP/1.0" 200 5094 "http://www.hurence.com/" "Mozilla/5.0 (compatible; MSIE 10.0; Windows NT 6.1; Trident/6.0)"
196.196.20.97 - - [28/Oct/2013:00:38:19 +0100] "POST /?q=user HTTP/1.0" 200 5179 "http://www.hurence.com/?q=user" "Mozilla/5.0 (compatible; MSIE 10.0; Windows NT 6.1; Trident/6.0)"
208.115.113.87 - - [28/Oct/2013:00:40:14 +0100] "GET /node/106?lang=fr HTTP/1.1" 200 32275 "-" "Mozilla/5.0 (compatible; Ezooms/1.0; ezooms.bot@gmail.com)"
208.115.113.87 - - [28/Oct/2013:00:40:29 +0100] "GET /node/150?lang=en HTTP/1.1" 200 24499 "-" "Mozilla/5.0 (compatible; Ezooms/1.0; ezooms.bot@gmail.com)"
5.63.145.68 - - [28/Oct/2013:00:40:40 +0100] "HEAD / HTTP/1.1" 200 468 "-" "checks.panopta.com"
208.115.113.87 - - [28/Oct/2013:00:40:42 +0100] "GET /node/53 HTTP/1.1" 200 23362 "-" "Mozilla/5.0 (compatible; Ezooms/1.0; ezooms.bot@gmail.com)"
208.115.113.87 - - [28/Oct/2013:00:41:00 +0100] "GET /node/138 HTTP/1.1" 200 28870 "-" "Mozilla/5.0 (compatible; Ezooms/1.0; ezooms.bot@gmail.com)"
208.115.113.87 - - [28/Oct/2013:00:41:21 +0100] "GET /node?page=1 HTTP/1.1" 200 27071 "-" "Mozilla/5.0 (compatible; Ezooms/1.0; ezooms.bot@gmail.com)"
208.115.113.87 - - [28/Oct/2013:00:41:32 +0100] "GET /node/103?lang=fr HTTP/1.1" 200 32511 "-" "Mozilla/5.0 (compatible; Ezooms/1.0; ezooms.bot@gmail.com)"
151.236.23.13 - - [28/Oct/2013:00:45:02 +0100] "GET /user/register HTTP/1.1" 200 5321 "https://www.google.com/" "Mozilla/5.0 (Windows NT 6.1; WOW64; rv:23.0) Gecko/20100101 Firefox/23.0"
151.236.23.13 - - [28/Oct/2013:00:45:03 +0100] "POST /user/register HTTP/1.1" 200 5451 "http://www.hurence.com/user/register" "Mozilla/5.0 (Windows NT 6.1; WOW64; rv:23.0) Gecko/20100101 Firefox/23.0"
220.181.108.105 - - [28/Oct/2013:00:46:42 +0100] "GET / HTTP/1.1" 200 16060 "-" "Mozilla/5.0 (compatible; Baiduspider/2.0; +http://www.baidu.com/search/spider.html)"
123.125.71.18 - - [28/Oct/2013:00:52:40 +0100] "GET / HTTP/1.1" 200 16060 "-" "Mozilla/5.0 (compatible; Baiduspider/2.0; +http://www.baidu.com/search/spider.html)"
79.133.196.50 - - [28/Oct/2013:00:55:35 +0100] "GET /?q=user/register HTTP/1.1" 200 5325 "http://hurence.com/" "Mozilla/5.0 (compatible; MSIE 10.0; Windows NT 6.1; WOW64; Trident/6.0)"
79.133.196.50 - - [28/Oct/2013:00:55:36 +0100] "GET /?q=node/add HTTP/1.1" 403 4817 "http://hurence.com/" "Mozilla/5.0 (compatible; MSIE 10.0; Windows NT 6.1; WOW64; Trident/6.0)"
79.133.196.50 - - [28/Oct/2013:00:55:36 +0100] "GET /?q=user/register HTTP/1.1" 200 5324 "http://hurence.com/?q=node/add" "Mozilla/5.0 (compatible; MSIE 10.0; Windows NT 6.1; WOW64; Trident/6.0)"
79.133.196.50 - - [28/Oct/2013:00:55:36 +0100] "POST /?q=user/register HTTP/1.1" 302 674 "http://hurence.com/?q=user/register" "Mozilla/5.0 (compatible; MSIE 10.0; Windows NT 6.1; WOW64; Trident/6.0)"
79.133.196.50 - - [28/Oct/2013:00:55:37 +0100] "GET / HTTP/1.1" 200 6707 "http://hurence.com/?q=user/register" "Mozilla/5.0 (compatible; MSIE 10.0; Windows NT 6.1; WOW64; Trident/6.0)"
79.133.196.50 - - [28/Oct/2013:00:55:39 +0100] "GET /?q=user HTTP/1.1" 200 5093 "http://hurence.com/" "Mozilla/5.0 (compatible; MSIE 10.0; Windows NT 6.1; WOW64; Trident/6.0)"
79.133.196.50 - - [28/Oct/2013:00:55:39 +0100] "POST /?q=user HTTP/1.1" 200 5169 "http://hurence.com/?q=user" "Mozilla/5.0 (compatible; MSIE 10.0; Windows NT 6.1; WOW64; Trident/6.0)"
5.63.145.68 - - [28/Oct/2013:00:55:41 +0100] "HEAD / HTTP/1.1" 200 468 "-" "checks.panopta.com"
5.63.145.68 - - [28/Oct/2013:00:55:43 +0100] "GET / HTTP/1.1" 200 27767 "-" "checks.panopta.com"
5.10.83.84 - - [28/Oct/2013:01:06:58 +0100] "GET /node/78?lang=en HTTP/1.1" 200 6608 "-" "Mozilla/5.0 (compatible; AhrefsBot/5.0; +http://ahrefs.com/robot/)"
5.63.145.68 - - [28/Oct/2013:01:10:57 +0100] "HEAD / HTTP/1.1" 200 468 "-" "checks.panopta.com"
23.92.80.70 - - [28/Oct/2013:01:16:22 +0100] "GET /node/3 HTTP/1.1" 200 6684 "http://www.hurence.com/" "Mozilla/5.0 (compatible; MSIE 10.0; Windows NT 6.1; WOW64; Trident/6.0)"
23.92.80.70 - - [28/Oct/2013:01:16:25 +0100] "GET /?q=node/add HTTP/1.1" 403 4819 "http://www.hurence.com/" "Mozilla/5.0 (compatible; MSIE 10.0; Windows NT 6.1; WOW64; Trident/6.0)"
23.92.80.70 - - [28/Oct/2013:01:16:26 +0100] "GET /?q=user/register HTTP/1.1" 200 5337 "http://www.hurence.com/?q=node/add" "Mozilla/5.0 (compatible; MSIE 10.0; Windows NT 6.1; WOW64; Trident/6.0)"
23.92.80.70 - - [28/Oct/2013:01:16:26 +0100] "POST /?q=user/register HTTP/1.1" 302 678 "http://www.hurence.com/?q=user/register" "Mozilla/5.0 (compatible; MSIE 10.0; Windows NT 6.1; WOW64; Trident/6.0)"
23.92.80.70 - - [28/Oct/2013:01:16:27 +0100] "GET / HTTP/1.1" 200 6715 "http://www.hurence.com/?q=user/register" "Mozilla/5.0 (compatible; MSIE 10.0; Windows NT 6.1; WOW64; Trident/6.0)"
23.92.80.70 - - [28/Oct/2013:01:16:29 +0100] "GET /?q=user HTTP/1.1" 200 5097 "http://www.hurence.com/" "Mozilla/5.0 (compatible; MSIE 10.0; Windows NT 6.1; WOW64; Trident/6.0)"
23.92.80.70 - - [28/Oct/2013:01:16:30 +0100] "POST /?q=user HTTP/1.1" 200 5174 "http://www.hurence.com/?q=user" "Mozilla/5.0 (compatible; MSIE 10.0; Windows NT 6.1; WOW64; Trident/6.0)"
195.53.212.39 - - [28/Oct/2013:01:16:48 +0100] "GET /sites/all/themes/hurence/css/nodes.css?ls5cse HTTP/1.1" 304 213 "-" "Mozilla/4.0 (compatible;)"
64.246.161.30 - - [28/Oct/2013:01:16:55 +0100] "GET /robots.txt HTTP/1.0" 200 1812 "-" "Mozilla/5.0 (Windows; U; Windows NT 5.1; en; rv:1.9.0.13) Gecko/2009073022 Firefox/3.5.2 (.NET CLR 3.5.30729) SurveyBot/2.3 (DomainTools)"
64.246.161.30 - - [28/Oct/2013:01:16:56 +0100] "GET / HTTP/1.1" 200 6322 "http://whois.domaintools.com/hurence.com" "Mozilla/5.0 (Windows; U; Windows NT 5.1; en; rv:1.9.0.13) Gecko/2009073022 Firefox/3.5.2 (.NET CLR 3.5.30729) SurveyBot/2.3 (DomainTools)"
5.10.83.84 - - [28/Oct/2013:01:26:55 +0100] "GET /node/70?lang=en HTTP/1.1" 200 6479 "-" "Mozilla/5.0 (compatible; AhrefsBot/5.0; +http://ahrefs.com/robot/)"
5.63.145.68 - - [28/Oct/2013:01:29:53 +0100] "HEAD / HTTP/1.1" 200 468 "-" "checks.panopta.com"
5.10.83.84 - - [28/Oct/2013:01:31:34 +0100] "GET /taxonomy/term/2/feed HTTP/1.1" 200 4183 "-" "Mozilla/5.0 (compatible; AhrefsBot/5.0; +http://ahrefs.com/robot/)"
5.10.83.84 - - [28/Oct/2013:01:35:32 +0100] "GET /node/node/125?lang=fr HTTP/1.1" 404 4824 "-" "Mozilla/5.0 (compatible; AhrefsBot/5.0; +http://ahrefs.com/robot/)"
72.14.199.235 - - [28/Oct/2013:01:37:24 +0100] "GET /rss.xml HTTP/1.1" 200 2983 "-" "Feedfetcher-Google; (+http://www.google.com/feedfetcher.html; 3 subscribers; feed-id=7225077890218036057)"
119.63.193.196 - - [28/Oct/2013:01:43:11 +0100] "GET / HTTP/1.1" 200 16060 "-" "Mozilla/4.0 (compatible; MSIE 7.0; Windows NT 6.0)"
123.125.71.41 - - [28/Oct/2013:01:44:00 +0100] "GET / HTTP/1.1" 200 16060 "-" "Mozilla/5.0 (compatible; Baiduspider/2.0; +http://www.baidu.com/search/spider.html)"
220.181.108.118 - - [28/Oct/2013:01:44:56 +0100] "GET / HTTP/1.1" 200 16060 "-" "Mozilla/5.0 (compatible; Baiduspider/2.0; +http://www.baidu.com/search/spider.html)"
5.63.145.68 - - [28/Oct/2013:01:45:13 +0100] "HEAD / HTTP/1.1" 200 468 "-" "checks.panopta.com"
180.76.5.148 - - [28/Oct/2013:01:48:07 +0100] "GET /node/124?lang=fr HTTP/1.1" 200 6781 "-" "Mozilla/5.0 (compatible; Baiduspider/2.0; +http://www.baidu.com/search/spider.html)"
5.10.83.84 - - [28/Oct/2013:01:58:08 +0100] "GET /node/58?lang=en HTTP/1.1" 200 6832 "-" "Mozilla/5.0 (compatible; AhrefsBot/5.0; +http://ahrefs.com/robot/)"
5.63.145.68 - - [28/Oct/2013:02:00:41 +0100] "HEAD / HTTP/1.1" 200 468 "-" "checks.panopta.com"
5.10.83.84 - - [28/Oct/2013:02:00:49 +0100] "GET /node/81 HTTP/1.1" 200 6430 "-" "Mozilla/5.0 (compatible; AhrefsBot/5.0; +http://ahrefs.com/robot/)"
5.10.83.84 - - [28/Oct/2013:02:04:54 +0100] "GET /node/129?lang=en HTTP/1.1" 200 5437 "-" "Mozilla/5.0 (compatible; AhrefsBot/5.0; +http://ahrefs.com/robot/)"
66.249.75.213 - - [28/Oct/2013:02:11:05 +0100] "GET /node/38?lang=fr HTTP/1.1" 200 6704 "-" "Mozilla/5.0 (compatible; Googlebot/2.1; +http://www.google.com/bot.html)"
65.19.138.33 - - [28/Oct/2013:02:11:40 +0100] "GET /rss.xml HTTP/1.1" 200 2945 "-" "Feedly/1.0 (+http://www.feedly.com/fetcher.html; like FeedFetcher-Google)"
5.63.145.68 - - [28/Oct/2013:02:16:11 +0100] "HEAD / HTTP/1.1" 200 468 "-" "checks.panopta.com"
142.4.219.152 - - [28/Oct/2013:02:19:50 +0100] "GET / HTTP/1.1" 200 6362 "http://www.hurence.com/" "Mozilla/5.0 (compatible; MSIE 10.0; Windows NT 6.1; WOW64; Trident/6.0)"
142.4.219.152 - - [28/Oct/2013:02:19:52 +0100] "GET /?q=user HTTP/1.1" 200 5093 "http://www.hurence.com/" "Mozilla/5.0 (compatible; MSIE 10.0; Windows NT 6.1; WOW64; Trident/6.0)"
142.4.219.152 - - [28/Oct/2013:02:19:52 +0100] "POST /?q=user HTTP/1.1" 200 5177 "http://www.hurence.com/?q=user" "Mozilla/5.0 (compatible; MSIE 10.0; Windows NT 6.1; WOW64; Trident/6.0)"
91.236.74.251 - - [28/Oct/2013:02:32:14 +0100] "GET / HTTP/1.1" 200 6360 "http://hurence.com/" "Mozilla/5.0 (compatible; MSIE 10.0; Windows NT 6.1; WOW64; Trident/6.0)"
91.236.74.251 - - [28/Oct/2013:02:32:16 +0100] "GET /?q=user HTTP/1.1" 200 5087 "http://hurence.com/" "Mozilla/5.0 (compatible; MSIE 10.0; Windows NT 6.1; WOW64; Trident/6.0)"
91.236.74.251 - - [28/Oct/2013:02:32:16 +0100] "POST /?q=user HTTP/1.1" 200 5176 "http://hurence.com/?q=user" "Mozilla/5.0 (compatible; MSIE 10.0; Windows NT 6.1; WOW64; Trident/6.0)"
5.63.145.68 - - [28/Oct/2013:02:35:31 +0100] "HEAD / HTTP/1.1" 200 468 "-" "checks.panopta.com"
66.249.75.213 - - [28/Oct/2013:02:36:42 +0100] "GET /node/13 HTTP/1.1" 200 6793 "-" "SAMSUNG-SGH-E250/1.0 Profile/MIDP-2.0 Configuration/CLDC-1.1 UP.Browser/6.2.3.3.c.1.101 (GUI) MMP/2.0 (compatible; Googlebot-Mobile/2.1; +http://www.google.com/bot.html)"
66.249.75.213 - - [28/Oct/2013:02:38:49 +0100] "GET /node/140 HTTP/1.1" 200 6646 "-" "DoCoMo/2.0 N905i(c100;TB;W24H16) (compatible; Googlebot-Mobile/2.1; +http://www.google.com/bot.html)"
54.228.208.242 - - [28/Oct/2013:02:39:22 +0100] "GET /sites/default/files/What%20is%20Hadoop.pdf HTTP/1.1" 200 692041 "-" "Mozilla/5.0 (compatible; Faveeo/1.0; +http://www.faveeo.com)"
89.73.86.146 - - [28/Oct/2013:02:41:40 +0100] "GET /node/3 HTTP/1.1" 200 6678 "http://www.hurence.com/" "Mozilla/5.0 (compatible; MSIE 10.0; Windows NT 6.1; WOW64; Trident/6.0)"
89.73.86.146 - - [28/Oct/2013:02:41:41 +0100] "GET /?q=node/add HTTP/1.1" 403 4824 "http://www.hurence.com/" "Mozilla/5.0 (compatible; MSIE 10.0; Windows NT 6.1; WOW64; Trident/6.0)"
89.73.86.146 - - [28/Oct/2013:02:41:42 +0100] "GET /?q=user/register HTTP/1.1" 200 5331 "http://www.hurence.com/?q=node/add" "Mozilla/5.0 (compatible; MSIE 10.0; Windows NT 6.1; WOW64; Trident/6.0)"
89.73.86.146 - - [28/Oct/2013:02:41:42 +0100] "POST /?q=user/register HTTP/1.1" 302 678 "http://www.hurence.com/?q=user/register" "Mozilla/5.0 (compatible; MSIE 10.0; Windows NT 6.1; WOW64; Trident/6.0)"
89.73.86.146 - - [28/Oct/2013:02:41:43 +0100] "GET / HTTP/1.1" 200 6713 "http://www.hurence.com/?q=user/register" "Mozilla/5.0 (compatible; MSIE 10.0; Windows NT 6.1; WOW64; Trident/6.0)"
89.73.86.146 - - [28/Oct/2013:02:41:45 +0100] "GET /?q=user HTTP/1.1" 200 5099 "http://www.hurence.com/" "Mozilla/5.0 (compatible; MSIE 10.0; Windows NT 6.1; WOW64; Trident/6.0)"
89.73.86.146 - - [28/Oct/2013:02:41:45 +0100] "POST /?q=user HTTP/1.1" 200 5174 "http://www.hurence.com/?q=user" "Mozilla/5.0 (compatible; MSIE 10.0; Windows NT 6.1; WOW64; Trident/6.0)"
72.14.199.235 - - [28/Oct/2013:02:42:04 +0100] "GET /rss.xml HTTP/1.1" 200 2983 "-" "Feedfetcher-Google; (+http://www.google.com/feedfetcher.html; 3 subscribers; feed-id=7225077890218036057)"
123.125.71.48 - - [28/Oct/2013:02:45:47 +0100] "GET /node/128 HTTP/1.1" 200 6833 "-" "Mozilla/5.0 (compatible; Baiduspider/2.0; +http://www.baidu.com/search/spider.html)"
123.125.71.14 - - [28/Oct/2013:02:45:57 +0100] "GET /misc/jquery.js?v=1.4.4 HTTP/1.1" 200 78879 "http://www.hurence.com/node/128" "Mozilla/5.0 (X11; U; Linux x86_64; en-US; rv:1.9) Gecko Minefield/3.0"
123.125.71.47 - - [28/Oct/2013:02:46:01 +0100] "GET /misc/jquery.once.js?v=1.2 HTTP/1.1" 200 3248 "http://www.hurence.com/node/128" "Mozilla/5.0 (X11; U; Linux x86_64; en-US; rv:1.9) Gecko Minefield/3.0"
123.125.71.22 - - [28/Oct/2013:02:46:03 +0100] "GET /misc/drupal.js?ls5cse HTTP/1.1" 200 13590 "http://www.hurence.com/node/128" "Mozilla/5.0 (X11; U; Linux x86_64; en-US; rv:1.9) Gecko Minefield/3.0"
123.125.71.16 - - [28/Oct/2013:02:46:05 +0100] "GET /sites/all/modules/featured_content/featured_content.js?ls5cse HTTP/1.1" 200 4932 "http://www.hurence.com/node/128" "Mozilla/5.0 (X11; U; Linux x86_64; en-US; rv:1.9) Gecko Minefield/3.0"
123.125.71.26 - - [28/Oct/2013:02:46:07 +0100] "GET /sites/all/modules/megamenu/megamenu.js?ls5cse HTTP/1.1" 200 5448 "http://www.hurence.com/node/128" "Mozilla/5.0 (X11; U; Linux x86_64; en-US; rv:1.9) Gecko Minefield/3.0"
123.125.71.29 - - [28/Oct/2013:02:46:09 +0100] "GET /sites/all/themes/hurence/js/hurence.js?ls5cse HTTP/1.1" 200 1173 "http://www.hurence.com/node/128" "Mozilla/5.0 (X11; U; Linux x86_64; en-US; rv:1.9) Gecko Minefield/3.0"
123.125.71.57 - - [28/Oct/2013:02:46:10 +0100] "GET /sites/all/modules/views/js/jquery.ui.dialog.patch.js?ls5cse HTTP/1.1" 200 1408 "http://www.hurence.com/node/128" "Mozilla/5.0 (X11; U; Linux x86_64; en-US; rv:1.9) Gecko Minefield/3.0"
5.63.145.68 - - [28/Oct/2013:02:50:59 +0100] "HEAD / HTTP/1.1" 200 468 "-" "checks.panopta.com"
123.125.71.26 - - [28/Oct/2013:02:53:56 +0100] "GET / HTTP/1.1" 200 16060 "-" "Mozilla/5.0 (compatible; Baiduspider/2.0; +http://www.baidu.com/search/spider.html)"
194.199.7.23 - - [28/Oct/2013:02:54:10 +0100] "GET /robots.txt HTTP/1.0" 200 1812 "-" "Mozilla/5.0 (compatible; bnf.fr_bot; +http://www.bnf.fr/fr/outils/a.dl_web_capture_robot.html)"
194.199.7.23 - - [28/Oct/2013:02:54:30 +0100] "GET / HTTP/1.0" 200 27933 "http://www.cd2s.fr/cnf/lib/php/redir.php?url=http://www.hurence.com&key=1A005E92&tag=hwP27pWvBQWG_okF0s8wCgLwaqEt76cq" "Mozilla/5.0 (compatible; bnf.fr_bot; +http://www.bnf.fr/fr/outils/a.dl_web_capture_robot.html)"
194.199.7.23 - - [28/Oct/2013:02:54:44 +0100] "GET /sites/default/files/favicon.png HTTP/1.0" 200 3869 "http://www.hurence.com/" "Mozilla/5.0 (compatible; bnf.fr_bot; +http://www.bnf.fr/fr/outils/a.dl_web_capture_robot.html)"
220.181.108.75 - - [28/Oct/2013:02:54:44 +0100] "GET / HTTP/1.1" 200 16060 "-" "Mozilla/5.0 (compatible; Baiduspider/2.0; +http://www.baidu.com/search/spider.html)"
194.199.7.23 - - [28/Oct/2013:02:55:13 +0100] "GET /node/37 HTTP/1.0" 200 27947 "http://www.hurence.com/" "Mozilla/5.0 (compatible; bnf.fr_bot; +http://www.bnf.fr/fr/outils/a.dl_web_capture_robot.html)"
194.199.7.23 - - [28/Oct/2013:02:55:31 +0100] "GET /modules/system/system.base.css?ls5cse HTTP/1.0" 200 5520 "http://www.hurence.com/" "Mozilla/5.0 (compatible; bnf.fr_bot; +http://www.bnf.fr/fr/outils/a.dl_web_capture_robot.html)"
194.199.7.23 - - [28/Oct/2013:02:55:44 +0100] "GET /modules/system/system.menus.css?ls5cse HTTP/1.0" 200 2314 "http://www.hurence.com/" "Mozilla/5.0 (compatible; bnf.fr_bot; +http://www.bnf.fr/fr/outils/a.dl_web_capture_robot.html)"
194.199.7.23 - - [28/Oct/2013:02:56:09 +0100] "GET /modules/system/system.messages.css?ls5cse HTTP/1.0" 200 1239 "http://www.hurence.com/" "Mozilla/5.0 (compatible; bnf.fr_bot; +http://www.bnf.fr/fr/outils/a.dl_web_capture_robot.html)"
