194.199.7.23 - - [28/Oct/2013:02:56:30 +0100] "GET /modules/system/system.theme.css?ls5cse HTTP/1.0" 200 3990 "http://www.hurence.com/" "Mozilla/5.0 (compatible; bnf.fr_bot; +http://www.bnf.fr/fr/outils/a.dl_web_capture_robot.html)"
194.199.7.23 - - [28/Oct/2013:02:56:56 +0100] "GET /modules/comment/comment.css?ls5cse HTTP/1.0" 200 461 "http://www.hurence.com/" "Mozilla/5.0 (compatible; bnf.fr_bot; +http://www.bnf.fr/fr/outils/a.dl_web_capture_robot.html)"
194.199.7.23 - - [28/Oct/2013:02:57:13 +0100] "GET /modules/field/theme/field.css?ls5cse HTTP/1.0" 200 828 "http://www.hurence.com/" "Mozilla/5.0 (compatible; bnf.fr_bot; +http://www.bnf.fr/fr/outils/a.dl_web_capture_robot.html)"
194.199.7.23 - - [28/Oct/2013:02:57:26 +0100] "GET /modules/node/node.css?ls5cse HTTP/1.0" 200 421 "http://www.hurence.com/" "Mozilla/5.0 (compatible; bnf.fr_bot; +http://www.bnf.fr/fr/outils/a.dl_web_capture_robot.html)"
194.199.7.23 - - [28/Oct/2013:02:58:00 +0100] "GET /modules/search/search.css?ls5cse HTTP/1.0" 200 842 "http://www.hurence.com/" "Mozilla/5.0 (compatible; bnf.fr_bot; +http://www.bnf.fr/fr/outils/a.dl_web_capture_robot.html)"
194.199.7.23 - - [28/Oct/2013:02:58:29 +0100] "GET /modules/user/user.css?ls5cse HTTP/1.0" 200 2086 "http://www.hurence.com/" "Mozilla/5.0 (compatible; bnf.fr_bot; +http://www.bnf.fr/fr/outils/a.dl_web_capture_robot.html)"
194.199.7.23 - - [28/Oct/2013:02:59:02 +0100] "GET /sites/all/modules/views/css/views.css?ls5cse HTTP/1.0" 200 985 "http://www.hurence.com/" "Mozilla/5.0 (compatible; bnf.fr_bot; +http://www.bnf.fr/fr/outils/a.dl_web_capture_robot.html)"
194.199.7.23 - - [28/Oct/2013:02:59:29 +0100] "GET /sites/all/modules/ctools/css/ctools.css?ls5cse HTTP/1.0" 200 787 "http://www.hurence.com/" "Mozilla/5.0 (compatible; bnf.fr_bot; +http://www.bnf.fr/fr/outils/a.dl_web_capture_robot.html)"
194.199.7.23 - - [28/Oct/2013:02:59:52 +0100] "GET /sites/all/modules/featured_content/featured_content.css?ls5cse HTTP/1.0" 200 448 "http://www.hurence.com/" "Mozilla/5.0 (compatible; bnf.fr_bot; +http://www.bnf.fr/fr/outils/a.dl_web_capture_robot.html)"
194.199.7.23 - - [28/Oct/2013:03:00:21 +0100] "GET /sites/all/modules/megamenu/megamenu.css?ls5cse HTTP/1.0" 200 4267 "http://www.hurence.com/" "Mozilla/5.0 (compatible; bnf.fr_bot; +http://www.bnf.fr/fr/outils/a.dl_web_capture_robot.html)"
194.199.7.23 - - [28/Oct/2013:03:00:48 +0100] "GET /sites/all/modules/megamenu/megamenu-skins.css?ls5cse HTTP/1.0" 200 274 "http://www.hurence.com/" "Mozilla/5.0 (compatible; bnf.fr_bot; +http://www.bnf.fr/fr/outils/a.dl_web_capture_robot.html)"
194.199.7.23 - - [28/Oct/2013:03:01:11 +0100] "GET /sites/all/modules/simplenews/simplenews.css?ls5cse HTTP/1.0" 200 781 "http://www.hurence.com/" "Mozilla/5.0 (compatible; bnf.fr_bot; +http://www.bnf.fr/fr/outils/a.dl_web_capture_robot.html)"
194.199.7.23 - - [28/Oct/2013:03:01:38 +0100] "GET /modules/locale/locale.css?ls5cse HTTP/1.0" 200 1135 "http://www.hurence.com/" "Mozilla/5.0 (compatible; bnf.fr_bot; +http://www.bnf.fr/fr/outils/a.dl_web_capture_robot.html)"
194.199.7.23 - - [28/Oct/2013:03:02:22 +0100] "GET /sites/all/themes/hurence/css/html-reset.css?ls5cse HTTP/1.0" 200 8207 "http://www.hurence.com/" "Mozilla/5.0 (compatible; bnf.fr_bot; +http://www.bnf.fr/fr/outils/a.dl_web_capture_robot.html)"
194.199.7.23 - - [28/Oct/2013:03:02:52 +0100] "GET /sites/all/themes/hurence/css/wireframes.css?ls5cse HTTP/1.0" 200 675 "http://www.hurence.com/" "Mozilla/5.0 (compatible; bnf.fr_bot; +http://www.bnf.fr/fr/outils/a.dl_web_capture_robot.html)"
194.199.7.23 - - [28/Oct/2013:03:03:31 +0100] "GET /sites/all/themes/hurence/css/layout-fixed.css?ls5cse HTTP/1.0" 200 5167 "http://www.hurence.com/" "Mozilla/5.0 (compatible; bnf.fr_bot; +http://www.bnf.fr/fr/outils/a.dl_web_capture_robot.html)"
194.199.7.23 - - [28/Oct/2013:03:04:01 +0100] "GET /sites/all/themes/hurence/css/page-backgrounds.css?ls5cse HTTP/1.0" 200 931 "http://www.hurence.com/" "Mozilla/5.0 (compatible; bnf.fr_bot; +http://www.bnf.fr/fr/outils/a.dl_web_capture_robot.html)"
194.199.7.23 - - [28/Oct/2013:03:04:43 +0100] "GET /sites/all/themes/hurence/css/tabs.css?ls5cse HTTP/1.0" 200 3038 "http://www.hurence.com/" "Mozilla/5.0 (compatible; bnf.fr_bot; +http://www.bnf.fr/fr/outils/a.dl_web_capture_robot.html)"
194.199.7.23 - - [28/Oct/2013:03:05:18 +0100] "GET /sites/all/themes/hurence/css/pages.css?ls5cse HTTP/1.0" 200 5289 "http://www.hurence.com/" "Mozilla/5.0 (compatible; bnf.fr_bot; +http://www.bnf.fr/fr/outils/a.dl_web_capture_robot.html)"
194.199.7.23 - - [28/Oct/2013:03:05:43 +0100] "GET /sites/all/themes/hurence/css/blocks.css?ls5cse HTTP/1.0" 200 6552 "http://www.hurence.com/" "Mozilla/5.0 (compatible; bnf.fr_bot; +http://www.bnf.fr/fr/outils/a.dl_web_capture_robot.html)"
5.63.145.68 - - [28/Oct/2013:03:06:16 +0100] "HEAD / HTTP/1.1" 200 468 "-" "checks.panopta.com"
194.199.7.23 - - [28/Oct/2013:03:06:19 +0100] "GET /sites/all/themes/hurence/css/navigation.css?ls5cse HTTP/1.0" 200 1236 "http://www.hurence.com/" "Mozilla/5.0 (compatible; bnf.fr_bot; +http://www.bnf.fr/fr/outils/a.dl_web_capture_robot.html)"
194.199.7.23 - - [28/Oct/2013:03:06:56 +0100] "GET /sites/all/themes/hurence/css/views-styles.css?ls5cse HTTP/1.0" 200 312 "http://www.hurence.com/" "Mozilla/5.0 (compatible; bnf.fr_bot; +http://www.bnf.fr/fr/outils/a.dl_web_capture_robot.html)"
194.199.7.23 - - [28/Oct/2013:03:07:15 +0100] "GET /sites/all/themes/hurence/css/nodes.css?ls5cse HTTP/1.0" 200 1992 "http://www.hurence.com/" "Mozilla/5.0 (compatible; bnf.fr_bot; +http://www.bnf.fr/fr/outils/a.dl_web_capture_robot.html)"
194.199.7.23 - - [28/Oct/2013:03:07:39 +0100] "GET /sites/all/themes/hurence/css/comments.css?ls5cse HTTP/1.0" 200 2216 "http://www.hurence.com/" "Mozilla/5.0 (compatible; bnf.fr_bot; +http://www.bnf.fr/fr/outils/a.dl_web_capture_robot.html)"
194.199.7.23 - - [28/Oct/2013:03:08:19 +0100] "GET /sites/all/themes/hurence/css/forms.css?ls5cse HTTP/1.0" 200 2951 "http://www.hurence.com/" "Mozilla/5.0 (compatible; bnf.fr_bot; +http://www.bnf.fr/fr/outils/a.dl_web_capture_robot.html)"
194.199.7.23 - - [28/Oct/2013:03:08:56 +0100] "GET /sites/all/themes/hurence/css/fields.css?ls5cse HTTP/1.0" 200 1182 "http://www.hurence.com/" "Mozilla/5.0 (compatible; bnf.fr_bot; +http://www.bnf.fr/fr/outils/a.dl_web_capture_robot.html)"
194.199.7.23 - - [28/Oct/2013:03:10:07 +0100] "GET /sites/all/themes/hurence/css/print.css?ls5cse HTTP/1.0" 200 1590 "http://www.hurence.com/" "Mozilla/5.0 (compatible; bnf.fr_bot; +http://www.bnf.fr/fr/outils/a.dl_web_capture_robot.html)"
194.199.7.23 - - [28/Oct/2013:03:10:41 +0100] "GET /sites/all/themes/hurence/css/hurence.css?ls5cse HTTP/1.0" 200 990 "http://www.hurence.com/" "Mozilla/5.0 (compatible; bnf.fr_bot; +http://www.bnf.fr/fr/outils/a.dl_web_capture_robot.html)"
194.199.7.23 - - [28/Oct/2013:03:11:16 +0100] "GET /sites/all/themes/hurence/css/megamenu-hurence.css?ls5cse HTTP/1.0" 200 6393 "http://www.hurence.com/" "Mozilla/5.0 (compatible; bnf.fr_bot; +http://www.bnf.fr/fr/outils/a.dl_web_capture_robot.html)"
194.199.7.23 - - [28/Oct/2013:03:12:07 +0100] "GET /misc/jquery.js?v=1.4.4 HTTP/1.0" 200 78898 "http://www.hurence.com/" "Mozilla/5.0 (compatible; bnf.fr_bot; +http://www.bnf.fr/fr/outils/a.dl_web_capture_robot.html)"
194.199.7.23 - - [28/Oct/2013:03:12:48 +0100] "GET /misc/jquery.once.js?v=1.2 HTTP/1.0" 200 3267 "http://www.hurence.com/" "Mozilla/5.0 (compatible; bnf.fr_bot; +http://www.bnf.fr/fr/outils/a.dl_web_capture_robot.html)"
194.199.7.23 - - [28/Oct/2013:03:13:10 +0100] "GET /misc/drupal.js?ls5cse HTTP/1.0" 200 13609 "http://www.hurence.com/" "Mozilla/5.0 (compatible; bnf.fr_bot; +http://www.bnf.fr/fr/outils/a.dl_web_capture_robot.html)"
194.199.7.23 - - [28/Oct/2013:03:14:36 +0100] "GET /sites/all/modules/featured_content/featured_content.js?ls5cse HTTP/1.0" 200 4951 "http://www.hurence.com/" "Mozilla/5.0 (compatible; bnf.fr_bot; +http://www.bnf.fr/fr/outils/a.dl_web_capture_robot.html)"
194.199.7.23 - - [28/Oct/2013:03:15:05 +0100] "GET /sites/all/modules/megamenu/megamenu.js?ls5cse HTTP/1.0" 200 5467 "http://www.hurence.com/" "Mozilla/5.0 (compatible; bnf.fr_bot; +http://www.bnf.fr/fr/outils/a.dl_web_capture_robot.html)"
194.199.7.23 - - [28/Oct/2013:03:15:34 +0100] "GET /sites/all/themes/hurence/js/hurence.js?ls5cse HTTP/1.0" 200 1192 "http://www.hurence.com/" "Mozilla/5.0 (compatible; bnf.fr_bot; +http://www.bnf.fr/fr/outils/a.dl_web_capture_robot.html)"
194.199.7.23 - - [28/Oct/2013:03:16:12 +0100] "GET /sites/all/modules/views/js/jquery.ui.dialog.patch.js?ls5cse HTTP/1.0" 200 1427 "http://www.hurence.com/" "Mozilla/5.0 (compatible; bnf.fr_bot; +http://www.bnf.fr/fr/outils/a.dl_web_capture_robot.html)"
194.199.7.23 - - [28/Oct/2013:03:16:46 +0100] "GET /sites/all/themes/hurence/logo.png HTTP/1.0" 200 5054 "http://www.hurence.com/" "Mozilla/5.0 (compatible; bnf.fr_bot; +http://www.bnf.fr/fr/outils/a.dl_web_capture_robot.html)"
194.199.7.23 - - [28/Oct/2013:03:16:56 +0100] "GET /sites/default/files/HurenceBannier.png HTTP/1.0" 200 388695 "http://www.hurence.com/" "Mozilla/5.0 (compatible; bnf.fr_bot; +http://www.bnf.fr/fr/outils/a.dl_web_capture_robot.html)"
194.199.7.23 - - [28/Oct/2013:03:17:15 +0100] "GET /sites/default/files/styles/white_paper_logo/public/hadoop-logo.jpg HTTP/1.0" 200 2425 "http://www.hurence.com/" "Mozilla/5.0 (compatible; bnf.fr_bot; +http://www.bnf.fr/fr/outils/a.dl_web_capture_robot.html)"
194.199.7.23 - - [28/Oct/2013:03:17:48 +0100] "GET /modules/file/icons/application-pdf.png HTTP/1.0" 200 602 "http://www.hurence.com/" "Mozilla/5.0 (compatible; bnf.fr_bot; +http://www.bnf.fr/fr/outils/a.dl_web_capture_robot.html)"
194.199.7.23 - - [28/Oct/2013:03:18:07 +0100] "GET /misc/feed.png HTTP/1.0" 200 912 "http://www.hurence.com/" "Mozilla/5.0 (compatible; bnf.fr_bot; +http://www.bnf.fr/fr/outils/a.dl_web_capture_robot.html)"
5.63.145.68 - - [28/Oct/2013:03:21:23 +0100] "HEAD / HTTP/1.1" 200 468 "-" "checks.panopta.com"
80.72.38.53 - - [28/Oct/2013:03:28:56 +0100] "GET /?q=user/register HTTP/1.1" 200 5326 "http://hurence.com/" "Mozilla/5.0 (compatible; MSIE 10.0; Windows NT 6.1; WOW64; Trident/6.0)"
80.72.38.53 - - [28/Oct/2013:03:28:59 +0100] "GET /?q=node/add HTTP/1.1" 403 4817 "http://hurence.com/" "Mozilla/5.0 (compatible; MSIE 10.0; Windows NT 6.1; WOW64; Trident/6.0)"
80.72.38.53 - - [28/Oct/2013:03:28:59 +0100] "GET /?q=user/register HTTP/1.1" 200 5328 "http://hurence.com/?q=node/add" "Mozilla/5.0 (compatible; MSIE 10.0; Windows NT 6.1; WOW64; Trident/6.0)"
80.72.38.53 - - [28/Oct/2013:03:28:59 +0100] "POST /?q=user/register HTTP/1.1" 302 674 "http://hurence.com/?q=user/register" "Mozilla/5.0 (compatible; MSIE 10.0; Windows NT 6.1; WOW64; Trident/6.0)"
80.72.38.53 - - [28/Oct/2013:03:29:00 +0100] "GET / HTTP/1.1" 200 6712 "http://hurence.com/?q=user/register" "Mozilla/5.0 (compatible; MSIE 10.0; Windows NT 6.1; WOW64; Trident/6.0)"
80.72.38.53 - - [28/Oct/2013:03:29:01 +0100] "GET /?q=user HTTP/1.1" 200 5096 "http://hurence.com/" "Mozilla/5.0 (compatible; MSIE 10.0; Windows NT 6.1; WOW64; Trident/6.0)"
80.72.38.53 - - [28/Oct/2013:03:29:02 +0100] "POST /?q=user HTTP/1.1" 200 5167 "http://hurence.com/?q=user" "Mozilla/5.0 (compatible; MSIE 10.0; Windows NT 6.1; WOW64; Trident/6.0)"
195.53.212.39 - - [28/Oct/2013:03:32:51 +0100] "GET /sites/all/themes/hurence/css/forms.css?ls5cse HTTP/1.1" 304 213 "-" "Mozilla/4.0 (compatible;)"
5.10.83.84 - - [28/Oct/2013:03:33:40 +0100] "GET /node/152 HTTP/1.1" 200 5762 "-" "Mozilla/5.0 (compatible; AhrefsBot/5.0; +http://ahrefs.com/robot/)"
5.63.145.68 - - [28/Oct/2013:03:36:28 +0100] "HEAD / HTTP/1.1" 200 468 "-" "checks.panopta.com"
50.18.225.136 - - [28/Oct/2013:03:38:02 +0100] "GET /rss.xml HTTP/1.1" 200 2945 "-" "Digg Feed Fetcher 1.0 (Mozilla/5.0 (Macintosh; Intel Mac OS X 10_7_1) AppleWebKit/534.48.3 (KHTML, like Gecko) Version/5.1 Safari/534.48.3)"
54.219.62.79 - - [28/Oct/2013:03:38:44 +0100] "GET /rss.xml HTTP/1.1" 200 2945 "-" "Digg Feed Fetcher 1.0 (Mozilla/5.0 (Macintosh; Intel Mac OS X 10_7_1) AppleWebKit/534.48.3 (KHTML, like Gecko) Version/5.1 Safari/534.48.3)"
79.133.196.50 - - [28/Oct/2013:03:39:15 +0100] "GET /user/register HTTP/1.1" 200 5321 "http://hurence.com/" "Mozilla/5.0 (compatible; MSIE 10.0; Windows NT 6.1; WOW64; Trident/6.0)"
79.133.196.50 - - [28/Oct/2013:03:39:15 +0100] "GET /?q=node/add HTTP/1.1" 403 4814 "http://hurence.com/" "Mozilla/5.0 (compatible; MSIE 10.0; Windows NT 6.1; WOW64; Trident/6.0)"
79.133.196.50 - - [28/Oct/2013:03:39:16 +0100] "GET /?q=user/register HTTP/1.1" 200 5330 "http://hurence.com/?q=node/add" "Mozilla/5.0 (compatible; MSIE 10.0; Windows NT 6.1; WOW64; Trident/6.0)"
79.133.196.50 - - [28/Oct/2013:03:39:16 +0100] "POST /?q=user/register HTTP/1.1" 302 674 "http://hurence.com/?q=user/register" "Mozilla/5.0 (compatible; MSIE 10.0; Windows NT 6.1; WOW64; Trident/6.0)"
79.133.196.50 - - [28/Oct/2013:03:39:16 +0100] "GET / HTTP/1.1" 200 6706 "http://hurence.com/?q=user/register" "Mozilla/5.0 (compatible; MSIE 10.0; Windows NT 6.1; WOW64; Trident/6.0)"
79.133.196.50 - - [28/Oct/2013:03:39:18 +0100] "GET /?q=user HTTP/1.1" 200 5094 "http://hurence.com/" "Mozilla/5.0 (compatible; MSIE 10.0; Windows NT 6.1; WOW64; Trident/6.0)"
79.133.196.50 - - [28/Oct/2013:03:39:19 +0100] "POST /?q=user HTTP/1.1" 200 5174 "http://hurence.com/?q=user" "Mozilla/5.0 (compatible; MSIE 10.0; Windows NT 6.1; WOW64; Trident/6.0)"
5.10.83.84 - - [28/Oct/2013:03:41:15 +0100] "GET /node/136?lang=en HTTP/1.1" 200 9426 "-" "Mozilla/5.0 (compatible; AhrefsBot/5.0; +http://ahrefs.com/robot/)"
208.115.113.87 - - [28/Oct/2013:03:41:38 +0100] "GET /robots.txt HTTP/1.1" 200 1793 "-" "Mozilla/5.0 (compatible; Ezooms/1.0; ezooms.bot@gmail.com)"
208.115.113.87 - - [28/Oct/2013:03:41:38 +0100] "GET /robots.txt HTTP/1.1" 200 1793 "-" "Mozilla/5.0 (compatible; Ezooms/1.0; ezooms.bot@gmail.com)"
180.76.5.13 - - [28/Oct/2013:03:42:57 +0100] "GET /node/143?lang=fr HTTP/1.1" 200 6622 "-" "Mozilla/5.0 (compatible; Baiduspider/2.0; +http://www.baidu.com/search/spider.html)"
72.14.199.235 - - [28/Oct/2013:03:43:44 +0100] "GET /rss.xml HTTP/1.1" 200 2983 "-" "Feedfetcher-Google; (+http://www.google.com/feedfetcher.html; 3 subscribers; feed-id=7225077890218036057)"
220.181.108.99 - - [28/Oct/2013:03:53:34 +0100] "GET / HTTP/1.1" 200 16060 "-" "Mozilla/5.0 (compatible; Baiduspider/2.0; +http://www.baidu.com/search/spider.html)"
5.63.145.68 - - [28/Oct/2013:03:53:45 +0100] "HEAD / HTTP/1.1" 200 468 "-" "checks.panopta.com"
157.55.32.39 - - [28/Oct/2013:03:57:41 +0100] "GET /robots.txt HTTP/1.1" 200 1850 "-" "Mozilla/5.0 (compatible; bingbot/2.0; +http://www.bing.com/bingbot.htm)"
157.55.32.39 - - [28/Oct/2013:03:58:07 +0100] "GET /node/137 HTTP/1.1" 200 9794 "-" "Mozilla/5.0 (compatible; bingbot/2.0; +http://www.bing.com/bingbot.htm)"
5.63.145.68 - - [28/Oct/2013:04:09:36 +0100] "HEAD / HTTP/1.1" 200 468 "-" "checks.panopta.com"
119.63.193.131 - - [28/Oct/2013:04:12:10 +0100] "GET / HTTP/1.1" 200 16060 "-" "Mozilla/4.0 (compatible; MSIE 7.0; Windows NT 6.0)"
5.63.145.68 - - [28/Oct/2013:04:24:46 +0100] "HEAD / HTTP/1.1" 200 468 "-" "checks.panopta.com"
151.236.23.13 - - [28/Oct/2013:04:27:29 +0100] "GET /user/register HTTP/1.1" 200 5320 "https://www.google.com/" "Mozilla/5.0 (Windows NT 6.1; WOW64; rv:22.0) Gecko/20100101 Firefox/22.0"
151.236.23.13 - - [28/Oct/2013:04:27:30 +0100] "POST /user/register HTTP/1.1" 200 5450 "http://www.hurence.com/user/register" "Mozilla/5.0 (Windows NT 6.1; WOW64; rv:22.0) Gecko/20100101 Firefox/22.0"
157.55.36.52 - - [28/Oct/2013:04:30:33 +0100] "GET /robots.txt HTTP/1.1" 200 1850 "-" "Mozilla/5.0 (compatible; bingbot/2.0; +http://www.bing.com/bingbot.htm)"
72.14.199.235 - - [28/Oct/2013:04:38:14 +0100] "GET /rss.xml HTTP/1.1" 200 2983 "-" "Feedfetcher-Google; (+http://www.google.com/feedfetcher.html; 3 subscribers; feed-id=7225077890218036057)"
5.63.145.68 - - [28/Oct/2013:04:39:57 +0100] "HEAD / HTTP/1.1" 200 468 "-" "checks.panopta.com"
5.10.83.84 - - [28/Oct/2013:04:40:08 +0100] "GET /node/19?lang=fr HTTP/1.1" 200 6304 "-" "Mozilla/5.0 (compatible; AhrefsBot/5.0; +http://ahrefs.com/robot/)"
208.115.113.87 - - [28/Oct/2013:04:43:19 +0100] "GET /node/80 HTTP/1.1" 200 29542 "-" "Mozilla/5.0 (compatible; Ezooms/1.0; ezooms.bot@gmail.com)"
208.115.113.87 - - [28/Oct/2013:04:43:32 +0100] "GET /taxonomy/term/2?lang=fr HTTP/1.1" 200 35295 "-" "Mozilla/5.0 (compatible; Ezooms/1.0; ezooms.bot@gmail.com)"
208.115.113.87 - - [28/Oct/2013:04:43:43 +0100] "GET /node/144?lang=en HTTP/1.1" 200 29635 "-" "Mozilla/5.0 (compatible; Ezooms/1.0; ezooms.bot@gmail.com)"
208.115.113.87 - - [28/Oct/2013:04:43:57 +0100] "GET /node/139?lang=fr HTTP/1.1" 200 31761 "-" "Mozilla/5.0 (compatible; Ezooms/1.0; ezooms.bot@gmail.com)"
5.10.83.84 - - [28/Oct/2013:04:46:02 +0100] "GET /node/hadoop.apache.org HTTP/1.1" 404 4660 "-" "Mozilla/5.0 (compatible; AhrefsBot/5.0; +http://ahrefs.com/robot/)"
5.63.145.68 - - [28/Oct/2013:04:58:02 +0100] "HEAD / HTTP/1.1" 200 468 "-" "checks.panopta.com"
5.10.83.84 - - [28/Oct/2013:05:01:51 +0100] "GET /node/72?lang=en HTTP/1.1" 200 6712 "-" "Mozilla/5.0 (compatible; AhrefsBot/5.0; +http://ahrefs.com/robot/)"
66.249.75.213 - - [28/Oct/2013:05:06:57 +0100] "GET /node/32?lang=en HTTP/1.1" 200 5690 "-" "Mozilla/5.0 (compatible; Googlebot/2.1; +http://www.google.com/bot.html)"
23.92.80.70 - - [28/Oct/2013:05:10:17 +0100] "GET /node/3 HTTP/1.1" 200 6678 "http://www.hurence.com/" "Mozilla/5.0 (compatible; MSIE 10.0; Windows NT 6.1; WOW64; Trident/6.0)"
23.92.80.70 - - [28/Oct/2013:05:10:26 +0100] "GET /?q=node/add HTTP/1.1" 403 4820 "http://www.hurence.com/" "Mozilla/5.0 (compatible; MSIE 10.0; Windows NT 6.1; WOW64; Trident/6.0)"
23.92.80.70 - - [28/Oct/2013:05:10:27 +0100] "GET /?q=user/register HTTP/1.1" 200 5332 "http://www.hurence.com/?q=node/add" "Mozilla/5.0 (compatible; MSIE 10.0; Windows NT 6.1; WOW64; Trident/6.0)"
23.92.80.70 - - [28/Oct/2013:05:10:27 +0100] "POST /?q=user/register HTTP/1.1" 302 678 "http://www.hurence.com/?q=user/register" "Mozilla/5.0 (compatible; MSIE 10.0; Windows NT 6.1; WOW64; Trident/6.0)"
23.92.80.70 - - [28/Oct/2013:05:10:28 +0100] "GET / HTTP/1.1" 200 6715 "http://www.hurence.com/?q=user/register" "Mozilla/5.0 (compatible; MSIE 10.0; Windows NT 6.1; WOW64; Trident/6.0)"
23.92.80.70 - - [28/Oct/2013:05:10:32 +0100] "GET /?q=user HTTP/1.1" 200 5092 "http://www.hurence.com/" "Mozilla/5.0 (compatible; MSIE 10.0; Windows NT 6.1; WOW64; Trident/6.0)"
23.92.80.70 - - [28/Oct/2013:05:10:33 +0100] "POST /?q=user HTTP/1.1" 200 5181 "http://www.hurence.com/?q=user" "Mozilla/5.0 (compatible; MSIE 10.0; Windows NT 6.1; WOW64; Trident/6.0)"
5.10.83.84 - - [28/Oct/2013:05:11:01 +0100] "GET /node/137?lang=fr HTTP/1.1" 200 9904 "-" "Mozilla/5.0 (compatible; AhrefsBot/5.0; +http://ahrefs.com/robot/)"
5.63.145.68 - - [28/Oct/2013:05:13:04 +0100] "HEAD / HTTP/1.1" 200 468 "-" "checks.panopta.com"
180.76.5.8 - - [28/Oct/2013:05:23:27 +0100] "GET /node/94?lang=fr HTTP/1.1" 200 7242 "-" "Mozilla/5.0 (compatible; Baiduspider/2.0; +http://www.baidu.com/search/spider.html)"
5.63.145.68 - - [28/Oct/2013:05:28:05 +0100] "HEAD / HTTP/1.1" 200 468 "-" "checks.panopta.com"
72.14.199.235 - - [28/Oct/2013:05:34:14 +0100] "GET /rss.xml HTTP/1.1" 200 2983 "-" "Feedfetcher-Google; (+http://www.google.com/feedfetcher.html; 3 subscribers; feed-id=7225077890218036057)"
84.240.30.56 - - [28/Oct/2013:05:40:15 +0100] "GET / HTTP/1.0" 200 27933 "http://www.hurence.com/" "Opera/9.80 (Windows NT 6.1; U; ru) Presto/2.10.289 Version/12.02"
84.240.30.56 - - [28/Oct/2013:05:40:16 +0100] "GET /node/82 HTTP/1.0" 200 29219 "http://www.hurence.com/node/82" "Opera/9.80 (Windows NT 6.1; U; ru) Presto/2.10.289 Version/12.02"
84.240.30.56 - - [28/Oct/2013:05:40:18 +0100] "GET /node/6 HTTP/1.0" 200 29295 "http://www.hurence.com/6" "Opera/9.80 (Windows NT 6.1; U; ru) Presto/2.10.289 Version/12.02"
84.240.30.56 - - [28/Oct/2013:05:40:20 +0100] "GET /node/5 HTTP/1.0" 200 23448 "http://www.hurence.com/5" "Opera/9.80 (Windows NT 6.1; U; ru) Presto/2.10.289 Version/12.02"
84.240.30.56 - - [28/Oct/2013:05:40:22 +0100] "GET /node/59 HTTP/1.0" 200 28514 "http://www.hurence.com/59" "Opera/9.80 (Windows NT 6.1; U; ru) Presto/2.10.289 Version/12.02"
5.63.145.68 - - [28/Oct/2013:05:43:07 +0100] "HEAD / HTTP/1.1" 200 468 "-" "checks.panopta.com"
5.63.145.68 - - [28/Oct/2013:05:43:09 +0100] "GET / HTTP/1.1" 200 27767 "-" "checks.panopta.com"
208.115.111.71 - - [28/Oct/2013:05:47:21 +0100] "GET /robots.txt HTTP/1.1" 200 1793 "-" "Mozilla/5.0 (compatible; Ezooms/1.0; ezooms.bot@gmail.com)"
208.115.111.71 - - [28/Oct/2013:05:47:21 +0100] "GET /robots.txt HTTP/1.1" 200 1793 "-" "Mozilla/5.0 (compatible; Ezooms/1.0; ezooms.bot@gmail.com)"
5.10.83.84 - - [28/Oct/2013:05:50:39 +0100] "GET /node/19 HTTP/1.1" 200 6085 "-" "Mozilla/5.0 (compatible; AhrefsBot/5.0; +http://ahrefs.com/robot/)"
123.125.71.42 - - [28/Oct/2013:05:53:54 +0100] "GET / HTTP/1.1" 200 16060 "-" "Mozilla/5.0 (compatible; Baiduspider/2.0; +http://www.baidu.com/search/spider.html)"
220.181.108.75 - - [28/Oct/2013:05:57:31 +0100] "GET / HTTP/1.1" 200 16060 "-" "Mozilla/5.0 (compatible; Baiduspider/2.0; +http://www.baidu.com/search/spider.html)"
5.63.145.68 - - [28/Oct/2013:05:58:11 +0100] "HEAD / HTTP/1.1" 200 468 "-" "checks.panopta.com"
81.52.143.37 - - [28/Oct/2013:05:59:19 +0100] "GET / HTTP/1.1" 200 6322 "-" "Mozilla/5.0 (Windows; U; Windows NT 5.1; fr; rv:1.8.1) VoilaBot BETA 1.2 (support.voilabot@orange-ftgroup.com)"
66.249.75.235 - - [28/Oct/2013:06:09:05 +0100] "GET /node/132 HTTP/1.1" 200 5999 "-" "Mozilla/5.0 (iPhone; CPU iPhone OS 6_0 like Mac OS X) AppleWebKit/536.26 (KHTML, like Gecko) Version/6.0 Mobile/10A5376e Safari/8536.25 (compatible; Googlebot-Mobile/2.1; +http://www.google.com/bot.html)"
119.63.193.194 - - [28/Oct/2013:06:09:07 +0100] "GET / HTTP/1.1" 200 16060 "-" "Mozilla/4.0 (compatible; MSIE 7.0; Windows NT 6.0)"
66.249.75.213 - - [28/Oct/2013:06:10:55 +0100] "GET /node/111?lang=fr HTTP/1.1" 200 7071 "-" "Mozilla/5.0 (iPhone; CPU iPhone OS 6_0 like Mac OS X) AppleWebKit/536.26 (KHTML, like Gecko) Version/6.0 Mobile/10A5376e Safari/8536.25 (compatible; Googlebot-Mobile/2.1; +http://www.google.com/bot.html)"
199.19.249.196 - - [28/Oct/2013:06:12:02 +0100] "GET /node/67 HTTP/1.1" 200 29706 "-" "Mozilla/4.0 (compatible; MSIE 7.0; Windows NT 5.1; InfoPath.1; .NET CLR 2.0.50727; .NET CLR 1.1.4322; MS-RTC LM 8; .NET CLR 3.0.4506.2152; .NET CLR 3.5.30729)"
140.168.135.1 - - [28/Oct/2013:06:12:08 +0100] "GET /node/67 HTTP/1.1" 200 6747 "http://www.google.com.au/url?sa=t&rct=j&q=&esrc=s&frm=1&source=web&cd=1&ved=0CCkQFjAA&url=http%3A%2F%2Fwww.hurence.com%2Fnode%2F67&ei=GfJtUo74GIOilQXbjIGYCg&usg=AFQjCNGhmB-mXgBggQvEM6eSk2EYyf5PWA" "Mozilla/4.0 (compatible; MSIE 8.0; Windows NT 5.1; Trident/4.0; chromeframe/30.0.1599.101; .NET CLR 1.1.4322; .NET CLR 2.0.50727; .NET CLR 3.0.04506.30; .NET CLR 3.0.4506.2152; .NET CLR 3.5.30729; .NET4.0C; .NET4.0E; InfoPath.3; MS-RTC LM 8)"
140.168.135.1 - - [28/Oct/2013:06:12:11 +0100] "GET /modules/system/system.base.css?ls5cse HTTP/1.1" 304 213 "http://www.hurence.com/node/67" "Mozilla/4.0 (compatible; MSIE 8.0; Windows NT 5.1; Trident/4.0; chromeframe/30.0.1599.101; .NET CLR 1.1.4322; .NET CLR 2.0.50727; .NET CLR 3.0.04506.30; .NET CLR 3.0.4506.2152; .NET CLR 3.5.30729; .NET4.0C; .NET4.0E; InfoPath.3; MS-RTC LM 8)"
140.168.135.1 - - [28/Oct/2013:06:12:11 +0100] "GET /modules/system/system.theme.css?ls5cse HTTP/1.1" 304 212 "http://www.hurence.com/node/67" "Mozilla/4.0 (compatible; MSIE 8.0; Windows NT 5.1; Trident/4.0; chromeframe/30.0.1599.101; .NET CLR 1.1.4322; .NET CLR 2.0.50727; .NET CLR 3.0.04506.30; .NET CLR 3.0.4506.2152; .NET CLR 3.5.30729; .NET4.0C; .NET4.0E; InfoPath.3; MS-RTC LM 8)"
140.168.135.1 - - [28/Oct/2013:06:12:11 +0100] "GET /modules/user/user.css?ls5cse HTTP/1.1" 304 212 "http://www.hurence.com/node/67" "Mozilla/4.0 (compatible; MSIE 8.0; Windows NT 5.1; Trident/4.0; chromeframe/30.0.1599.101; .NET CLR 1.1.4322; .NET CLR 2.0.50727; .NET CLR 3.0.04506.30; .NET CLR 3.0.4506.2152; .NET CLR 3.5.30729; .NET4.0C; .NET4.0E; InfoPath.3; MS-RTC LM 8)"
140.168.135.1 - - [28/Oct/2013:06:12:11 +0100] "GET /modules/comment/comment.css?ls5cse HTTP/1.1" 304 212 "http://www.hurence.com/node/67" "Mozilla/4.0 (compatible; MSIE 8.0; Windows NT 5.1; Trident/4.0; chromeframe/30.0.1599.101; .NET CLR 1.1.4322; .NET CLR 2.0.50727; .NET CLR 3.0.04506.30; .NET CLR 3.0.4506.2152; .NET CLR 3.5.30729; .NET4.0C; .NET4.0E; InfoPath.3; MS-RTC LM 8)"
140.168.135.1 - - [28/Oct/2013:06:12:12 +0100] "GET /modules/field/theme/field.css?ls5cse HTTP/1.1" 304 213 "http://www.hurence.com/node/67" "Mozilla/4.0 (compatible; MSIE 8.0; Windows NT 5.1; Trident/4.0; chromeframe/30.0.1599.101; .NET CLR 1.1.4322; .NET CLR 2.0.50727; .NET CLR 3.0.04506.30; .NET CLR 3.0.4506.2152; .NET CLR 3.5.30729; .NET4.0C; .NET4.0E; InfoPath.3; MS-RTC LM 8)"
140.168.135.1 - - [28/Oct/2013:06:12:12 +0100] "GET /modules/node/node.css?ls5cse HTTP/1.1" 304 212 "http://www.hurence.com/node/67" "Mozilla/4.0 (compatible; MSIE 8.0; Windows NT 5.1; Trident/4.0; chromeframe/30.0.1599.101; .NET CLR 1.1.4322; .NET CLR 2.0.50727; .NET CLR 3.0.04506.30; .NET CLR 3.0.4506.2152; .NET CLR 3.5.30729; .NET4.0C; .NET4.0E; InfoPath.3; MS-RTC LM 8)"
140.168.135.1 - - [28/Oct/2013:06:12:12 +0100] "GET /modules/locale/locale.css?ls5cse HTTP/1.1" 304 212 "http://www.hurence.com/node/67" "Mozilla/4.0 (compatible; MSIE 8.0; Windows NT 5.1; Trident/4.0; chromeframe/30.0.1599.101; .NET CLR 1.1.4322; .NET CLR 2.0.50727; .NET CLR 3.0.04506.30; .NET CLR 3.0.4506.2152; .NET CLR 3.5.30729; .NET4.0C; .NET4.0E; InfoPath.3; MS-RTC LM 8)"
140.168.135.1 - - [28/Oct/2013:06:12:12 +0100] "GET /sites/all/themes/hurence/css/wireframes.css?ls5cse HTTP/1.1" 304 212 "http://www.hurence.com/node/67" "Mozilla/4.0 (compatible; MSIE 8.0; Windows NT 5.1; Trident/4.0; chromeframe/30.0.1599.101; .NET CLR 1.1.4322; .NET CLR 2.0.50727; .NET CLR 3.0.04506.30; .NET CLR 3.0.4506.2152; .NET CLR 3.5.30729; .NET4.0C; .NET4.0E; InfoPath.3; MS-RTC LM 8)"
140.168.135.1 - - [28/Oct/2013:06:12:12 +0100] "GET /sites/all/modules/featured_content/featured_content.css?ls5cse HTTP/1.1" 304 211 "http://www.hurence.com/node/67" "Mozilla/4.0 (compatible; MSIE 8.0; Windows NT 5.1; Trident/4.0; chromeframe/30.0.1599.101; .NET CLR 1.1.4322; .NET CLR 2.0.50727; .NET CLR 3.0.04506.30; .NET CLR 3.0.4506.2152; .NET CLR 3.5.30729; .NET4.0C; .NET4.0E; InfoPath.3; MS-RTC LM 8)"
140.168.135.1 - - [28/Oct/2013:06:12:12 +0100] "GET /sites/all/themes/hurence/css/layout-fixed.css?ls5cse HTTP/1.1" 304 213 "http://www.hurence.com/node/67" "Mozilla/4.0 (compatible; MSIE 8.0; Windows NT 5.1; Trident/4.0; chromeframe/30.0.1599.101; .NET CLR 1.1.4322; .NET CLR 2.0.50727; .NET CLR 3.0.04506.30; .NET CLR 3.0.4506.2152; .NET CLR 3.5.30729; .NET4.0C; .NET4.0E; InfoPath.3; MS-RTC LM 8)"
140.168.135.1 - - [28/Oct/2013:06:12:13 +0100] "GET /sites/all/themes/hurence/css/pages.css?ls5cse HTTP/1.1" 304 213 "http://www.hurence.com/node/67" "Mozilla/4.0 (compatible; MSIE 8.0; Windows NT 5.1; Trident/4.0; chromeframe/30.0.1599.101; .NET CLR 1.1.4322; .NET CLR 2.0.50727; .NET CLR 3.0.04506.30; .NET CLR 3.0.4506.2152; .NET CLR 3.5.30729; .NET4.0C; .NET4.0E; InfoPath.3; MS-RTC LM 8)"
140.168.135.1 - - [28/Oct/2013:06:12:13 +0100] "GET /sites/all/themes/hurence/css/page-backgrounds.css?ls5cse HTTP/1.1" 304 212 "http://www.hurence.com/node/67" "Mozilla/4.0 (compatible; MSIE 8.0; Windows NT 5.1; Trident/4.0; chromeframe/30.0.1599.101; .NET CLR 1.1.4322; .NET CLR 2.0.50727; .NET CLR 3.0.04506.30; .NET CLR 3.0.4506.2152; .NET CLR 3.5.30729; .NET4.0C; .NET4.0E; InfoPath.3; MS-RTC LM 8)"
140.168.135.1 - - [28/Oct/2013:06:12:13 +0100] "GET /sites/all/themes/hurence/css/blocks.css?ls5cse HTTP/1.1" 304 213 "http://www.hurence.com/node/67" "Mozilla/4.0 (compatible; MSIE 8.0; Windows NT 5.1; Trident/4.0; chromeframe/30.0.1599.101; .NET CLR 1.1.4322; .NET CLR 2.0.50727; .NET CLR 3.0.04506.30; .NET CLR 3.0.4506.2152; .NET CLR 3.5.30729; .NET4.0C; .NET4.0E; InfoPath.3; MS-RTC LM 8)"
140.168.135.1 - - [28/Oct/2013:06:12:13 +0100] "GET /sites/all/themes/hurence/css/navigation.css?ls5cse HTTP/1.1" 304 213 "http://www.hurence.com/node/67" "Mozilla/4.0 (compatible; MSIE 8.0; Windows NT 5.1; Trident/4.0; chromeframe/30.0.1599.101; .NET CLR 1.1.4322; .NET CLR 2.0.50727; .NET CLR 3.0.04506.30; .NET CLR 3.0.4506.2152; .NET CLR 3.5.30729; .NET4.0C; .NET4.0E; InfoPath.3; MS-RTC LM 8)"
140.168.135.1 - - [28/Oct/2013:06:12:13 +0100] "GET /sites/all/themes/hurence/css/comments.css?ls5cse HTTP/1.1" 304 212 "http://www.hurence.com/node/67" "Mozilla/4.0 (compatible; MSIE 8.0; Windows NT 5.1; Trident/4.0; chromeframe/30.0.1599.101; .NET CLR 1.1.4322; .NET CLR 2.0.50727; .NET CLR 3.0.04506.30; .NET CLR 3.0.4506.2152; .NET CLR 3.5.30729; .NET4.0C; .NET4.0E; InfoPath.3; MS-RTC LM 8)"
140.168.135.1 - - [28/Oct/2013:06:12:13 +0100] "GET /sites/all/themes/hurence/css/fields.css?ls5cse HTTP/1.1" 304 212 "http://www.hurence.com/node/67" "Mozilla/4.0 (compatible; MSIE 8.0; Windows NT 5.1; Trident/4.0; chromeframe/30.0.1599.101; .NET CLR 1.1.4322; .NET CLR 2.0.50727; .NET CLR 3.0.04506.30; .NET CLR 3.0.4506.2152; .NET CLR 3.5.30729; .NET4.0C; .NET4.0E; InfoPath.3; MS-RTC LM 8)"
140.168.135.1 - - [28/Oct/2013:06:12:13 +0100] "GET /sites/all/themes/hurence/css/forms.css?ls5cse HTTP/1.1" 304 212 "http://www.hurence.com/node/67" "Mozilla/4.0 (compatible; MSIE 8.0; Windows NT 5.1; Trident/4.0; chromeframe/30.0.1599.101; .NET CLR 1.1.4322; .NET CLR 2.0.50727; .NET CLR 3.0.04506.30; .NET CLR 3.0.4506.2152; .NET CLR 3.5.30729; .NET4.0C; .NET4.0E; InfoPath.3; MS-RTC LM 8)"
140.168.135.1 - - [28/Oct/2013:06:12:13 +0100] "GET /sites/all/themes/hurence/css/print.css?ls5cse HTTP/1.1" 304 212 "http://www.hurence.com/node/67" "Mozilla/4.0 (compatible; MSIE 8.0; Windows NT 5.1; Trident/4.0; chromeframe/30.0.1599.101; .NET CLR 1.1.4322; .NET CLR 2.0.50727; .NET CLR 3.0.04506.30; .NET CLR 3.0.4506.2152; .NET CLR 3.5.30729; .NET4.0C; .NET4.0E; InfoPath.3; MS-RTC LM 8)"
140.168.135.1 - - [28/Oct/2013:06:12:14 +0100] "GET /misc/jquery.js?v=1.4.4 HTTP/1.1" 304 214 "http://www.hurence.com/node/67" "Mozilla/4.0 (compatible; MSIE 8.0; Windows NT 5.1; Trident/4.0; chromeframe/30.0.1599.101; .NET CLR 1.1.4322; .NET CLR 2.0.50727; .NET CLR 3.0.04506.30; .NET CLR 3.0.4506.2152; .NET CLR 3.5.30729; .NET4.0C; .NET4.0E; InfoPath.3; MS-RTC LM 8)"
140.168.135.1 - - [28/Oct/2013:06:12:14 +0100] "GET /sites/all/modules/megamenu/megamenu.js?ls5cse HTTP/1.1" 304 213 "http://www.hurence.com/node/67" "Mozilla/4.0 (compatible; MSIE 8.0; Windows NT 5.1; Trident/4.0; chromeframe/30.0.1599.101; .NET CLR 1.1.4322; .NET CLR 2.0.50727; .NET CLR 3.0.04506.30; .NET CLR 3.0.4506.2152; .NET CLR 3.5.30729; .NET4.0C; .NET4.0E; InfoPath.3; MS-RTC LM 8)"
140.168.135.1 - - [28/Oct/2013:06:12:14 +0100] "GET /sites/all/modules/views/js/jquery.ui.dialog.patch.js?ls5cse HTTP/1.1" 304 212 "http://www.hurence.com/node/67" "Mozilla/4.0 (compatible; MSIE 8.0; Windows NT 5.1; Trident/4.0; chromeframe/30.0.1599.101; .NET CLR 1.1.4322; .NET CLR 2.0.50727; .NET CLR 3.0.04506.30; .NET CLR 3.0.4506.2152; .NET CLR 3.5.30729; .NET4.0C; .NET4.0E; InfoPath.3; MS-RTC LM 8)"
140.168.135.1 - - [28/Oct/2013:06:12:15 +0100] "GET /modules/system/system.menus.css?ls5cse HTTP/1.1" 304 212 "http://www.hurence.com/node/67" "Mozilla/4.0 (compatible; MSIE 8.0; Windows NT 5.1; Trident/4.0; chromeframe/30.0.1599.101; .NET CLR 1.1.4322; .NET CLR 2.0.50727; .NET CLR 3.0.04506.30; .NET CLR 3.0.4506.2152; .NET CLR 3.5.30729; .NET4.0C; .NET4.0E; InfoPath.3; MS-RTC LM 8)"
140.168.135.1 - - [28/Oct/2013:06:12:15 +0100] "GET /sites/all/modules/featured_content/featured_content.js?ls5cse HTTP/1.1" 304 213 "http://www.hurence.com/node/67" "Mozilla/4.0 (compatible; MSIE 8.0; Windows NT 5.1; Trident/4.0; chromeframe/30.0.1599.101; .NET CLR 1.1.4322; .NET CLR 2.0.50727; .NET CLR 3.0.04506.30; .NET CLR 3.0.4506.2152; .NET CLR 3.5.30729; .NET4.0C; .NET4.0E; InfoPath.3; MS-RTC LM 8)"
140.168.135.1 - - [28/Oct/2013:06:12:15 +0100] "GET /modules/system/system.messages.css?ls5cse HTTP/1.1" 304 212 "http://www.hurence.com/node/67" "Mozilla/4.0 (compatible; MSIE 8.0; Windows NT 5.1; Trident/4.0; chromeframe/30.0.1599.101; .NET CLR 1.1.4322; .NET CLR 2.0.50727; .NET CLR 3.0.04506.30; .NET CLR 3.0.4506.2152; .NET CLR 3.5.30729; .NET4.0C; .NET4.0E; InfoPath.3; MS-RTC LM 8)"
140.168.135.1 - - [28/Oct/2013:06:12:15 +0100] "GET /misc/drupal.js?ls5cse HTTP/1.1" 304 213 "http://www.hurence.com/node/67" "Mozilla/4.0 (compatible; MSIE 8.0; Windows NT 5.1; Trident/4.0; chromeframe/30.0.1599.101; .NET CLR 1.1.4322; .NET CLR 2.0.50727; .NET CLR 3.0.04506.30; .NET CLR 3.0.4506.2152; .NET CLR 3.5.30729; .NET4.0C; .NET4.0E; InfoPath.3; MS-RTC LM 8)"
140.168.135.1 - - [28/Oct/2013:06:12:15 +0100] "GET /sites/all/modules/simplenews/simplenews.css?ls5cse HTTP/1.1" 304 212 "http://www.hurence.com/node/67" "Mozilla/4.0 (compatible; MSIE 8.0; Windows NT 5.1; Trident/4.0; chromeframe/30.0.1599.101; .NET CLR 1.1.4322; .NET CLR 2.0.50727; .NET CLR 3.0.04506.30; .NET CLR 3.0.4506.2152; .NET CLR 3.5.30729; .NET4.0C; .NET4.0E; InfoPath.3; MS-RTC LM 8)"
140.168.135.1 - - [28/Oct/2013:06:12:15 +0100] "GET /modules/search/search.css?ls5cse HTTP/1.1" 304 212 "http://www.hurence.com/node/67" "Mozilla/4.0 (compatible; MSIE 8.0; Windows NT 5.1; Trident/4.0; chromeframe/30.0.1599.101; .NET CLR 1.1.4322; .NET CLR 2.0.50727; .NET CLR 3.0.04506.30; .NET CLR 3.0.4506.2152; .NET CLR 3.5.30729; .NET4.0C; .NET4.0E; InfoPath.3; MS-RTC LM 8)"
140.168.135.1 - - [28/Oct/2013:06:12:15 +0100] "GET /sites/all/modules/megamenu/megamenu.css?ls5cse HTTP/1.1" 304 212 "http://www.hurence.com/node/67" "Mozilla/4.0 (compatible; MSIE 8.0; Windows NT 5.1; Trident/4.0; chromeframe/30.0.1599.101; .NET CLR 1.1.4322; .NET CLR 2.0.50727; .NET CLR 3.0.04506.30; .NET CLR 3.0.4506.2152; .NET CLR 3.5.30729; .NET4.0C; .NET4.0E; InfoPath.3; MS-RTC LM 8)"
140.168.135.1 - - [28/Oct/2013:06:12:15 +0100] "GET /sites/all/modules/views/css/views.css?ls5cse HTTP/1.1" 304 212 "http://www.hurence.com/node/67" "Mozilla/4.0 (compatible; MSIE 8.0; Windows NT 5.1; Trident/4.0; chromeframe/30.0.1599.101; .NET CLR 1.1.4322; .NET CLR 2.0.50727; .NET CLR 3.0.04506.30; .NET CLR 3.0.4506.2152; .NET CLR 3.5.30729; .NET4.0C; .NET4.0E; InfoPath.3; MS-RTC LM 8)"
140.168.135.1 - - [28/Oct/2013:06:12:15 +0100] "GET /sites/all/themes/hurence/css/nodes.css?ls5cse HTTP/1.1" 304 212 "http://www.hurence.com/node/67" "Mozilla/4.0 (compatible; MSIE 8.0; Windows NT 5.1; Trident/4.0; chromeframe/30.0.1599.101; .NET CLR 1.1.4322; .NET CLR 2.0.50727; .NET CLR 3.0.04506.30; .NET CLR 3.0.4506.2152; .NET CLR 3.5.30729; .NET4.0C; .NET4.0E; InfoPath.3; MS-RTC LM 8)"
140.168.135.1 - - [28/Oct/2013:06:12:15 +0100] "GET /sites/all/themes/hurence/css/views-styles.css?ls5cse HTTP/1.1" 304 211 "http://www.hurence.com/node/67" "Mozilla/4.0 (compatible; MSIE 8.0; Windows NT 5.1; Trident/4.0; chromeframe/30.0.1599.101; .NET CLR 1.1.4322; .NET CLR 2.0.50727; .NET CLR 3.0.04506.30; .NET CLR 3.0.4506.2152; .NET CLR 3.5.30729; .NET4.0C; .NET4.0E; InfoPath.3; MS-RTC LM 8)"
140.168.135.1 - - [28/Oct/2013:06:12:16 +0100] "GET /sites/all/themes/hurence/css/html-reset.css?ls5cse HTTP/1.1" 304 213 "http://www.hurence.com/node/67" "Mozilla/4.0 (compatible; MSIE 8.0; Windows NT 5.1; Trident/4.0; chromeframe/30.0.1599.101; .NET CLR 1.1.4322; .NET CLR 2.0.50727; .NET CLR 3.0.04506.30; .NET CLR 3.0.4506.2152; .NET CLR 3.5.30729; .NET4.0C; .NET4.0E; InfoPath.3; MS-RTC LM 8)"
140.168.135.1 - - [28/Oct/2013:06:12:16 +0100] "GET /sites/all/themes/hurence/css/tabs.css?ls5cse HTTP/1.1" 304 212 "http://www.hurence.com/node/67" "Mozilla/4.0 (compatible; MSIE 8.0; Windows NT 5.1; Trident/4.0; chromeframe/30.0.1599.101; .NET CLR 1.1.4322; .NET CLR 2.0.50727; .NET CLR 3.0.04506.30; .NET CLR 3.0.4506.2152; .NET CLR 3.5.30729; .NET4.0C; .NET4.0E; InfoPath.3; MS-RTC LM 8)"
140.168.135.1 - - [28/Oct/2013:06:12:16 +0100] "GET /misc/jquery.once.js?v=1.2 HTTP/1.1" 304 212 "http://www.hurence.com/node/67" "Mozilla/4.0 (compatible; MSIE 8.0; Windows NT 5.1; Trident/4.0; chromeframe/30.0.1599.101; .NET CLR 1.1.4322; .NET CLR 2.0.50727; .NET CLR 3.0.04506.30; .NET CLR 3.0.4506.2152; .NET CLR 3.5.30729; .NET4.0C; .NET4.0E; InfoPath.3; MS-RTC LM 8)"
140.168.135.1 - - [28/Oct/2013:06:12:16 +0100] "GET /sites/all/themes/hurence/js/hurence.js?ls5cse HTTP/1.1" 304 212 "http://www.hurence.com/node/67" "Mozilla/4.0 (compatible; MSIE 8.0; Windows NT 5.1; Trident/4.0; chromeframe/30.0.1599.101; .NET CLR 1.1.4322; .NET CLR 2.0.50727; .NET CLR 3.0.04506.30; .NET CLR 3.0.4506.2152; .NET CLR 3.5.30729; .NET4.0C; .NET4.0E; InfoPath.3; MS-RTC LM 8)"
140.168.135.1 - - [28/Oct/2013:06:12:16 +0100] "GET /sites/all/themes/hurence/css/megamenu-hurence.css?ls5cse HTTP/1.1" 304 213 "http://www.hurence.com/node/67" "Mozilla/4.0 (compatible; MSIE 8.0; Windows NT 5.1; Trident/4.0; chromeframe/30.0.1599.101; .NET CLR 1.1.4322; .NET CLR 2.0.50727; .NET CLR 3.0.04506.30; .NET CLR 3.0.4506.2152; .NET CLR 3.5.30729; .NET4.0C; .NET4.0E; InfoPath.3; MS-RTC LM 8)"
140.168.135.1 - - [28/Oct/2013:06:12:16 +0100] "GET /sites/all/themes/hurence/css/hurence.css?ls5cse HTTP/1.1" 304 213 "http://www.hurence.com/node/67" "Mozilla/4.0 (compatible; MSIE 8.0; Windows NT 5.1; Trident/4.0; chromeframe/30.0.1599.101; .NET CLR 1.1.4322; .NET CLR 2.0.50727; .NET CLR 3.0.04506.30; .NET CLR 3.0.4506.2152; .NET CLR 3.5.30729; .NET4.0C; .NET4.0E; InfoPath.3; MS-RTC LM 8)"
140.168.135.1 - - [28/Oct/2013:06:12:16 +0100] "GET /sites/all/modules/megamenu/megamenu-skins.css?ls5cse HTTP/1.1" 304 210 "http://www.hurence.com/node/67" "Mozilla/4.0 (compatible; MSIE 8.0; Windows NT 5.1; Trident/4.0; chromeframe/30.0.1599.101; .NET CLR 1.1.4322; .NET CLR 2.0.50727; .NET CLR 3.0.04506.30; .NET CLR 3.0.4506.2152; .NET CLR 3.5.30729; .NET4.0C; .NET4.0E; InfoPath.3; MS-RTC LM 8)"
140.168.135.1 - - [28/Oct/2013:06:12:16 +0100] "GET /sites/all/modules/ctools/css/ctools.css?ls5cse HTTP/1.1" 304 212 "http://www.hurence.com/node/67" "Mozilla/4.0 (compatible; MSIE 8.0; Windows NT 5.1; Trident/4.0; chromeframe/30.0.1599.101; .NET CLR 1.1.4322; .NET CLR 2.0.50727; .NET CLR 3.0.04506.30; .NET CLR 3.0.4506.2152; .NET CLR 3.5.30729; .NET4.0C; .NET4.0E; InfoPath.3; MS-RTC LM 8)"
140.168.135.1 - - [28/Oct/2013:06:12:17 +0100] "GET /modules/file/icons/application-pdf.png HTTP/1.1" 200 639 "http://www.hurence.com/node/67" "Mozilla/4.0 (compatible; MSIE 8.0; Windows NT 5.1; Trident/4.0; chromeframe/30.0.1599.101; .NET CLR 1.1.4322; .NET CLR 2.0.50727; .NET CLR 3.0.04506.30; .NET CLR 3.0.4506.2152; .NET CLR 3.5.30729; .NET4.0C; .NET4.0E; InfoPath.3; MS-RTC LM 8)"
140.168.135.1 - - [28/Oct/2013:06:12:17 +0100] "GET /misc/feed.png HTTP/1.1" 200 949 "http://www.hurence.com/node/67" "Mozilla/4.0 (compatible; MSIE 8.0; Windows NT 5.1; Trident/4.0; chromeframe/30.0.1599.101; .NET CLR 1.1.4322; .NET CLR 2.0.50727; .NET CLR 3.0.04506.30; .NET CLR 3.0.4506.2152; .NET CLR 3.5.30729; .NET4.0C; .NET4.0E; InfoPath.3; MS-RTC LM 8)"
140.168.135.1 - - [28/Oct/2013:06:12:17 +0100] "GET /sites/default/files/styles/white_paper_logo/public/hadoop-logo.jpg HTTP/1.1" 304 189 "http://www.hurence.com/node/67" "Mozilla/4.0 (compatible; MSIE 8.0; Windows NT 5.1; Trident/4.0; chromeframe/30.0.1599.101; .NET CLR 1.1.4322; .NET CLR 2.0.50727; .NET CLR 3.0.04506.30; .NET CLR 3.0.4506.2152; .NET CLR 3.5.30729; .NET4.0C; .NET4.0E; InfoPath.3; MS-RTC LM 8)"
140.168.135.1 - - [28/Oct/2013:06:12:17 +0100] "GET /sites/all/themes/hurence/logo.png HTTP/1.1" 304 190 "http://www.hurence.com/node/67" "Mozilla/4.0 (compatible; MSIE 8.0; Windows NT 5.1; Trident/4.0; chromeframe/30.0.1599.101; .NET CLR 1.1.4322; .NET CLR 2.0.50727; .NET CLR 3.0.04506.30; .NET CLR 3.0.4506.2152; .NET CLR 3.5.30729; .NET4.0C; .NET4.0E; InfoPath.3; MS-RTC LM 8)"
140.168.135.1 - - [28/Oct/2013:06:12:17 +0100] "GET /sites/all/themes/hurence/images/bg_header.gif HTTP/1.1" 304 189 "http://www.hurence.com/node/67" "Mozilla/4.0 (compatible; MSIE 8.0; Windows NT 5.1; Trident/4.0; chromeframe/30.0.1599.101; .NET CLR 1.1.4322; .NET CLR 2.0.50727; .NET CLR 3.0.04506.30; .NET CLR 3.0.4506.2152; .NET CLR 3.5.30729; .NET4.0C; .NET4.0E; InfoPath.3; MS-RTC LM 8)"
140.168.135.1 - - [28/Oct/2013:06:12:18 +0100] "GET /sites/default/files/mail.png HTTP/1.1" 200 4030 "http://www.hurence.com/node/67" "Mozilla/4.0 (compatible; MSIE 8.0; Windows NT 5.1; Trident/4.0; chromeframe/30.0.1599.101; .NET CLR 1.1.4322; .NET CLR 2.0.50727; .NET CLR 3.0.04506.30; .NET CLR 3.0.4506.2152; .NET CLR 3.5.30729; .NET4.0C; .NET4.0E; InfoPath.3; MS-RTC LM 8)"
140.168.135.1 - - [28/Oct/2013:06:12:18 +0100] "GET /sites/default/files/Twitter-24x24.png HTTP/1.1" 304 189 "http://www.hurence.com/node/67" "Mozilla/4.0 (compatible; MSIE 8.0; Windows NT 5.1; Trident/4.0; chromeframe/30.0.1599.101; .NET CLR 1.1.4322; .NET CLR 2.0.50727; .NET CLR 3.0.04506.30; .NET CLR 3.0.4506.2152; .NET CLR 3.5.30729; .NET4.0C; .NET4.0E; InfoPath.3; MS-RTC LM 8)"
140.168.135.1 - - [28/Oct/2013:06:12:18 +0100] "GET /sites/all/themes/hurence/images/bg_header-inner.jpg HTTP/1.1" 304 190 "http://www.hurence.com/node/67" "Mozilla/4.0 (compatible; MSIE 8.0; Windows NT 5.1; Trident/4.0; chromeframe/30.0.1599.101; .NET CLR 1.1.4322; .NET CLR 2.0.50727; .NET CLR 3.0.04506.30; .NET CLR 3.0.4506.2152; .NET CLR 3.5.30729; .NET4.0C; .NET4.0E; InfoPath.3; MS-RTC LM 8)"
140.168.135.1 - - [28/Oct/2013:06:12:18 +0100] "GET /sites/default/files/Facebook-24x24.png HTTP/1.1" 304 189 "http://www.hurence.com/node/67" "Mozilla/4.0 (compatible; MSIE 8.0; Windows NT 5.1; Trident/4.0; chromeframe/30.0.1599.101; .NET CLR 1.1.4322; .NET CLR 2.0.50727; .NET CLR 3.0.04506.30; .NET CLR 3.0.4506.2152; .NET CLR 3.5.30729; .NET4.0C; .NET4.0E; InfoPath.3; MS-RTC LM 8)"
140.168.135.1 - - [28/Oct/2013:06:12:18 +0100] "GET /sites/default/files/fr.jpg HTTP/1.1" 304 189 "http://www.hurence.com/node/67" "Mozilla/4.0 (compatible; MSIE 8.0; Windows NT 5.1; Trident/4.0; chromeframe/30.0.1599.101; .NET CLR 1.1.4322; .NET CLR 2.0.50727; .NET CLR 3.0.04506.30; .NET CLR 3.0.4506.2152; .NET CLR 3.5.30729; .NET4.0C; .NET4.0E; InfoPath.3; MS-RTC LM 8)"
140.168.135.1 - - [28/Oct/2013:06:12:18 +0100] "GET /sites/default/files/en.jpg HTTP/1.1" 304 189 "http://www.hurence.com/node/67" "Mozilla/4.0 (compatible; MSIE 8.0; Windows NT 5.1; Trident/4.0; chromeframe/30.0.1599.101; .NET CLR 1.1.4322; .NET CLR 2.0.50727; .NET CLR 3.0.04506.30; .NET CLR 3.0.4506.2152; .NET CLR 3.5.30729; .NET4.0C; .NET4.0E; InfoPath.3; MS-RTC LM 8)"
140.168.135.1 - - [28/Oct/2013:06:12:19 +0100] "GET /sites/default/files/favicon.png HTTP/1.1" 304 189 "-" "Mozilla/4.0 (compatible; MSIE 8.0; Windows NT 5.1; Trident/4.0; chromeframe/30.0.1599.101; .NET CLR 1.1.4322; .NET CLR 2.0.50727; .NET CLR 3.0.04506.30; .NET CLR 3.0.4506.2152; .NET CLR 3.5.30729; .NET4.0C; .NET4.0E; InfoPath.3; MS-RTC LM 8)"
127.0.0.1 - - [28/Oct/2013:06:12:36 +0100] "OPTIONS * HTTP/1.0" 200 152 "-" "Apache/2.2.17 (Ubuntu) (internal dummy connection)"
199.19.249.196 - - [28/Oct/2013:06:13:23 +0100] "GET /node/12 HTTP/1.1" 200 28531 "-" "Mozilla/4.0 (compatible; MSIE 7.0; Windows NT 5.1; InfoPath.1; .NET CLR 2.0.50727; .NET CLR 1.1.4322; MS-RTC LM 8; .NET CLR 3.0.4506.2152; .NET CLR 3.5.30729)"
140.168.135.1 - - [28/Oct/2013:06:13:25 +0100] "GET /node/12 HTTP/1.1" 200 6360 "http://www.hurence.com/node/67" "Mozilla/4.0 (compatible; MSIE 8.0; Windows NT 5.1; Trident/4.0; chromeframe/30.0.1599.101; .NET CLR 1.1.4322; .NET CLR 2.0.50727; .NET CLR 3.0.04506.30; .NET CLR 3.0.4506.2152; .NET CLR 3.5.30729; .NET4.0C; .NET4.0E; InfoPath.3; MS-RTC LM 8)"
140.168.135.1 - - [28/Oct/2013:06:13:27 +0100] "GET /misc/jquery.once.js?v=1.2 HTTP/1.1" 304 212 "http://www.hurence.com/node/12" "Mozilla/4.0 (compatible; MSIE 8.0; Windows NT 5.1; Trident/4.0; chromeframe/30.0.1599.101; .NET CLR 1.1.4322; .NET CLR 2.0.50727; .NET CLR 3.0.04506.30; .NET CLR 3.0.4506.2152; .NET CLR 3.5.30729; .NET4.0C; .NET4.0E; InfoPath.3; MS-RTC LM 8)"
140.168.135.1 - - [28/Oct/2013:06:13:28 +0100] "GET /misc/drupal.js?ls5cse HTTP/1.1" 304 214 "http://www.hurence.com/node/12" "Mozilla/4.0 (compatible; MSIE 8.0; Windows NT 5.1; Trident/4.0; chromeframe/30.0.1599.101; .NET CLR 1.1.4322; .NET CLR 2.0.50727; .NET CLR 3.0.04506.30; .NET CLR 3.0.4506.2152; .NET CLR 3.5.30729; .NET4.0C; .NET4.0E; InfoPath.3; MS-RTC LM 8)"
140.168.135.1 - - [28/Oct/2013:06:13:28 +0100] "GET /misc/jquery.js?v=1.4.4 HTTP/1.1" 304 215 "http://www.hurence.com/node/12" "Mozilla/4.0 (compatible; MSIE 8.0; Windows NT 5.1; Trident/4.0; chromeframe/30.0.1599.101; .NET CLR 1.1.4322; .NET CLR 2.0.50727; .NET CLR 3.0.04506.30; .NET CLR 3.0.4506.2152; .NET CLR 3.5.30729; .NET4.0C; .NET4.0E; InfoPath.3; MS-RTC LM 8)"
140.168.135.1 - - [28/Oct/2013:06:13:28 +0100] "GET /sites/all/modules/featured_content/featured_content.js?ls5cse HTTP/1.1" 304 213 "http://www.hurence.com/node/12" "Mozilla/4.0 (compatible; MSIE 8.0; Windows NT 5.1; Trident/4.0; chromeframe/30.0.1599.101; .NET CLR 1.1.4322; .NET CLR 2.0.50727; .NET CLR 3.0.04506.30; .NET CLR 3.0.4506.2152; .NET CLR 3.5.30729; .NET4.0C; .NET4.0E; InfoPath.3; MS-RTC LM 8)"
140.168.135.1 - - [28/Oct/2013:06:13:28 +0100] "GET /sites/all/modules/megamenu/megamenu.js?ls5cse HTTP/1.1" 304 214 "http://www.hurence.com/node/12" "Mozilla/4.0 (compatible; MSIE 8.0; Windows NT 5.1; Trident/4.0; chromeframe/30.0.1599.101; .NET CLR 1.1.4322; .NET CLR 2.0.50727; .NET CLR 3.0.04506.30; .NET CLR 3.0.4506.2152; .NET CLR 3.5.30729; .NET4.0C; .NET4.0E; InfoPath.3; MS-RTC LM 8)"
140.168.135.1 - - [28/Oct/2013:06:13:28 +0100] "GET /sites/all/modules/views/js/jquery.ui.dialog.patch.js?ls5cse HTTP/1.1" 304 212 "http://www.hurence.com/node/12" "Mozilla/4.0 (compatible; MSIE 8.0; Windows NT 5.1; Trident/4.0; chromeframe/30.0.1599.101; .NET CLR 1.1.4322; .NET CLR 2.0.50727; .NET CLR 3.0.04506.30; .NET CLR 3.0.4506.2152; .NET CLR 3.5.30729; .NET4.0C; .NET4.0E; InfoPath.3; MS-RTC LM 8)"
140.168.135.1 - - [28/Oct/2013:06:13:28 +0100] "GET /sites/all/themes/hurence/js/hurence.js?ls5cse HTTP/1.1" 304 213 "http://www.hurence.com/node/12" "Mozilla/4.0 (compatible; MSIE 8.0; Windows NT 5.1; Trident/4.0; chromeframe/30.0.1599.101; .NET CLR 1.1.4322; .NET CLR 2.0.50727; .NET CLR 3.0.04506.30; .NET CLR 3.0.4506.2152; .NET CLR 3.5.30729; .NET4.0C; .NET4.0E; InfoPath.3; MS-RTC LM 8)"
140.168.135.1 - - [28/Oct/2013:06:13:29 +0100] "GET /sites/default/files/HBase-final.jpg HTTP/1.1" 200 37603 "http://www.hurence.com/node/12" "Mozilla/4.0 (compatible; MSIE 8.0; Windows NT 5.1; Trident/4.0; chromeframe/30.0.1599.101; .NET CLR 1.1.4322; .NET CLR 2.0.50727; .NET CLR 3.0.04506.30; .NET CLR 3.0.4506.2152; .NET CLR 3.5.30729; .NET4.0C; .NET4.0E; InfoPath.3; MS-RTC LM 8)"
140.168.135.1 - - [28/Oct/2013:06:13:29 +0100] "GET /sites/default/files/Membase-final.jpg HTTP/1.1" 200 34919 "http://www.hurence.com/node/12" "Mozilla/4.0 (compatible; MSIE 8.0; Windows NT 5.1; Trident/4.0; chromeframe/30.0.1599.101; .NET CLR 1.1.4322; .NET CLR 2.0.50727; .NET CLR 3.0.04506.30; .NET CLR 3.0.4506.2152; .NET CLR 3.5.30729; .NET4.0C; .NET4.0E; InfoPath.3; MS-RTC LM 8)"
140.168.135.1 - - [28/Oct/2013:06:13:29 +0100] "GET /sites/default/files/Hive-final.jpg HTTP/1.1" 200 39357 "http://www.hurence.com/node/12" "Mozilla/4.0 (compatible; MSIE 8.0; Windows NT 5.1; Trident/4.0; chromeframe/30.0.1599.101; .NET CLR 1.1.4322; .NET CLR 2.0.50727; .NET CLR 3.0.04506.30; .NET CLR 3.0.4506.2152; .NET CLR 3.5.30729; .NET4.0C; .NET4.0E; InfoPath.3; MS-RTC LM 8)"
140.168.135.1 - - [28/Oct/2013:06:13:29 +0100] "GET /sites/default/files/Hadoop-final.jpg HTTP/1.1" 200 40046 "http://www.hurence.com/node/12" "Mozilla/4.0 (compatible; MSIE 8.0; Windows NT 5.1; Trident/4.0; chromeframe/30.0.1599.101; .NET CLR 1.1.4322; .NET CLR 2.0.50727; .NET CLR 3.0.04506.30; .NET CLR 3.0.4506.2152; .NET CLR 3.5.30729; .NET4.0C; .NET4.0E; InfoPath.3; MS-RTC LM 8)"
140.168.135.1 - - [28/Oct/2013:06:13:29 +0100] "GET /sites/default/files/Pig-final.jpg HTTP/1.1" 200 39270 "http://www.hurence.com/node/12" "Mozilla/4.0 (compatible; MSIE 8.0; Windows NT 5.1; Trident/4.0; chromeframe/30.0.1599.101; .NET CLR 1.1.4322; .NET CLR 2.0.50727; .NET CLR 3.0.04506.30; .NET CLR 3.0.4506.2152; .NET CLR 3.5.30729; .NET4.0C; .NET4.0E; InfoPath.3; MS-RTC LM 8)"
54.226.252.131 - - [28/Oct/2013:06:13:49 +0100] "GET /MuraProxy.cfc?method=isValidSession&authtoken= HTTP/1.1" 404 20757 "-" "Mozilla/5.0 (Windows; U; Windows NT 6.0; en-US; rv:1.9.2.3) Gecko/20100401 Firefox/3.6.3 GTB6 (.NET CLR 3.5.30729)"
140.168.135.1 - - [28/Oct/2013:06:14:37 +0100] "GET /node/67 HTTP/1.1" 200 6743 "http://www.google.com.au/url?sa=t&rct=j&q=&esrc=s&frm=1&source=web&cd=1&ved=0CCkQFjAA&url=http%3A%2F%2Fwww.hurence.com%2Fnode%2F67&ei=GfJtUo74GIOilQXbjIGYCg&usg=AFQjCNGhmB-mXgBggQvEM6eSk2EYyf5PWA" "Mozilla/4.0 (compatible; MSIE 8.0; Windows NT 5.1; Trident/4.0; chromeframe/30.0.1599.101; .NET CLR 1.1.4322; .NET CLR 2.0.50727; .NET CLR 3.0.04506.30; .NET CLR 3.0.4506.2152; .NET CLR 3.5.30729; .NET4.0C; .NET4.0E; InfoPath.3; MS-RTC LM 8)"
140.168.135.1 - - [28/Oct/2013:06:14:39 +0100] "GET /misc/drupal.js?ls5cse HTTP/1.1" 304 213 "http://www.hurence.com/node/67" "Mozilla/4.0 (compatible; MSIE 8.0; Windows NT 5.1; Trident/4.0; chromeframe/30.0.1599.101; .NET CLR 1.1.4322; .NET CLR 2.0.50727; .NET CLR 3.0.04506.30; .NET CLR 3.0.4506.2152; .NET CLR 3.5.30729; .NET4.0C; .NET4.0E; InfoPath.3; MS-RTC LM 8)"
140.168.135.1 - - [28/Oct/2013:06:14:40 +0100] "GET /misc/jquery.js?v=1.4.4 HTTP/1.1" 304 214 "http://www.hurence.com/node/67" "Mozilla/4.0 (compatible; MSIE 8.0; Windows NT 5.1; Trident/4.0; chromeframe/30.0.1599.101; .NET CLR 1.1.4322; .NET CLR 2.0.50727; .NET CLR 3.0.04506.30; .NET CLR 3.0.4506.2152; .NET CLR 3.5.30729; .NET4.0C; .NET4.0E; InfoPath.3; MS-RTC LM 8)"
