127.0.0.1 - - [31/Aug/2014:06:25:02 +0200] "OPTIONS * HTTP/1.0" 200 152 "-" "Apache/2.2.17 (Ubuntu) (internal dummy connection)"
127.0.0.1 - - [31/Aug/2014:06:25:02 +0200] "OPTIONS * HTTP/1.0" 200 152 "-" "Apache/2.2.17 (Ubuntu) (internal dummy connection)"
198.20.113.176 - - [31/Aug/2014:06:26:38 +0200] "GET / HTTP/1.1" 200 6356 "http://hurence.com/" "Mozilla/5.0 (Macintosh; Intel Mac OS X 10_8_4) AppleWebKit/537.36 (KHTML, like Gecko) Chrome/27.0.1453.116 Safari/537.36"
198.20.113.176 - - [31/Aug/2014:06:26:41 +0200] "GET /?q=node/add HTTP/1.1" 403 4816 "http://hurence.com/" "Mozilla/5.0 (Macintosh; Intel Mac OS X 10_8_4) AppleWebKit/537.36 (KHTML, like Gecko) Chrome/27.0.1453.116 Safari/537.36"
198.20.113.176 - - [31/Aug/2014:06:26:41 +0200] "GET /?q=user/register HTTP/1.1" 200 5333 "http://hurence.com/?q=node/add" "Mozilla/5.0 (Macintosh; Intel Mac OS X 10_8_4) AppleWebKit/537.36 (KHTML, like Gecko) Chrome/27.0.1453.116 Safari/537.36"
198.20.113.176 - - [31/Aug/2014:06:26:42 +0200] "POST /?q=user/register HTTP/1.1" 302 673 "http://hurence.com/?q=user/register" "Mozilla/5.0 (Macintosh; Intel Mac OS X 10_8_4) AppleWebKit/537.36 (KHTML, like Gecko) Chrome/27.0.1453.116 Safari/537.36"
198.20.113.176 - - [31/Aug/2014:06:26:42 +0200] "GET / HTTP/1.1" 200 6708 "http://hurence.com/?q=user/register" "Mozilla/5.0 (Macintosh; Intel Mac OS X 10_8_4) AppleWebKit/537.36 (KHTML, like Gecko) Chrome/27.0.1453.116 Safari/537.36"
198.20.113.176 - - [31/Aug/2014:06:26:45 +0200] "GET /?q=user HTTP/1.1" 200 5095 "http://hurence.com/" "Mozilla/5.0 (Macintosh; Intel Mac OS X 10_8_4) AppleWebKit/537.36 (KHTML, like Gecko) Chrome/27.0.1453.116 Safari/537.36"
198.20.113.176 - - [31/Aug/2014:06:26:45 +0200] "POST /?q=user HTTP/1.1" 200 5168 "http://hurence.com/?q=user" "Mozilla/5.0 (Macintosh; Intel Mac OS X 10_8_4) AppleWebKit/537.36 (KHTML, like Gecko) Chrome/27.0.1453.116 Safari/537.36"
183.60.215.40 - - [31/Aug/2014:06:34:10 +0200] "GET /node/136 HTTP/1.1" 200 9409 "-" "Mozilla/5.0 (compatible; EasouSpider; +http://www.easou.com/search/spider.html)"
107.170.66.74 - - [31/Aug/2014:06:38:28 +0200] "GET /rss.xml HTTP/1.1" 200 14094 "-" "Feedbin - 1 subscribers"
220.181.108.146 - - [31/Aug/2014:06:43:14 +0200] "GET /node/134 HTTP/1.1" 200 5399 "-" "Mozilla/5.0 (compatible; Baiduspider/2.0; +http://www.baidu.com/search/spider.html)"
183.60.212.134 - - [31/Aug/2014:06:44:07 +0200] "GET /node/73?lang=en HTTP/1.1" 200 6630 "-" "Mozilla/5.0 (compatible; EasouSpider; +http://www.easou.com/search/spider.html)"
192.184.44.226 - - [31/Aug/2014:06:44:38 +0200] "GET /node/3?lang=fr HTTP/1.0" 200 30050 "http://hurence.com/node/3?lang=fr" "Mozilla/5.0 (Windows NT 6.3; WOW64; rv:27.0) Gecko/20100101 Firefox/27.0"
192.184.44.226 - - [31/Aug/2014:06:44:42 +0200] "GET /node/3?lang=frindex.php HTTP/1.0" 200 29081 "http://hurence.com/node/3?lang=frindex.php" "Mozilla/5.0 (Windows NT 6.3; WOW64) AppleWebKit/537.36 (KHTML, like Gecko) Chrome/32.0.1700.102 Safari/537.36"
123.125.71.48 - - [31/Aug/2014:06:47:11 +0200] "GET / HTTP/1.1" 200 16060 "-" "Mozilla/5.0 (compatible; Baiduspider/2.0; +http://www.baidu.com/search/spider.html)"
220.181.108.105 - - [31/Aug/2014:06:48:04 +0200] "GET / HTTP/1.1" 200 16060 "-" "Mozilla/5.0 (compatible; Baiduspider/2.0; +http://www.baidu.com/search/spider.html)"
208.115.111.71 - - [31/Aug/2014:06:50:06 +0200] "GET /robots.txt HTTP/1.1" 200 1793 "-" "Mozilla/5.0 (compatible; DotBot/1.1; http://www.opensiteexplorer.org/dotbot, help@moz.com)"
183.60.213.39 - - [31/Aug/2014:06:50:29 +0200] "GET /node/141?lang=fr HTTP/1.1" 200 6992 "-" "Mozilla/5.0 (compatible; EasouSpider; +http://www.easou.com/search/spider.html)"
183.60.215.40 - - [31/Aug/2014:06:57:05 +0200] "GET /node/88?lang=en HTTP/1.1" 200 6608 "-" "Mozilla/5.0 (compatible; EasouSpider; +http://www.easou.com/search/spider.html)"
5.135.127.249 - - [31/Aug/2014:06:58:04 +0200] "GET /node/3?lang=en HTTP/1.1" 200 6723 "http://www.hurence.com/" "Mozilla/5.0 (Macintosh; Intel Mac OS X 10_8_4) AppleWebKit/537.36 (KHTML, like Gecko) Chrome/28.0.1500.71 Safari/537.36"
5.135.127.249 - - [31/Aug/2014:06:58:07 +0200] "GET /?q=node/add HTTP/1.1" 403 4817 "http://www.hurence.com/" "Mozilla/5.0 (Macintosh; Intel Mac OS X 10_8_4) AppleWebKit/537.36 (KHTML, like Gecko) Chrome/28.0.1500.71 Safari/537.36"
5.135.127.249 - - [31/Aug/2014:06:58:08 +0200] "GET /?q=user/register HTTP/1.1" 200 5327 "http://www.hurence.com/?q=node/add" "Mozilla/5.0 (Macintosh; Intel Mac OS X 10_8_4) AppleWebKit/537.36 (KHTML, like Gecko) Chrome/28.0.1500.71 Safari/537.36"
5.135.127.249 - - [31/Aug/2014:06:58:08 +0200] "POST /?q=user/register HTTP/1.1" 302 677 "http://www.hurence.com/?q=user/register" "Mozilla/5.0 (Macintosh; Intel Mac OS X 10_8_4) AppleWebKit/537.36 (KHTML, like Gecko) Chrome/28.0.1500.71 Safari/537.36"
5.135.127.249 - - [31/Aug/2014:06:58:09 +0200] "GET / HTTP/1.1" 200 6719 "http://www.hurence.com/?q=user/register" "Mozilla/5.0 (Macintosh; Intel Mac OS X 10_8_4) AppleWebKit/537.36 (KHTML, like Gecko) Chrome/28.0.1500.71 Safari/537.36"
5.135.127.249 - - [31/Aug/2014:06:58:12 +0200] "GET /?q=user HTTP/1.1" 200 5100 "http://www.hurence.com/" "Mozilla/5.0 (Macintosh; Intel Mac OS X 10_8_4) AppleWebKit/537.36 (KHTML, like Gecko) Chrome/28.0.1500.71 Safari/537.36"
5.135.127.249 - - [31/Aug/2014:06:58:13 +0200] "POST /?q=user HTTP/1.1" 200 5179 "http://www.hurence.com/?q=user" "Mozilla/5.0 (Macintosh; Intel Mac OS X 10_8_4) AppleWebKit/537.36 (KHTML, like Gecko) Chrome/28.0.1500.71 Safari/537.36"
46.105.135.167 - - [31/Aug/2014:06:59:57 +0200] "GET /node/3?lang=en HTTP/1.1" 200 6720 "http://www.hurence.com/" "Mozilla/5.0 (Macintosh; Intel Mac OS X 10_8_4) AppleWebKit/537.36 (KHTML, like Gecko) Chrome/27.0.1453.116 Safari/537.36"
46.105.135.167 - - [31/Aug/2014:07:00:00 +0200] "GET /?q=node/add HTTP/1.1" 403 4821 "http://www.hurence.com/" "Mozilla/5.0 (Macintosh; Intel Mac OS X 10_8_4) AppleWebKit/537.36 (KHTML, like Gecko) Chrome/27.0.1453.116 Safari/537.36"
46.105.135.167 - - [31/Aug/2014:07:00:01 +0200] "GET /?q=user/register HTTP/1.1" 200 5333 "http://www.hurence.com/?q=node/add" "Mozilla/5.0 (Macintosh; Intel Mac OS X 10_8_4) AppleWebKit/537.36 (KHTML, like Gecko) Chrome/27.0.1453.116 Safari/537.36"
46.105.135.167 - - [31/Aug/2014:07:00:01 +0200] "POST /?q=user/register HTTP/1.1" 302 677 "http://www.hurence.com/?q=user/register" "Mozilla/5.0 (Macintosh; Intel Mac OS X 10_8_4) AppleWebKit/537.36 (KHTML, like Gecko) Chrome/27.0.1453.116 Safari/537.36"
66.249.78.146 - - [31/Aug/2014:07:00:02 +0200] "GET /rss.xml HTTP/1.1" 200 2983 "-" "Mozilla/5.0 (compatible; Googlebot/2.1; +http://www.google.com/bot.html)"
46.105.135.167 - - [31/Aug/2014:07:00:01 +0200] "GET / HTTP/1.1" 200 6712 "http://www.hurence.com/?q=user/register" "Mozilla/5.0 (Macintosh; Intel Mac OS X 10_8_4) AppleWebKit/537.36 (KHTML, like Gecko) Chrome/27.0.1453.116 Safari/537.36"
46.105.135.167 - - [31/Aug/2014:07:00:03 +0200] "GET /?q=user HTTP/1.1" 200 5095 "http://www.hurence.com/" "Mozilla/5.0 (Macintosh; Intel Mac OS X 10_8_4) AppleWebKit/537.36 (KHTML, like Gecko) Chrome/27.0.1453.116 Safari/537.36"
46.105.135.167 - - [31/Aug/2014:07:00:04 +0200] "POST /?q=user HTTP/1.1" 200 5177 "http://www.hurence.com/?q=user" "Mozilla/5.0 (Macintosh; Intel Mac OS X 10_8_4) AppleWebKit/537.36 (KHTML, like Gecko) Chrome/27.0.1453.116 Safari/537.36"
107.170.54.23 - - [31/Aug/2014:07:00:22 +0200] "GET /rss.xml HTTP/1.1" 200 14094 "-" "Feedbin - 1 subscribers"
66.249.78.129 - - [31/Aug/2014:07:03:37 +0200] "GET /node/40?lang=fr HTTP/1.1" 200 6898 "-" "Mozilla/5.0 (iPhone; CPU iPhone OS 6_0 like Mac OS X) AppleWebKit/536.26 (KHTML, like Gecko) Version/6.0 Mobile/10A5376e Safari/8536.25 (compatible; Googlebot/2.1; +http://www.google.com/bot.html)"
54.219.73.197 - - [31/Aug/2014:07:04:06 +0200] "GET /rss.xml HTTP/1.1" 200 2945 "-" "Digg Feed Fetcher 1.0 (Mozilla/5.0 (Macintosh; Intel Mac OS X 10_7_1) AppleWebKit/534.48.3 (KHTML, like Gecko) Version/5.1 Safari/534.48.3)"
199.87.230.162 - - [31/Aug/2014:07:05:54 +0200] "GET / HTTP/1.1" 200 6358 "http://www.hurence.com/" "Mozilla/5.0 (Macintosh; Intel Mac OS X 10_8_4) AppleWebKit/537.36 (KHTML, like Gecko) Chrome/27.0.1453.116 Safari/537.36"
199.87.230.162 - - [31/Aug/2014:07:05:57 +0200] "GET /?q=node/add HTTP/1.1" 403 4824 "http://www.hurence.com/" "Mozilla/5.0 (Macintosh; Intel Mac OS X 10_8_4) AppleWebKit/537.36 (KHTML, like Gecko) Chrome/27.0.1453.116 Safari/537.36"
199.87.230.162 - - [31/Aug/2014:07:05:57 +0200] "GET /?q=user/register HTTP/1.1" 200 5329 "http://www.hurence.com/?q=node/add" "Mozilla/5.0 (Macintosh; Intel Mac OS X 10_8_4) AppleWebKit/537.36 (KHTML, like Gecko) Chrome/27.0.1453.116 Safari/537.36"
199.87.230.162 - - [31/Aug/2014:07:05:57 +0200] "POST /?q=user/register HTTP/1.1" 200 5430 "http://www.hurence.com/?q=user/register" "Mozilla/5.0 (Macintosh; Intel Mac OS X 10_8_4) AppleWebKit/537.36 (KHTML, like Gecko) Chrome/27.0.1453.116 Safari/537.36"
199.87.230.162 - - [31/Aug/2014:07:05:58 +0200] "GET /?q=user/register HTTP/1.1" 200 5331 "http://www.hurence.com/?q=user/register" "Mozilla/5.0 (Macintosh; Intel Mac OS X 10_8_4) AppleWebKit/537.36 (KHTML, like Gecko) Chrome/27.0.1453.116 Safari/537.36"
199.87.230.162 - - [31/Aug/2014:07:05:59 +0200] "GET /?q=node/add HTTP/1.1" 403 4818 "http://www.hurence.com/" "Mozilla/5.0 (Macintosh; Intel Mac OS X 10_8_4) AppleWebKit/537.36 (KHTML, like Gecko) Chrome/27.0.1453.116 Safari/537.36"
199.87.230.162 - - [31/Aug/2014:07:05:59 +0200] "GET /?q=user/register HTTP/1.1" 200 5328 "http://www.hurence.com/?q=node/add" "Mozilla/5.0 (Macintosh; Intel Mac OS X 10_8_4) AppleWebKit/537.36 (KHTML, like Gecko) Chrome/27.0.1453.116 Safari/537.36"
199.87.230.162 - - [31/Aug/2014:07:05:59 +0200] "POST /?q=user/register HTTP/1.1" 200 5430 "http://www.hurence.com/?q=user/register" "Mozilla/5.0 (Macintosh; Intel Mac OS X 10_8_4) AppleWebKit/537.36 (KHTML, like Gecko) Chrome/27.0.1453.116 Safari/537.36"
199.87.230.162 - - [31/Aug/2014:07:06:00 +0200] "GET /?q=user/register HTTP/1.1" 200 5332 "http://www.hurence.com/?q=user/register" "Mozilla/5.0 (Macintosh; Intel Mac OS X 10_8_4) AppleWebKit/537.36 (KHTML, like Gecko) Chrome/27.0.1453.116 Safari/537.36"
199.87.230.162 - - [31/Aug/2014:07:06:00 +0200] "GET /?q=node/add HTTP/1.1" 403 4823 "http://www.hurence.com/" "Mozilla/5.0 (Macintosh; Intel Mac OS X 10_8_4) AppleWebKit/537.36 (KHTML, like Gecko) Chrome/27.0.1453.116 Safari/537.36"
199.87.230.162 - - [31/Aug/2014:07:06:01 +0200] "GET /?q=user/register HTTP/1.1" 200 5331 "http://www.hurence.com/?q=node/add" "Mozilla/5.0 (Macintosh; Intel Mac OS X 10_8_4) AppleWebKit/537.36 (KHTML, like Gecko) Chrome/27.0.1453.116 Safari/537.36"
199.87.230.162 - - [31/Aug/2014:07:06:01 +0200] "POST /?q=user/register HTTP/1.1" 302 677 "http://www.hurence.com/?q=user/register" "Mozilla/5.0 (Macintosh; Intel Mac OS X 10_8_4) AppleWebKit/537.36 (KHTML, like Gecko) Chrome/27.0.1453.116 Safari/537.36"
199.87.230.162 - - [31/Aug/2014:07:06:02 +0200] "GET / HTTP/1.1" 200 6714 "http://www.hurence.com/?q=user/register" "Mozilla/5.0 (Macintosh; Intel Mac OS X 10_8_4) AppleWebKit/537.36 (KHTML, like Gecko) Chrome/27.0.1453.116 Safari/537.36"
199.87.230.162 - - [31/Aug/2014:07:06:04 +0200] "GET /?q=user HTTP/1.1" 200 5099 "http://www.hurence.com/" "Mozilla/5.0 (Macintosh; Intel Mac OS X 10_8_4) AppleWebKit/537.36 (KHTML, like Gecko) Chrome/27.0.1453.116 Safari/537.36"
199.87.230.162 - - [31/Aug/2014:07:06:05 +0200] "POST /?q=user HTTP/1.1" 200 5172 "http://www.hurence.com/?q=user" "Mozilla/5.0 (Macintosh; Intel Mac OS X 10_8_4) AppleWebKit/537.36 (KHTML, like Gecko) Chrome/27.0.1453.116 Safari/537.36"
202.46.62.200 - - [31/Aug/2014:07:11:44 +0200] "GET / HTTP/1.1" 200 16060 "-" "Mozilla/4.0 (compatible; MSIE 7.0; Windows NT 6.0)"
119.63.193.196 - - [31/Aug/2014:07:13:11 +0200] "GET / HTTP/1.1" 200 16060 "-" "Mozilla/4.0 (compatible; MSIE 7.0; Windows NT 6.0)"
66.249.92.97 - - [31/Aug/2014:07:13:16 +0200] "GET /rss.xml HTTP/1.1" 200 2983 "-" "Feedfetcher-Google; (+http://www.google.com/feedfetcher.html; 3 subscribers; feed-id=7225077890218036057)"
220.181.108.103 - - [31/Aug/2014:07:14:29 +0200] "GET /node/59 HTTP/1.1" 200 6396 "-" "Mozilla/5.0 (compatible; Baiduspider/2.0; +http://www.baidu.com/search/spider.html)"
180.76.6.51 - - [31/Aug/2014:07:15:05 +0200] "GET /node/133?lang=fr HTTP/1.1" 200 6094 "-" "Mozilla/5.0 (compatible; Baiduspider/2.0; +http://www.baidu.com/search/spider.html)"
183.60.215.40 - - [31/Aug/2014:07:16:37 +0200] "GET /node/140 HTTP/1.1" 200 6601 "-" "Mozilla/5.0 (compatible; EasouSpider; +http://www.easou.com/search/spider.html)"
108.174.110.150 - - [31/Aug/2014:07:17:53 +0200] "\x80w\x01\x03\x01" 200 15928 "-" "-"
108.174.110.150 - admin [31/Aug/2014:07:17:55 +0200] "GET /HNAP1/ HTTP/1.1" 404 4713 "http://195.154.252.57/" "Mozilla/5.0 (compatible; SnapPreviewBot; en-US; rv:1.8.0.9) Gecko/20061206 Firefox/1.5.0.9"
122.167.64.80 - - [31/Aug/2014:07:19:14 +0200] "GET /sites/default/files/What%20is%20Hadoop.pdf HTTP/1.1" 200 46144 "http://www.google.co.in/url?sa=t&rct=j&q=&esrc=s&source=web&cd=4&cad=rja&uact=8&sqi=2&ved=0CC4QFjAD&url=http%3A%2F%2Fwww.hurence.com%2Fsites%2Fdefault%2Ffiles%2FWhat%2520is%2520Hadoop.pdf&ei=SbACVLvTK4iKuATIlYDgCg&usg=AFQjCNGENTsQcgSJzQyvHK-EaBihv9e_Lw&bvm=bv.74115972,d.c2E" "Mozilla/5.0 (Windows NT 6.1; WOW64; rv:31.0) Gecko/20100101 Firefox/31.0"
122.167.64.80 - - [31/Aug/2014:07:19:15 +0200] "GET /favicon.ico HTTP/1.1" 404 327 "-" "Mozilla/5.0 (Windows NT 6.1; WOW64; rv:31.0) Gecko/20100101 Firefox/31.0"
122.167.64.80 - - [31/Aug/2014:07:19:15 +0200] "GET /favicon.ico HTTP/1.1" 404 326 "-" "Mozilla/5.0 (Windows NT 6.1; WOW64; rv:31.0) Gecko/20100101 Firefox/31.0"
122.167.64.80 - - [31/Aug/2014:07:19:15 +0200] "GET /sites/default/files/What%20is%20Hadoop.pdf HTTP/1.1" 206 36736 "http://www.google.co.in/url?sa=t&rct=j&q=&esrc=s&source=web&cd=4&cad=rja&uact=8&sqi=2&ved=0CC4QFjAD&url=http%3A%2F%2Fwww.hurence.com%2Fsites%2Fdefault%2Ffiles%2FWhat%2520is%2520Hadoop.pdf&ei=SbACVLvTK4iKuATIlYDgCg&usg=AFQjCNGENTsQcgSJzQyvHK-EaBihv9e_Lw&bvm=bv.74115972,d.c2E" "Mozilla/5.0 (Windows NT 6.1; WOW64; rv:31.0) Gecko/20100101 Firefox/31.0"
122.167.64.80 - - [31/Aug/2014:07:19:16 +0200] "GET /sites/default/files/What%20is%20Hadoop.pdf HTTP/1.1" 206 65895 "http://www.google.co.in/url?sa=t&rct=j&q=&esrc=s&source=web&cd=4&cad=rja&uact=8&sqi=2&ved=0CC4QFjAD&url=http%3A%2F%2Fwww.hurence.com%2Fsites%2Fdefault%2Ffiles%2FWhat%2520is%2520Hadoop.pdf&ei=SbACVLvTK4iKuATIlYDgCg&usg=AFQjCNGENTsQcgSJzQyvHK-EaBihv9e_Lw&bvm=bv.74115972,d.c2E" "Mozilla/5.0 (Windows NT 6.1; WOW64; rv:31.0) Gecko/20100101 Firefox/31.0"
122.167.64.80 - - [31/Aug/2014:07:19:17 +0200] "GET /sites/default/files/What%20is%20Hadoop.pdf HTTP/1.1" 206 65889 "http://www.google.co.in/url?sa=t&rct=j&q=&esrc=s&source=web&cd=4&cad=rja&uact=8&sqi=2&ved=0CC4QFjAD&url=http%3A%2F%2Fwww.hurence.com%2Fsites%2Fdefault%2Ffiles%2FWhat%2520is%2520Hadoop.pdf&ei=SbACVLvTK4iKuATIlYDgCg&usg=AFQjCNGENTsQcgSJzQyvHK-EaBihv9e_Lw&bvm=bv.74115972,d.c2E" "Mozilla/5.0 (Windows NT 6.1; WOW64; rv:31.0) Gecko/20100101 Firefox/31.0"
122.167.64.80 - - [31/Aug/2014:07:19:17 +0200] "GET /sites/default/files/What%20is%20Hadoop.pdf HTTP/1.1" 206 131431 "http://www.google.co.in/url?sa=t&rct=j&q=&esrc=s&source=web&cd=4&cad=rja&uact=8&sqi=2&ved=0CC4QFjAD&url=http%3A%2F%2Fwww.hurence.com%2Fsites%2Fdefault%2Ffiles%2FWhat%2520is%2520Hadoop.pdf&ei=SbACVLvTK4iKuATIlYDgCg&usg=AFQjCNGENTsQcgSJzQyvHK-EaBihv9e_Lw&bvm=bv.74115972,d.c2E" "Mozilla/5.0 (Windows NT 6.1; WOW64; rv:31.0) Gecko/20100101 Firefox/31.0"
122.167.64.80 - - [31/Aug/2014:07:19:19 +0200] "GET /sites/default/files/What%20is%20Hadoop.pdf HTTP/1.1" 206 65895 "http://www.google.co.in/url?sa=t&rct=j&q=&esrc=s&source=web&cd=4&cad=rja&uact=8&sqi=2&ved=0CC4QFjAD&url=http%3A%2F%2Fwww.hurence.com%2Fsites%2Fdefault%2Ffiles%2FWhat%2520is%2520Hadoop.pdf&ei=SbACVLvTK4iKuATIlYDgCg&usg=AFQjCNGENTsQcgSJzQyvHK-EaBihv9e_Lw&bvm=bv.74115972,d.c2E" "Mozilla/5.0 (Windows NT 6.1; WOW64; rv:31.0) Gecko/20100101 Firefox/31.0"
122.167.64.80 - - [31/Aug/2014:07:19:19 +0200] "GET /sites/default/files/What%20is%20Hadoop.pdf HTTP/1.1" 206 65895 "http://www.google.co.in/url?sa=t&rct=j&q=&esrc=s&source=web&cd=4&cad=rja&uact=8&sqi=2&ved=0CC4QFjAD&url=http%3A%2F%2Fwww.hurence.com%2Fsites%2Fdefault%2Ffiles%2FWhat%2520is%2520Hadoop.pdf&ei=SbACVLvTK4iKuATIlYDgCg&usg=AFQjCNGENTsQcgSJzQyvHK-EaBihv9e_Lw&bvm=bv.74115972,d.c2E" "Mozilla/5.0 (Windows NT 6.1; WOW64; rv:31.0) Gecko/20100101 Firefox/31.0"
122.167.64.80 - - [31/Aug/2014:07:19:20 +0200] "GET /sites/default/files/What%20is%20Hadoop.pdf HTTP/1.1" 206 65895 "http://www.google.co.in/url?sa=t&rct=j&q=&esrc=s&source=web&cd=4&cad=rja&uact=8&sqi=2&ved=0CC4QFjAD&url=http%3A%2F%2Fwww.hurence.com%2Fsites%2Fdefault%2Ffiles%2FWhat%2520is%2520Hadoop.pdf&ei=SbACVLvTK4iKuATIlYDgCg&usg=AFQjCNGENTsQcgSJzQyvHK-EaBihv9e_Lw&bvm=bv.74115972,d.c2E" "Mozilla/5.0 (Windows NT 6.1; WOW64; rv:31.0) Gecko/20100101 Firefox/31.0"
122.167.64.80 - - [31/Aug/2014:07:19:21 +0200] "GET /sites/default/files/What%20is%20Hadoop.pdf HTTP/1.1" 206 65895 "http://www.google.co.in/url?sa=t&rct=j&q=&esrc=s&source=web&cd=4&cad=rja&uact=8&sqi=2&ved=0CC4QFjAD&url=http%3A%2F%2Fwww.hurence.com%2Fsites%2Fdefault%2Ffiles%2FWhat%2520is%2520Hadoop.pdf&ei=SbACVLvTK4iKuATIlYDgCg&usg=AFQjCNGENTsQcgSJzQyvHK-EaBihv9e_Lw&bvm=bv.74115972,d.c2E" "Mozilla/5.0 (Windows NT 6.1; WOW64; rv:31.0) Gecko/20100101 Firefox/31.0"
122.167.64.80 - - [31/Aug/2014:07:19:22 +0200] "GET /sites/default/files/What%20is%20Hadoop.pdf HTTP/1.1" 206 65895 "http://www.google.co.in/url?sa=t&rct=j&q=&esrc=s&source=web&cd=4&cad=rja&uact=8&sqi=2&ved=0CC4QFjAD&url=http%3A%2F%2Fwww.hurence.com%2Fsites%2Fdefault%2Ffiles%2FWhat%2520is%2520Hadoop.pdf&ei=SbACVLvTK4iKuATIlYDgCg&usg=AFQjCNGENTsQcgSJzQyvHK-EaBihv9e_Lw&bvm=bv.74115972,d.c2E" "Mozilla/5.0 (Windows NT 6.1; WOW64; rv:31.0) Gecko/20100101 Firefox/31.0"
122.167.64.80 - - [31/Aug/2014:07:19:23 +0200] "GET /sites/default/files/What%20is%20Hadoop.pdf HTTP/1.1" 206 65895 "http://www.google.co.in/url?sa=t&rct=j&q=&esrc=s&source=web&cd=4&cad=rja&uact=8&sqi=2&ved=0CC4QFjAD&url=http%3A%2F%2Fwww.hurence.com%2Fsites%2Fdefault%2Ffiles%2FWhat%2520is%2520Hadoop.pdf&ei=SbACVLvTK4iKuATIlYDgCg&usg=AFQjCNGENTsQcgSJzQyvHK-EaBihv9e_Lw&bvm=bv.74115972,d.c2E" "Mozilla/5.0 (Windows NT 6.1; WOW64; rv:31.0) Gecko/20100101 Firefox/31.0"
180.215.254.211 - - [31/Aug/2014:07:19:27 +0200] "GET /sites/default/files/What%20is%20Hadoop.pdf HTTP/1.1" 200 692041 "https://www.google.co.in/" "Mozilla/5.0 (iPhone; CPU iPhone OS 6_1_3 like Mac OS X) AppleWebKit/536.26 (KHTML, like Gecko) Version/6.0 Mobile/10B329 Safari/8536.25"
162.243.202.33 - - [31/Aug/2014:07:22:36 +0200] "GET /rss.xml HTTP/1.1" 200 14094 "-" "Feedbin - 1 subscribers"
204.236.235.245 - - [31/Aug/2014:07:27:01 +0200] "GET /robots.txt HTTP/1.0" 200 1812 "-" "ia_archiver (+http://www.alexa.com/site/help/webmasters; crawler@alexa.com)"
204.236.235.245 - - [31/Aug/2014:07:27:01 +0200] "GET /node/116?lang=fr HTTP/1.0" 200 31909 "-" "ia_archiver (+http://www.alexa.com/site/help/webmasters; crawler@alexa.com)"
220.181.108.82 - - [31/Aug/2014:07:35:25 +0200] "GET /node/140 HTTP/1.1" 200 6602 "-" "Mozilla/5.0 (compatible; Baiduspider/2.0; +http://www.baidu.com/search/spider.html)"
68.180.225.40 - - [31/Aug/2014:07:36:20 +0200] "GET /robots.txt HTTP/1.1" 200 1793 "-" "Mozilla/5.0 (compatible; Yahoo! Slurp; http://help.yahoo.com/help/us/ysearch/slurp)"
68.180.225.40 - - [31/Aug/2014:07:36:20 +0200] "GET /?lang=en HTTP/1.1" 200 6346 "-" "Mozilla/5.0 (compatible; Yahoo! Slurp; http://help.yahoo.com/help/us/ysearch/slurp)"
66.249.78.153 - - [31/Aug/2014:07:37:09 +0200] "GET /node/138?lang=en HTTP/1.1" 200 6763 "-" "Mozilla/5.0 (compatible; Googlebot/2.1; +http://www.google.com/bot.html)"
78.158.11.226 - - [31/Aug/2014:07:41:14 +0200] "GET / HTTP/1.0" 200 27933 "http://www.google.com/url?sa=t&rct=j&q=www.hurence.com&source=web&cd=5&ved=0CF0QFjAE&url=http:%2F%2Fwww.hurence.com%2F&cad=rja" "Lynx/2.8.5rel.1 libwww-FM/2.15FC SSL-MM/1.4.1c OpenSSL/0.9.7e-dev"
65.19.138.34 - - [31/Aug/2014:07:43:36 +0200] "GET /rss.xml HTTP/1.1" 200 2945 "-" "Feedly/1.0 (+http://www.feedly.com/fetcher.html; like FeedFetcher-Google)"
5.135.114.26 - - [31/Aug/2014:07:44:24 +0200] "GET / HTTP/1.1" 200 6361 "http://www.hurence.com/" "Mozilla/5.0 (Macintosh; Intel Mac OS X 10_8_4) AppleWebKit/537.36 (KHTML, like Gecko) Chrome/28.0.1500.71 Safari/537.36"
5.135.114.26 - - [31/Aug/2014:07:44:26 +0200] "GET /?q=user HTTP/1.1" 200 5095 "http://www.hurence.com/" "Mozilla/5.0 (Macintosh; Intel Mac OS X 10_8_4) AppleWebKit/537.36 (KHTML, like Gecko) Chrome/28.0.1500.71 Safari/537.36"
5.135.114.26 - - [31/Aug/2014:07:44:27 +0200] "POST /?q=user HTTP/1.1" 200 5173 "http://www.hurence.com/?q=user" "Mozilla/5.0 (Macintosh; Intel Mac OS X 10_8_4) AppleWebKit/537.36 (KHTML, like Gecko) Chrome/28.0.1500.71 Safari/537.36"
107.170.66.74 - - [31/Aug/2014:07:45:49 +0200] "GET /rss.xml HTTP/1.1" 200 14094 "-" "Feedbin - 1 subscribers"
220.181.108.103 - - [31/Aug/2014:07:54:03 +0200] "GET / HTTP/1.1" 200 27786 "-" "Mozilla/5.0 (compatible; Baiduspider/2.0; +http://www.baidu.com/search/spider.html)"
193.252.118.174 - - [31/Aug/2014:07:54:11 +0200] "GET /node/122?lang=fr HTTP/1.1" 200 7316 "-" "Mozilla/5.0 (Windows NT 5.1; U; Win64; fr; rv:1.8.1) VoilaBot BETA 1.2 (support.voilabot@orange-ftgroup.com)"
123.125.71.45 - - [31/Aug/2014:07:53:17 +0200] "GET / HTTP/1.1" 200 16060 "-" "Mozilla/5.0 (compatible; Baiduspider/2.0; +http://www.baidu.com/search/spider.html)"
115.242.127.157 - - [31/Aug/2014:07:59:10 +0200] "GET /sites/default/files/What%20is%20Hadoop.pdf HTTP/1.1" 200 40880 "http://www.google.co.in/url?sa=t&rct=j&q=&esrc=s&source=web&cd=9&cad=rja&uact=8&sqi=2&ved=0CGUQFjAI&url=http%3A%2F%2Fwww.hurence.com%2Fsites%2Fdefault%2Ffiles%2FWhat%2520is%2520Hadoop.pdf&ei=lrkCVIulBdeKuASh2YLADg&usg=AFQjCNGENTsQcgSJzQyvHK-EaBihv9e_Lw&bvm=bv.74115972,d.c2E" "Mozilla/5.0 (Windows NT 6.1; rv:31.0) Gecko/20100101 Firefox/31.0"
115.242.127.157 - - [31/Aug/2014:07:59:11 +0200] "GET /favicon.ico HTTP/1.1" 404 327 "-" "Mozilla/5.0 (Windows NT 6.1; rv:31.0) Gecko/20100101 Firefox/31.0"
115.242.127.157 - - [31/Aug/2014:07:59:11 +0200] "GET /favicon.ico HTTP/1.1" 404 326 "-" "Mozilla/5.0 (Windows NT 6.1; rv:31.0) Gecko/20100101 Firefox/31.0"
115.242.127.157 - - [31/Aug/2014:07:59:11 +0200] "GET /sites/default/files/What%20is%20Hadoop.pdf HTTP/1.1" 206 36735 "http://www.google.co.in/url?sa=t&rct=j&q=&esrc=s&source=web&cd=9&cad=rja&uact=8&sqi=2&ved=0CGUQFjAI&url=http%3A%2F%2Fwww.hurence.com%2Fsites%2Fdefault%2Ffiles%2FWhat%2520is%2520Hadoop.pdf&ei=lrkCVIulBdeKuASh2YLADg&usg=AFQjCNGENTsQcgSJzQyvHK-EaBihv9e_Lw&bvm=bv.74115972,d.c2E" "Mozilla/5.0 (Windows NT 6.1; rv:31.0) Gecko/20100101 Firefox/31.0"
115.242.127.157 - - [31/Aug/2014:07:59:12 +0200] "GET /sites/default/files/What%20is%20Hadoop.pdf HTTP/1.1" 206 65895 "http://www.google.co.in/url?sa=t&rct=j&q=&esrc=s&source=web&cd=9&cad=rja&uact=8&sqi=2&ved=0CGUQFjAI&url=http%3A%2F%2Fwww.hurence.com%2Fsites%2Fdefault%2Ffiles%2FWhat%2520is%2520Hadoop.pdf&ei=lrkCVIulBdeKuASh2YLADg&usg=AFQjCNGENTsQcgSJzQyvHK-EaBihv9e_Lw&bvm=bv.74115972,d.c2E" "Mozilla/5.0 (Windows NT 6.1; rv:31.0) Gecko/20100101 Firefox/31.0"
115.242.127.157 - - [31/Aug/2014:07:59:13 +0200] "GET /sites/default/files/What%20is%20Hadoop.pdf HTTP/1.1" 206 65889 "http://www.google.co.in/url?sa=t&rct=j&q=&esrc=s&source=web&cd=9&cad=rja&uact=8&sqi=2&ved=0CGUQFjAI&url=http%3A%2F%2Fwww.hurence.com%2Fsites%2Fdefault%2Ffiles%2FWhat%2520is%2520Hadoop.pdf&ei=lrkCVIulBdeKuASh2YLADg&usg=AFQjCNGENTsQcgSJzQyvHK-EaBihv9e_Lw&bvm=bv.74115972,d.c2E" "Mozilla/5.0 (Windows NT 6.1; rv:31.0) Gecko/20100101 Firefox/31.0"
115.242.127.157 - - [31/Aug/2014:07:59:13 +0200] "GET /sites/default/files/What%20is%20Hadoop.pdf HTTP/1.1" 206 131432 "http://www.google.co.in/url?sa=t&rct=j&q=&esrc=s&source=web&cd=9&cad=rja&uact=8&sqi=2&ved=0CGUQFjAI&url=http%3A%2F%2Fwww.hurence.com%2Fsites%2Fdefault%2Ffiles%2FWhat%2520is%2520Hadoop.pdf&ei=lrkCVIulBdeKuASh2YLADg&usg=AFQjCNGENTsQcgSJzQyvHK-EaBihv9e_Lw&bvm=bv.74115972,d.c2E" "Mozilla/5.0 (Windows NT 6.1; rv:31.0) Gecko/20100101 Firefox/31.0"
115.242.127.157 - - [31/Aug/2014:07:59:17 +0200] "GET /sites/default/files/What%20is%20Hadoop.pdf HTTP/1.1" 206 65895 "http://www.google.co.in/url?sa=t&rct=j&q=&esrc=s&source=web&cd=9&cad=rja&uact=8&sqi=2&ved=0CGUQFjAI&url=http%3A%2F%2Fwww.hurence.com%2Fsites%2Fdefault%2Ffiles%2FWhat%2520is%2520Hadoop.pdf&ei=lrkCVIulBdeKuASh2YLADg&usg=AFQjCNGENTsQcgSJzQyvHK-EaBihv9e_Lw&bvm=bv.74115972,d.c2E" "Mozilla/5.0 (Windows NT 6.1; rv:31.0) Gecko/20100101 Firefox/31.0"
115.242.127.157 - - [31/Aug/2014:07:59:19 +0200] "GET /sites/default/files/What%20is%20Hadoop.pdf HTTP/1.1" 206 65895 "http://www.google.co.in/url?sa=t&rct=j&q=&esrc=s&source=web&cd=9&cad=rja&uact=8&sqi=2&ved=0CGUQFjAI&url=http%3A%2F%2Fwww.hurence.com%2Fsites%2Fdefault%2Ffiles%2FWhat%2520is%2520Hadoop.pdf&ei=lrkCVIulBdeKuASh2YLADg&usg=AFQjCNGENTsQcgSJzQyvHK-EaBihv9e_Lw&bvm=bv.74115972,d.c2E" "Mozilla/5.0 (Windows NT 6.1; rv:31.0) Gecko/20100101 Firefox/31.0"
115.242.127.157 - - [31/Aug/2014:07:59:19 +0200] "GET /sites/default/files/What%20is%20Hadoop.pdf HTTP/1.1" 206 65896 "http://www.google.co.in/url?sa=t&rct=j&q=&esrc=s&source=web&cd=9&cad=rja&uact=8&sqi=2&ved=0CGUQFjAI&url=http%3A%2F%2Fwww.hurence.com%2Fsites%2Fdefault%2Ffiles%2FWhat%2520is%2520Hadoop.pdf&ei=lrkCVIulBdeKuASh2YLADg&usg=AFQjCNGENTsQcgSJzQyvHK-EaBihv9e_Lw&bvm=bv.74115972,d.c2E" "Mozilla/5.0 (Windows NT 6.1; rv:31.0) Gecko/20100101 Firefox/31.0"
115.242.127.157 - - [31/Aug/2014:07:59:22 +0200] "GET /sites/default/files/What%20is%20Hadoop.pdf HTTP/1.1" 206 65895 "http://www.google.co.in/url?sa=t&rct=j&q=&esrc=s&source=web&cd=9&cad=rja&uact=8&sqi=2&ved=0CGUQFjAI&url=http%3A%2F%2Fwww.hurence.com%2Fsites%2Fdefault%2Ffiles%2FWhat%2520is%2520Hadoop.pdf&ei=lrkCVIulBdeKuASh2YLADg&usg=AFQjCNGENTsQcgSJzQyvHK-EaBihv9e_Lw&bvm=bv.74115972,d.c2E" "Mozilla/5.0 (Windows NT 6.1; rv:31.0) Gecko/20100101 Firefox/31.0"
115.242.127.157 - - [31/Aug/2014:07:59:24 +0200] "GET /sites/default/files/What%20is%20Hadoop.pdf HTTP/1.1" 206 65895 "http://www.google.co.in/url?sa=t&rct=j&q=&esrc=s&source=web&cd=9&cad=rja&uact=8&sqi=2&ved=0CGUQFjAI&url=http%3A%2F%2Fwww.hurence.com%2Fsites%2Fdefault%2Ffiles%2FWhat%2520is%2520Hadoop.pdf&ei=lrkCVIulBdeKuASh2YLADg&usg=AFQjCNGENTsQcgSJzQyvHK-EaBihv9e_Lw&bvm=bv.74115972,d.c2E" "Mozilla/5.0 (Windows NT 6.1; rv:31.0) Gecko/20100101 Firefox/31.0"
115.242.127.157 - - [31/Aug/2014:07:59:25 +0200] "GET /sites/default/files/What%20is%20Hadoop.pdf HTTP/1.1" 206 65895 "http://www.google.co.in/url?sa=t&rct=j&q=&esrc=s&source=web&cd=9&cad=rja&uact=8&sqi=2&ved=0CGUQFjAI&url=http%3A%2F%2Fwww.hurence.com%2Fsites%2Fdefault%2Ffiles%2FWhat%2520is%2520Hadoop.pdf&ei=lrkCVIulBdeKuASh2YLADg&usg=AFQjCNGENTsQcgSJzQyvHK-EaBihv9e_Lw&bvm=bv.74115972,d.c2E" "Mozilla/5.0 (Windows NT 6.1; rv:31.0) Gecko/20100101 Firefox/31.0"
115.242.127.157 - - [31/Aug/2014:07:59:36 +0200] "GET /sites/default/files/What%20is%20Hadoop.pdf HTTP/1.1" 206 683639 "http://www.google.co.in/url?sa=t&rct=j&q=&esrc=s&source=web&cd=9&cad=rja&uact=8&sqi=2&ved=0CGUQFjAI&url=http%3A%2F%2Fwww.hurence.com%2Fsites%2Fdefault%2Ffiles%2FWhat%2520is%2520Hadoop.pdf&ei=lrkCVIulBdeKuASh2YLADg&usg=AFQjCNGENTsQcgSJzQyvHK-EaBihv9e_Lw&bvm=bv.74115972,d.c2E" "Mozilla/5.0 (Windows NT 6.1; rv:31.0) Gecko/20100101 Firefox/31.0"
192.99.39.78 - - [31/Aug/2014:08:00:17 +0200] "GET /robots.txt HTTP/1.1" 200 928 "-" "Mozilla/5.0 (compatible; meanpathbot/1.0; +http://www.meanpath.com/meanpathbot.html)"
192.99.39.78 - - [31/Aug/2014:08:00:17 +0200] "GET / HTTP/1.1" 200 6299 "-" "Mozilla/5.0 (compatible; meanpathbot/1.0; +http://www.meanpath.com/meanpathbot.html)"
66.249.78.139 - - [31/Aug/2014:08:00:27 +0200] "GET /rss.xml HTTP/1.1" 200 2983 "-" "Mozilla/5.0 (compatible; Googlebot/2.1; +http://www.google.com/bot.html)"
183.60.215.40 - - [31/Aug/2014:08:07:20 +0200] "GET /node/67?lang=en HTTP/1.1" 200 6750 "-" "Mozilla/5.0 (compatible; EasouSpider; +http://www.easou.com/search/spider.html)"
107.170.72.117 - - [31/Aug/2014:08:08:58 +0200] "GET /rss.xml HTTP/1.1" 200 14094 "-" "Feedbin - 1 subscribers"
37.58.100.171 - - [31/Aug/2014:08:10:31 +0200] "GET /node/135 HTTP/1.1" 200 5390 "-" "Mozilla/5.0 (compatible; AhrefsBot/5.0; +http://ahrefs.com/robot/)"
208.115.111.71 - - [31/Aug/2014:08:11:47 +0200] "GET /node/72 HTTP/1.1" 200 29313 "-" "Mozilla/5.0 (compatible; DotBot/1.1; http://www.opensiteexplorer.org/dotbot, help@moz.com)"
66.249.92.97 - - [31/Aug/2014:08:14:16 +0200] "GET /rss.xml HTTP/1.1" 200 2983 "-" "Feedfetcher-Google; (+http://www.google.com/feedfetcher.html; 3 subscribers; feed-id=7225077890218036057)"
220.181.108.120 - - [31/Aug/2014:08:23:12 +0200] "GET /node/133?lang=fr HTTP/1.1" 200 6091 "-" "Mozilla/5.0 (compatible; Baiduspider/2.0; +http://www.baidu.com/search/spider.html)"
104.143.16.36 - - [31/Aug/2014:08:24:48 +0200] "GET /node/3?lang=en HTTP/1.1" 200 6724 "http://www.hurence.com/" "Mozilla/5.0 (Macintosh; Intel Mac OS X 10_8_4) AppleWebKit/537.36 (KHTML, like Gecko) Chrome/27.0.1453.116 Safari/537.36"
104.143.16.36 - - [31/Aug/2014:08:24:50 +0200] "GET /?q=node/add HTTP/1.1" 403 4821 "http://www.hurence.com/" "Mozilla/5.0 (Macintosh; Intel Mac OS X 10_8_4) AppleWebKit/537.36 (KHTML, like Gecko) Chrome/27.0.1453.116 Safari/537.36"
104.143.16.36 - - [31/Aug/2014:08:24:51 +0200] "GET /?q=user/register HTTP/1.1" 200 5331 "http://www.hurence.com/?q=node/add" "Mozilla/5.0 (Macintosh; Intel Mac OS X 10_8_4) AppleWebKit/537.36 (KHTML, like Gecko) Chrome/27.0.1453.116 Safari/537.36"
104.143.16.36 - - [31/Aug/2014:08:24:51 +0200] "POST /?q=user/register HTTP/1.1" 302 677 "http://www.hurence.com/?q=user/register" "Mozilla/5.0 (Macintosh; Intel Mac OS X 10_8_4) AppleWebKit/537.36 (KHTML, like Gecko) Chrome/27.0.1453.116 Safari/537.36"
104.143.16.36 - - [31/Aug/2014:08:24:52 +0200] "GET / HTTP/1.1" 200 6715 "http://www.hurence.com/?q=user/register" "Mozilla/5.0 (Macintosh; Intel Mac OS X 10_8_4) AppleWebKit/537.36 (KHTML, like Gecko) Chrome/27.0.1453.116 Safari/537.36"
107.170.95.99 - - [31/Aug/2014:08:32:11 +0200] "GET /rss.xml HTTP/1.1" 200 14094 "-" "Feedbin - 1 subscribers"
66.249.78.129 - - [31/Aug/2014:08:33:35 +0200] "GET /node/7 HTTP/1.1" 200 5739 "-" "Mozilla/5.0 (iPhone; CPU iPhone OS 6_0 like Mac OS X) AppleWebKit/536.26 (KHTML, like Gecko) Version/6.0 Mobile/10A5376e Safari/8536.25 (compatible; Googlebot/2.1; +http://www.google.com/bot.html)"
5.231.3.71 - - [31/Aug/2014:08:34:48 +0200] "GET / HTTP/1.1" 200 6361 "http://hurence.com/" "Mozilla/5.0 (Macintosh; Intel Mac OS X 10_8_4) AppleWebKit/537.36 (KHTML, like Gecko) Chrome/27.0.1453.116 Safari/537.36"
5.231.3.71 - - [31/Aug/2014:08:34:50 +0200] "GET /?q=user HTTP/1.1" 200 5096 "http://hurence.com/" "Mozilla/5.0 (Macintosh; Intel Mac OS X 10_8_4) AppleWebKit/537.36 (KHTML, like Gecko) Chrome/27.0.1453.116 Safari/537.36"
5.231.3.71 - - [31/Aug/2014:08:34:51 +0200] "POST /?q=user HTTP/1.1" 200 5167 "http://hurence.com/?q=user" "Mozilla/5.0 (Macintosh; Intel Mac OS X 10_8_4) AppleWebKit/537.36 (KHTML, like Gecko) Chrome/27.0.1453.116 Safari/537.36"
183.60.213.39 - - [31/Aug/2014:08:36:06 +0200] "GET /node/83 HTTP/1.1" 200 6644 "-" "Mozilla/5.0 (compatible; EasouSpider; +http://www.easou.com/search/spider.html)"
66.249.92.189 - - [31/Aug/2014:08:38:22 +0200] "GET /rss.xml HTTP/1.1" 200 2985 "-" "Feedfetcher-Google; (+http://www.google.com/feedfetcher.html; 1 subscribers; feed-id=10851494855830720867)"
208.115.113.87 - - [31/Aug/2014:08:43:58 +0200] "GET /robots.txt HTTP/1.1" 200 1793 "-" "Mozilla/5.0 (compatible; DotBot/1.1; http://www.opensiteexplorer.org/dotbot, help@moz.com)"
104.143.16.93 - - [31/Aug/2014:08:49:28 +0200] "GET /node/3?lang=en HTTP/1.1" 200 6727 "http://www.hurence.com/" "Mozilla/5.0 (Macintosh; Intel Mac OS X 10_8_4) AppleWebKit/537.36 (KHTML, like Gecko) Chrome/27.0.1453.116 Safari/537.36"
104.143.16.93 - - [31/Aug/2014:08:49:31 +0200] "GET /?q=node/add HTTP/1.1" 403 4819 "http://www.hurence.com/" "Mozilla/5.0 (Macintosh; Intel Mac OS X 10_8_4) AppleWebKit/537.36 (KHTML, like Gecko) Chrome/27.0.1453.116 Safari/537.36"
104.143.16.93 - - [31/Aug/2014:08:49:31 +0200] "GET /?q=user/register HTTP/1.1" 200 5327 "http://www.hurence.com/?q=node/add" "Mozilla/5.0 (Macintosh; Intel Mac OS X 10_8_4) AppleWebKit/537.36 (KHTML, like Gecko) Chrome/27.0.1453.116 Safari/537.36"
104.143.16.93 - - [31/Aug/2014:08:49:32 +0200] "POST /?q=user/register HTTP/1.1" 302 677 "http://www.hurence.com/?q=user/register" "Mozilla/5.0 (Macintosh; Intel Mac OS X 10_8_4) AppleWebKit/537.36 (KHTML, like Gecko) Chrome/27.0.1453.116 Safari/537.36"
104.143.16.93 - - [31/Aug/2014:08:49:32 +0200] "GET / HTTP/1.1" 200 6716 "http://www.hurence.com/?q=user/register" "Mozilla/5.0 (Macintosh; Intel Mac OS X 10_8_4) AppleWebKit/537.36 (KHTML, like Gecko) Chrome/27.0.1453.116 Safari/537.36"
37.58.100.171 - - [31/Aug/2014:08:49:52 +0200] "GET /node/129?lang=fr HTTP/1.1" 200 5596 "-" "Mozilla/5.0 (compatible; AhrefsBot/5.0; +http://ahrefs.com/robot/)"
81.52.143.37 - - [31/Aug/2014:08:52:51 +0200] "GET / HTTP/1.1" 200 6318 "-" "Mozilla/5.0 (Windows NT 5.1; U; Win64; fr; rv:1.8.1) VoilaBot BETA 1.2 (support.voilabot@orange-ftgroup.com)"
213.136.75.83 - - [31/Aug/2014:08:54:23 +0200] "GET / HTTP/1.1" 200 6360 "http://hurence.com/" "Mozilla/5.0 (Macintosh; Intel Mac OS X 10_8_4) AppleWebKit/537.36 (KHTML, like Gecko) Chrome/28.0.1500.71 Safari/537.36"
5.255.75.203 - - [31/Aug/2014:08:54:32 +0200] "GET /?q=node/add HTTP/1.1" 403 4816 "http://hurence.com/" "Mozilla/5.0 (Macintosh; Intel Mac OS X 10_8_4) AppleWebKit/537.36 (KHTML, like Gecko) Chrome/28.0.1500.71 Safari/537.36"
5.255.75.203 - - [31/Aug/2014:08:54:33 +0200] "GET /?q=user/register HTTP/1.1" 200 5329 "http://hurence.com/?q=node/add" "Mozilla/5.0 (Macintosh; Intel Mac OS X 10_8_4) AppleWebKit/537.36 (KHTML, like Gecko) Chrome/28.0.1500.71 Safari/537.36"
5.255.75.203 - - [31/Aug/2014:08:54:33 +0200] "POST /?q=user/register HTTP/1.1" 302 673 "http://hurence.com/?q=user/register" "Mozilla/5.0 (Macintosh; Intel Mac OS X 10_8_4) AppleWebKit/537.36 (KHTML, like Gecko) Chrome/28.0.1500.71 Safari/537.36"
5.255.75.203 - - [31/Aug/2014:08:54:33 +0200] "GET / HTTP/1.1" 200 6708 "http://hurence.com/?q=user/register" "Mozilla/5.0 (Macintosh; Intel Mac OS X 10_8_4) AppleWebKit/537.36 (KHTML, like Gecko) Chrome/28.0.1500.71 Safari/537.36"
162.243.99.58 - - [31/Aug/2014:08:55:12 +0200] "GET /rss.xml HTTP/1.1" 200 14094 "-" "Feedbin - 1 subscribers"
46.105.135.167 - - [31/Aug/2014:09:00:38 +0200] "GET / HTTP/1.1" 200 6365 "http://www.hurence.com/" "Mozilla/5.0 (Macintosh; Intel Mac OS X 10_8_4) AppleWebKit/537.36 (KHTML, like Gecko) Chrome/28.0.1500.71 Safari/537.36"
46.105.135.167 - - [31/Aug/2014:09:00:42 +0200] "GET /?q=user HTTP/1.1" 200 5098 "http://www.hurence.com/" "Mozilla/5.0 (Macintosh; Intel Mac OS X 10_8_4) AppleWebKit/537.36 (KHTML, like Gecko) Chrome/28.0.1500.71 Safari/537.36"
46.105.135.167 - - [31/Aug/2014:09:00:42 +0200] "POST /?q=user HTTP/1.1" 200 5176 "http://www.hurence.com/?q=user" "Mozilla/5.0 (Macintosh; Intel Mac OS X 10_8_4) AppleWebKit/537.36 (KHTML, like Gecko) Chrome/28.0.1500.71 Safari/537.36"
68.180.225.40 - - [31/Aug/2014:09:03:06 +0200] "GET /node/150 HTTP/1.1" 200 5944 "-" "Mozilla/5.0 (compatible; Yahoo! Slurp; http://help.yahoo.com/help/us/ysearch/slurp)"
183.60.215.40 - - [31/Aug/2014:09:04:27 +0200] "GET /node/62 HTTP/1.1" 200 6551 "-" "Mozilla/5.0 (compatible; EasouSpider; +http://www.easou.com/search/spider.html)"
72.26.103.133 - - [31/Aug/2014:09:06:49 +0200] "GET / HTTP/1.1" 200 6359 "http://www.hurence.com/" "Mozilla/5.0 (Macintosh; Intel Mac OS X 10_8_4) AppleWebKit/537.36 (KHTML, like Gecko) Chrome/28.0.1500.71 Safari/537.36"
72.26.103.133 - - [31/Aug/2014:09:06:52 +0200] "GET /?q=user HTTP/1.1" 200 5097 "http://www.hurence.com/" "Mozilla/5.0 (Macintosh; Intel Mac OS X 10_8_4) AppleWebKit/537.36 (KHTML, like Gecko) Chrome/28.0.1500.71 Safari/537.36"
72.26.103.133 - - [31/Aug/2014:09:06:54 +0200] "POST /?q=user HTTP/1.1" 200 5178 "http://www.hurence.com/?q=user" "Mozilla/5.0 (Macintosh; Intel Mac OS X 10_8_4) AppleWebKit/537.36 (KHTML, like Gecko) Chrome/28.0.1500.71 Safari/537.36"
66.249.92.110 - - [31/Aug/2014:09:07:27 +0200] "GET /rss.xml HTTP/1.1" 200 2983 "-" "Feedfetcher-Google; (+http://www.google.com/feedfetcher.html; 3 subscribers; feed-id=7225077890218036057)"
66.249.78.153 - - [31/Aug/2014:09:08:36 +0200] "GET /rss.xml HTTP/1.1" 200 2983 "-" "Mozilla/5.0 (compatible; Googlebot/2.1; +http://www.google.com/bot.html)"
202.46.63.129 - - [31/Aug/2014:09:10:56 +0200] "GET / HTTP/1.1" 200 16060 "-" "Mozilla/4.0 (compatible; MSIE 7.0; Windows NT 6.0)"
119.63.193.195 - - [31/Aug/2014:09:12:21 +0200] "GET / HTTP/1.1" 200 16060 "-" "Mozilla/4.0 (compatible; MSIE 7.0; Windows NT 6.0)"
8.37.228.46 - - [31/Aug/2014:09:13:41 +0200] "GET /sites/default/files/What%20is%20Hadoop.pdf HTTP/1.1" 200 37648 "http://www.google.co.in/search?ie=UTF-8&q=big+data+hadoop+tutorial+pdf&revid=948243805&sa=X&ei=38kCVOjyDeW8iwKnq4DwBA&ved=0CAcQ1QIoAQ" "UCWEB/2.0 (Linux; U; Opera Mini/7.1.32052/30.3697; en-US; Nokia_X) U2/1.0.0 UCBrowser/9.2.0.419 Mobile"
66.249.78.146 - - [31/Aug/2014:09:14:53 +0200] "GET /node/77?lang=en HTTP/1.1" 200 6568 "-" "Mozilla/5.0 (compatible; Googlebot/2.1; +http://www.google.com/bot.html)"
106.221.148.160 - - [31/Aug/2014:09:13:48 +0200] "GET /sites/default/files/What%20is%20Hadoop.pdf HTTP/1.1" 206 692054 "http://www.google.co.in/search?ie=UTF-8&q=big+data+hadoop+tutorial+pdf&revid=948243805&sa=X&ei=38kCVOjyDeW8iwKnq4DwBA&ved=0CAcQ1QIoAQ" "UCWEB/2.0 (MIDP-2.0; U; Adr 4.1.2; null; Nokia_X) U2/1.0.0 UCBrowser/9.2.0.419 U2/1.0.0 Mobile"
162.243.202.33 - - [31/Aug/2014:09:17:58 +0200] "GET /rss.xml HTTP/1.1" 200 14094 "-" "Feedbin - 1 subscribers"
66.249.78.153 - - [31/Aug/2014:09:18:38 +0200] "GET /node/62?lang=en HTTP/1.1" 200 6633 "-" "Mozilla/5.0 (compatible; Googlebot/2.1; +http://www.google.com/bot.html)"
183.60.212.134 - - [31/Aug/2014:09:27:18 +0200] "GET /node/124?lang=fr HTTP/1.1" 200 6776 "-" "Mozilla/5.0 (compatible; EasouSpider; +http://www.easou.com/search/spider.html)"
66.249.78.153 - - [31/Aug/2014:09:33:33 +0200] "GET /node/40 HTTP/1.1" 200 6705 "-" "Mozilla/5.0 (compatible; Googlebot/2.1; +http://www.google.com/bot.html)"
183.60.212.134 - - [31/Aug/2014:09:36:55 +0200] "GET /node/82 HTTP/1.1" 200 6732 "-" "Mozilla/5.0 (compatible; EasouSpider; +http://www.easou.com/search/spider.html)"
162.243.124.153 - - [31/Aug/2014:09:41:20 +0200] "GET /rss.xml HTTP/1.1" 200 14094 "-" "Feedbin - 1 subscribers"
199.87.230.162 - - [31/Aug/2014:09:42:55 +0200] "GET / HTTP/1.1" 200 6360 "http://www.hurence.com/" "Mozilla/5.0 (Macintosh; Intel Mac OS X 10_8_4) AppleWebKit/537.36 (KHTML, like Gecko) Chrome/28.0.1500.71 Safari/537.36"
199.87.230.162 - - [31/Aug/2014:09:42:58 +0200] "GET /?q=user HTTP/1.1" 200 5095 "http://www.hurence.com/" "Mozilla/5.0 (Macintosh; Intel Mac OS X 10_8_4) AppleWebKit/537.36 (KHTML, like Gecko) Chrome/28.0.1500.71 Safari/537.36"
199.87.230.162 - - [31/Aug/2014:09:42:58 +0200] "POST /?q=user HTTP/1.1" 200 5172 "http://www.hurence.com/?q=user" "Mozilla/5.0 (Macintosh; Intel Mac OS X 10_8_4) AppleWebKit/537.36 (KHTML, like Gecko) Chrome/28.0.1500.71 Safari/537.36"
61.135.189.182 - - [31/Aug/2014:09:46:20 +0200] "GET /node/68 HTTP/1.1" 200 6688 "-" "Sogou web spider/4.0(+http://www.sogou.com/docs/help/webmasters.htm#07)"
81.52.143.37 - - [31/Aug/2014:09:46:26 +0200] "GET /node/127?lang=fr HTTP/1.1" 200 7364 "-" "Mozilla/5.0 (Windows NT 5.1; U; Win64; fr; rv:1.8.1) VoilaBot BETA 1.2 (support.voilabot@orange-ftgroup.com)"
61.135.189.182 - - [31/Aug/2014:09:46:45 +0200] "GET /node/61 HTTP/1.1" 200 6555 "-" "Sogou web spider/4.0(+http://www.sogou.com/docs/help/webmasters.htm#07)"
208.115.113.87 - - [31/Aug/2014:09:48:07 +0200] "GET /node/119?lang=fr HTTP/1.1" 200 32514 "-" "Mozilla/5.0 (compatible; DotBot/1.1; http://www.opensiteexplorer.org/dotbot, help@moz.com)"
183.60.212.134 - - [31/Aug/2014:09:50:48 +0200] "GET /node/135?lang=en HTTP/1.1" 200 5441 "-" "Mozilla/5.0 (compatible; EasouSpider; +http://www.easou.com/search/spider.html)"
66.249.78.139 - - [31/Aug/2014:09:57:38 +0200] "GET /node/73?lang=en HTTP/1.1" 200 6665 "-" "Mozilla/5.0 (compatible; Googlebot/2.1; +http://www.google.com/bot.html)"
81.52.143.26 - - [31/Aug/2014:09:58:11 +0200] "GET /node/118?lang=fr HTTP/1.1" 200 7625 "-" "Mozilla/5.0 (Windows NT 5.1; U; Win64; fr; rv:1.8.1) VoilaBot BETA 1.2 (support.voilabot@orange-ftgroup.com)"
61.135.190.101 - - [31/Aug/2014:10:00:21 +0200] "GET / HTTP/1.1" 200 6360 "http://www.baidu.com/s?wd=Home%7Churence" "Mozilla/5.0 (Windows; U; Windows NT 5.1; zh-CN; rv:1.9.2.15) Gecko/20110303 Firefox/3.6.15"
61.135.190.100 - - [31/Aug/2014:10:00:24 +0200] "GET /misc/jquery.js?v=1.4.4 HTTP/1.1" 200 27432 "http://www.hurence.com/" "Mozilla/5.0 (Windows; U; Windows NT 5.1; zh-CN; rv:1.9.2.15) Gecko/20110303 Firefox/3.6.15"
37.58.100.171 - - [31/Aug/2014:10:00:23 +0200] "GET /node/53?lang=fr HTTP/1.1" 200 5861 "-" "Mozilla/5.0 (compatible; AhrefsBot/5.0; +http://ahrefs.com/robot/)"
61.135.190.101 - - [31/Aug/2014:10:00:26 +0200] "GET /misc/jquery.once.js?v=1.2 HTTP/1.1" 200 1420 "http://www.hurence.com/" "Mozilla/5.0 (Windows; U; Windows NT 5.1; zh-CN; rv:1.9.2.15) Gecko/20110303 Firefox/3.6.15"
61.135.190.100 - - [31/Aug/2014:10:00:26 +0200] "GET /misc/drupal.js?ls5cse HTTP/1.1" 200 4882 "http://www.hurence.com/" "Mozilla/5.0 (Windows; U; Windows NT 5.1; zh-CN; rv:1.9.2.15) Gecko/20110303 Firefox/3.6.15"
61.135.190.101 - - [31/Aug/2014:10:00:26 +0200] "GET /sites/all/modules/featured_content/featured_content.js?ls5cse HTTP/1.1" 200 1074 "http://www.hurence.com/" "Mozilla/5.0 (Windows; U; Windows NT 5.1; zh-CN; rv:1.9.2.15) Gecko/20110303 Firefox/3.6.15"
61.135.190.100 - - [31/Aug/2014:10:00:27 +0200] "GET /sites/all/modules/megamenu/megamenu.js?ls5cse HTTP/1.1" 200 1758 "http://www.hurence.com/" "Mozilla/5.0 (Windows; U; Windows NT 5.1; zh-CN; rv:1.9.2.15) Gecko/20110303 Firefox/3.6.15"
61.135.190.101 - - [31/Aug/2014:10:00:27 +0200] "GET /sites/all/themes/hurence/js/hurence.js?ls5cse HTTP/1.1" 200 806 "http://www.hurence.com/" "Mozilla/5.0 (Windows; U; Windows NT 5.1; zh-CN; rv:1.9.2.15) Gecko/20110303 Firefox/3.6.15"
61.135.190.100 - - [31/Aug/2014:10:00:28 +0200] "GET /sites/all/modules/views/js/jquery.ui.dialog.patch.js?ls5cse HTTP/1.1" 200 914 "http://www.hurence.com/" "Mozilla/5.0 (Windows; U; Windows NT 5.1; zh-CN; rv:1.9.2.15) Gecko/20110303 Firefox/3.6.15"
66.249.66.172 - - [31/Aug/2014:10:02:38 +0200] "GET /node/134 HTTP/1.1" 200 5441 "-" "Mozilla/5.0 (iPhone; CPU iPhone OS 6_0 like Mac OS X) AppleWebKit/536.26 (KHTML, like Gecko) Version/6.0 Mobile/10A5376e Safari/8536.25 (compatible; Googlebot/2.1; +http://www.google.com/bot.html)"
66.249.92.97 - - [31/Aug/2014:10:02:57 +0200] "GET /rss.xml HTTP/1.1" 200 2983 "-" "Feedfetcher-Google; (+http://www.google.com/feedfetcher.html; 3 subscribers; feed-id=7225077890218036057)"
162.243.32.163 - - [31/Aug/2014:10:03:57 +0200] "GET /rss.xml HTTP/1.1" 200 14094 "-" "Feedbin - 1 subscribers"
80.72.35.84 - - [31/Aug/2014:10:07:16 +0200] "GET /?q=user/register HTTP/1.1" 200 5326 "http://hurence.com/" "Mozilla/5.0 (Macintosh; Intel Mac OS X 10_8_4) AppleWebKit/537.36 (KHTML, like Gecko) Chrome/28.0.1500.71 Safari/537.36"
80.72.35.84 - - [31/Aug/2014:10:07:16 +0200] "GET /?q=node/add HTTP/1.1" 403 4817 "http://hurence.com/" "Mozilla/5.0 (Macintosh; Intel Mac OS X 10_8_4) AppleWebKit/537.36 (KHTML, like Gecko) Chrome/28.0.1500.71 Safari/537.36"
80.72.35.84 - - [31/Aug/2014:10:07:17 +0200] "GET /?q=user/register HTTP/1.1" 200 5327 "http://hurence.com/?q=node/add" "Mozilla/5.0 (Macintosh; Intel Mac OS X 10_8_4) AppleWebKit/537.36 (KHTML, like Gecko) Chrome/28.0.1500.71 Safari/537.36"
80.72.35.84 - - [31/Aug/2014:10:07:17 +0200] "POST /?q=user/register HTTP/1.1" 200 5434 "http://hurence.com/?q=user/register" "Mozilla/5.0 (Macintosh; Intel Mac OS X 10_8_4) AppleWebKit/537.36 (KHTML, like Gecko) Chrome/28.0.1500.71 Safari/537.36"
80.72.35.84 - - [31/Aug/2014:10:07:17 +0200] "GET /?q=user/register HTTP/1.1" 200 5333 "http://hurence.com/?q=user/register" "Mozilla/5.0 (Macintosh; Intel Mac OS X 10_8_4) AppleWebKit/537.36 (KHTML, like Gecko) Chrome/28.0.1500.71 Safari/537.36"
80.72.35.84 - - [31/Aug/2014:10:07:18 +0200] "GET /?q=node/add HTTP/1.1" 403 4818 "http://hurence.com/" "Mozilla/5.0 (Macintosh; Intel Mac OS X 10_8_4) AppleWebKit/537.36 (KHTML, like Gecko) Chrome/28.0.1500.71 Safari/537.36"
80.72.35.84 - - [31/Aug/2014:10:07:18 +0200] "GET /?q=user/register HTTP/1.1" 200 5324 "http://hurence.com/?q=node/add" "Mozilla/5.0 (Macintosh; Intel Mac OS X 10_8_4) AppleWebKit/537.36 (KHTML, like Gecko) Chrome/28.0.1500.71 Safari/537.36"
80.72.35.84 - - [31/Aug/2014:10:07:18 +0200] "POST /?q=user/register HTTP/1.1" 200 5438 "http://hurence.com/?q=user/register" "Mozilla/5.0 (Macintosh; Intel Mac OS X 10_8_4) AppleWebKit/537.36 (KHTML, like Gecko) Chrome/28.0.1500.71 Safari/537.36"
80.72.35.84 - - [31/Aug/2014:10:07:19 +0200] "GET /?q=user/register HTTP/1.1" 200 5330 "http://hurence.com/?q=user/register" "Mozilla/5.0 (Macintosh; Intel Mac OS X 10_8_4) AppleWebKit/537.36 (KHTML, like Gecko) Chrome/28.0.1500.71 Safari/537.36"
80.72.35.84 - - [31/Aug/2014:10:07:19 +0200] "GET /?q=node/add HTTP/1.1" 403 4818 "http://hurence.com/" "Mozilla/5.0 (Macintosh; Intel Mac OS X 10_8_4) AppleWebKit/537.36 (KHTML, like Gecko) Chrome/28.0.1500.71 Safari/537.36"
80.72.35.84 - - [31/Aug/2014:10:07:19 +0200] "GET /?q=user/register HTTP/1.1" 200 5328 "http://hurence.com/?q=node/add" "Mozilla/5.0 (Macintosh; Intel Mac OS X 10_8_4) AppleWebKit/537.36 (KHTML, like Gecko) Chrome/28.0.1500.71 Safari/537.36"
80.72.35.84 - - [31/Aug/2014:10:07:20 +0200] "POST /?q=user/register HTTP/1.1" 200 5435 "http://hurence.com/?q=user/register" "Mozilla/5.0 (Macintosh; Intel Mac OS X 10_8_4) AppleWebKit/537.36 (KHTML, like Gecko) Chrome/28.0.1500.71 Safari/537.36"
80.72.35.84 - - [31/Aug/2014:10:07:20 +0200] "GET /?q=user/register HTTP/1.1" 200 5327 "http://hurence.com/?q=user/register" "Mozilla/5.0 (Macintosh; Intel Mac OS X 10_8_4) AppleWebKit/537.36 (KHTML, like Gecko) Chrome/28.0.1500.71 Safari/537.36"
80.72.35.84 - - [31/Aug/2014:10:07:20 +0200] "GET /?q=node/add HTTP/1.1" 403 4817 "http://hurence.com/" "Mozilla/5.0 (Macintosh; Intel Mac OS X 10_8_4) AppleWebKit/537.36 (KHTML, like Gecko) Chrome/28.0.1500.71 Safari/537.36"
80.72.35.84 - - [31/Aug/2014:10:07:21 +0200] "GET /?q=user/register HTTP/1.1" 200 5329 "http://hurence.com/?q=node/add" "Mozilla/5.0 (Macintosh; Intel Mac OS X 10_8_4) AppleWebKit/537.36 (KHTML, like Gecko) Chrome/28.0.1500.71 Safari/537.36"
80.72.35.84 - - [31/Aug/2014:10:07:21 +0200] "POST /?q=user/register HTTP/1.1" 200 5436 "http://hurence.com/?q=user/register" "Mozilla/5.0 (Macintosh; Intel Mac OS X 10_8_4) AppleWebKit/537.36 (KHTML, like Gecko) Chrome/28.0.1500.71 Safari/537.36"
66.249.78.153 - - [31/Aug/2014:10:09:17 +0200] "GET /rss.xml HTTP/1.1" 200 2983 "-" "Mozilla/5.0 (compatible; Googlebot/2.1; +http://www.google.com/bot.html)"
183.60.215.40 - - [31/Aug/2014:10:18:30 +0200] "GET /node/54?lang=fr HTTP/1.1" 200 7027 "-" "Mozilla/5.0 (compatible; EasouSpider; +http://www.easou.com/search/spider.html)"
37.58.100.171 - - [31/Aug/2014:10:24:51 +0200] "GET /node/152 HTTP/1.1" 200 5761 "-" "Mozilla/5.0 (compatible; AhrefsBot/5.0; +http://ahrefs.com/robot/)"
91.250.15.69 - - [31/Aug/2014:10:25:42 +0200] "GET / HTTP/1.0" 200 27745 "http://inload.me" "Mozilla/5.1 (compatible; DBot/7.3; +http://inload.me)"
91.250.15.69 - - [31/Aug/2014:10:25:45 +0200] "GET / HTTP/1.0" 200 27745 "http://inload.me" "Mozilla/5.1 (compatible; DBot/7.3; +http://inload.me)"
91.250.15.69 - - [31/Aug/2014:10:25:47 +0200] "GET / HTTP/1.0" 200 27745 "http://inload.me" "Mozilla/5.1 (compatible; DBot/7.3; +http://inload.me)"
157.55.39.193 - - [31/Aug/2014:10:25:55 +0200] "GET / HTTP/1.1" 200 6361 "-" "Mozilla/5.0 (compatible; bingbot/2.0; +http://www.bing.com/bingbot.htm)"
107.170.66.74 - - [31/Aug/2014:10:26:57 +0200] "GET /rss.xml HTTP/1.1" 200 14094 "-" "Feedbin - 1 subscribers"
62.210.167.199 - - [31/Aug/2014:10:28:28 +0200] "GET /user/register HTTP/1.1" 200 5324 "https://www.google.com/" "Mozilla/5.0 (Windows NT 6.1; WOW64; rv:23.0) Gecko/20100101 Firefox/23.0"
62.210.167.199 - - [31/Aug/2014:10:28:32 +0200] "POST /user/register HTTP/1.1" 302 702 "http://www.hurence.com/user/register" "Mozilla/5.0 (Windows NT 6.1; WOW64; rv:23.0) Gecko/20100101 Firefox/23.0"
62.210.167.199 - - [31/Aug/2014:10:28:33 +0200] "GET / HTTP/1.1" 200 6658 "http://www.hurence.com/user/register" "Mozilla/5.0 (Windows NT 6.1; WOW64; rv:23.0) Gecko/20100101 Firefox/23.0"
54.219.42.81 - - [31/Aug/2014:10:33:15 +0200] "GET /rss.xml HTTP/1.1" 200 2945 "-" "Digg Feed Fetcher 1.0 (Mozilla/5.0 (Macintosh; Intel Mac OS X 10_7_1) AppleWebKit/534.48.3 (KHTML, like Gecko) Version/5.1 Safari/534.48.3)"
180.76.5.223 - - [31/Aug/2014:10:39:30 +0200] "GET /node/12 HTTP/1.1" 200 6325 "-" "Mozilla/5.0 (compatible; Baiduspider/2.0; +http://www.baidu.com/search/spider.html)"
208.115.111.71 - - [31/Aug/2014:10:49:40 +0200] "GET /robots.txt HTTP/1.1" 200 1793 "-" "Mozilla/5.0 (compatible; DotBot/1.1; http://www.opensiteexplorer.org/dotbot, help@moz.com)"
208.115.111.71 - - [31/Aug/2014:10:49:40 +0200] "GET /robots.txt HTTP/1.1" 200 1793 "-" "Mozilla/5.0 (compatible; DotBot/1.1; http://www.opensiteexplorer.org/dotbot, help@moz.com)"
107.170.54.23 - - [31/Aug/2014:10:50:06 +0200] "GET /rss.xml HTTP/1.1" 200 14094 "-" "Feedbin - 1 subscribers"
