162.253.154.204 - - [31/Aug/2014:23:07:49 +0200] "GET /?q=user/register HTTP/1.1" 200 5326 "http://www.hurence.com/?q=node/add" "Mozilla/5.0 (Macintosh; Intel Mac OS X 10_8_4) AppleWebKit/537.36 (KHTML, like Gecko) Chrome/28.0.1500.71 Safari/537.36"
162.253.154.204 - - [31/Aug/2014:23:07:50 +0200] "POST /?q=user/register HTTP/1.1" 200 5429 "http://www.hurence.com/?q=user/register" "Mozilla/5.0 (Macintosh; Intel Mac OS X 10_8_4) AppleWebKit/537.36 (KHTML, like Gecko) Chrome/28.0.1500.71 Safari/537.36"
162.253.154.204 - - [31/Aug/2014:23:07:51 +0200] "GET /?q=user/register HTTP/1.1" 200 5330 "http://www.hurence.com/?q=user/register" "Mozilla/5.0 (Macintosh; Intel Mac OS X 10_8_4) AppleWebKit/537.36 (KHTML, like Gecko) Chrome/28.0.1500.71 Safari/537.36"
162.253.154.204 - - [31/Aug/2014:23:07:51 +0200] "GET /?q=node/add HTTP/1.1" 403 4821 "http://www.hurence.com/" "Mozilla/5.0 (Macintosh; Intel Mac OS X 10_8_4) AppleWebKit/537.36 (KHTML, like Gecko) Chrome/28.0.1500.71 Safari/537.36"
162.253.154.204 - - [31/Aug/2014:23:07:52 +0200] "GET /?q=user/register HTTP/1.1" 200 5330 "http://www.hurence.com/?q=node/add" "Mozilla/5.0 (Macintosh; Intel Mac OS X 10_8_4) AppleWebKit/537.36 (KHTML, like Gecko) Chrome/28.0.1500.71 Safari/537.36"
162.253.154.204 - - [31/Aug/2014:23:07:53 +0200] "POST /?q=user/register HTTP/1.1" 302 677 "http://www.hurence.com/?q=user/register" "Mozilla/5.0 (Macintosh; Intel Mac OS X 10_8_4) AppleWebKit/537.36 (KHTML, like Gecko) Chrome/28.0.1500.71 Safari/537.36"
162.253.154.204 - - [31/Aug/2014:23:07:53 +0200] "GET / HTTP/1.1" 200 6714 "http://www.hurence.com/?q=user/register" "Mozilla/5.0 (Macintosh; Intel Mac OS X 10_8_4) AppleWebKit/537.36 (KHTML, like Gecko) Chrome/28.0.1500.71 Safari/537.36"
162.253.154.204 - - [31/Aug/2014:23:07:56 +0200] "GET /?q=user HTTP/1.1" 200 5097 "http://www.hurence.com/" "Mozilla/5.0 (Macintosh; Intel Mac OS X 10_8_4) AppleWebKit/537.36 (KHTML, like Gecko) Chrome/28.0.1500.71 Safari/537.36"
162.253.154.204 - - [31/Aug/2014:23:07:57 +0200] "POST /?q=user HTTP/1.1" 200 5168 "http://www.hurence.com/?q=user" "Mozilla/5.0 (Macintosh; Intel Mac OS X 10_8_4) AppleWebKit/537.36 (KHTML, like Gecko) Chrome/28.0.1500.71 Safari/537.36"
202.46.50.70 - - [31/Aug/2014:23:09:21 +0200] "GET / HTTP/1.1" 200 16060 "-" "Mozilla/4.0 (compatible; MSIE 7.0; Windows NT 6.0)"
119.63.193.196 - - [31/Aug/2014:23:10:42 +0200] "GET / HTTP/1.1" 200 16060 "-" "Mozilla/4.0 (compatible; MSIE 7.0; Windows NT 6.0)"
23.95.40.69 - - [31/Aug/2014:23:11:08 +0200] "GET /node/3?lang=en HTTP/1.1" 200 6721 "http://www.hurence.com/node/3?lang=en" "Mozilla/5.0 (compatible; MSIE 9.0; Windows NT 6.1; WOW64; Trident/5.0)"
23.95.40.69 - - [31/Aug/2014:23:11:11 +0200] "GET /user/register HTTP/1.1" 200 5324 "http://www.hurence.com/node/3?lang=en" "Mozilla/5.0 (compatible; MSIE 9.0; Windows NT 6.1; WOW64; Trident/5.0)"
23.95.40.69 - - [31/Aug/2014:23:11:12 +0200] "POST /user/register HTTP/1.1" 302 678 "http://www.hurence.com/user/register" "Mozilla/5.0 (compatible; MSIE 9.0; Windows NT 6.1; WOW64; Trident/5.0)"
23.95.40.69 - - [31/Aug/2014:23:11:13 +0200] "GET / HTTP/1.1" 200 6717 "http://www.hurence.com/user/register" "Mozilla/5.0 (compatible; MSIE 9.0; Windows NT 6.1; WOW64; Trident/5.0)"
66.249.89.22 - - [31/Aug/2014:23:11:21 +0200] "GET /rss.xml HTTP/1.1" 200 2985 "-" "Feedfetcher-Google; (+http://www.google.com/feedfetcher.html; 1 subscribers; feed-id=10851494855830720867)"
107.170.54.23 - - [31/Aug/2014:23:15:14 +0200] "GET /rss.xml HTTP/1.1" 200 14094 "-" "Feedbin - 1 subscribers"
66.249.89.241 - - [31/Aug/2014:23:15:37 +0200] "GET /rss.xml HTTP/1.1" 200 2983 "-" "Feedfetcher-Google; (+http://www.google.com/feedfetcher.html; 3 subscribers; feed-id=7225077890218036057)"
107.168.10.161 - - [31/Aug/2014:23:25:06 +0200] "GET / HTTP/1.1" 200 6357 "http://hurence.com" "Mozilla/5.0 (Macintosh; Intel Mac OS X 10_8_4) AppleWebKit/537.36 (KHTML, like Gecko) Chrome/28.0.1500.71 Safari/537.36"
107.168.10.161 - - [31/Aug/2014:23:25:08 +0200] "GET /node/134 HTTP/1.1" 200 5429 "http://hurence.com" "Mozilla/5.0 (Macintosh; Intel Mac OS X 10_8_4) AppleWebKit/537.36 (KHTML, like Gecko) Chrome/28.0.1500.71 Safari/537.36"
66.249.64.17 - - [31/Aug/2014:23:35:24 +0200] "GET /rss.xml HTTP/1.1" 200 2985 "-" "Mozilla/5.0 (compatible; Googlebot/2.1; +http://www.google.com/bot.html)"
66.249.64.237 - - [31/Aug/2014:23:35:37 +0200] "GET /rss.xml HTTP/1.1" 200 2983 "-" "Mozilla/5.0 (compatible; Googlebot/2.1; +http://www.google.com/bot.html)"
162.243.220.153 - - [31/Aug/2014:23:38:16 +0200] "GET /rss.xml HTTP/1.1" 200 14094 "-" "Feedbin - 1 subscribers"
157.55.39.193 - - [31/Aug/2014:23:39:57 +0200] "GET / HTTP/1.1" 200 6354 "-" "Mozilla/5.0 (compatible; bingbot/2.0; +http://www.bing.com/bingbot.htm)"
107.181.70.221 - - [31/Aug/2014:23:50:45 +0200] "GET / HTTP/1.1" 200 6359 "http://hurence.com" "Mozilla/5.0 (Macintosh; Intel Mac OS X 10_8_4) AppleWebKit/537.36 (KHTML, like Gecko) Chrome/28.0.1500.71 Safari/537.36"
107.181.70.221 - - [31/Aug/2014:23:50:50 +0200] "GET /node/134 HTTP/1.1" 200 5434 "http://hurence.com" "Mozilla/5.0 (Macintosh; Intel Mac OS X 10_8_4) AppleWebKit/537.36 (KHTML, like Gecko) Chrome/28.0.1500.71 Safari/537.36"
123.125.71.49 - - [31/Aug/2014:23:51:28 +0200] "GET / HTTP/1.1" 200 16060 "-" "Mozilla/5.0 (compatible; Baiduspider/2.0; +http://www.baidu.com/search/spider.html)"
183.60.215.40 - - [31/Aug/2014:23:51:32 +0200] "GET /node/69 HTTP/1.1" 200 6661 "-" "Mozilla/5.0 (compatible; EasouSpider; +http://www.easou.com/search/spider.html)"
37.58.100.171 - - [31/Aug/2014:23:55:27 +0200] "GET /node/node/126 HTTP/1.1" 404 4646 "-" "Mozilla/5.0 (compatible; AhrefsBot/5.0; +http://ahrefs.com/robot/)"
208.115.111.71 - - [01/Sep/2014:00:00:08 +0200] "GET /node/129?lang=en HTTP/1.1" 200 23801 "-" "Mozilla/5.0 (compatible; DotBot/1.1; http://www.opensiteexplorer.org/dotbot, help@moz.com)"
208.115.111.71 - - [01/Sep/2014:00:00:21 +0200] "GET /node/101?lang=fr HTTP/1.1" 200 32515 "-" "Mozilla/5.0 (compatible; DotBot/1.1; http://www.opensiteexplorer.org/dotbot, help@moz.com)"
208.115.111.71 - - [01/Sep/2014:00:00:34 +0200] "GET /node/111?lang=fr HTTP/1.1" 200 31920 "-" "Mozilla/5.0 (compatible; DotBot/1.1; http://www.opensiteexplorer.org/dotbot, help@moz.com)"
177.20.181.10 - - [01/Sep/2014:00:00:50 +0200] "GET / HTTP/1.1" 200 6362 "http://www.hurence.com/" "Mozilla/5.0 (Windows NT 5.1) AppleWebKit/537.36 (KHTML, like Gecko) Chrome/27.0.1453.116 Safari/537.36"
177.20.181.10 - - [01/Sep/2014:00:00:54 +0200] "GET /?q=user HTTP/1.1" 200 5096 "http://www.hurence.com/" "Mozilla/5.0 (Windows NT 5.1) AppleWebKit/537.36 (KHTML, like Gecko) Chrome/27.0.1453.116 Safari/537.36"
177.20.181.10 - - [01/Sep/2014:00:00:56 +0200] "POST /?q=user HTTP/1.1" 200 5176 "http://www.hurence.com/?q=user" "Mozilla/5.0 (Windows NT 5.1) AppleWebKit/537.36 (KHTML, like Gecko) Chrome/27.0.1453.116 Safari/537.36"
162.243.99.58 - - [01/Sep/2014:00:01:13 +0200] "GET /rss.xml HTTP/1.1" 200 14094 "-" "Feedbin - 1 subscribers"
157.55.39.10 - - [01/Sep/2014:00:05:31 +0200] "GET /node/79 HTTP/1.1" 200 6690 "-" "Mozilla/5.0 (compatible; bingbot/2.0; +http://www.bing.com/bingbot.htm)"
92.222.98.227 - - [01/Sep/2014:00:07:37 +0200] "GET / HTTP/1.1" 200 6363 "http://www.hurence.com" "Mozilla/5.0 (Macintosh; Intel Mac OS X 10_8_4) AppleWebKit/537.36 (KHTML, like Gecko) Chrome/28.0.1500.71 Safari/537.36"
108.186.244.14 - - [01/Sep/2014:00:08:10 +0200] "GET /?q=node/add HTTP/1.1" 403 4763 "http://www.hurence.com" "Mozilla/5.0 (Macintosh; Intel Mac OS X 10_8_4) AppleWebKit/537.36 (KHTML, like Gecko) Chrome/28.0.1500.71 Safari/537.36"
108.186.244.14 - - [01/Sep/2014:00:08:11 +0200] "GET /?q=user/register HTTP/1.1" 200 5272 "http://www.hurence.com/?q=node/add" "Mozilla/5.0 (Macintosh; Intel Mac OS X 10_8_4) AppleWebKit/537.36 (KHTML, like Gecko) Chrome/28.0.1500.71 Safari/537.36"
108.186.244.14 - - [01/Sep/2014:00:08:12 +0200] "POST /?q=user/register HTTP/1.1" 302 621 "http://www.hurence.com/?q=user/register" "Mozilla/5.0 (Macintosh; Intel Mac OS X 10_8_4) AppleWebKit/537.36 (KHTML, like Gecko) Chrome/28.0.1500.71 Safari/537.36"
108.186.244.14 - - [01/Sep/2014:00:08:13 +0200] "GET / HTTP/1.1" 200 6655 "http://www.hurence.com/?q=user/register" "Mozilla/5.0 (Macintosh; Intel Mac OS X 10_8_4) AppleWebKit/537.36 (KHTML, like Gecko) Chrome/28.0.1500.71 Safari/537.36"
108.186.244.14 - - [01/Sep/2014:00:08:15 +0200] "GET /?q=user HTTP/1.1" 200 5037 "http://www.hurence.com/" "Mozilla/5.0 (Macintosh; Intel Mac OS X 10_8_4) AppleWebKit/537.36 (KHTML, like Gecko) Chrome/28.0.1500.71 Safari/537.36"
108.186.244.14 - - [01/Sep/2014:00:08:16 +0200] "POST /?q=user HTTP/1.1" 200 5120 "http://www.hurence.com/?q=user" "Mozilla/5.0 (Macintosh; Intel Mac OS X 10_8_4) AppleWebKit/537.36 (KHTML, like Gecko) Chrome/28.0.1500.71 Safari/537.36"
209.126.230.71 - - [01/Sep/2014:00:14:35 +0200] "GET / HTTP/1.0" 200 27228 "-" "masscan/1.0 (https://github.com/robertdavidgraham/masscan)"
109.190.6.72 - - [01/Sep/2014:00:16:35 +0200] "HEAD / HTTP/1.1" 200 525 "-" "Wget/1.15 (freebsd8.4)"
204.145.97.67 - - [01/Sep/2014:00:17:00 +0200] "GET / HTTP/1.1" 200 21900 "-" "Mozilla/4.0 (compatible; MSIE 5.5; Windows 98)"
121.205.240.161 - - [01/Sep/2014:00:18:32 +0200] "GET / HTTP/1.1" 200 6362 "http://www.hurence.com/" "Mozilla/5.0 (Windows NT 5.1) AppleWebKit/537.36 (KHTML, like Gecko) Chrome/27.0.1453.116 Safari/537.36"
121.205.240.161 - - [01/Sep/2014:00:18:35 +0200] "GET /node/11?q=user HTTP/1.1" 200 5091 "http://www.hurence.com/" "Mozilla/5.0 (Windows NT 5.1) AppleWebKit/537.36 (KHTML, like Gecko) Chrome/27.0.1453.116 Safari/537.36"
121.205.240.161 - - [01/Sep/2014:00:18:36 +0200] "POST /node/11?q=user HTTP/1.1" 200 5172 "http://www.hurence.com/node/11?q=user" "Mozilla/5.0 (Windows NT 5.1) AppleWebKit/537.36 (KHTML, like Gecko) Chrome/27.0.1453.116 Safari/537.36"
107.170.96.101 - - [01/Sep/2014:00:24:08 +0200] "GET /rss.xml HTTP/1.1" 200 14094 "-" "Feedbin - 1 subscribers"
66.249.89.4 - - [01/Sep/2014:00:24:47 +0200] "GET /rss.xml HTTP/1.1" 200 2983 "-" "Feedfetcher-Google; (+http://www.google.com/feedfetcher.html; 3 subscribers; feed-id=7225077890218036057)"
107.169.2.62 - - [01/Sep/2014:00:25:15 +0200] "GET / HTTP/1.1" 200 6358 "http://hurence.com/" "Mozilla/5.0 (Macintosh; Intel Mac OS X 10_8_4) AppleWebKit/537.36 (KHTML, like Gecko) Chrome/28.0.1500.71 Safari/537.36"
107.169.2.62 - - [01/Sep/2014:00:25:18 +0200] "GET /?q=user HTTP/1.1" 200 5095 "http://hurence.com/" "Mozilla/5.0 (Macintosh; Intel Mac OS X 10_8_4) AppleWebKit/537.36 (KHTML, like Gecko) Chrome/28.0.1500.71 Safari/537.36"
107.169.2.62 - - [01/Sep/2014:00:25:18 +0200] "POST /?q=user HTTP/1.1" 200 5167 "http://hurence.com/?q=user" "Mozilla/5.0 (Macintosh; Intel Mac OS X 10_8_4) AppleWebKit/537.36 (KHTML, like Gecko) Chrome/28.0.1500.71 Safari/537.36"
183.60.213.39 - - [01/Sep/2014:00:27:37 +0200] "GET /node/39?lang=fr HTTP/1.1" 200 6998 "-" "Mozilla/5.0 (compatible; EasouSpider; +http://www.easou.com/search/spider.html)"
149.255.99.130 - - [01/Sep/2014:00:35:44 +0200] "GET http://149.255.99.130:64011/echo HTTP/1.0" 404 18824 "-" "-"
176.9.32.238 - - [01/Sep/2014:00:40:11 +0200] "GET /eyey/eye/ey.php HTTP/1.1" 404 20728 "-" "-"
176.9.32.238 - - [01/Sep/2014:00:40:11 +0200] "GET /phpMyAdmin/scripts/setup.php HTTP/1.1" 404 20841 "-" "-"
176.9.32.238 - - [01/Sep/2014:00:40:12 +0200] "GET /pma/scripts/setup.php HTTP/1.1" 404 20771 "-" "-"
176.9.32.238 - - [01/Sep/2014:00:40:12 +0200] "GET /myadmin/scripts/setup.php HTTP/1.1" 404 20811 "-" "-"
66.249.64.2 - - [01/Sep/2014:00:43:35 +0200] "GET /rss.xml HTTP/1.1" 200 2983 "-" "Mozilla/5.0 (compatible; Googlebot/2.1; +http://www.google.com/bot.html)"
208.115.113.87 - - [01/Sep/2014:00:44:54 +0200] "GET /robots.txt HTTP/1.1" 200 1793 "-" "Mozilla/5.0 (compatible; DotBot/1.1; http://www.opensiteexplorer.org/dotbot, help@moz.com)"
183.60.215.40 - - [01/Sep/2014:00:45:05 +0200] "GET /node/72?lang=en HTTP/1.1" 200 6731 "-" "Mozilla/5.0 (compatible; EasouSpider; +http://www.easou.com/search/spider.html)"
107.170.96.101 - - [01/Sep/2014:00:47:21 +0200] "GET /rss.xml HTTP/1.1" 200 14094 "-" "Feedbin - 1 subscribers"
183.60.215.40 - - [01/Sep/2014:00:52:56 +0200] "GET /node/67 HTTP/1.1" 200 6709 "-" "Mozilla/5.0 (compatible; EasouSpider; +http://www.easou.com/search/spider.html)"
94.23.40.22 - - [01/Sep/2014:00:55:35 +0200] "GET HTTP/1.1 HTTP/1.1" 400 470 "-" "Mozilla/4.0 (compatible; MSIE 6.0; Windows 98)"
94.23.40.22 - - [01/Sep/2014:00:55:36 +0200] "GET /etc/lib/pChart2/examples/index.php?Action=View&Script=/../etc/zpanel/panel/cnf/db.php HTTP/1.1" 404 4742 "-" "Mozilla/4.0 (compatible; MSIE 6.0; Windows 98)"
209.161.102.243 - - [01/Sep/2014:00:55:47 +0200] "GET / HTTP/1.1" 200 6359 "http://hurence.com" "Mozilla/5.0 (Macintosh; Intel Mac OS X 10_8_4) AppleWebKit/537.36 (KHTML, like Gecko) Chrome/28.0.1500.71 Safari/537.36"
209.161.102.243 - - [01/Sep/2014:00:55:49 +0200] "GET /node/134 HTTP/1.1" 200 5430 "http://hurence.com" "Mozilla/5.0 (Macintosh; Intel Mac OS X 10_8_4) AppleWebKit/537.36 (KHTML, like Gecko) Chrome/28.0.1500.71 Safari/537.36"
1.171.68.216 - - [01/Sep/2014:01:01:46 +0200] "CONNECT mx2.mail2000.com.tw:25 HTTP/1.0" 404 20095 "-" "-"
183.60.215.40 - - [01/Sep/2014:01:01:45 +0200] "GET /node/141?lang=fr HTTP/1.1" 200 7004 "-" "Mozilla/5.0 (compatible; EasouSpider; +http://www.easou.com/search/spider.html)"
31.3.251.146 - - [01/Sep/2014:01:05:03 +0200] "GET /?q=user/register HTTP/1.1" 200 5328 "http://hurence.com/" "Mozilla/5.0 (Windows NT 5.1) AppleWebKit/537.36 (KHTML, like Gecko) Chrome/27.0.1453.116 Safari/537.36"
31.3.251.146 - - [01/Sep/2014:01:05:04 +0200] "GET /?q=node/add HTTP/1.1" 403 4817 "http://hurence.com/" "Mozilla/5.0 (Windows NT 5.1) AppleWebKit/537.36 (KHTML, like Gecko) Chrome/27.0.1453.116 Safari/537.36"
31.3.251.146 - - [01/Sep/2014:01:05:04 +0200] "GET /?q=user/register HTTP/1.1" 200 5324 "http://hurence.com/?q=node/add" "Mozilla/5.0 (Windows NT 5.1) AppleWebKit/537.36 (KHTML, like Gecko) Chrome/27.0.1453.116 Safari/537.36"
31.3.251.146 - - [01/Sep/2014:01:05:04 +0200] "POST /?q=user/register HTTP/1.1" 200 5434 "http://hurence.com/?q=user/register" "Mozilla/5.0 (Windows NT 5.1) AppleWebKit/537.36 (KHTML, like Gecko) Chrome/27.0.1453.116 Safari/537.36"
31.3.251.146 - - [01/Sep/2014:01:05:05 +0200] "GET /?q=user/register HTTP/1.1" 200 5328 "http://hurence.com/?q=user/register" "Mozilla/5.0 (Windows NT 5.1) AppleWebKit/537.36 (KHTML, like Gecko) Chrome/27.0.1453.116 Safari/537.36"
31.3.251.146 - - [01/Sep/2014:01:05:05 +0200] "GET /?q=node/add HTTP/1.1" 403 4818 "http://hurence.com/" "Mozilla/5.0 (Windows NT 5.1) AppleWebKit/537.36 (KHTML, like Gecko) Chrome/27.0.1453.116 Safari/537.36"
31.3.251.146 - - [01/Sep/2014:01:05:06 +0200] "GET /?q=user/register HTTP/1.1" 200 5328 "http://hurence.com/?q=node/add" "Mozilla/5.0 (Windows NT 5.1) AppleWebKit/537.36 (KHTML, like Gecko) Chrome/27.0.1453.116 Safari/537.36"
31.3.251.146 - - [01/Sep/2014:01:05:06 +0200] "POST /?q=user/register HTTP/1.1" 200 5426 "http://hurence.com/?q=user/register" "Mozilla/5.0 (Windows NT 5.1) AppleWebKit/537.36 (KHTML, like Gecko) Chrome/27.0.1453.116 Safari/537.36"
31.3.251.146 - - [01/Sep/2014:01:05:06 +0200] "GET /?q=user/register HTTP/1.1" 200 5330 "http://hurence.com/?q=user/register" "Mozilla/5.0 (Windows NT 5.1) AppleWebKit/537.36 (KHTML, like Gecko) Chrome/27.0.1453.116 Safari/537.36"
31.3.251.146 - - [01/Sep/2014:01:05:07 +0200] "GET /?q=node/add HTTP/1.1" 403 4818 "http://hurence.com/" "Mozilla/5.0 (Windows NT 5.1) AppleWebKit/537.36 (KHTML, like Gecko) Chrome/27.0.1453.116 Safari/537.36"
31.3.251.146 - - [01/Sep/2014:01:05:07 +0200] "GET /?q=user/register HTTP/1.1" 200 5326 "http://hurence.com/?q=node/add" "Mozilla/5.0 (Windows NT 5.1) AppleWebKit/537.36 (KHTML, like Gecko) Chrome/27.0.1453.116 Safari/537.36"
31.3.251.146 - - [01/Sep/2014:01:05:07 +0200] "POST /?q=user/register HTTP/1.1" 200 5439 "http://hurence.com/?q=user/register" "Mozilla/5.0 (Windows NT 5.1) AppleWebKit/537.36 (KHTML, like Gecko) Chrome/27.0.1453.116 Safari/537.36"
31.3.251.146 - - [01/Sep/2014:01:05:08 +0200] "GET /?q=user/register HTTP/1.1" 200 5333 "http://hurence.com/?q=user/register" "Mozilla/5.0 (Windows NT 5.1) AppleWebKit/537.36 (KHTML, like Gecko) Chrome/27.0.1453.116 Safari/537.36"
31.3.251.146 - - [01/Sep/2014:01:05:08 +0200] "GET /?q=node/add HTTP/1.1" 403 4817 "http://hurence.com/" "Mozilla/5.0 (Windows NT 5.1) AppleWebKit/537.36 (KHTML, like Gecko) Chrome/27.0.1453.116 Safari/537.36"
31.3.251.146 - - [01/Sep/2014:01:05:08 +0200] "GET /?q=user/register HTTP/1.1" 200 5324 "http://hurence.com/?q=node/add" "Mozilla/5.0 (Windows NT 5.1) AppleWebKit/537.36 (KHTML, like Gecko) Chrome/27.0.1453.116 Safari/537.36"
31.3.251.146 - - [01/Sep/2014:01:05:09 +0200] "POST /?q=user/register HTTP/1.1" 200 5438 "http://hurence.com/?q=user/register" "Mozilla/5.0 (Windows NT 5.1) AppleWebKit/537.36 (KHTML, like Gecko) Chrome/27.0.1453.116 Safari/537.36"
202.46.55.24 - - [01/Sep/2014:01:09:25 +0200] "GET / HTTP/1.1" 200 16060 "-" "Mozilla/4.0 (compatible; MSIE 7.0; Windows NT 6.0)"
107.170.72.117 - - [01/Sep/2014:01:10:33 +0200] "GET /rss.xml HTTP/1.1" 200 14094 "-" "Feedbin - 1 subscribers"
119.63.193.131 - - [01/Sep/2014:01:10:47 +0200] "GET / HTTP/1.1" 200 16060 "-" "Mozilla/4.0 (compatible; MSIE 7.0; Windows NT 6.0)"
37.58.100.171 - - [01/Sep/2014:01:15:21 +0200] "GET /node/68?lang=en HTTP/1.1" 200 6710 "-" "Mozilla/5.0 (compatible; AhrefsBot/5.0; +http://ahrefs.com/robot/)"
5.135.186.210 - - [01/Sep/2014:01:17:31 +0200] "GET / HTTP/1.1" 200 6359 "http://hurence.com/" "Mozilla/5.0 (Windows NT 5.1) AppleWebKit/537.36 (KHTML, like Gecko) Chrome/27.0.1453.116 Safari/537.36"
103.16.166.211 - - [01/Sep/2014:01:24:02 +0200] "GET /favicon.ico HTTP/1.1" 404 327 "-" "Mozilla/5.0 (X11; Ubuntu; Linux x86_64; rv:31.0) Gecko/20100101 Firefox/31.0"
103.16.166.211 - - [01/Sep/2014:01:24:01 +0200] "GET /sites/default/files/What%20is%20Hadoop.pdf HTTP/1.1" 200 18824 "http://www.google.co.in/url?sa=t&rct=j&q=&esrc=s&source=web&cd=4&ved=0CD8QFjAD&url=http%3A%2F%2Fwww.hurence.com%2Fsites%2Fdefault%2Ffiles%2FWhat%2520is%2520Hadoop.pdf&ei=bK4DVJS2J8iXuASDt4G4Bg&usg=AFQjCNGENTsQcgSJzQyvHK-EaBihv9e_Lw&bvm=bv.74115972,d.c2E" "Mozilla/5.0 (X11; Ubuntu; Linux x86_64; rv:31.0) Gecko/20100101 Firefox/31.0"
103.16.166.211 - - [01/Sep/2014:01:24:03 +0200] "GET /favicon.ico HTTP/1.1" 404 327 "-" "Mozilla/5.0 (X11; Ubuntu; Linux x86_64; rv:31.0) Gecko/20100101 Firefox/31.0"
103.16.166.211 - - [01/Sep/2014:01:24:03 +0200] "GET /sites/default/files/What%20is%20Hadoop.pdf HTTP/1.1" 206 36735 "http://www.google.co.in/url?sa=t&rct=j&q=&esrc=s&source=web&cd=4&ved=0CD8QFjAD&url=http%3A%2F%2Fwww.hurence.com%2Fsites%2Fdefault%2Ffiles%2FWhat%2520is%2520Hadoop.pdf&ei=bK4DVJS2J8iXuASDt4G4Bg&usg=AFQjCNGENTsQcgSJzQyvHK-EaBihv9e_Lw&bvm=bv.74115972,d.c2E" "Mozilla/5.0 (X11; Ubuntu; Linux x86_64; rv:31.0) Gecko/20100101 Firefox/31.0"
103.16.166.211 - - [01/Sep/2014:01:24:08 +0200] "GET /sites/default/files/What%20is%20Hadoop.pdf HTTP/1.1" 206 65895 "http://www.google.co.in/url?sa=t&rct=j&q=&esrc=s&source=web&cd=4&ved=0CD8QFjAD&url=http%3A%2F%2Fwww.hurence.com%2Fsites%2Fdefault%2Ffiles%2FWhat%2520is%2520Hadoop.pdf&ei=bK4DVJS2J8iXuASDt4G4Bg&usg=AFQjCNGENTsQcgSJzQyvHK-EaBihv9e_Lw&bvm=bv.74115972,d.c2E" "Mozilla/5.0 (X11; Ubuntu; Linux x86_64; rv:31.0) Gecko/20100101 Firefox/31.0"
103.16.166.211 - - [01/Sep/2014:01:24:15 +0200] "GET /sites/default/files/What%20is%20Hadoop.pdf HTTP/1.1" 206 65889 "http://www.google.co.in/url?sa=t&rct=j&q=&esrc=s&source=web&cd=4&ved=0CD8QFjAD&url=http%3A%2F%2Fwww.hurence.com%2Fsites%2Fdefault%2Ffiles%2FWhat%2520is%2520Hadoop.pdf&ei=bK4DVJS2J8iXuASDt4G4Bg&usg=AFQjCNGENTsQcgSJzQyvHK-EaBihv9e_Lw&bvm=bv.74115972,d.c2E" "Mozilla/5.0 (X11; Ubuntu; Linux x86_64; rv:31.0) Gecko/20100101 Firefox/31.0"
103.16.166.211 - - [01/Sep/2014:01:24:19 +0200] "GET /sites/default/files/What%20is%20Hadoop.pdf HTTP/1.1" 206 65894 "http://www.google.co.in/url?sa=t&rct=j&q=&esrc=s&source=web&cd=4&ved=0CD8QFjAD&url=http%3A%2F%2Fwww.hurence.com%2Fsites%2Fdefault%2Ffiles%2FWhat%2520is%2520Hadoop.pdf&ei=bK4DVJS2J8iXuASDt4G4Bg&usg=AFQjCNGENTsQcgSJzQyvHK-EaBihv9e_Lw&bvm=bv.74115972,d.c2E" "Mozilla/5.0 (X11; Ubuntu; Linux x86_64; rv:31.0) Gecko/20100101 Firefox/31.0"
103.16.166.211 - - [01/Sep/2014:01:24:21 +0200] "GET /sites/default/files/What%20is%20Hadoop.pdf HTTP/1.1" 206 65896 "http://www.google.co.in/url?sa=t&rct=j&q=&esrc=s&source=web&cd=4&ved=0CD8QFjAD&url=http%3A%2F%2Fwww.hurence.com%2Fsites%2Fdefault%2Ffiles%2FWhat%2520is%2520Hadoop.pdf&ei=bK4DVJS2J8iXuASDt4G4Bg&usg=AFQjCNGENTsQcgSJzQyvHK-EaBihv9e_Lw&bvm=bv.74115972,d.c2E" "Mozilla/5.0 (X11; Ubuntu; Linux x86_64; rv:31.0) Gecko/20100101 Firefox/31.0"
103.16.166.211 - - [01/Sep/2014:01:24:27 +0200] "GET /sites/default/files/What%20is%20Hadoop.pdf HTTP/1.1" 206 65895 "http://www.google.co.in/url?sa=t&rct=j&q=&esrc=s&source=web&cd=4&ved=0CD8QFjAD&url=http%3A%2F%2Fwww.hurence.com%2Fsites%2Fdefault%2Ffiles%2FWhat%2520is%2520Hadoop.pdf&ei=bK4DVJS2J8iXuASDt4G4Bg&usg=AFQjCNGENTsQcgSJzQyvHK-EaBihv9e_Lw&bvm=bv.74115972,d.c2E" "Mozilla/5.0 (X11; Ubuntu; Linux x86_64; rv:31.0) Gecko/20100101 Firefox/31.0"
103.16.166.211 - - [01/Sep/2014:01:24:28 +0200] "GET /sites/default/files/What%20is%20Hadoop.pdf HTTP/1.1" 206 65895 "http://www.google.co.in/url?sa=t&rct=j&q=&esrc=s&source=web&cd=4&ved=0CD8QFjAD&url=http%3A%2F%2Fwww.hurence.com%2Fsites%2Fdefault%2Ffiles%2FWhat%2520is%2520Hadoop.pdf&ei=bK4DVJS2J8iXuASDt4G4Bg&usg=AFQjCNGENTsQcgSJzQyvHK-EaBihv9e_Lw&bvm=bv.74115972,d.c2E" "Mozilla/5.0 (X11; Ubuntu; Linux x86_64; rv:31.0) Gecko/20100101 Firefox/31.0"
103.16.166.211 - - [01/Sep/2014:01:24:36 +0200] "GET /sites/default/files/What%20is%20Hadoop.pdf HTTP/1.1" 206 65896 "http://www.google.co.in/url?sa=t&rct=j&q=&esrc=s&source=web&cd=4&ved=0CD8QFjAD&url=http%3A%2F%2Fwww.hurence.com%2Fsites%2Fdefault%2Ffiles%2FWhat%2520is%2520Hadoop.pdf&ei=bK4DVJS2J8iXuASDt4G4Bg&usg=AFQjCNGENTsQcgSJzQyvHK-EaBihv9e_Lw&bvm=bv.74115972,d.c2E" "Mozilla/5.0 (X11; Ubuntu; Linux x86_64; rv:31.0) Gecko/20100101 Firefox/31.0"
103.16.166.211 - - [01/Sep/2014:01:24:46 +0200] "GET /sites/default/files/What%20is%20Hadoop.pdf HTTP/1.1" 206 65895 "http://www.google.co.in/url?sa=t&rct=j&q=&esrc=s&source=web&cd=4&ved=0CD8QFjAD&url=http%3A%2F%2Fwww.hurence.com%2Fsites%2Fdefault%2Ffiles%2FWhat%2520is%2520Hadoop.pdf&ei=bK4DVJS2J8iXuASDt4G4Bg&usg=AFQjCNGENTsQcgSJzQyvHK-EaBihv9e_Lw&bvm=bv.74115972,d.c2E" "Mozilla/5.0 (X11; Ubuntu; Linux x86_64; rv:31.0) Gecko/20100101 Firefox/31.0"
103.16.166.211 - - [01/Sep/2014:01:24:51 +0200] "GET /sites/default/files/What%20is%20Hadoop.pdf HTTP/1.1" 206 65895 "http://www.google.co.in/url?sa=t&rct=j&q=&esrc=s&source=web&cd=4&ved=0CD8QFjAD&url=http%3A%2F%2Fwww.hurence.com%2Fsites%2Fdefault%2Ffiles%2FWhat%2520is%2520Hadoop.pdf&ei=bK4DVJS2J8iXuASDt4G4Bg&usg=AFQjCNGENTsQcgSJzQyvHK-EaBihv9e_Lw&bvm=bv.74115972,d.c2E" "Mozilla/5.0 (X11; Ubuntu; Linux x86_64; rv:31.0) Gecko/20100101 Firefox/31.0"
103.16.166.211 - - [01/Sep/2014:01:24:58 +0200] "GET /sites/default/files/What%20is%20Hadoop.pdf HTTP/1.1" 206 65895 "http://www.google.co.in/url?sa=t&rct=j&q=&esrc=s&source=web&cd=4&ved=0CD8QFjAD&url=http%3A%2F%2Fwww.hurence.com%2Fsites%2Fdefault%2Ffiles%2FWhat%2520is%2520Hadoop.pdf&ei=bK4DVJS2J8iXuASDt4G4Bg&usg=AFQjCNGENTsQcgSJzQyvHK-EaBihv9e_Lw&bvm=bv.74115972,d.c2E" "Mozilla/5.0 (X11; Ubuntu; Linux x86_64; rv:31.0) Gecko/20100101 Firefox/31.0"
103.16.166.211 - - [01/Sep/2014:01:25:21 +0200] "GET /sites/default/files/What%20is%20Hadoop.pdf HTTP/1.1" 206 690952 "http://www.google.co.in/url?sa=t&rct=j&q=&esrc=s&source=web&cd=4&ved=0CD8QFjAD&url=http%3A%2F%2Fwww.hurence.com%2Fsites%2Fdefault%2Ffiles%2FWhat%2520is%2520Hadoop.pdf&ei=bK4DVJS2J8iXuASDt4G4Bg&usg=AFQjCNGENTsQcgSJzQyvHK-EaBihv9e_Lw&bvm=bv.74115972,d.c2E" "Mozilla/5.0 (X11; Ubuntu; Linux x86_64; rv:31.0) Gecko/20100101 Firefox/31.0"
37.59.131.96 - - [01/Sep/2014:01:26:46 +0200] "GET /node/3?lang=fr HTTP/1.1" 200 6841 "http://hurence.com/" "Mozilla/5.0 (Windows NT 5.1) AppleWebKit/537.36 (KHTML, like Gecko) Chrome/27.0.1453.116 Safari/537.36"
37.59.131.96 - - [01/Sep/2014:01:26:51 +0200] "GET /?q=node/add HTTP/1.1" 403 4817 "http://hurence.com/" "Mozilla/5.0 (Windows NT 5.1) AppleWebKit/537.36 (KHTML, like Gecko) Chrome/27.0.1453.116 Safari/537.36"
37.59.131.96 - - [01/Sep/2014:01:26:54 +0200] "GET /?q=user/register HTTP/1.1" 200 5326 "http://hurence.com/?q=node/add" "Mozilla/5.0 (Windows NT 5.1) AppleWebKit/537.36 (KHTML, like Gecko) Chrome/27.0.1453.116 Safari/537.36"
37.59.131.96 - - [01/Sep/2014:01:26:56 +0200] "POST /?q=user/register HTTP/1.1" 200 5428 "http://hurence.com/?q=user/register" "Mozilla/5.0 (Windows NT 5.1) AppleWebKit/537.36 (KHTML, like Gecko) Chrome/27.0.1453.116 Safari/537.36"
187.176.34.40 - - [01/Sep/2014:01:27:00 +0200] "GET /?q=user/register HTTP/1.1" 200 5330 "http://hurence.com/?q=user/register" "Mozilla/5.0 (Windows NT 5.1) AppleWebKit/537.36 (KHTML, like Gecko) Chrome/27.0.1453.116 Safari/537.36"
187.176.34.40 - - [01/Sep/2014:01:27:00 +0200] "GET /?q=node/add HTTP/1.1" 403 4814 "http://hurence.com/" "Mozilla/5.0 (Windows NT 5.1) AppleWebKit/537.36 (KHTML, like Gecko) Chrome/27.0.1453.116 Safari/537.36"
187.176.34.40 - - [01/Sep/2014:01:27:01 +0200] "GET /?q=user/register HTTP/1.1" 200 5331 "http://hurence.com/?q=node/add" "Mozilla/5.0 (Windows NT 5.1) AppleWebKit/537.36 (KHTML, like Gecko) Chrome/27.0.1453.116 Safari/537.36"
187.176.34.40 - - [01/Sep/2014:01:27:02 +0200] "POST /?q=user/register HTTP/1.1" 302 673 "http://hurence.com/?q=user/register" "Mozilla/5.0 (Windows NT 5.1) AppleWebKit/537.36 (KHTML, like Gecko) Chrome/27.0.1453.116 Safari/537.36"
187.176.34.40 - - [01/Sep/2014:01:27:03 +0200] "GET / HTTP/1.1" 200 6712 "http://hurence.com/?q=user/register" "Mozilla/5.0 (Windows NT 5.1) AppleWebKit/537.36 (KHTML, like Gecko) Chrome/27.0.1453.116 Safari/537.36"
187.176.34.40 - - [01/Sep/2014:01:27:06 +0200] "GET /?q=user HTTP/1.1" 200 5096 "http://hurence.com/" "Mozilla/5.0 (Windows NT 5.1) AppleWebKit/537.36 (KHTML, like Gecko) Chrome/27.0.1453.116 Safari/537.36"
187.176.34.40 - - [01/Sep/2014:01:27:06 +0200] "POST /?q=user HTTP/1.1" 200 5165 "http://hurence.com/?q=user" "Mozilla/5.0 (Windows NT 5.1) AppleWebKit/537.36 (KHTML, like Gecko) Chrome/27.0.1453.116 Safari/537.36"
66.249.89.4 - - [01/Sep/2014:01:29:57 +0200] "GET /rss.xml HTTP/1.1" 200 2983 "-" "Feedfetcher-Google; (+http://www.google.com/feedfetcher.html; 3 subscribers; feed-id=7225077890218036057)"
107.170.54.23 - - [01/Sep/2014:01:34:53 +0200] "GET /rss.xml HTTP/1.1" 200 14094 "-" "Feedbin - 1 subscribers"
66.249.64.2 - - [01/Sep/2014:01:39:13 +0200] "GET /rss.xml HTTP/1.1" 200 2983 "-" "Mozilla/5.0 (compatible; Googlebot/2.1; +http://www.google.com/bot.html)"
5.135.186.210 - - [01/Sep/2014:01:39:30 +0200] "GET / HTTP/1.1" 200 6361 "http://hurence.com/" "Mozilla/5.0 (Windows NT 5.1) AppleWebKit/537.36 (KHTML, like Gecko) Chrome/27.0.1453.116 Safari/537.36"
37.58.100.171 - - [01/Sep/2014:01:43:20 +0200] "GET /node/41?lang=fr HTTP/1.1" 200 6694 "-" "Mozilla/5.0 (compatible; AhrefsBot/5.0; +http://ahrefs.com/robot/)"
123.125.71.14 - - [01/Sep/2014:01:50:06 +0200] "GET / HTTP/1.1" 200 16060 "-" "Mozilla/5.0 (compatible; Baiduspider/2.0; +http://www.baidu.com/search/spider.html)"
220.181.108.85 - - [01/Sep/2014:01:50:19 +0200] "GET / HTTP/1.1" 200 16060 "-" "Mozilla/5.0 (compatible; Baiduspider/2.0; +http://www.baidu.com/search/spider.html)"
147.255.56.214 - - [01/Sep/2014:01:51:00 +0200] "GET / HTTP/1.1" 200 6365 "http://www.hurence.com/" "Mozilla/5.0 (Windows NT 5.1) AppleWebKit/537.36 (KHTML, like Gecko) Chrome/27.0.1453.116 Safari/537.36"
147.255.56.214 - - [01/Sep/2014:01:51:03 +0200] "GET /?q=user HTTP/1.1" 200 5093 "http://www.hurence.com/" "Mozilla/5.0 (Windows NT 5.1) AppleWebKit/537.36 (KHTML, like Gecko) Chrome/27.0.1453.116 Safari/537.36"
147.255.56.214 - - [01/Sep/2014:01:51:03 +0200] "POST /?q=user HTTP/1.1" 200 5173 "http://www.hurence.com/?q=user" "Mozilla/5.0 (Windows NT 5.1) AppleWebKit/537.36 (KHTML, like Gecko) Chrome/27.0.1453.116 Safari/537.36"
183.60.215.40 - - [01/Sep/2014:01:53:05 +0200] "GET /node/62?lang=en HTTP/1.1" 200 6597 "-" "Mozilla/5.0 (compatible; EasouSpider; +http://www.easou.com/search/spider.html)"
208.115.113.87 - - [01/Sep/2014:01:53:52 +0200] "GET /node/135?lang=fr HTTP/1.1" 200 24569 "-" "Mozilla/5.0 (compatible; DotBot/1.1; http://www.opensiteexplorer.org/dotbot, help@moz.com)"
61.135.189.182 - - [01/Sep/2014:01:54:58 +0200] "GET /robots.txt HTTP/1.1" 200 1812 "-" "Sogou web spider/4.0(+http://www.sogou.com/docs/help/webmasters.htm#07)"
61.135.189.182 - - [01/Sep/2014:01:55:13 +0200] "GET /node/65 HTTP/1.1" 200 6673 "-" "Sogou web spider/4.0(+http://www.sogou.com/docs/help/webmasters.htm#07)"
61.135.189.182 - - [01/Sep/2014:01:55:44 +0200] "GET /node/77 HTTP/1.1" 200 6490 "-" "Sogou web spider/4.0(+http://www.sogou.com/docs/help/webmasters.htm#07)"
162.243.220.153 - - [01/Sep/2014:01:58:23 +0200] "GET /rss.xml HTTP/1.1" 200 14094 "-" "Feedbin - 1 subscribers"
183.60.213.39 - - [01/Sep/2014:02:00:15 +0200] "GET /node/68 HTTP/1.1" 200 6686 "-" "Mozilla/5.0 (compatible; EasouSpider; +http://www.easou.com/search/spider.html)"
95.211.162.27 - - [01/Sep/2014:02:02:18 +0200] "GET / HTTP/1.1" 200 6301 "-" "Mozilla/5.0"
37.58.100.171 - - [01/Sep/2014:02:03:31 +0200] "GET /node/44?lang=fr HTTP/1.1" 200 6571 "-" "Mozilla/5.0 (compatible; AhrefsBot/5.0; +http://ahrefs.com/robot/)"
66.249.89.17 - - [01/Sep/2014:02:09:01 +0200] "GET /rss.xml HTTP/1.1" 200 2985 "-" "Feedfetcher-Google; (+http://www.google.com/feedfetcher.html; 1 subscribers; feed-id=10851494855830720867)"
37.58.100.171 - - [01/Sep/2014:02:10:07 +0200] "GET /node/130 HTTP/1.1" 200 5434 "-" "Mozilla/5.0 (compatible; AhrefsBot/5.0; +http://ahrefs.com/robot/)"
92.222.98.227 - - [01/Sep/2014:02:12:58 +0200] "GET / HTTP/1.1" 200 6360 "http://www.hurence.com/" "Mozilla/5.0 (Macintosh; Intel Mac OS X 10_8_4) AppleWebKit/537.36 (KHTML, like Gecko) Chrome/28.0.1500.71 Safari/537.36"
192.161.163.41 - - [01/Sep/2014:02:13:01 +0200] "GET /?q=user HTTP/1.1" 200 5036 "http://www.hurence.com/" "Mozilla/5.0 (Macintosh; Intel Mac OS X 10_8_4) AppleWebKit/537.36 (KHTML, like Gecko) Chrome/28.0.1500.71 Safari/537.36"
192.161.163.41 - - [01/Sep/2014:02:13:02 +0200] "POST /?q=user HTTP/1.1" 200 5118 "http://www.hurence.com/?q=user" "Mozilla/5.0 (Macintosh; Intel Mac OS X 10_8_4) AppleWebKit/537.36 (KHTML, like Gecko) Chrome/28.0.1500.71 Safari/537.36"
199.87.230.162 - - [01/Sep/2014:02:20:41 +0200] "GET / HTTP/1.1" 200 6359 "http://www.hurence.com/" "Mozilla/5.0 (Macintosh; Intel Mac OS X 10_8_4) AppleWebKit/537.36 (KHTML, like Gecko) Chrome/28.0.1500.71 Safari/537.36"
199.87.230.162 - - [01/Sep/2014:02:20:43 +0200] "GET /?q=node/add HTTP/1.1" 403 4823 "http://www.hurence.com/" "Mozilla/5.0 (Macintosh; Intel Mac OS X 10_8_4) AppleWebKit/537.36 (KHTML, like Gecko) Chrome/28.0.1500.71 Safari/537.36"
199.87.230.162 - - [01/Sep/2014:02:20:44 +0200] "GET /?q=user/register HTTP/1.1" 200 5328 "http://www.hurence.com/?q=node/add" "Mozilla/5.0 (Macintosh; Intel Mac OS X 10_8_4) AppleWebKit/537.36 (KHTML, like Gecko) Chrome/28.0.1500.71 Safari/537.36"
199.87.230.162 - - [01/Sep/2014:02:20:44 +0200] "POST /?q=user/register HTTP/1.1" 302 677 "http://www.hurence.com/?q=user/register" "Mozilla/5.0 (Macintosh; Intel Mac OS X 10_8_4) AppleWebKit/537.36 (KHTML, like Gecko) Chrome/28.0.1500.71 Safari/537.36"
199.87.230.162 - - [01/Sep/2014:02:20:45 +0200] "GET / HTTP/1.1" 200 6714 "http://www.hurence.com/?q=user/register" "Mozilla/5.0 (Macintosh; Intel Mac OS X 10_8_4) AppleWebKit/537.36 (KHTML, like Gecko) Chrome/28.0.1500.71 Safari/537.36"
199.87.230.162 - - [01/Sep/2014:02:20:47 +0200] "GET /?q=user HTTP/1.1" 200 5100 "http://www.hurence.com/" "Mozilla/5.0 (Macintosh; Intel Mac OS X 10_8_4) AppleWebKit/537.36 (KHTML, like Gecko) Chrome/28.0.1500.71 Safari/537.36"
199.87.230.162 - - [01/Sep/2014:02:20:48 +0200] "POST /?q=user HTTP/1.1" 200 5166 "http://www.hurence.com/?q=user" "Mozilla/5.0 (Macintosh; Intel Mac OS X 10_8_4) AppleWebKit/537.36 (KHTML, like Gecko) Chrome/28.0.1500.71 Safari/537.36"
107.170.54.23 - - [01/Sep/2014:02:22:32 +0200] "GET /rss.xml HTTP/1.1" 200 14094 "-" "Feedbin - 1 subscribers"
66.249.89.4 - - [01/Sep/2014:02:27:45 +0200] "GET /rss.xml HTTP/1.1" 200 2983 "-" "Feedfetcher-Google; (+http://www.google.com/feedfetcher.html; 3 subscribers; feed-id=7225077890218036057)"
183.60.213.39 - - [01/Sep/2014:02:31:15 +0200] "GET /node/75 HTTP/1.1" 200 6490 "-" "Mozilla/5.0 (compatible; EasouSpider; +http://www.easou.com/search/spider.html)"
46.36.38.91 - - [01/Sep/2014:02:39:03 +0200] "GET http://46.36.38.91:64011/echo HTTP/1.0" 404 18824 "-" "-"
66.249.64.237 - - [01/Sep/2014:02:39:22 +0200] "GET /rss.xml HTTP/1.1" 200 2983 "-" "Mozilla/5.0 (compatible; Googlebot/2.1; +http://www.google.com/bot.html)"
194.2.1.181 - - [01/Sep/2014:02:39:23 +0200] "GET / HTTP/1.0" 200 27933 "-" "Wget/1.11.4"
162.243.99.58 - - [01/Sep/2014:02:46:34 +0200] "GET /rss.xml HTTP/1.1" 200 14094 "-" "Feedbin - 1 subscribers"
208.115.111.71 - - [01/Sep/2014:02:48:36 +0200] "GET /robots.txt HTTP/1.1" 200 1793 "-" "Mozilla/5.0 (compatible; DotBot/1.1; http://www.opensiteexplorer.org/dotbot, help@moz.com)"
208.115.111.71 - - [01/Sep/2014:02:48:36 +0200] "GET /robots.txt HTTP/1.1" 200 1793 "-" "Mozilla/5.0 (compatible; DotBot/1.1; http://www.opensiteexplorer.org/dotbot, help@moz.com)"
94.249.241.2 - - [01/Sep/2014:02:49:15 +0200] "GET / HTTP/1.1" 200 6360 "http://www.hurence.com/" "Mozilla/5.0 (Macintosh; Intel Mac OS X 10_8_4) AppleWebKit/537.36 (KHTML, like Gecko) Chrome/28.0.1500.71 Safari/537.36"
94.249.241.2 - - [01/Sep/2014:02:49:18 +0200] "GET /?q=node/add HTTP/1.1" 403 4820 "http://www.hurence.com/" "Mozilla/5.0 (Macintosh; Intel Mac OS X 10_8_4) AppleWebKit/537.36 (KHTML, like Gecko) Chrome/28.0.1500.71 Safari/537.36"
94.249.241.2 - - [01/Sep/2014:02:49:18 +0200] "GET /?q=user/register HTTP/1.1" 200 5328 "http://www.hurence.com/?q=node/add" "Mozilla/5.0 (Macintosh; Intel Mac OS X 10_8_4) AppleWebKit/537.36 (KHTML, like Gecko) Chrome/28.0.1500.71 Safari/537.36"
94.249.241.2 - - [01/Sep/2014:02:49:19 +0200] "POST /?q=user/register HTTP/1.1" 302 677 "http://www.hurence.com/?q=user/register" "Mozilla/5.0 (Macintosh; Intel Mac OS X 10_8_4) AppleWebKit/537.36 (KHTML, like Gecko) Chrome/28.0.1500.71 Safari/537.36"
94.249.241.2 - - [01/Sep/2014:02:49:19 +0200] "GET / HTTP/1.1" 200 6714 "http://www.hurence.com/?q=user/register" "Mozilla/5.0 (Macintosh; Intel Mac OS X 10_8_4) AppleWebKit/537.36 (KHTML, like Gecko) Chrome/28.0.1500.71 Safari/537.36"
94.249.241.2 - - [01/Sep/2014:02:49:22 +0200] "GET /?q=user HTTP/1.1" 200 5091 "http://www.hurence.com/" "Mozilla/5.0 (Macintosh; Intel Mac OS X 10_8_4) AppleWebKit/537.36 (KHTML, like Gecko) Chrome/28.0.1500.71 Safari/537.36"
94.249.241.2 - - [01/Sep/2014:02:49:22 +0200] "POST /?q=user HTTP/1.1" 200 5176 "http://www.hurence.com/?q=user" "Mozilla/5.0 (Macintosh; Intel Mac OS X 10_8_4) AppleWebKit/537.36 (KHTML, like Gecko) Chrome/28.0.1500.71 Safari/537.36"
123.125.71.44 - - [01/Sep/2014:02:49:20 +0200] "GET / HTTP/1.1" 200 16060 "-" "Mozilla/5.0 (compatible; Baiduspider/2.0; +http://www.baidu.com/search/spider.html)"
220.181.108.112 - - [01/Sep/2014:02:50:06 +0200] "GET / HTTP/1.1" 200 16060 "-" "Mozilla/5.0 (compatible; Baiduspider/2.0; +http://www.baidu.com/search/spider.html)"
54.219.117.220 - - [01/Sep/2014:03:00:30 +0200] "GET /rss.xml HTTP/1.1" 200 2945 "-" "Digg Feed Fetcher 1.0 (Mozilla/5.0 (Macintosh; Intel Mac OS X 10_7_1) AppleWebKit/534.48.3 (KHTML, like Gecko) Version/5.1 Safari/534.48.3)"
178.162.205.29 - - [01/Sep/2014:03:08:36 +0200] "GET /user/register HTTP/1.1" 200 5322 "https://www.google.com/" "Mozilla/5.0 (Windows NT 6.1; WOW64; rv:28.0) Gecko/20100101 Firefox/28.0"
178.162.205.29 - - [01/Sep/2014:03:08:37 +0200] "POST /user/register HTTP/1.1" 302 702 "http://www.hurence.com/user/register" "Mozilla/5.0 (Windows NT 6.1; WOW64; rv:28.0) Gecko/20100101 Firefox/28.0"
178.162.205.29 - - [01/Sep/2014:03:08:38 +0200] "GET / HTTP/1.1" 200 6654 "http://www.hurence.com/user/register" "Mozilla/5.0 (Windows NT 6.1; WOW64; rv:28.0) Gecko/20100101 Firefox/28.0"
107.170.66.74 - - [01/Sep/2014:03:10:47 +0200] "GET /rss.xml HTTP/1.1" 200 14094 "-" "Feedbin - 1 subscribers"
202.46.62.27 - - [01/Sep/2014:03:10:50 +0200] "GET / HTTP/1.1" 200 16060 "-" "Mozilla/4.0 (compatible; MSIE 7.0; Windows NT 6.0)"
66.249.64.17 - - [01/Sep/2014:03:11:35 +0200] "GET / HTTP/1.1" 200 6360 "-" "Mozilla/5.0 (compatible; Googlebot/2.1; +http://www.google.com/bot.html)"
183.60.212.134 - - [01/Sep/2014:03:11:54 +0200] "GET /node/9?lang=en HTTP/1.1" 200 6513 "-" "Mozilla/5.0 (compatible; EasouSpider; +http://www.easou.com/search/spider.html)"
119.63.193.196 - - [01/Sep/2014:03:12:15 +0200] "GET / HTTP/1.1" 200 16060 "-" "Mozilla/4.0 (compatible; MSIE 7.0; Windows NT 6.0)"
66.249.64.22 - - [01/Sep/2014:03:14:33 +0200] "GET /sites/all/modules/views/css/views.css?ls5cse HTTP/1.1" 200 649 "-" "Mozilla/5.0 (compatible; Googlebot/2.1; +http://www.google.com/bot.html)"
66.249.64.22 - - [01/Sep/2014:03:14:34 +0200] "GET /sites/all/themes/hurence/css/page-backgrounds.css?ls5cse HTTP/1.1" 200 721 "-" "Mozilla/5.0 (compatible; Googlebot/2.1; +http://www.google.com/bot.html)"
66.249.64.27 - - [01/Sep/2014:03:14:35 +0200] "GET /sites/all/themes/hurence/css/html-reset.css?ls5cse HTTP/1.1" 200 3351 "-" "Mozilla/5.0 (compatible; Googlebot/2.1; +http://www.google.com/bot.html)"
66.249.64.27 - - [01/Sep/2014:03:14:35 +0200] "GET /sites/all/themes/hurence/css/pages.css?ls5cse HTTP/1.1" 200 2220 "-" "Mozilla/5.0 (compatible; Googlebot/2.1; +http://www.google.com/bot.html)"
66.249.64.27 - - [01/Sep/2014:03:14:36 +0200] "GET /sites/all/themes/hurence/css/wireframes.css?ls5cse HTTP/1.1" 200 533 "-" "Mozilla/5.0 (compatible; Googlebot/2.1; +http://www.google.com/bot.html)"
66.249.64.22 - - [01/Sep/2014:03:14:36 +0200] "GET /sites/all/themes/hurence/css/blocks.css?ls5cse HTTP/1.1" 200 1870 "-" "Mozilla/5.0 (compatible; Googlebot/2.1; +http://www.google.com/bot.html)"
66.249.64.27 - - [01/Sep/2014:03:14:37 +0200] "GET /sites/all/modules/featured_content/featured_content.css?ls5cse HTTP/1.1" 200 479 "-" "Mozilla/5.0 (compatible; Googlebot/2.1; +http://www.google.com/bot.html)"
66.249.64.22 - - [01/Sep/2014:03:14:38 +0200] "GET /sites/all/themes/hurence/css/navigation.css?ls5cse HTTP/1.1" 200 807 "-" "Mozilla/5.0 (compatible; Googlebot/2.1; +http://www.google.com/bot.html)"
66.249.64.22 - - [01/Sep/2014:03:14:38 +0200] "GET /sites/all/themes/hurence/css/forms.css?ls5cse HTTP/1.1" 200 1397 "-" "Mozilla/5.0 (compatible; Googlebot/2.1; +http://www.google.com/bot.html)"
66.249.64.17 - - [01/Sep/2014:03:14:39 +0200] "GET /sites/all/themes/hurence/css/print.css?ls5cse HTTP/1.1" 200 980 "-" "Mozilla/5.0 (compatible; Googlebot/2.1; +http://www.google.com/bot.html)"
66.249.64.27 - - [01/Sep/2014:03:14:39 +0200] "GET /sites/all/modules/simplenews/simplenews.css?ls5cse HTTP/1.1" 200 575 "-" "Mozilla/5.0 (compatible; Googlebot/2.1; +http://www.google.com/bot.html)"
66.249.64.17 - - [01/Sep/2014:03:14:40 +0200] "GET /sites/all/themes/hurence/css/megamenu-hurence.css?ls5cse HTTP/1.1" 200 1725 "-" "Mozilla/5.0 (compatible; Googlebot/2.1; +http://www.google.com/bot.html)"
66.249.64.17 - - [01/Sep/2014:03:14:41 +0200] "GET /sites/all/themes/hurence/css/nodes.css?ls5cse HTTP/1.1" 200 1115 "-" "Mozilla/5.0 (compatible; Googlebot/2.1; +http://www.google.com/bot.html)"
66.249.64.17 - - [01/Sep/2014:03:14:41 +0200] "GET /sites/all/themes/hurence/css/comments.css?ls5cse HTTP/1.1" 200 1020 "-" "Mozilla/5.0 (compatible; Googlebot/2.1; +http://www.google.com/bot.html)"
66.249.64.22 - - [01/Sep/2014:03:14:42 +0200] "GET /sites/all/themes/hurence/css/tabs.css?ls5cse HTTP/1.1" 200 1059 "-" "Mozilla/5.0 (compatible; Googlebot/2.1; +http://www.google.com/bot.html)"
66.249.64.27 - - [01/Sep/2014:03:14:43 +0200] "GET /sites/all/modules/megamenu/megamenu.css?ls5cse HTTP/1.1" 200 1619 "-" "Mozilla/5.0 (compatible; Googlebot/2.1; +http://www.google.com/bot.html)"
66.249.64.22 - - [01/Sep/2014:03:14:43 +0200] "GET /sites/all/themes/hurence/css/layout-fixed.css?ls5cse HTTP/1.1" 200 1925 "-" "Mozilla/5.0 (compatible; Googlebot/2.1; +http://www.google.com/bot.html)"
66.249.64.17 - - [01/Sep/2014:03:14:44 +0200] "GET /sites/all/themes/hurence/css/views-styles.css?ls5cse HTTP/1.1" 200 390 "-" "Mozilla/5.0 (compatible; Googlebot/2.1; +http://www.google.com/bot.html)"
66.249.64.27 - - [01/Sep/2014:03:14:45 +0200] "GET /sites/all/themes/hurence/css/hurence.css?ls5cse HTTP/1.1" 200 689 "-" "Mozilla/5.0 (compatible; Googlebot/2.1; +http://www.google.com/bot.html)"
66.249.64.17 - - [01/Sep/2014:03:14:46 +0200] "GET /sites/all/themes/hurence/css/fields.css?ls5cse HTTP/1.1" 200 701 "-" "Mozilla/5.0 (compatible; Googlebot/2.1; +http://www.google.com/bot.html)"
123.125.71.57 - - [01/Sep/2014:03:15:16 +0200] "GET /sites/default/files/styles/white_paper_logo/public/hadoop-logo.jpg HTTP/1.1" 200 2425 "-" "Baiduspider-image+(+http://www.baidu.com/search/spider.htm)\\nReferer: http://image.baidu.com/i?ct=503316480&z=0&tn=baiduimagedetail"
66.249.89.236 - - [01/Sep/2014:03:23:34 +0200] "GET /rss.xml HTTP/1.1" 200 2983 "-" "Feedfetcher-Google; (+http://www.google.com/feedfetcher.html; 3 subscribers; feed-id=7225077890218036057)"
66.249.64.237 - - [01/Sep/2014:03:33:50 +0200] "GET /rss.xml HTTP/1.1" 200 2983 "-" "Mozilla/5.0 (compatible; Googlebot/2.1; +http://www.google.com/bot.html)"
183.60.213.39 - - [01/Sep/2014:03:34:23 +0200] "GET /node/113?lang=fr HTTP/1.1" 200 6953 "-" "Mozilla/5.0 (compatible; EasouSpider; +http://www.easou.com/search/spider.html)"
212.7.199.73 - - [01/Sep/2014:03:35:41 +0200] "GET / HTTP/1.1" 200 6361 "http://hurence.com/" "Mozilla/5.0 (Windows NT 5.1) AppleWebKit/537.36 (KHTML, like Gecko) Chrome/27.0.1453.116 Safari/537.36"
212.7.199.73 - - [01/Sep/2014:03:35:44 +0200] "GET /?q=user HTTP/1.1" 200 5095 "http://hurence.com/" "Mozilla/5.0 (Windows NT 5.1) AppleWebKit/537.36 (KHTML, like Gecko) Chrome/27.0.1453.116 Safari/537.36"
212.7.199.73 - - [01/Sep/2014:03:35:44 +0200] "POST /?q=user HTTP/1.1" 200 5168 "http://hurence.com/?q=user" "Mozilla/5.0 (Windows NT 5.1) AppleWebKit/537.36 (KHTML, like Gecko) Chrome/27.0.1453.116 Safari/537.36"
107.170.66.74 - - [01/Sep/2014:03:36:14 +0200] "GET /rss.xml HTTP/1.1" 200 14094 "-" "Feedbin - 1 subscribers"
183.60.213.39 - - [01/Sep/2014:03:37:08 +0200] "GET /node/61?lang=en HTTP/1.1" 200 6591 "-" "Mozilla/5.0 (compatible; EasouSpider; +http://www.easou.com/search/spider.html)"
68.180.225.40 - - [01/Sep/2014:03:43:43 +0200] "GET /robots.txt HTTP/1.1" 200 1793 "-" "Mozilla/5.0 (compatible; Yahoo! Slurp; http://help.yahoo.com/help/us/ysearch/slurp)"
68.180.225.40 - - [01/Sep/2014:03:43:44 +0200] "GET /node/22 HTTP/1.1" 200 6222 "-" "Mozilla/5.0 (compatible; Yahoo! Slurp; http://help.yahoo.com/help/us/ysearch/slurp)"
77.75.73.36 - - [01/Sep/2014:03:44:24 +0200] "GET /robots.txt HTTP/1.1" 200 985 "-" "Mozilla/5.0 (compatible; SeznamBot/3.2; +http://fulltext.sblog.cz/)"
77.75.73.36 - - [01/Sep/2014:03:44:34 +0200] "GET /node/26 HTTP/1.1" 200 6609 "-" "Mozilla/5.0 (compatible; SeznamBot/3.2; +http://fulltext.sblog.cz/)"
5.135.186.210 - - [01/Sep/2014:03:45:19 +0200] "GET / HTTP/1.1" 200 6361 "http://hurence.com/" "Mozilla/5.0 (Windows NT 5.1) AppleWebKit/537.36 (KHTML, like Gecko) Chrome/27.0.1453.116 Safari/537.36"
220.181.108.121 - - [01/Sep/2014:03:49:25 +0200] "GET / HTTP/1.1" 200 16060 "-" "Mozilla/5.0 (compatible; Baiduspider/2.0; +http://www.baidu.com/search/spider.html)"
37.58.100.171 - - [01/Sep/2014:03:51:06 +0200] "GET /node/20 HTTP/1.1" 200 6169 "-" "Mozilla/5.0 (compatible; AhrefsBot/5.0; +http://ahrefs.com/robot/)"
123.125.71.43 - - [01/Sep/2014:03:51:43 +0200] "GET / HTTP/1.1" 200 16060 "-" "Mozilla/5.0 (compatible; Baiduspider/2.0; +http://www.baidu.com/search/spider.html)"
107.170.72.117 - - [01/Sep/2014:03:57:18 +0200] "GET /rss.xml HTTP/1.1" 200 14094 "-" "Feedbin - 1 subscribers"
208.115.111.71 - - [01/Sep/2014:03:58:11 +0200] "GET /node/83?lang=en HTTP/1.1" 200 30175 "-" "Mozilla/5.0 (compatible; DotBot/1.1; http://www.opensiteexplorer.org/dotbot, help@moz.com)"
208.115.111.71 - - [01/Sep/2014:03:58:24 +0200] "GET /node/75?lang=en HTTP/1.1" 200 29334 "-" "Mozilla/5.0 (compatible; DotBot/1.1; http://www.opensiteexplorer.org/dotbot, help@moz.com)"
183.60.213.39 - - [01/Sep/2014:04:03:20 +0200] "GET /taxonomy/term/1/feed HTTP/1.1" 200 659 "-" "Mozilla/5.0 (compatible; EasouSpider; +http://www.easou.com/search/spider.html)"
80.72.35.84 - - [01/Sep/2014:04:04:36 +0200] "GET / HTTP/1.1" 200 6354 "http://hurence.com/" "Mozilla/5.0 (Windows NT 5.1) AppleWebKit/537.36 (KHTML, like Gecko) Chrome/27.0.1453.116 Safari/537.36"
80.72.35.84 - - [01/Sep/2014:04:04:38 +0200] "GET /?q=node/add HTTP/1.1" 403 4817 "http://hurence.com/" "Mozilla/5.0 (Windows NT 5.1) AppleWebKit/537.36 (KHTML, like Gecko) Chrome/27.0.1453.116 Safari/537.36"
80.72.35.84 - - [01/Sep/2014:04:04:38 +0200] "GET /?q=user/register HTTP/1.1" 200 5323 "http://hurence.com/?q=node/add" "Mozilla/5.0 (Windows NT 5.1) AppleWebKit/537.36 (KHTML, like Gecko) Chrome/27.0.1453.116 Safari/537.36"
80.72.35.84 - - [01/Sep/2014:04:04:38 +0200] "POST /?q=user/register HTTP/1.1" 200 5427 "http://hurence.com/?q=user/register" "Mozilla/5.0 (Windows NT 5.1) AppleWebKit/537.36 (KHTML, like Gecko) Chrome/27.0.1453.116 Safari/537.36"
80.72.35.84 - - [01/Sep/2014:04:04:39 +0200] "GET /?q=user/register HTTP/1.1" 200 5331 "http://hurence.com/?q=user/register" "Mozilla/5.0 (Windows NT 5.1) AppleWebKit/537.36 (KHTML, like Gecko) Chrome/27.0.1453.116 Safari/537.36"
80.72.35.84 - - [01/Sep/2014:04:04:39 +0200] "GET /?q=node/add HTTP/1.1" 403 4819 "http://hurence.com/" "Mozilla/5.0 (Windows NT 5.1) AppleWebKit/537.36 (KHTML, like Gecko) Chrome/27.0.1453.116 Safari/537.36"
80.72.35.84 - - [01/Sep/2014:04:04:39 +0200] "GET /?q=user/register HTTP/1.1" 200 5325 "http://hurence.com/?q=node/add" "Mozilla/5.0 (Windows NT 5.1) AppleWebKit/537.36 (KHTML, like Gecko) Chrome/27.0.1453.116 Safari/537.36"
80.72.35.84 - - [01/Sep/2014:04:04:40 +0200] "POST /?q=user/register HTTP/1.1" 200 5430 "http://hurence.com/?q=user/register" "Mozilla/5.0 (Windows NT 5.1) AppleWebKit/537.36 (KHTML, like Gecko) Chrome/27.0.1453.116 Safari/537.36"
80.72.35.84 - - [01/Sep/2014:04:04:40 +0200] "GET /?q=user/register HTTP/1.1" 200 5329 "http://hurence.com/?q=user/register" "Mozilla/5.0 (Windows NT 5.1) AppleWebKit/537.36 (KHTML, like Gecko) Chrome/27.0.1453.116 Safari/537.36"
80.72.35.84 - - [01/Sep/2014:04:04:40 +0200] "GET /?q=node/add HTTP/1.1" 403 4813 "http://hurence.com/" "Mozilla/5.0 (Windows NT 5.1) AppleWebKit/537.36 (KHTML, like Gecko) Chrome/27.0.1453.116 Safari/537.36"
80.72.35.84 - - [01/Sep/2014:04:04:41 +0200] "GET /?q=user/register HTTP/1.1" 200 5324 "http://hurence.com/?q=node/add" "Mozilla/5.0 (Windows NT 5.1) AppleWebKit/537.36 (KHTML, like Gecko) Chrome/27.0.1453.116 Safari/537.36"
80.72.35.84 - - [01/Sep/2014:04:04:41 +0200] "POST /?q=user/register HTTP/1.1" 200 5436 "http://hurence.com/?q=user/register" "Mozilla/5.0 (Windows NT 5.1) AppleWebKit/537.36 (KHTML, like Gecko) Chrome/27.0.1453.116 Safari/537.36"
80.72.35.84 - - [01/Sep/2014:04:04:41 +0200] "GET /?q=user/register HTTP/1.1" 200 5326 "http://hurence.com/?q=user/register" "Mozilla/5.0 (Windows NT 5.1) AppleWebKit/537.36 (KHTML, like Gecko) Chrome/27.0.1453.116 Safari/537.36"
80.72.35.84 - - [01/Sep/2014:04:04:42 +0200] "GET /?q=node/add HTTP/1.1" 403 4821 "http://hurence.com/" "Mozilla/5.0 (Windows NT 5.1) AppleWebKit/537.36 (KHTML, like Gecko) Chrome/27.0.1453.116 Safari/537.36"
80.72.35.84 - - [01/Sep/2014:04:04:42 +0200] "GET /?q=user/register HTTP/1.1" 200 5322 "http://hurence.com/?q=node/add" "Mozilla/5.0 (Windows NT 5.1) AppleWebKit/537.36 (KHTML, like Gecko) Chrome/27.0.1453.116 Safari/537.36"
80.72.35.84 - - [01/Sep/2014:04:04:42 +0200] "POST /?q=user/register HTTP/1.1" 200 5434 "http://hurence.com/?q=user/register" "Mozilla/5.0 (Windows NT 5.1) AppleWebKit/537.36 (KHTML, like Gecko) Chrome/27.0.1453.116 Safari/537.36"
1.169.92.215 - - [01/Sep/2014:04:05:33 +0200] "CONNECT mx2.mail2000.com.tw:25 HTTP/1.0" 404 20095 "-" "-"
66.249.64.237 - - [01/Sep/2014:04:10:08 +0200] "GET /node/37 HTTP/1.1" 200 6361 "-" "Mozilla/5.0 (compatible; Googlebot/2.1; +http://www.google.com/bot.html)"
37.58.100.171 - - [01/Sep/2014:04:14:59 +0200] "GET /node/91?lang=fr HTTP/1.1" 200 7250 "-" "Mozilla/5.0 (compatible; AhrefsBot/5.0; +http://ahrefs.com/robot/)"
183.60.215.40 - - [01/Sep/2014:04:17:07 +0200] "GET /node/142 HTTP/1.1" 200 6258 "-" "Mozilla/5.0 (compatible; EasouSpider; +http://www.easou.com/search/spider.html)"
37.58.100.171 - - [01/Sep/2014:04:17:28 +0200] "GET /node/4?lang=en HTTP/1.1" 200 6571 "-" "Mozilla/5.0 (compatible; AhrefsBot/5.0; +http://ahrefs.com/robot/)"
199.87.230.162 - - [01/Sep/2014:04:19:34 +0200] "GET / HTTP/1.1" 200 6361 "http://www.hurence.com/" "Mozilla/5.0 (Macintosh; Intel Mac OS X 10_8_4) AppleWebKit/537.36 (KHTML, like Gecko) Chrome/28.0.1500.71 Safari/537.36"
199.87.230.162 - - [01/Sep/2014:04:19:36 +0200] "GET /?q=node/add HTTP/1.1" 403 4817 "http://www.hurence.com/" "Mozilla/5.0 (Macintosh; Intel Mac OS X 10_8_4) AppleWebKit/537.36 (KHTML, like Gecko) Chrome/28.0.1500.71 Safari/537.36"
199.87.230.162 - - [01/Sep/2014:04:19:37 +0200] "GET /?q=user/register HTTP/1.1" 200 5329 "http://www.hurence.com/?q=node/add" "Mozilla/5.0 (Macintosh; Intel Mac OS X 10_8_4) AppleWebKit/537.36 (KHTML, like Gecko) Chrome/28.0.1500.71 Safari/537.36"
199.87.230.162 - - [01/Sep/2014:04:19:37 +0200] "POST /?q=user/register HTTP/1.1" 200 5435 "http://www.hurence.com/?q=user/register" "Mozilla/5.0 (Macintosh; Intel Mac OS X 10_8_4) AppleWebKit/537.36 (KHTML, like Gecko) Chrome/28.0.1500.71 Safari/537.36"
