199.87.230.162 - - [01/Sep/2014:04:19:38 +0200] "GET /?q=user/register HTTP/1.1" 200 5332 "http://www.hurence.com/?q=user/register" "Mozilla/5.0 (Macintosh; Intel Mac OS X 10_8_4) AppleWebKit/537.36 (KHTML, like Gecko) Chrome/28.0.1500.71 Safari/537.36"
199.87.230.162 - - [01/Sep/2014:04:19:38 +0200] "GET /?q=node/add HTTP/1.1" 403 4823 "http://www.hurence.com/" "Mozilla/5.0 (Macintosh; Intel Mac OS X 10_8_4) AppleWebKit/537.36 (KHTML, like Gecko) Chrome/28.0.1500.71 Safari/537.36"
199.87.230.162 - - [01/Sep/2014:04:19:39 +0200] "GET /?q=user/register HTTP/1.1" 200 5329 "http://www.hurence.com/?q=node/add" "Mozilla/5.0 (Macintosh; Intel Mac OS X 10_8_4) AppleWebKit/537.36 (KHTML, like Gecko) Chrome/28.0.1500.71 Safari/537.36"
199.87.230.162 - - [01/Sep/2014:04:19:39 +0200] "POST /?q=user/register HTTP/1.1" 302 677 "http://www.hurence.com/?q=user/register" "Mozilla/5.0 (Macintosh; Intel Mac OS X 10_8_4) AppleWebKit/537.36 (KHTML, like Gecko) Chrome/28.0.1500.71 Safari/537.36"
199.87.230.162 - - [01/Sep/2014:04:19:39 +0200] "GET / HTTP/1.1" 200 6717 "http://www.hurence.com/?q=user/register" "Mozilla/5.0 (Macintosh; Intel Mac OS X 10_8_4) AppleWebKit/537.36 (KHTML, like Gecko) Chrome/28.0.1500.71 Safari/537.36"
199.87.230.162 - - [01/Sep/2014:04:19:42 +0200] "GET /?q=user HTTP/1.1" 200 5097 "http://www.hurence.com/" "Mozilla/5.0 (Macintosh; Intel Mac OS X 10_8_4) AppleWebKit/537.36 (KHTML, like Gecko) Chrome/28.0.1500.71 Safari/537.36"
199.87.230.162 - - [01/Sep/2014:04:19:42 +0200] "POST /?q=user HTTP/1.1" 200 5173 "http://www.hurence.com/?q=user" "Mozilla/5.0 (Macintosh; Intel Mac OS X 10_8_4) AppleWebKit/537.36 (KHTML, like Gecko) Chrome/28.0.1500.71 Safari/537.36"
66.249.89.236 - - [01/Sep/2014:04:22:25 +0200] "GET /rss.xml HTTP/1.1" 200 2983 "-" "Feedfetcher-Google; (+http://www.google.com/feedfetcher.html; 3 subscribers; feed-id=7225077890218036057)"
107.170.66.74 - - [01/Sep/2014:04:23:05 +0200] "GET /rss.xml HTTP/1.1" 200 14094 "-" "Feedbin - 1 subscribers"
209.126.230.71 - - [01/Sep/2014:04:26:58 +0200] "GET / HTTP/1.0" 200 27228 "-" "masscan/1.0 (https://github.com/robertdavidgraham/masscan)"
66.249.64.237 - - [01/Sep/2014:04:28:09 +0200] "GET /rss.xml HTTP/1.1" 200 2983 "-" "Mozilla/5.0 (compatible; Googlebot/2.1; +http://www.google.com/bot.html)"
66.249.64.27 - - [01/Sep/2014:04:28:24 +0200] "GET / HTTP/1.1" 200 6360 "-" "SAMSUNG-SGH-E250/1.0 Profile/MIDP-2.0 Configuration/CLDC-1.1 UP.Browser/6.2.3.3.c.1.101 (GUI) MMP/2.0 (compatible; Googlebot-Mobile/2.1; +http://www.google.com/bot.html)"
66.249.64.27 - - [01/Sep/2014:04:28:43 +0200] "GET /node/37 HTTP/1.1" 200 6364 "-" "SAMSUNG-SGH-E250/1.0 Profile/MIDP-2.0 Configuration/CLDC-1.1 UP.Browser/6.2.3.3.c.1.101 (GUI) MMP/2.0 (compatible; Googlebot-Mobile/2.1; +http://www.google.com/bot.html)"
183.60.215.40 - - [01/Sep/2014:04:38:58 +0200] "GET /node/76 HTTP/1.1" 200 6410 "-" "Mozilla/5.0 (compatible; EasouSpider; +http://www.easou.com/search/spider.html)"
79.133.196.51 - - [01/Sep/2014:04:41:36 +0200] "GET / HTTP/1.1" 200 6360 "http://hurence.com/" "Mozilla/5.0 (Windows NT 5.1) AppleWebKit/537.36 (KHTML, like Gecko) Chrome/27.0.1453.116 Safari/537.36"
79.133.196.51 - - [01/Sep/2014:04:41:38 +0200] "GET /?q=node/add HTTP/1.1" 403 4817 "http://hurence.com/" "Mozilla/5.0 (Windows NT 5.1) AppleWebKit/537.36 (KHTML, like Gecko) Chrome/27.0.1453.116 Safari/537.36"
79.133.196.51 - - [01/Sep/2014:04:41:38 +0200] "GET /?q=user/register HTTP/1.1" 200 5329 "http://hurence.com/?q=node/add" "Mozilla/5.0 (Windows NT 5.1) AppleWebKit/537.36 (KHTML, like Gecko) Chrome/27.0.1453.116 Safari/537.36"
79.133.196.51 - - [01/Sep/2014:04:41:38 +0200] "POST /?q=user/register HTTP/1.1" 302 673 "http://hurence.com/?q=user/register" "Mozilla/5.0 (Windows NT 5.1) AppleWebKit/537.36 (KHTML, like Gecko) Chrome/27.0.1453.116 Safari/537.36"
79.133.196.51 - - [01/Sep/2014:04:41:39 +0200] "GET / HTTP/1.1" 200 6710 "http://hurence.com/?q=user/register" "Mozilla/5.0 (Windows NT 5.1) AppleWebKit/537.36 (KHTML, like Gecko) Chrome/27.0.1453.116 Safari/537.36"
79.133.196.51 - - [01/Sep/2014:04:41:41 +0200] "GET /?q=user HTTP/1.1" 200 5089 "http://hurence.com/" "Mozilla/5.0 (Windows NT 5.1) AppleWebKit/537.36 (KHTML, like Gecko) Chrome/27.0.1453.116 Safari/537.36"
79.133.196.51 - - [01/Sep/2014:04:41:41 +0200] "POST /?q=user HTTP/1.1" 200 5173 "http://hurence.com/?q=user" "Mozilla/5.0 (Windows NT 5.1) AppleWebKit/537.36 (KHTML, like Gecko) Chrome/27.0.1453.116 Safari/537.36"
71.6.135.131 - - [01/Sep/2014:04:44:21 +0200] "GET / HTTP/1.1" 200 27908 "-" "-"
208.115.113.87 - - [01/Sep/2014:04:44:50 +0200] "GET /robots.txt HTTP/1.1" 200 1793 "-" "Mozilla/5.0 (compatible; DotBot/1.1; http://www.opensiteexplorer.org/dotbot, help@moz.com)"
208.115.113.87 - - [01/Sep/2014:04:44:50 +0200] "GET /robots.txt HTTP/1.1" 200 1793 "-" "Mozilla/5.0 (compatible; DotBot/1.1; http://www.opensiteexplorer.org/dotbot, help@moz.com)"
199.87.230.162 - - [01/Sep/2014:04:49:51 +0200] "GET / HTTP/1.1" 200 6362 "http://www.hurence.com/" "Mozilla/5.0 (Macintosh; Intel Mac OS X 10_8_4) AppleWebKit/537.36 (KHTML, like Gecko) Chrome/28.0.1500.71 Safari/537.36"
199.87.230.162 - - [01/Sep/2014:04:49:53 +0200] "GET /?q=user HTTP/1.1" 200 5098 "http://www.hurence.com/" "Mozilla/5.0 (Macintosh; Intel Mac OS X 10_8_4) AppleWebKit/537.36 (KHTML, like Gecko) Chrome/28.0.1500.71 Safari/537.36"
199.87.230.162 - - [01/Sep/2014:04:49:53 +0200] "POST /?q=user HTTP/1.1" 200 5170 "http://www.hurence.com/?q=user" "Mozilla/5.0 (Macintosh; Intel Mac OS X 10_8_4) AppleWebKit/537.36 (KHTML, like Gecko) Chrome/28.0.1500.71 Safari/537.36"
162.243.202.33 - - [01/Sep/2014:04:50:19 +0200] "GET /rss.xml HTTP/1.1" 200 14094 "-" "Feedbin - 1 subscribers"
183.60.212.134 - - [01/Sep/2014:04:51:24 +0200] "GET /node/147?lang=fr HTTP/1.1" 200 7202 "-" "Mozilla/5.0 (compatible; EasouSpider; +http://www.easou.com/search/spider.html)"
220.181.108.119 - - [01/Sep/2014:04:52:46 +0200] "GET / HTTP/1.1" 200 16060 "-" "Mozilla/5.0 (compatible; Baiduspider/2.0; +http://www.baidu.com/search/spider.html)"
123.125.71.50 - - [01/Sep/2014:04:52:58 +0200] "GET / HTTP/1.1" 200 16060 "-" "Mozilla/5.0 (compatible; Baiduspider/2.0; +http://www.baidu.com/search/spider.html)"
184.169.211.248 - - [01/Sep/2014:04:54:42 +0200] "GET /rss.xml HTTP/1.1" 200 2945 "-" "Digg Feed Fetcher 1.0 (Mozilla/5.0 (Macintosh; Intel Mac OS X 10_7_1) AppleWebKit/534.48.3 (KHTML, like Gecko) Version/5.1 Safari/534.48.3)"
180.76.6.21 - - [01/Sep/2014:04:59:39 +0200] "GET /robots.txt HTTP/1.1" 200 947 "-" "Mozilla/5.0 (Windows NT 5.1; rv:6.0.2) Gecko/20100101 Firefox/6.0.2"
180.76.6.137 - - [01/Sep/2014:05:02:02 +0200] "GET /node/45?lang=fr HTTP/1.1" 200 7096 "-" "Mozilla/5.0 (compatible; Baiduspider/2.0; +http://www.baidu.com/search/spider.html)"
66.249.89.22 - - [01/Sep/2014:05:02:32 +0200] "GET /rss.xml HTTP/1.1" 200 2985 "-" "Feedfetcher-Google; (+http://www.google.com/feedfetcher.html; 1 subscribers; feed-id=10851494855830720867)"
202.46.55.30 - - [01/Sep/2014:05:07:00 +0200] "GET / HTTP/1.1" 200 16060 "-" "Mozilla/4.0 (compatible; MSIE 7.0; Windows NT 6.0)"
23.92.223.14 - - [01/Sep/2014:05:08:02 +0200] "GET /xmlrpc.php HTTP/1.1" 200 428 "-" "libwww-perl/6.08"
23.92.223.14 - - [01/Sep/2014:05:08:02 +0200] "HEAD /xmlrpc.php HTTP/1.1" 200 366 "-" "LWP::Simple/6.00 libwww-perl/6.08"
23.92.223.14 - - [01/Sep/2014:05:08:02 +0200] "HEAD /?feed=rss2 HTTP/1.1" 200 487 "-" "LWP::Simple/6.00 libwww-perl/6.08"
119.63.193.130 - - [01/Sep/2014:05:08:15 +0200] "GET / HTTP/1.1" 200 16060 "-" "Mozilla/4.0 (compatible; MSIE 7.0; Windows NT 6.0)"
193.234.224.194 - - [01/Sep/2014:05:09:00 +0200] "GET http://193.234.224.194:64011/echo HTTP/1.0" 404 18824 "-" "-"
183.60.212.134 - - [01/Sep/2014:05:10:04 +0200] "GET /node/92?lang=fr HTTP/1.1" 200 6989 "-" "Mozilla/5.0 (compatible; EasouSpider; +http://www.easou.com/search/spider.html)"
162.243.32.163 - - [01/Sep/2014:05:17:03 +0200] "GET /rss.xml HTTP/1.1" 200 14094 "-" "Feedbin - 1 subscribers"
65.19.138.34 - - [01/Sep/2014:05:18:28 +0200] "GET /rss.xml HTTP/1.1" 200 2947 "-" "Feedly/1.0 (+http://www.feedly.com/fetcher.html; like FeedFetcher-Google)"
66.249.64.242 - - [01/Sep/2014:05:21:42 +0200] "GET /rss.xml HTTP/1.1" 200 2983 "-" "Mozilla/5.0 (compatible; Googlebot/2.1; +http://www.google.com/bot.html)"
66.249.89.236 - - [01/Sep/2014:05:25:56 +0200] "GET /rss.xml HTTP/1.1" 200 2983 "-" "Feedfetcher-Google; (+http://www.google.com/feedfetcher.html; 3 subscribers; feed-id=7225077890218036057)"
66.249.64.22 - - [01/Sep/2014:05:27:23 +0200] "GET /sites/all/modules/ctools/css/ctools.css?ls5cse HTTP/1.1" 200 592 "-" "Mozilla/5.0 (compatible; Googlebot/2.1; +http://www.google.com/bot.html)"
192.99.116.62 - - [01/Sep/2014:05:38:55 +0200] "GET / HTTP/1.1" 200 6359 "http://www.hurence.com/" "Mozilla/5.0 (Macintosh; Intel Mac OS X 10_8_4) AppleWebKit/537.36 (KHTML, like Gecko) Chrome/28.0.1500.71 Safari/537.36"
192.99.116.62 - - [01/Sep/2014:05:38:58 +0200] "GET /?q=user HTTP/1.1" 200 5091 "http://www.hurence.com/" "Mozilla/5.0 (Macintosh; Intel Mac OS X 10_8_4) AppleWebKit/537.36 (KHTML, like Gecko) Chrome/28.0.1500.71 Safari/537.36"
192.99.116.62 - - [01/Sep/2014:05:38:58 +0200] "POST /?q=user HTTP/1.1" 200 5174 "http://www.hurence.com/?q=user" "Mozilla/5.0 (Macintosh; Intel Mac OS X 10_8_4) AppleWebKit/537.36 (KHTML, like Gecko) Chrome/28.0.1500.71 Safari/537.36"
65.19.138.34 - - [01/Sep/2014:05:42:32 +0200] "GET /taxonomy/term/1/feed HTTP/1.1" 200 659 "-" "Feedly/1.0 (+http://www.feedly.com/fetcher.html; like FeedFetcher-Google)"
162.243.124.153 - - [01/Sep/2014:05:44:03 +0200] "GET /rss.xml HTTP/1.1" 200 14094 "-" "Feedbin - 1 subscribers"
183.60.212.134 - - [01/Sep/2014:05:44:35 +0200] "GET /node/3 HTTP/1.1" 200 6634 "-" "Mozilla/5.0 (compatible; EasouSpider; +http://www.easou.com/search/spider.html)"
183.60.212.134 - - [01/Sep/2014:05:50:09 +0200] "GET /node/48?lang=fr HTTP/1.1" 200 6428 "-" "Mozilla/5.0 (compatible; EasouSpider; +http://www.easou.com/search/spider.html)"
123.125.71.25 - - [01/Sep/2014:05:50:22 +0200] "GET / HTTP/1.1" 200 16060 "-" "Mozilla/5.0 (compatible; Baiduspider/2.0; +http://www.baidu.com/search/spider.html)"
220.181.108.99 - - [01/Sep/2014:05:51:16 +0200] "GET / HTTP/1.1" 200 16060 "-" "Mozilla/5.0 (compatible; Baiduspider/2.0; +http://www.baidu.com/search/spider.html)"
192.126.183.181 - - [01/Sep/2014:05:52:49 +0200] "GET /node/3?lang=en HTTP/1.1" 200 6722 "http://www.hurence.com/" "Mozilla/5.0 (Windows NT 5.1) AppleWebKit/537.36 (KHTML, like Gecko) Chrome/27.0.1453.116 Safari/537.36"
192.126.183.181 - - [01/Sep/2014:05:52:52 +0200] "GET /?q=node/add HTTP/1.1" 403 4826 "http://www.hurence.com/" "Mozilla/5.0 (Windows NT 5.1) AppleWebKit/537.36 (KHTML, like Gecko) Chrome/27.0.1453.116 Safari/537.36"
192.126.183.181 - - [01/Sep/2014:05:52:52 +0200] "GET /?q=user/register HTTP/1.1" 200 5332 "http://www.hurence.com/?q=node/add" "Mozilla/5.0 (Windows NT 5.1) AppleWebKit/537.36 (KHTML, like Gecko) Chrome/27.0.1453.116 Safari/537.36"
192.126.183.181 - - [01/Sep/2014:05:52:53 +0200] "POST /?q=user/register HTTP/1.1" 200 5410 "http://www.hurence.com/?q=user/register" "Mozilla/5.0 (Windows NT 5.1) AppleWebKit/537.36 (KHTML, like Gecko) Chrome/27.0.1453.116 Safari/537.36"
192.126.183.181 - - [01/Sep/2014:05:52:53 +0200] "GET /?q=user HTTP/1.1" 200 5097 "http://www.hurence.com/" "Mozilla/5.0 (Windows NT 5.1) AppleWebKit/537.36 (KHTML, like Gecko) Chrome/27.0.1453.116 Safari/537.36"
192.126.183.181 - - [01/Sep/2014:05:52:54 +0200] "POST /?q=user HTTP/1.1" 200 5177 "http://www.hurence.com/?q=user" "Mozilla/5.0 (Windows NT 5.1) AppleWebKit/537.36 (KHTML, like Gecko) Chrome/27.0.1453.116 Safari/537.36"
208.115.113.87 - - [01/Sep/2014:05:56:07 +0200] "GET /node/81?lang=en HTTP/1.1" 200 29201 "-" "Mozilla/5.0 (compatible; DotBot/1.1; http://www.opensiteexplorer.org/dotbot, help@moz.com)"
208.115.113.87 - - [01/Sep/2014:05:56:20 +0200] "GET /node/73?lang=en HTTP/1.1" 200 29779 "-" "Mozilla/5.0 (compatible; DotBot/1.1; http://www.opensiteexplorer.org/dotbot, help@moz.com)"
208.115.113.87 - - [01/Sep/2014:05:56:33 +0200] "GET /node/73 HTTP/1.1" 200 29059 "-" "Mozilla/5.0 (compatible; DotBot/1.1; http://www.opensiteexplorer.org/dotbot, help@moz.com)"
208.115.113.87 - - [01/Sep/2014:05:56:48 +0200] "GET /node/12?lang=en HTTP/1.1" 200 29114 "-" "Mozilla/5.0 (compatible; DotBot/1.1; http://www.opensiteexplorer.org/dotbot, help@moz.com)"
95.108.158.231 - - [01/Sep/2014:06:02:28 +0200] "GET /robots.txt HTTP/1.1" 200 1850 "-" "Mozilla/5.0 (compatible; YandexBot/3.0; +http://yandex.com/bots)"
66.249.64.17 - - [01/Sep/2014:06:05:39 +0200] "GET /node/37 HTTP/1.1" 200 6358 "-" "Mozilla/5.0 (compatible; Googlebot/2.1; +http://www.google.com/bot.html)"
140.121.80.123 - - [01/Sep/2014:06:06:24 +0200] "GET /?%boundary%%0D%0AContent-Disposition:+form-data;+name=%22name%22%0D%0A%0D%0Abohdanszpahlavd%0D%0A%boundary%%0D%0AContent-Disposition:+form-data;+name=%22mail%22%0D%0A%0D%0Abohdanszpahla@gazeta.pl%0D%0A%boundary%%0D%0AContent-Disposition:+form-data;+name=%22timezone%22%0D%0A%0D%0AEurope/Paris%0D%0A%boundary%%0D%0AContent-Disposition:+form-data;+name=%22form_build_id%22%0D%0A%0D%0Aform-kcJNksuuSo-eM4VBHkOkb345QQpuBncIyiylfaQzbPY%0D%0A%boundary%%0D%0AContent-Disposition:+form-data;+name=%22form_id%22%0D%0A%0D%0Auser_register_form%0D%0A%boundary%%0D%0AContent-Disposition:+form-data;+name=%22op%22%0D%0A%0D%0ACreate+new+account%0D%0A%boundary%--%0D%0A HTTP/1.1" 200 6705 "http://www.hurence.com/" "Mozilla/5.0 (Windows NT 5.1) AppleWebKit/537.36 (KHTML, like Gecko) Chrome/27.0.1453.116 Safari/537.36"
140.121.80.123 - - [01/Sep/2014:06:06:27 +0200] "GET /?q=node/add HTTP/1.1" 403 4821 "http://www.hurence.com/" "Mozilla/5.0 (Windows NT 5.1) AppleWebKit/537.36 (KHTML, like Gecko) Chrome/27.0.1453.116 Safari/537.36"
140.121.80.123 - - [01/Sep/2014:06:06:28 +0200] "GET /?q=user/register HTTP/1.1" 200 5328 "http://www.hurence.com/?q=node/add" "Mozilla/5.0 (Windows NT 5.1) AppleWebKit/537.36 (KHTML, like Gecko) Chrome/27.0.1453.116 Safari/537.36"
140.121.80.123 - - [01/Sep/2014:06:06:29 +0200] "POST /?q=user/register HTTP/1.1" 200 5429 "http://www.hurence.com/?q=user/register" "Mozilla/5.0 (Windows NT 5.1) AppleWebKit/537.36 (KHTML, like Gecko) Chrome/27.0.1453.116 Safari/537.36"
180.76.5.145 - - [01/Sep/2014:06:09:00 +0200] "GET /robots.txt HTTP/1.1" 200 947 "-" "Mozilla/5.0 (Windows NT 5.1; rv:6.0.2) Gecko/20100101 Firefox/6.0.2"
5.135.186.210 - - [01/Sep/2014:06:10:26 +0200] "GET / HTTP/1.1" 200 6355 "http://hurence.com/" "Mozilla/5.0 (Windows NT 5.1) AppleWebKit/537.36 (KHTML, like Gecko) Chrome/27.0.1453.116 Safari/537.36"
107.170.72.117 - - [01/Sep/2014:06:11:19 +0200] "GET /rss.xml HTTP/1.1" 200 14094 "-" "Feedbin - 1 subscribers"
180.76.6.151 - - [01/Sep/2014:06:11:22 +0200] "GET /node/9?lang=en HTTP/1.1" 200 6519 "-" "Mozilla/5.0 (compatible; Baiduspider/2.0; +http://www.baidu.com/search/spider.html)"
66.249.64.237 - - [01/Sep/2014:06:15:35 +0200] "GET /rss.xml HTTP/1.1" 200 2983 "-" "Mozilla/5.0 (compatible; Googlebot/2.1; +http://www.google.com/bot.html)"
66.249.89.4 - - [01/Sep/2014:06:23:26 +0200] "GET /rss.xml HTTP/1.1" 200 2983 "-" "Feedfetcher-Google; (+http://www.google.com/feedfetcher.html; 3 subscribers; feed-id=7225077890218036057)"
81.52.143.33 - - [01/Sep/2014:06:25:13 +0200] "GET /node/39?lang=fr HTTP/1.1" 200 7005 "-" "Mozilla/5.0 (Windows NT 5.1; U; Win64; fr; rv:1.8.1) VoilaBot BETA 1.2 (support.voilabot@orange-ftgroup.com)"
183.60.213.39 - - [01/Sep/2014:06:26:26 +0200] "GET /node/68?lang=en HTTP/1.1" 200 6732 "-" "Mozilla/5.0 (compatible; EasouSpider; +http://www.easou.com/search/spider.html)"
5.135.186.210 - - [01/Sep/2014:06:29:14 +0200] "GET / HTTP/1.1" 200 6360 "http://hurence.com/" "Mozilla/5.0 (Windows NT 5.1) AppleWebKit/537.36 (KHTML, like Gecko) Chrome/27.0.1453.116 Safari/537.36"
110.174.153.59 - - [01/Sep/2014:06:33:36 +0200] "GET /CHANGELOG.txt HTTP/1.0" 200 18720 "-" "-"
199.87.230.162 - - [01/Sep/2014:06:35:06 +0200] "GET / HTTP/1.1" 200 6357 "http://www.hurence.com/" "Mozilla/5.0 (Macintosh; Intel Mac OS X 10_8_4) AppleWebKit/537.36 (KHTML, like Gecko) Chrome/28.0.1500.71 Safari/537.36"
199.87.230.162 - - [01/Sep/2014:06:35:08 +0200] "GET /?q=user HTTP/1.1" 200 5098 "http://www.hurence.com/" "Mozilla/5.0 (Macintosh; Intel Mac OS X 10_8_4) AppleWebKit/537.36 (KHTML, like Gecko) Chrome/28.0.1500.71 Safari/537.36"
199.87.230.162 - - [01/Sep/2014:06:35:09 +0200] "POST /?q=user HTTP/1.1" 200 5172 "http://www.hurence.com/?q=user" "Mozilla/5.0 (Macintosh; Intel Mac OS X 10_8_4) AppleWebKit/537.36 (KHTML, like Gecko) Chrome/28.0.1500.71 Safari/537.36"
162.243.99.58 - - [01/Sep/2014:06:35:30 +0200] "GET /rss.xml HTTP/1.1" 200 14094 "-" "Feedbin - 1 subscribers"
79.133.196.51 - - [01/Sep/2014:06:42:22 +0200] "GET / HTTP/1.1" 200 6359 "http://hurence.com/" "Mozilla/5.0 (Windows NT 5.1) AppleWebKit/537.36 (KHTML, like Gecko) Chrome/27.0.1453.116 Safari/537.36"
79.133.196.51 - - [01/Sep/2014:06:42:24 +0200] "GET /?q=user HTTP/1.1" 200 5094 "http://hurence.com/" "Mozilla/5.0 (Windows NT 5.1) AppleWebKit/537.36 (KHTML, like Gecko) Chrome/27.0.1453.116 Safari/537.36"
79.133.196.51 - - [01/Sep/2014:06:42:24 +0200] "POST /?q=user HTTP/1.1" 200 5178 "http://hurence.com/?q=user" "Mozilla/5.0 (Windows NT 5.1) AppleWebKit/537.36 (KHTML, like Gecko) Chrome/27.0.1453.116 Safari/537.36"
194.2.239.230 - - [01/Sep/2014:06:43:57 +0200] "GET /sites/default/files/mail.png HTTP/1.1" 304 190 "-" "Mozilla/4.0 (compatible;)"
68.180.225.40 - - [01/Sep/2014:06:45:11 +0200] "GET /taxonomy/term/2?lang=en HTTP/1.1" 200 6799 "-" "Mozilla/5.0 (compatible; Yahoo! Slurp; http://help.yahoo.com/help/us/ysearch/slurp)"
122.176.115.186 - - [01/Sep/2014:06:45:43 +0200] "GET /sites/default/files/What%20is%20Hadoop.pdf HTTP/1.1" 200 70080 "http://www.google.co.in/url?sa=t&rct=j&q=&esrc=s&source=web&cd=20&cad=rja&uact=8&ved=0CGgQFjAJOAo&url=http%3A%2F%2Fwww.hurence.com%2Fsites%2Fdefault%2Ffiles%2FWhat%2520is%2520Hadoop.pdf&ei=rPkDVN2VKYm9uASQjoGYAQ&usg=AFQjCNGENTsQcgSJzQyvHK-EaBihv9e_Lw&bvm=bv.74115972,d.c2E" "Mozilla/5.0 (Windows NT 6.1; rv:31.0) Gecko/20100101 Firefox/31.0"
122.176.115.186 - - [01/Sep/2014:06:45:44 +0200] "GET /favicon.ico HTTP/1.1" 404 327 "-" "Mozilla/5.0 (Windows NT 6.1; rv:31.0) Gecko/20100101 Firefox/31.0"
122.176.115.186 - - [01/Sep/2014:06:45:44 +0200] "GET /favicon.ico HTTP/1.1" 404 326 "-" "Mozilla/5.0 (Windows NT 6.1; rv:31.0) Gecko/20100101 Firefox/31.0"
122.176.115.186 - - [01/Sep/2014:06:45:44 +0200] "GET /sites/default/files/What%20is%20Hadoop.pdf HTTP/1.1" 206 36736 "http://www.google.co.in/url?sa=t&rct=j&q=&esrc=s&source=web&cd=20&cad=rja&uact=8&ved=0CGgQFjAJOAo&url=http%3A%2F%2Fwww.hurence.com%2Fsites%2Fdefault%2Ffiles%2FWhat%2520is%2520Hadoop.pdf&ei=rPkDVN2VKYm9uASQjoGYAQ&usg=AFQjCNGENTsQcgSJzQyvHK-EaBihv9e_Lw&bvm=bv.74115972,d.c2E" "Mozilla/5.0 (Windows NT 6.1; rv:31.0) Gecko/20100101 Firefox/31.0"
122.176.115.186 - - [01/Sep/2014:06:45:45 +0200] "GET /sites/default/files/What%20is%20Hadoop.pdf HTTP/1.1" 206 65895 "http://www.google.co.in/url?sa=t&rct=j&q=&esrc=s&source=web&cd=20&cad=rja&uact=8&ved=0CGgQFjAJOAo&url=http%3A%2F%2Fwww.hurence.com%2Fsites%2Fdefault%2Ffiles%2FWhat%2520is%2520Hadoop.pdf&ei=rPkDVN2VKYm9uASQjoGYAQ&usg=AFQjCNGENTsQcgSJzQyvHK-EaBihv9e_Lw&bvm=bv.74115972,d.c2E" "Mozilla/5.0 (Windows NT 6.1; rv:31.0) Gecko/20100101 Firefox/31.0"
122.176.115.186 - - [01/Sep/2014:06:45:46 +0200] "GET /sites/default/files/What%20is%20Hadoop.pdf HTTP/1.1" 206 65889 "http://www.google.co.in/url?sa=t&rct=j&q=&esrc=s&source=web&cd=20&cad=rja&uact=8&ved=0CGgQFjAJOAo&url=http%3A%2F%2Fwww.hurence.com%2Fsites%2Fdefault%2Ffiles%2FWhat%2520is%2520Hadoop.pdf&ei=rPkDVN2VKYm9uASQjoGYAQ&usg=AFQjCNGENTsQcgSJzQyvHK-EaBihv9e_Lw&bvm=bv.74115972,d.c2E" "Mozilla/5.0 (Windows NT 6.1; rv:31.0) Gecko/20100101 Firefox/31.0"
122.176.115.186 - - [01/Sep/2014:06:45:46 +0200] "GET /sites/default/files/What%20is%20Hadoop.pdf HTTP/1.1" 206 131431 "http://www.google.co.in/url?sa=t&rct=j&q=&esrc=s&source=web&cd=20&cad=rja&uact=8&ved=0CGgQFjAJOAo&url=http%3A%2F%2Fwww.hurence.com%2Fsites%2Fdefault%2Ffiles%2FWhat%2520is%2520Hadoop.pdf&ei=rPkDVN2VKYm9uASQjoGYAQ&usg=AFQjCNGENTsQcgSJzQyvHK-EaBihv9e_Lw&bvm=bv.74115972,d.c2E" "Mozilla/5.0 (Windows NT 6.1; rv:31.0) Gecko/20100101 Firefox/31.0"
122.176.115.186 - - [01/Sep/2014:06:45:48 +0200] "GET /sites/default/files/What%20is%20Hadoop.pdf HTTP/1.1" 206 65895 "http://www.google.co.in/url?sa=t&rct=j&q=&esrc=s&source=web&cd=20&cad=rja&uact=8&ved=0CGgQFjAJOAo&url=http%3A%2F%2Fwww.hurence.com%2Fsites%2Fdefault%2Ffiles%2FWhat%2520is%2520Hadoop.pdf&ei=rPkDVN2VKYm9uASQjoGYAQ&usg=AFQjCNGENTsQcgSJzQyvHK-EaBihv9e_Lw&bvm=bv.74115972,d.c2E" "Mozilla/5.0 (Windows NT 6.1; rv:31.0) Gecko/20100101 Firefox/31.0"
122.176.115.186 - - [01/Sep/2014:06:45:49 +0200] "GET /sites/default/files/What%20is%20Hadoop.pdf HTTP/1.1" 206 65895 "http://www.google.co.in/url?sa=t&rct=j&q=&esrc=s&source=web&cd=20&cad=rja&uact=8&ved=0CGgQFjAJOAo&url=http%3A%2F%2Fwww.hurence.com%2Fsites%2Fdefault%2Ffiles%2FWhat%2520is%2520Hadoop.pdf&ei=rPkDVN2VKYm9uASQjoGYAQ&usg=AFQjCNGENTsQcgSJzQyvHK-EaBihv9e_Lw&bvm=bv.74115972,d.c2E" "Mozilla/5.0 (Windows NT 6.1; rv:31.0) Gecko/20100101 Firefox/31.0"
122.176.115.186 - - [01/Sep/2014:06:45:49 +0200] "GET /sites/default/files/What%20is%20Hadoop.pdf HTTP/1.1" 206 65895 "http://www.google.co.in/url?sa=t&rct=j&q=&esrc=s&source=web&cd=20&cad=rja&uact=8&ved=0CGgQFjAJOAo&url=http%3A%2F%2Fwww.hurence.com%2Fsites%2Fdefault%2Ffiles%2FWhat%2520is%2520Hadoop.pdf&ei=rPkDVN2VKYm9uASQjoGYAQ&usg=AFQjCNGENTsQcgSJzQyvHK-EaBihv9e_Lw&bvm=bv.74115972,d.c2E" "Mozilla/5.0 (Windows NT 6.1; rv:31.0) Gecko/20100101 Firefox/31.0"
122.176.115.186 - - [01/Sep/2014:06:45:50 +0200] "GET /sites/default/files/What%20is%20Hadoop.pdf HTTP/1.1" 206 65895 "http://www.google.co.in/url?sa=t&rct=j&q=&esrc=s&source=web&cd=20&cad=rja&uact=8&ved=0CGgQFjAJOAo&url=http%3A%2F%2Fwww.hurence.com%2Fsites%2Fdefault%2Ffiles%2FWhat%2520is%2520Hadoop.pdf&ei=rPkDVN2VKYm9uASQjoGYAQ&usg=AFQjCNGENTsQcgSJzQyvHK-EaBihv9e_Lw&bvm=bv.74115972,d.c2E" "Mozilla/5.0 (Windows NT 6.1; rv:31.0) Gecko/20100101 Firefox/31.0"
122.176.115.186 - - [01/Sep/2014:06:45:52 +0200] "GET /sites/default/files/What%20is%20Hadoop.pdf HTTP/1.1" 206 65895 "http://www.google.co.in/url?sa=t&rct=j&q=&esrc=s&source=web&cd=20&cad=rja&uact=8&ved=0CGgQFjAJOAo&url=http%3A%2F%2Fwww.hurence.com%2Fsites%2Fdefault%2Ffiles%2FWhat%2520is%2520Hadoop.pdf&ei=rPkDVN2VKYm9uASQjoGYAQ&usg=AFQjCNGENTsQcgSJzQyvHK-EaBihv9e_Lw&bvm=bv.74115972,d.c2E" "Mozilla/5.0 (Windows NT 6.1; rv:31.0) Gecko/20100101 Firefox/31.0"
122.176.115.186 - - [01/Sep/2014:06:45:54 +0200] "GET /sites/default/files/What%20is%20Hadoop.pdf HTTP/1.1" 206 65895 "http://www.google.co.in/url?sa=t&rct=j&q=&esrc=s&source=web&cd=20&cad=rja&uact=8&ved=0CGgQFjAJOAo&url=http%3A%2F%2Fwww.hurence.com%2Fsites%2Fdefault%2Ffiles%2FWhat%2520is%2520Hadoop.pdf&ei=rPkDVN2VKYm9uASQjoGYAQ&usg=AFQjCNGENTsQcgSJzQyvHK-EaBihv9e_Lw&bvm=bv.74115972,d.c2E" "Mozilla/5.0 (Windows NT 6.1; rv:31.0) Gecko/20100101 Firefox/31.0"
208.115.111.71 - - [01/Sep/2014:06:46:26 +0200] "GET /robots.txt HTTP/1.1" 200 1793 "-" "Mozilla/5.0 (compatible; DotBot/1.1; http://www.opensiteexplorer.org/dotbot, help@moz.com)"
123.125.71.12 - - [01/Sep/2014:06:47:22 +0200] "GET / HTTP/1.1" 200 16060 "-" "Mozilla/5.0 (compatible; Baiduspider/2.0; +http://www.baidu.com/search/spider.html)"
220.181.108.102 - - [01/Sep/2014:06:48:03 +0200] "GET / HTTP/1.1" 200 16060 "-" "Mozilla/5.0 (compatible; Baiduspider/2.0; +http://www.baidu.com/search/spider.html)"
180.76.6.43 - - [01/Sep/2014:06:48:15 +0200] "GET /node/139?lang=fr HTTP/1.1" 200 7066 "-" "Mozilla/5.0 (compatible; Baiduspider/2.0; +http://www.baidu.com/search/spider.html)"
68.180.225.40 - - [01/Sep/2014:06:57:37 +0200] "GET /node/13?lang=en HTTP/1.1" 200 6779 "-" "Mozilla/5.0 (compatible; Yahoo! Slurp; http://help.yahoo.com/help/us/ysearch/slurp)"
162.243.220.153 - - [01/Sep/2014:06:58:09 +0200] "GET /rss.xml HTTP/1.1" 200 14094 "-" "Feedbin - 1 subscribers"
180.76.5.24 - - [01/Sep/2014:07:03:15 +0200] "GET /node/38?lang=fr HTTP/1.1" 200 6666 "-" "Mozilla/5.0 (compatible; Baiduspider/2.0; +http://www.baidu.com/search/spider.html)"
66.249.64.22 - - [01/Sep/2014:07:03:49 +0200] "GET / HTTP/1.1" 200 6361 "-" "Mozilla/5.0 (compatible; Googlebot/2.1; +http://www.google.com/bot.html)"
202.46.63.48 - - [01/Sep/2014:07:12:08 +0200] "GET / HTTP/1.1" 200 16060 "-" "Mozilla/4.0 (compatible; MSIE 7.0; Windows NT 6.0)"
66.249.64.237 - - [01/Sep/2014:07:12:52 +0200] "GET /rss.xml HTTP/1.1" 200 2983 "-" "Mozilla/5.0 (compatible; Googlebot/2.1; +http://www.google.com/bot.html)"
119.63.193.132 - - [01/Sep/2014:07:13:37 +0200] "GET / HTTP/1.1" 200 16060 "-" "Mozilla/4.0 (compatible; MSIE 7.0; Windows NT 6.0)"
198.50.177.43 - - [01/Sep/2014:07:14:28 +0200] "GET /node/3?lang=fr HTTP/1.1" 200 6836 "http://hurence.com/" "Mozilla/5.0 (Macintosh; Intel Mac OS X 10_8_4) AppleWebKit/537.36 (KHTML, like Gecko) Chrome/28.0.1500.71 Safari/537.36"
192.230.49.243 - - [01/Sep/2014:07:14:33 +0200] "GET /?q=node/add HTTP/1.1" 403 4823 "http://hurence.com/" "Mozilla/5.0 (Macintosh; Intel Mac OS X 10_8_4) AppleWebKit/537.36 (KHTML, like Gecko) Chrome/28.0.1500.71 Safari/537.36"
192.230.49.243 - - [01/Sep/2014:07:14:33 +0200] "GET /?q=user/register HTTP/1.1" 200 5326 "http://hurence.com/?q=node/add" "Mozilla/5.0 (Macintosh; Intel Mac OS X 10_8_4) AppleWebKit/537.36 (KHTML, like Gecko) Chrome/28.0.1500.71 Safari/537.36"
192.230.49.243 - - [01/Sep/2014:07:14:34 +0200] "POST /?q=user/register HTTP/1.1" 302 673 "http://hurence.com/?q=user/register" "Mozilla/5.0 (Macintosh; Intel Mac OS X 10_8_4) AppleWebKit/537.36 (KHTML, like Gecko) Chrome/28.0.1500.71 Safari/537.36"
192.230.49.243 - - [01/Sep/2014:07:14:34 +0200] "GET / HTTP/1.1" 200 6710 "http://hurence.com/?q=user/register" "Mozilla/5.0 (Macintosh; Intel Mac OS X 10_8_4) AppleWebKit/537.36 (KHTML, like Gecko) Chrome/28.0.1500.71 Safari/537.36"
192.230.49.243 - - [01/Sep/2014:07:14:37 +0200] "GET /?q=user HTTP/1.1" 200 5093 "http://hurence.com/" "Mozilla/5.0 (Macintosh; Intel Mac OS X 10_8_4) AppleWebKit/537.36 (KHTML, like Gecko) Chrome/28.0.1500.71 Safari/537.36"
192.230.49.243 - - [01/Sep/2014:07:14:37 +0200] "POST /?q=user HTTP/1.1" 200 5171 "http://hurence.com/?q=user" "Mozilla/5.0 (Macintosh; Intel Mac OS X 10_8_4) AppleWebKit/537.36 (KHTML, like Gecko) Chrome/28.0.1500.71 Safari/537.36"
157.55.39.193 - - [01/Sep/2014:07:20:24 +0200] "GET /robots.txt HTTP/1.1" 200 1850 "-" "Mozilla/5.0 (compatible; bingbot/2.0; +http://www.bing.com/bingbot.htm)"
157.55.39.193 - - [01/Sep/2014:07:20:26 +0200] "GET / HTTP/1.1" 200 6356 "-" "Mozilla/5.0 (compatible; bingbot/2.0; +http://www.bing.com/bingbot.htm)"
162.243.32.163 - - [01/Sep/2014:07:21:16 +0200] "GET /rss.xml HTTP/1.1" 200 14094 "-" "Feedbin - 1 subscribers"
66.249.89.236 - - [01/Sep/2014:07:21:35 +0200] "GET /rss.xml HTTP/1.1" 200 2983 "-" "Feedfetcher-Google; (+http://www.google.com/feedfetcher.html; 3 subscribers; feed-id=7225077890218036057)"
220.181.108.105 - - [01/Sep/2014:07:33:33 +0200] "GET /node/11 HTTP/1.1" 200 6799 "-" "Mozilla/5.0 (compatible; Baiduspider/2.0; +http://www.baidu.com/search/spider.html)"
198.50.177.43 - - [01/Sep/2014:07:39:57 +0200] "GET /node/3?lang=fr HTTP/1.1" 200 6840 "http://hurence.com/" "Mozilla/5.0 (Macintosh; Intel Mac OS X 10_8_4) AppleWebKit/537.36 (KHTML, like Gecko) Chrome/28.0.1500.71 Safari/537.36"
192.230.49.241 - - [01/Sep/2014:07:40:01 +0200] "GET /?q=node/add HTTP/1.1" 403 4817 "http://hurence.com/" "Mozilla/5.0 (Macintosh; Intel Mac OS X 10_8_4) AppleWebKit/537.36 (KHTML, like Gecko) Chrome/28.0.1500.71 Safari/537.36"
192.230.49.241 - - [01/Sep/2014:07:40:02 +0200] "GET /?q=user/register HTTP/1.1" 200 5323 "http://hurence.com/?q=node/add" "Mozilla/5.0 (Macintosh; Intel Mac OS X 10_8_4) AppleWebKit/537.36 (KHTML, like Gecko) Chrome/28.0.1500.71 Safari/537.36"
192.230.49.241 - - [01/Sep/2014:07:40:03 +0200] "POST /?q=user/register HTTP/1.1" 302 673 "http://hurence.com/?q=user/register" "Mozilla/5.0 (Macintosh; Intel Mac OS X 10_8_4) AppleWebKit/537.36 (KHTML, like Gecko) Chrome/28.0.1500.71 Safari/537.36"
192.230.49.241 - - [01/Sep/2014:07:40:04 +0200] "GET / HTTP/1.1" 200 6708 "http://hurence.com/?q=user/register" "Mozilla/5.0 (Macintosh; Intel Mac OS X 10_8_4) AppleWebKit/537.36 (KHTML, like Gecko) Chrome/28.0.1500.71 Safari/537.36"
192.230.49.241 - - [01/Sep/2014:07:40:07 +0200] "GET /?q=user HTTP/1.1" 200 5093 "http://hurence.com/" "Mozilla/5.0 (Macintosh; Intel Mac OS X 10_8_4) AppleWebKit/537.36 (KHTML, like Gecko) Chrome/28.0.1500.71 Safari/537.36"
192.230.49.241 - - [01/Sep/2014:07:40:09 +0200] "POST /?q=user HTTP/1.1" 200 5171 "http://hurence.com/?q=user" "Mozilla/5.0 (Macintosh; Intel Mac OS X 10_8_4) AppleWebKit/537.36 (KHTML, like Gecko) Chrome/28.0.1500.71 Safari/537.36"
65.19.138.34 - - [01/Sep/2014:07:43:38 +0200] "GET /rss.xml HTTP/1.1" 200 2945 "-" "Feedly/1.0 (+http://www.feedly.com/fetcher.html; like FeedFetcher-Google)"
107.170.54.23 - - [01/Sep/2014:07:44:06 +0200] "GET /rss.xml HTTP/1.1" 200 14094 "-" "Feedbin - 1 subscribers"
157.55.39.39 - - [01/Sep/2014:07:45:46 +0200] "GET /node/61 HTTP/1.1" 200 6587 "-" "Mozilla/5.0 (compatible; bingbot/2.0; +http://www.bing.com/bingbot.htm)"
207.46.13.65 - - [01/Sep/2014:07:46:01 +0200] "GET /sites/all/modules/views/js/jquery.ui.dialog.patch.js?ls5cse HTTP/1.1" 200 915 "-" "Mozilla/5.0 (compatible; bingbot/2.0; +http://www.bing.com/bingbot.htm)"
157.55.39.193 - - [01/Sep/2014:07:46:10 +0200] "GET /sites/all/modules/megamenu/megamenu.js?ls5cse HTTP/1.1" 200 1759 "-" "Mozilla/5.0 (compatible; bingbot/2.0; +http://www.bing.com/bingbot.htm)"
157.55.39.193 - - [01/Sep/2014:07:46:21 +0200] "GET /sites/all/modules/featured_content/featured_content.js?ls5cse HTTP/1.1" 200 1075 "-" "Mozilla/5.0 (compatible; bingbot/2.0; +http://www.bing.com/bingbot.htm)"
157.55.39.39 - - [01/Sep/2014:07:46:40 +0200] "GET /robots.txt HTTP/1.1" 200 985 "-" "Mozilla/5.0 (compatible; bingbot/2.0; +http://www.bing.com/bingbot.htm)"
157.55.39.40 - - [01/Sep/2014:07:46:51 +0200] "GET /robots.txt HTTP/1.1" 200 985 "-" "Mozilla/5.0 (compatible; bingbot/2.0; +http://www.bing.com/bingbot.htm)"
157.55.39.40 - - [01/Sep/2014:07:47:00 +0200] "GET /robots.txt HTTP/1.1" 200 985 "-" "Mozilla/5.0 (compatible; bingbot/2.0; +http://www.bing.com/bingbot.htm)"
157.55.39.39 - - [01/Sep/2014:07:47:11 +0200] "GET /robots.txt HTTP/1.1" 200 985 "-" "Mozilla/5.0 (compatible; bingbot/2.0; +http://www.bing.com/bingbot.htm)"
157.55.39.39 - - [01/Sep/2014:07:47:21 +0200] "GET /robots.txt HTTP/1.1" 200 985 "-" "Mozilla/5.0 (compatible; bingbot/2.0; +http://www.bing.com/bingbot.htm)"
157.55.39.39 - - [01/Sep/2014:07:47:30 +0200] "GET /robots.txt HTTP/1.1" 200 985 "-" "Mozilla/5.0 (compatible; bingbot/2.0; +http://www.bing.com/bingbot.htm)"
157.55.39.39 - - [01/Sep/2014:07:47:40 +0200] "GET /robots.txt HTTP/1.1" 200 985 "-" "Mozilla/5.0 (compatible; bingbot/2.0; +http://www.bing.com/bingbot.htm)"
157.55.39.8 - - [01/Sep/2014:07:47:50 +0200] "GET /sites/all/themes/hurence/js/hurence.js?ls5cse HTTP/1.1" 200 807 "-" "Mozilla/5.0 (compatible; bingbot/2.0; +http://www.bing.com/bingbot.htm)"
37.228.105.207 - - [01/Sep/2014:07:50:59 +0200] "GET /sites/default/files/What%20is%20Hadoop.pdf HTTP/1.1" 200 18824 "http://www.google.co.in/search?q=Basics+of+hadoop+Pdf&btnG=" "Opera/9.80 (Android; Opera Mini/7.5.35613/35.4086; U; en) Presto/2.8.119 Version/11.10"
37.228.105.207 - - [01/Sep/2014:07:51:02 +0200] "GET /sites/default/files/What%20is%20Hadoop.pdf HTTP/1.1" 200 692041 "http://www.google.co.in/search?q=Basics+of+hadoop+Pdf&btnG=" "Opera/9.80 (Android; Opera Mini/7.5.35613/35.4086; U; en) Presto/2.8.119 Version/11.10"
183.60.212.134 - - [01/Sep/2014:07:51:07 +0200] "GET /node/7?lang=en HTTP/1.1" 200 5737 "-" "Mozilla/5.0 (compatible; EasouSpider; +http://www.easou.com/search/spider.html)"
183.60.215.40 - - [01/Sep/2014:07:54:46 +0200] "GET /node/107 HTTP/1.1" 200 6467 "-" "Mozilla/5.0 (compatible; EasouSpider; +http://www.easou.com/search/spider.html)"
66.249.89.27 - - [01/Sep/2014:07:56:41 +0200] "GET /rss.xml HTTP/1.1" 200 2985 "-" "Feedfetcher-Google; (+http://www.google.com/feedfetcher.html; 1 subscribers; feed-id=10851494855830720867)"
123.125.71.21 - - [01/Sep/2014:07:57:05 +0200] "GET / HTTP/1.1" 200 16060 "-" "Mozilla/5.0 (compatible; Baiduspider/2.0; +http://www.baidu.com/search/spider.html)"
220.181.108.86 - - [01/Sep/2014:07:58:02 +0200] "GET / HTTP/1.1" 200 16060 "-" "Mozilla/5.0 (compatible; Baiduspider/2.0; +http://www.baidu.com/search/spider.html)"
208.115.111.71 - - [01/Sep/2014:07:59:03 +0200] "GET /node/133?lang=fr HTTP/1.1" 200 26527 "-" "Mozilla/5.0 (compatible; DotBot/1.1; http://www.opensiteexplorer.org/dotbot, help@moz.com)"
162.243.99.58 - - [01/Sep/2014:08:06:40 +0200] "GET /rss.xml HTTP/1.1" 200 14094 "-" "Feedbin - 1 subscribers"
146.185.25.170 - - [01/Sep/2014:08:07:26 +0200] "GET /user/register HTTP/1.1" 200 5323 "https://www.google.com/" "Mozilla/5.0 (Windows NT 6.1; WOW64; rv:30.0) Gecko/20100101 Firefox/30.0"
146.185.25.170 - - [01/Sep/2014:08:07:48 +0200] "POST /user/register HTTP/1.1" 302 703 "http://www.hurence.com/user/register" "Mozilla/5.0 (Windows NT 6.1; WOW64; rv:30.0) Gecko/20100101 Firefox/30.0"
146.185.25.170 - - [01/Sep/2014:08:07:49 +0200] "GET / HTTP/1.1" 200 6658 "http://www.hurence.com/user/register" "Mozilla/5.0 (Windows NT 6.1; WOW64; rv:30.0) Gecko/20100101 Firefox/30.0"
66.249.64.242 - - [01/Sep/2014:08:15:01 +0200] "GET /rss.xml HTTP/1.1" 200 2983 "-" "Mozilla/5.0 (compatible; Googlebot/2.1; +http://www.google.com/bot.html)"
66.249.89.4 - - [01/Sep/2014:08:17:15 +0200] "GET /rss.xml HTTP/1.1" 200 2983 "-" "Feedfetcher-Google; (+http://www.google.com/feedfetcher.html; 3 subscribers; feed-id=7225077890218036057)"
193.234.224.194 - - [01/Sep/2014:08:28:10 +0200] "GET http://193.234.224.194:64011/echo HTTP/1.0" 404 18824 "-" "-"
183.60.215.40 - - [01/Sep/2014:08:28:27 +0200] "GET /node/4?lang=fr HTTP/1.1" 200 6711 "-" "Mozilla/5.0 (compatible; EasouSpider; +http://www.easou.com/search/spider.html)"
162.243.220.153 - - [01/Sep/2014:08:28:54 +0200] "GET /rss.xml HTTP/1.1" 200 14094 "-" "Feedbin - 1 subscribers"
95.108.158.231 - - [01/Sep/2014:08:32:12 +0200] "GET /node/103?lang=fr HTTP/1.1" 200 7098 "-" "Mozilla/5.0 (compatible; YandexBot/3.0; +http://yandex.com/bots)"
116.202.196.1 - - [01/Sep/2014:08:32:42 +0200] "GET /sites/default/files/What%20is%20Hadoop.pdf HTTP/1.1" 206 355 "http://www.hurence.com/sites/default/files/What%20is%20Hadoop.pdf" "Mozilla/5.0 (Windows NT 6.1) AppleWebKit/537.36 (KHTML, like Gecko) Chrome/37.0.2062.102 Safari/537.36"
116.202.196.1 - - [01/Sep/2014:08:32:41 +0200] "GET /sites/default/files/What%20is%20Hadoop.pdf HTTP/1.1" 200 34000 "https://www.google.co.in/" "Mozilla/5.0 (Windows NT 6.1) AppleWebKit/537.36 (KHTML, like Gecko) Chrome/37.0.2062.102 Safari/537.36"
116.202.196.1 - - [01/Sep/2014:08:32:42 +0200] "GET /favicon.ico HTTP/1.1" 404 327 "-" "Mozilla/5.0 (Windows NT 6.1) AppleWebKit/537.36 (KHTML, like Gecko) Chrome/37.0.2062.102 Safari/537.36"
116.202.196.1 - - [01/Sep/2014:08:32:42 +0200] "GET /sites/default/files/What%20is%20Hadoop.pdf HTTP/1.1" 206 33122 "http://www.hurence.com/sites/default/files/What%20is%20Hadoop.pdf" "Mozilla/5.0 (Windows NT 6.1) AppleWebKit/537.36 (KHTML, like Gecko) Chrome/37.0.2062.102 Safari/537.36"
116.202.196.1 - - [01/Sep/2014:08:32:44 +0200] "GET /sites/default/files/What%20is%20Hadoop.pdf HTTP/1.1" 206 659327 "http://www.hurence.com/sites/default/files/What%20is%20Hadoop.pdf" "Mozilla/5.0 (Windows NT 6.1) AppleWebKit/537.36 (KHTML, like Gecko) Chrome/37.0.2062.102 Safari/537.36"
180.76.5.59 - - [01/Sep/2014:08:46:10 +0200] "GET /node/133?lang=fr HTTP/1.1" 200 6090 "-" "Mozilla/5.0 (compatible; Baiduspider/2.0; +http://www.baidu.com/search/spider.html)"
157.55.39.39 - - [01/Sep/2014:08:47:12 +0200] "GET /sites/all/modules/megamenu/megamenu-skins.css?ls5cse HTTP/1.1" 200 357 "-" "Mozilla/5.0 (compatible; bingbot/2.0; +http://www.bing.com/bingbot.htm)"
157.55.39.39 - - [01/Sep/2014:08:47:21 +0200] "GET /sites/all/themes/hurence/css/comments.css?ls5cse HTTP/1.1" 200 1020 "-" "Mozilla/5.0 (compatible; bingbot/2.0; +http://www.bing.com/bingbot.htm)"
157.55.39.39 - - [01/Sep/2014:08:47:32 +0200] "GET /sites/all/themes/hurence/css/fields.css?ls5cse HTTP/1.1" 200 701 "-" "Mozilla/5.0 (compatible; bingbot/2.0; +http://www.bing.com/bingbot.htm)"
157.55.39.8 - - [01/Sep/2014:08:47:44 +0200] "GET /sites/all/modules/ctools/css/ctools.css?ls5cse HTTP/1.1" 200 592 "-" "Mozilla/5.0 (compatible; bingbot/2.0; +http://www.bing.com/bingbot.htm)"
157.55.39.8 - - [01/Sep/2014:08:47:51 +0200] "GET /sites/all/modules/views/css/views.css?ls5cse HTTP/1.1" 200 649 "-" "Mozilla/5.0 (compatible; bingbot/2.0; +http://www.bing.com/bingbot.htm)"
157.55.39.8 - - [01/Sep/2014:08:48:02 +0200] "GET /sites/all/modules/megamenu/megamenu.css?ls5cse HTTP/1.1" 200 1619 "-" "Mozilla/5.0 (compatible; bingbot/2.0; +http://www.bing.com/bingbot.htm)"
207.46.13.65 - - [01/Sep/2014:08:48:11 +0200] "GET /sites/all/modules/featured_content/featured_content.css?ls5cse HTTP/1.1" 200 479 "-" "Mozilla/5.0 (compatible; bingbot/2.0; +http://www.bing.com/bingbot.htm)"
207.46.13.65 - - [01/Sep/2014:08:48:22 +0200] "GET /sites/all/themes/hurence/css/pages.css?ls5cse HTTP/1.1" 200 2220 "-" "Mozilla/5.0 (compatible; bingbot/2.0; +http://www.bing.com/bingbot.htm)"
157.55.39.193 - - [01/Sep/2014:08:48:31 +0200] "GET /sites/all/themes/hurence/css/blocks.css?ls5cse HTTP/1.1" 200 1870 "-" "Mozilla/5.0 (compatible; bingbot/2.0; +http://www.bing.com/bingbot.htm)"
157.55.39.193 - - [01/Sep/2014:08:48:41 +0200] "GET /sites/all/themes/hurence/css/html-reset.css?ls5cse HTTP/1.1" 200 3351 "-" "Mozilla/5.0 (compatible; bingbot/2.0; +http://www.bing.com/bingbot.htm)"
157.55.39.193 - - [01/Sep/2014:08:48:51 +0200] "GET /sites/all/themes/hurence/css/hurence.css?ls5cse HTTP/1.1" 200 689 "-" "Mozilla/5.0 (compatible; bingbot/2.0; +http://www.bing.com/bingbot.htm)"
157.55.39.40 - - [01/Sep/2014:08:49:01 +0200] "GET /sites/all/themes/hurence/css/forms.css?ls5cse HTTP/1.1" 200 1398 "-" "Mozilla/5.0 (compatible; bingbot/2.0; +http://www.bing.com/bingbot.htm)"
157.55.39.39 - - [01/Sep/2014:08:49:12 +0200] "GET /sites/all/themes/hurence/css/page-backgrounds.css?ls5cse HTTP/1.1" 200 722 "-" "Mozilla/5.0 (compatible; bingbot/2.0; +http://www.bing.com/bingbot.htm)"
157.55.39.39 - - [01/Sep/2014:08:49:22 +0200] "GET /sites/all/themes/hurence/css/print.css?ls5cse HTTP/1.1" 200 980 "-" "Mozilla/5.0 (compatible; bingbot/2.0; +http://www.bing.com/bingbot.htm)"
157.55.39.10 - - [01/Sep/2014:08:49:31 +0200] "GET /sites/all/modules/simplenews/simplenews.css?ls5cse HTTP/1.1" 200 575 "-" "Mozilla/5.0 (compatible; bingbot/2.0; +http://www.bing.com/bingbot.htm)"
157.55.39.8 - - [01/Sep/2014:08:49:41 +0200] "GET /sites/all/themes/hurence/css/layout-fixed.css?ls5cse HTTP/1.1" 200 1925 "-" "Mozilla/5.0 (compatible; bingbot/2.0; +http://www.bing.com/bingbot.htm)"
157.55.39.8 - - [01/Sep/2014:08:49:52 +0200] "GET /sites/all/themes/hurence/css/navigation.css?ls5cse HTTP/1.1" 200 807 "-" "Mozilla/5.0 (compatible; bingbot/2.0; +http://www.bing.com/bingbot.htm)"
157.55.39.8 - - [01/Sep/2014:08:50:02 +0200] "GET /sites/all/themes/hurence/css/tabs.css?ls5cse HTTP/1.1" 200 1059 "-" "Mozilla/5.0 (compatible; bingbot/2.0; +http://www.bing.com/bingbot.htm)"
157.55.39.8 - - [01/Sep/2014:08:50:12 +0200] "GET /sites/all/themes/hurence/css/wireframes.css?ls5cse HTTP/1.1" 200 533 "-" "Mozilla/5.0 (compatible; bingbot/2.0; +http://www.bing.com/bingbot.htm)"
157.55.39.193 - - [01/Sep/2014:08:50:27 +0200] "GET /sites/all/themes/hurence/css/megamenu-hurence.css?ls5cse HTTP/1.1" 200 1726 "-" "Mozilla/5.0 (compatible; bingbot/2.0; +http://www.bing.com/bingbot.htm)"
157.55.39.193 - - [01/Sep/2014:08:50:37 +0200] "GET /sites/all/themes/hurence/css/views-styles.css?ls5cse HTTP/1.1" 200 390 "-" "Mozilla/5.0 (compatible; bingbot/2.0; +http://www.bing.com/bingbot.htm)"
157.55.39.193 - - [01/Sep/2014:08:50:46 +0200] "GET /sites/all/themes/hurence/css/nodes.css?ls5cse HTTP/1.1" 200 1116 "-" "Mozilla/5.0 (compatible; bingbot/2.0; +http://www.bing.com/bingbot.htm)"
162.243.99.58 - - [01/Sep/2014:08:52:03 +0200] "GET /rss.xml HTTP/1.1" 200 14094 "-" "Feedbin - 1 subscribers"
208.115.113.87 - - [01/Sep/2014:08:53:32 +0200] "GET /robots.txt HTTP/1.1" 200 1793 "-" "Mozilla/5.0 (compatible; DotBot/1.1; http://www.opensiteexplorer.org/dotbot, help@moz.com)"
208.115.113.87 - - [01/Sep/2014:08:53:32 +0200] "GET /robots.txt HTTP/1.1" 200 1793 "-" "Mozilla/5.0 (compatible; DotBot/1.1; http://www.opensiteexplorer.org/dotbot, help@moz.com)"
66.249.81.16 - - [01/Sep/2014:08:56:50 +0200] "GET / HTTP/1.1" 200 6356 "-" "Mozilla/5.0 (Windows NT 6.1; rv:6.0) Gecko/20110814 Firefox/6.0 Google favicon"
66.249.81.16 - - [01/Sep/2014:08:56:52 +0200] "GET /sites/default/files/favicon.png HTTP/1.1" 200 3880 "-" "Mozilla/5.0 (Windows NT 6.1; rv:6.0) Gecko/20110814 Firefox/6.0 Google favicon"
37.58.100.171 - - [01/Sep/2014:08:57:37 +0200] "GET /node/66 HTTP/1.1" 200 7074 "-" "Mozilla/5.0 (compatible; AhrefsBot/5.0; +http://ahrefs.com/robot/)"
66.249.64.242 - - [01/Sep/2014:09:00:21 +0200] "GET / HTTP/1.1" 200 6357 "-" "Mozilla/5.0 (compatible; Googlebot/2.1; +http://www.google.com/bot.html)"
183.60.212.134 - - [01/Sep/2014:09:01:57 +0200] "GET /node/144 HTTP/1.1" 200 6559 "-" "Mozilla/5.0 (compatible; EasouSpider; +http://www.easou.com/search/spider.html)"
123.125.71.12 - - [01/Sep/2014:09:02:39 +0200] "GET / HTTP/1.1" 200 16060 "-" "Mozilla/5.0 (compatible; Baiduspider/2.0; +http://www.baidu.com/search/spider.html)"
220.181.108.75 - - [01/Sep/2014:09:03:17 +0200] "GET / HTTP/1.1" 200 16060 "-" "Mozilla/5.0 (compatible; Baiduspider/2.0; +http://www.baidu.com/search/spider.html)"
183.60.213.39 - - [01/Sep/2014:09:05:54 +0200] "GET /node/78 HTTP/1.1" 200 6592 "-" "Mozilla/5.0 (compatible; EasouSpider; +http://www.easou.com/search/spider.html)"
202.46.50.16 - - [01/Sep/2014:09:11:03 +0200] "GET / HTTP/1.1" 200 16060 "-" "Mozilla/4.0 (compatible; MSIE 7.0; Windows NT 6.0)"
119.63.193.132 - - [01/Sep/2014:09:12:29 +0200] "GET / HTTP/1.1" 200 16060 "-" "Mozilla/4.0 (compatible; MSIE 7.0; Windows NT 6.0)"
66.249.89.4 - - [01/Sep/2014:09:13:05 +0200] "GET /rss.xml HTTP/1.1" 200 2983 "-" "Feedfetcher-Google; (+http://www.google.com/feedfetcher.html; 3 subscribers; feed-id=7225077890218036057)"
5.9.39.130 - - [01/Sep/2014:09:14:36 +0200] "GET /robots.txt HTTP/1.1" 200 1850 "-" "Mozilla/5.0 (compatible; SearchmetricsBot; http://www.searchmetrics.com/en/searchmetrics-bot/)"
5.9.39.130 - - [01/Sep/2014:09:14:37 +0200] "GET / HTTP/1.1" 200 27767 "-" "Mozilla/5.0 (compatible; SearchmetricsBot; http://www.searchmetrics.com/en/searchmetrics-bot/)"
5.9.39.130 - - [01/Sep/2014:09:14:39 +0200] "GET /node/37 HTTP/1.1" 200 27781 "-" "Mozilla/5.0 (compatible; SearchmetricsBot; http://www.searchmetrics.com/en/searchmetrics-bot/)"
162.243.32.163 - - [01/Sep/2014:09:14:41 +0200] "GET /rss.xml HTTP/1.1" 200 14094 "-" "Feedbin - 1 subscribers"
5.9.39.130 - - [01/Sep/2014:09:14:41 +0200] "GET /node/37 HTTP/1.1" 200 27781 "-" "Mozilla/5.0 (compatible; SearchmetricsBot; http://www.searchmetrics.com/en/searchmetrics-bot/)"
5.9.39.130 - - [01/Sep/2014:09:14:43 +0200] "GET /node/37 HTTP/1.1" 200 27781 "-" "Mozilla/5.0 (compatible; SearchmetricsBot; http://www.searchmetrics.com/en/searchmetrics-bot/)"
5.9.39.130 - - [01/Sep/2014:09:14:46 +0200] "GET /node/37 HTTP/1.1" 200 27781 "-" "Mozilla/5.0 (compatible; SearchmetricsBot; http://www.searchmetrics.com/en/searchmetrics-bot/)"
5.9.39.130 - - [01/Sep/2014:09:14:48 +0200] "GET /node/37 HTTP/1.1" 200 27781 "-" "Mozilla/5.0 (compatible; SearchmetricsBot; http://www.searchmetrics.com/en/searchmetrics-bot/)"
5.9.39.130 - - [01/Sep/2014:09:14:50 +0200] "GET /node/38?lang=fr HTTP/1.1" 200 30408 "-" "Mozilla/5.0 (compatible; SearchmetricsBot; http://www.searchmetrics.com/en/searchmetrics-bot/)"
5.9.39.130 - - [01/Sep/2014:09:14:52 +0200] "GET /node/node/126 HTTP/1.1" 404 20578 "-" "Mozilla/5.0 (compatible; SearchmetricsBot; http://www.searchmetrics.com/en/searchmetrics-bot/)"
5.9.39.130 - - [01/Sep/2014:09:14:52 +0200] "GET /node/148 HTTP/1.1" 200 28577 "-" "Mozilla/5.0 (compatible; SearchmetricsBot; http://www.searchmetrics.com/en/searchmetrics-bot/)"
5.9.39.130 - - [01/Sep/2014:09:14:55 +0200] "GET /node/71 HTTP/1.1" 200 28954 "-" "Mozilla/5.0 (compatible; SearchmetricsBot; http://www.searchmetrics.com/en/searchmetrics-bot/)"
5.9.39.130 - - [01/Sep/2014:09:14:57 +0200] "GET /node/132 HTTP/1.1" 200 25334 "-" "Mozilla/5.0 (compatible; SearchmetricsBot; http://www.searchmetrics.com/en/searchmetrics-bot/)"
5.9.39.130 - - [01/Sep/2014:09:14:59 +0200] "GET /taxonomy/term/1 HTTP/1.1" 200 22306 "-" "Mozilla/5.0 (compatible; SearchmetricsBot; http://www.searchmetrics.com/en/searchmetrics-bot/)"
5.9.39.130 - - [01/Sep/2014:09:14:59 +0200] "GET /node/82 HTTP/1.1" 200 29053 "-" "Mozilla/5.0 (compatible; SearchmetricsBot; http://www.searchmetrics.com/en/searchmetrics-bot/)"
5.9.39.130 - - [01/Sep/2014:09:15:01 +0200] "GET /node/8 HTTP/1.1" 200 28820 "-" "Mozilla/5.0 (compatible; SearchmetricsBot; http://www.searchmetrics.com/en/searchmetrics-bot/)"
5.9.39.130 - - [01/Sep/2014:09:15:04 +0200] "GET /node/144 HTTP/1.1" 200 28915 "-" "Mozilla/5.0 (compatible; SearchmetricsBot; http://www.searchmetrics.com/en/searchmetrics-bot/)"
5.9.39.130 - - [01/Sep/2014:09:15:06 +0200] "GET /node/90 HTTP/1.1" 200 29608 "-" "Mozilla/5.0 (compatible; SearchmetricsBot; http://www.searchmetrics.com/en/searchmetrics-bot/)"
5.9.39.130 - - [01/Sep/2014:09:15:08 +0200] "GET /node/75 HTTP/1.1" 200 28638 "-" "Mozilla/5.0 (compatible; SearchmetricsBot; http://www.searchmetrics.com/en/searchmetrics-bot/)"
5.9.39.130 - - [01/Sep/2014:09:15:10 +0200] "GET /node/69 HTTP/1.1" 200 29337 "-" "Mozilla/5.0 (compatible; SearchmetricsBot; http://www.searchmetrics.com/en/searchmetrics-bot/)"
5.9.39.130 - - [01/Sep/2014:09:15:12 +0200] "GET /node/12 HTTP/1.1" 200 28286 "-" "Mozilla/5.0 (compatible; SearchmetricsBot; http://www.searchmetrics.com/en/searchmetrics-bot/)"
5.9.39.130 - - [01/Sep/2014:09:15:14 +0200] "GET /node/80 HTTP/1.1" 200 29354 "-" "Mozilla/5.0 (compatible; SearchmetricsBot; http://www.searchmetrics.com/en/searchmetrics-bot/)"
5.9.39.130 - - [01/Sep/2014:09:15:17 +0200] "GET /node/88 HTTP/1.1" 200 29075 "-" "Mozilla/5.0 (compatible; SearchmetricsBot; http://www.searchmetrics.com/en/searchmetrics-bot/)"
5.9.39.130 - - [01/Sep/2014:09:15:19 +0200] "GET /?lang=fr HTTP/1.1" 200 30394 "-" "Mozilla/5.0 (compatible; SearchmetricsBot; http://www.searchmetrics.com/en/searchmetrics-bot/)"
5.9.39.130 - - [01/Sep/2014:09:15:21 +0200] "GET /node/38?lang=fr HTTP/1.1" 200 30408 "-" "Mozilla/5.0 (compatible; SearchmetricsBot; http://www.searchmetrics.com/en/searchmetrics-bot/)"
5.9.39.130 - - [01/Sep/2014:09:15:23 +0200] "GET /node/38?lang=fr HTTP/1.1" 200 30408 "-" "Mozilla/5.0 (compatible; SearchmetricsBot; http://www.searchmetrics.com/en/searchmetrics-bot/)"
5.9.39.130 - - [01/Sep/2014:09:15:25 +0200] "GET /node/38?lang=fr HTTP/1.1" 200 30408 "-" "Mozilla/5.0 (compatible; SearchmetricsBot; http://www.searchmetrics.com/en/searchmetrics-bot/)"
5.9.39.130 - - [01/Sep/2014:09:15:27 +0200] "GET /node/38?lang=fr HTTP/1.1" 200 30408 "-" "Mozilla/5.0 (compatible; SearchmetricsBot; http://www.searchmetrics.com/en/searchmetrics-bot/)"
5.9.39.130 - - [01/Sep/2014:09:15:29 +0200] "GET /node/38?lang=fr HTTP/1.1" 200 30408 "-" "Mozilla/5.0 (compatible; SearchmetricsBot; http://www.searchmetrics.com/en/searchmetrics-bot/)"
5.9.39.130 - - [01/Sep/2014:09:15:31 +0200] "GET /node/10 HTTP/1.1" 200 29106 "-" "Mozilla/5.0 (compatible; SearchmetricsBot; http://www.searchmetrics.com/en/searchmetrics-bot/)"
5.9.39.130 - - [01/Sep/2014:09:15:34 +0200] "GET /node/73 HTTP/1.1" 200 29059 "-" "Mozilla/5.0 (compatible; SearchmetricsBot; http://www.searchmetrics.com/en/searchmetrics-bot/)"
5.9.39.130 - - [01/Sep/2014:09:15:36 +0200] "GET /node/48?lang=fr HTTP/1.1" 200 27255 "-" "Mozilla/5.0 (compatible; SearchmetricsBot; http://www.searchmetrics.com/en/searchmetrics-bot/)"
5.9.39.130 - - [01/Sep/2014:09:15:38 +0200] "GET /node/22 HTTP/1.1" 200 27642 "-" "Mozilla/5.0 (compatible; SearchmetricsBot; http://www.searchmetrics.com/en/searchmetrics-bot/)"
5.9.39.130 - - [01/Sep/2014:09:15:40 +0200] "GET /node/26 HTTP/1.1" 200 29048 "-" "Mozilla/5.0 (compatible; SearchmetricsBot; http://www.searchmetrics.com/en/searchmetrics-bot/)"
5.9.39.130 - - [01/Sep/2014:09:15:42 +0200] "GET /node/66 HTTP/1.1" 200 30323 "-" "Mozilla/5.0 (compatible; SearchmetricsBot; http://www.searchmetrics.com/en/searchmetrics-bot/)"
5.9.39.130 - - [01/Sep/2014:09:15:45 +0200] "GET /node/9 HTTP/1.1" 200 28482 "-" "Mozilla/5.0 (compatible; SearchmetricsBot; http://www.searchmetrics.com/en/searchmetrics-bot/)"
5.9.39.130 - - [01/Sep/2014:09:15:47 +0200] "GET /node/135?lang=fr HTTP/1.1" 200 24389 "-" "Mozilla/5.0 (compatible; SearchmetricsBot; http://www.searchmetrics.com/en/searchmetrics-bot/)"
5.9.39.130 - - [01/Sep/2014:09:15:49 +0200] "GET /node/63 HTTP/1.1" 200 28948 "-" "Mozilla/5.0 (compatible; SearchmetricsBot; http://www.searchmetrics.com/en/searchmetrics-bot/)"
5.9.39.130 - - [01/Sep/2014:09:15:51 +0200] "GET /node/140 HTTP/1.1" 200 28814 "-" "Mozilla/5.0 (compatible; SearchmetricsBot; http://www.searchmetrics.com/en/searchmetrics-bot/)"
5.9.39.130 - - [01/Sep/2014:09:15:53 +0200] "GET /node/83 HTTP/1.1" 200 29267 "-" "Mozilla/5.0 (compatible; SearchmetricsBot; http://www.searchmetrics.com/en/searchmetrics-bot/)"
5.9.39.130 - - [01/Sep/2014:09:15:56 +0200] "GET /node/61 HTTP/1.1" 200 28685 "-" "Mozilla/5.0 (compatible; SearchmetricsBot; http://www.searchmetrics.com/en/searchmetrics-bot/)"
