117.231.43.116 - - [31/Aug/2014:10:54:57 +0200] "GET /sites/default/files/What%20is%20Hadoop.pdf HTTP/1.1" 200 488600 "http://www.google.co.in/url?sa=t&rct=j&q=&esrc=s&source=web&cd=14&cad=rja&uact=8&ved=0CEgQFjADOAo&url=http%3A%2F%2Fwww.hurence.com%2Fsites%2Fdefault%2Ffiles%2FWhat%2520is%2520Hadoop.pdf&ei=JuICVIKxNNOQuAT7pYCoCg&usg=AFQjCNGENTsQcgSJzQyvHK-EaBihv9e_Lw&bvm=bv.74115972,d.c2E" "Mozilla/5.0 (Windows NT 5.1; rv:31.0) Gecko/20100101 Firefox/31.0"
117.231.43.116 - - [31/Aug/2014:10:55:11 +0200] "GET /favicon.ico HTTP/1.1" 404 327 "-" "Mozilla/5.0 (Windows NT 5.1; rv:31.0) Gecko/20100101 Firefox/31.0"
117.231.43.116 - - [31/Aug/2014:10:55:12 +0200] "GET /favicon.ico HTTP/1.1" 404 326 "-" "Mozilla/5.0 (Windows NT 5.1; rv:31.0) Gecko/20100101 Firefox/31.0"
117.231.43.116 - - [31/Aug/2014:10:55:31 +0200] "GET /sites/default/files/What%20is%20Hadoop.pdf HTTP/1.1" 206 36736 "http://www.google.co.in/url?sa=t&rct=j&q=&esrc=s&source=web&cd=14&cad=rja&uact=8&ved=0CEgQFjADOAo&url=http%3A%2F%2Fwww.hurence.com%2Fsites%2Fdefault%2Ffiles%2FWhat%2520is%2520Hadoop.pdf&ei=JuICVIKxNNOQuAT7pYCoCg&usg=AFQjCNGENTsQcgSJzQyvHK-EaBihv9e_Lw&bvm=bv.74115972,d.c2E" "Mozilla/5.0 (Windows NT 5.1; rv:31.0) Gecko/20100101 Firefox/31.0"
117.231.43.116 - - [31/Aug/2014:10:55:38 +0200] "GET /sites/default/files/What%20is%20Hadoop.pdf HTTP/1.1" 206 65895 "http://www.google.co.in/url?sa=t&rct=j&q=&esrc=s&source=web&cd=14&cad=rja&uact=8&ved=0CEgQFjADOAo&url=http%3A%2F%2Fwww.hurence.com%2Fsites%2Fdefault%2Ffiles%2FWhat%2520is%2520Hadoop.pdf&ei=JuICVIKxNNOQuAT7pYCoCg&usg=AFQjCNGENTsQcgSJzQyvHK-EaBihv9e_Lw&bvm=bv.74115972,d.c2E" "Mozilla/5.0 (Windows NT 5.1; rv:31.0) Gecko/20100101 Firefox/31.0"
117.231.43.116 - - [31/Aug/2014:10:55:42 +0200] "GET /sites/default/files/What%20is%20Hadoop.pdf HTTP/1.1" 206 65895 "http://www.google.co.in/url?sa=t&rct=j&q=&esrc=s&source=web&cd=14&cad=rja&uact=8&ved=0CEgQFjADOAo&url=http%3A%2F%2Fwww.hurence.com%2Fsites%2Fdefault%2Ffiles%2FWhat%2520is%2520Hadoop.pdf&ei=JuICVIKxNNOQuAT7pYCoCg&usg=AFQjCNGENTsQcgSJzQyvHK-EaBihv9e_Lw&bvm=bv.74115972,d.c2E" "Mozilla/5.0 (Windows NT 5.1; rv:31.0) Gecko/20100101 Firefox/31.0"
117.231.43.116 - - [31/Aug/2014:10:55:46 +0200] "GET /sites/default/files/What%20is%20Hadoop.pdf HTTP/1.1" 206 65895 "http://www.google.co.in/url?sa=t&rct=j&q=&esrc=s&source=web&cd=14&cad=rja&uact=8&ved=0CEgQFjADOAo&url=http%3A%2F%2Fwww.hurence.com%2Fsites%2Fdefault%2Ffiles%2FWhat%2520is%2520Hadoop.pdf&ei=JuICVIKxNNOQuAT7pYCoCg&usg=AFQjCNGENTsQcgSJzQyvHK-EaBihv9e_Lw&bvm=bv.74115972,d.c2E" "Mozilla/5.0 (Windows NT 5.1; rv:31.0) Gecko/20100101 Firefox/31.0"
117.231.43.116 - - [31/Aug/2014:10:55:54 +0200] "GET /sites/default/files/What%20is%20Hadoop.pdf HTTP/1.1" 206 65895 "http://www.google.co.in/url?sa=t&rct=j&q=&esrc=s&source=web&cd=14&cad=rja&uact=8&ved=0CEgQFjADOAo&url=http%3A%2F%2Fwww.hurence.com%2Fsites%2Fdefault%2Ffiles%2FWhat%2520is%2520Hadoop.pdf&ei=JuICVIKxNNOQuAT7pYCoCg&usg=AFQjCNGENTsQcgSJzQyvHK-EaBihv9e_Lw&bvm=bv.74115972,d.c2E" "Mozilla/5.0 (Windows NT 5.1; rv:31.0) Gecko/20100101 Firefox/31.0"
117.231.43.116 - - [31/Aug/2014:10:56:07 +0200] "GET /sites/default/files/What%20is%20Hadoop.pdf HTTP/1.1" 206 65895 "http://www.google.co.in/url?sa=t&rct=j&q=&esrc=s&source=web&cd=14&cad=rja&uact=8&ved=0CEgQFjADOAo&url=http%3A%2F%2Fwww.hurence.com%2Fsites%2Fdefault%2Ffiles%2FWhat%2520is%2520Hadoop.pdf&ei=JuICVIKxNNOQuAT7pYCoCg&usg=AFQjCNGENTsQcgSJzQyvHK-EaBihv9e_Lw&bvm=bv.74115972,d.c2E" "Mozilla/5.0 (Windows NT 5.1; rv:31.0) Gecko/20100101 Firefox/31.0"
123.125.71.87 - - [31/Aug/2014:11:00:31 +0200] "GET /node/128 HTTP/1.1" 200 6836 "-" "Mozilla/5.0 (compatible; Baiduspider/2.0; +http://www.baidu.com/search/spider.html)"
1.171.70.42 - - [31/Aug/2014:11:00:50 +0200] "CONNECT mx0.mail2000.com.tw:25 HTTP/1.0" 404 20095 "-" "-"
183.60.215.40 - - [31/Aug/2014:11:00:59 +0200] "GET /node/72 HTTP/1.1" 200 6678 "-" "Mozilla/5.0 (compatible; EasouSpider; +http://www.easou.com/search/spider.html)"
220.181.108.76 - - [31/Aug/2014:11:04:03 +0200] "GET /node/38?lang=fr HTTP/1.1" 200 6670 "-" "Mozilla/5.0 (compatible; Baiduspider/2.0; +http://www.baidu.com/search/spider.html)"
183.60.213.39 - - [31/Aug/2014:11:04:14 +0200] "GET /node/18 HTTP/1.1" 200 6129 "-" "Mozilla/5.0 (compatible; EasouSpider; +http://www.easou.com/search/spider.html)"
66.249.78.115 - - [31/Aug/2014:11:07:00 +0200] "GET /node/69?lang=en HTTP/1.1" 200 6743 "-" "Mozilla/5.0 (compatible; Googlebot/2.1; +http://www.google.com/bot.html)"
202.46.62.32 - - [31/Aug/2014:11:09:18 +0200] "GET / HTTP/1.1" 200 16060 "-" "Mozilla/4.0 (compatible; MSIE 7.0; Windows NT 6.0)"
66.249.78.139 - - [31/Aug/2014:11:09:31 +0200] "GET /node/83?lang=en HTTP/1.1" 200 6724 "-" "Mozilla/5.0 (compatible; Googlebot/2.1; +http://www.google.com/bot.html)"
119.63.193.130 - - [31/Aug/2014:11:10:39 +0200] "GET / HTTP/1.1" 200 16060 "-" "Mozilla/4.0 (compatible; MSIE 7.0; Windows NT 6.0)"
66.249.92.123 - - [31/Aug/2014:11:12:46 +0200] "GET /rss.xml HTTP/1.1" 200 2983 "-" "Feedfetcher-Google; (+http://www.google.com/feedfetcher.html; 3 subscribers; feed-id=7225077890218036057)"
107.170.66.74 - - [31/Aug/2014:11:13:06 +0200] "GET /rss.xml HTTP/1.1" 200 14094 "-" "Feedbin - 1 subscribers"
66.249.78.153 - - [31/Aug/2014:11:13:06 +0200] "GET /rss.xml HTTP/1.1" 200 2983 "-" "Mozilla/5.0 (compatible; Googlebot/2.1; +http://www.google.com/bot.html)"
120.40.150.117 - - [31/Aug/2014:11:25:56 +0200] "GET /node/3?lang=fr HTTP/1.1" 200 6841 "-" "Mozilla/4.0 (compatible; MSIE 6.0; Windows NT 5.1; SV1;)"
120.40.150.117 - - [31/Aug/2014:11:25:59 +0200] "GET /node/ HTTP/1.1" 200 6162 "-" "Mozilla/5.0 (Windows NT 6.1; rv:26.0) Gecko/20100101 Firefox/26.0"
120.40.150.117 - - [31/Aug/2014:11:26:01 +0200] "GET /node/ HTTP/1.1" 200 6160 "http://hurence.com/node/" "Mozilla/5.0 (Windows NT 5.1; rv:26.0) Gecko/20100101 Firefox/26.0"
120.40.150.117 - - [31/Aug/2014:11:26:03 +0200] "GET /node/signup/ HTTP/1.1" 404 4694 "http://hurence.com/node/signup/" "Mozilla/5.0 (Windows NT 5.1; rv:26.0) Gecko/20100101 Firefox/26.0"
120.40.150.117 - - [31/Aug/2014:11:26:06 +0200] "GET /node/signup.php HTTP/1.1" 404 4707 "signup.php" "Mozilla/5.0 (Windows NT 5.1; rv:26.0) Gecko/20100101 Firefox/26.0"
120.40.150.117 - - [31/Aug/2014:11:26:07 +0200] "GET /node/ HTTP/1.1" 200 6154 "signup.php" "Mozilla/5.0 (Windows NT 5.1; rv:26.0) Gecko/20100101 Firefox/26.0"
120.40.150.117 - - [31/Aug/2014:11:26:11 +0200] "GET /node/ HTTP/1.1" 200 6160 "-" "Mozilla/5.0 (Windows NT 6.1; rv:26.0) Gecko/20100101 Firefox/26.0"
120.40.150.117 - - [31/Aug/2014:11:26:21 +0200] "GET /node/register.php HTTP/1.1" 404 4702 "http://hurence.com/node/" "Mozilla/5.0 (Windows NT 6.1; rv:26.0) Gecko/20100101 Firefox/26.0"
120.40.150.117 - - [31/Aug/2014:11:26:22 +0200] "GET /node/ HTTP/1.1" 200 6163 "http://hurence.com/node/" "Mozilla/5.0 (Windows NT 6.1; rv:26.0) Gecko/20100101 Firefox/26.0"
120.40.150.117 - - [31/Aug/2014:11:26:27 +0200] "GET /node/register.php HTTP/1.1" 404 4705 "http://hurence.com/node/" "Mozilla/5.0 (Windows NT 6.1; rv:26.0) Gecko/20100101 Firefox/26.0"
120.40.150.117 - - [31/Aug/2014:11:26:29 +0200] "GET /node/ HTTP/1.1" 200 6161 "http://hurence.com/node/" "Mozilla/5.0 (Windows NT 5.1; rv:25.0) Gecko/20100101 Firefox/25.0"
120.40.150.117 - - [31/Aug/2014:11:27:16 +0200] "GET /node/index.php?option=com_community&view=register HTTP/1.1" 404 4730 "http://hurence.com/node/index.php?option=com_community&view=register" "Mozilla/5.0 (Windows NT 5.1; rv:25.0) Gecko/20100101 Firefox/25.0"
120.40.150.117 - - [31/Aug/2014:11:27:18 +0200] "GET /node/ HTTP/1.1" 200 6158 "http://hurence.com/node/index.php?option=com_community&view=register" "Mozilla/5.0 (Windows NT 5.1; rv:25.0) Gecko/20100101 Firefox/25.0"
120.40.150.117 - - [31/Aug/2014:11:27:24 +0200] "GET /node/ HTTP/1.1" 200 6161 "-" "Mozilla/5.0 (Windows NT 5.1; rv:25.0) Gecko/20100101 Firefox/25.0"
120.40.150.117 - - [31/Aug/2014:11:27:28 +0200] "GET /node/ HTTP/1.1" 200 6161 "-" "Mozilla/5.0 (Windows NT 6.1; rv:26.0) Gecko/20100101 Firefox/26.0"
120.40.150.117 - - [31/Aug/2014:11:27:37 +0200] "GET /node/ HTTP/1.1" 200 6163 "http://hurence.com/node/" "Mozilla/5.0 (Windows NT 6.1; rv:26.0) Gecko/20100101 Firefox/26.0"
183.60.212.134 - - [31/Aug/2014:11:27:54 +0200] "GET /node/71 HTTP/1.1" 200 6526 "-" "Mozilla/5.0 (compatible; EasouSpider; +http://www.easou.com/search/spider.html)"
120.40.150.117 - - [31/Aug/2014:11:28:04 +0200] "GET /node/ HTTP/1.1" 200 6162 "-" "Mozilla/5.0 (Windows NT 6.1; rv:26.0) Gecko/20100101 Firefox/26.0"
120.40.150.117 - - [31/Aug/2014:11:28:05 +0200] "GET /node/join.php HTTP/1.1" 404 4703 "http://hurence.com/node/join.php" "Mozilla/5.0 (Windows NT 5.1; rv:16.0) Gecko/20100101 Firefox/16.0"
120.40.150.117 - - [31/Aug/2014:11:28:10 +0200] "GET /node/ HTTP/1.1" 200 6159 "-" "Mozilla/5.0 (Windows NT 6.1; rv:26.0) Gecko/20100101 Firefox/26.0"
120.40.150.117 - - [31/Aug/2014:11:28:32 +0200] "GET /node/ HTTP/1.1" 200 6159 "-" "Mozilla/5.0 (Windows NT 6.1; rv:26.0) Gecko/20100101 Firefox/26.0"
120.40.150.117 - - [31/Aug/2014:11:29:01 +0200] "GET /node/signup HTTP/1.1" 404 4699 "http://hurence.com/node/" "Mozilla/5.0 (Windows NT 6.1; rv:26.0) Gecko/20100101 Firefox/26.0"
120.40.150.117 - - [31/Aug/2014:11:29:02 +0200] "GET /node/ HTTP/1.1" 200 6163 "-" "Mozilla/5.0 (Windows NT 6.1; rv:26.0) Gecko/20100101 Firefox/26.0"
120.40.150.117 - - [31/Aug/2014:11:29:04 +0200] "GET /node/ HTTP/1.1" 200 6157 "-" "Mozilla/5.0 (Windows NT 6.1; rv:26.0) Gecko/20100101 Firefox/26.0"
120.40.150.117 - - [31/Aug/2014:11:29:06 +0200] "GET /node/index.php?app=home&mod=public&act=register HTTP/1.1" 404 4729 "http://hurence.com/node/" "Mozilla/5.0 (Windows NT 6.1; rv:26.0) Gecko/20100101 Firefox/26.0"
120.40.150.117 - - [31/Aug/2014:11:29:07 +0200] "GET /index.php?app=home&mod=public&act=register HTTP/1.1" 200 6399 "http://hurence.com/node/" "Mozilla/5.0 (Windows NT 6.1; rv:26.0) Gecko/20100101 Firefox/26.0"
120.40.150.117 - - [31/Aug/2014:11:29:11 +0200] "GET /node/modules.php?app=user_reg HTTP/1.1" 404 4710 "http://hurence.com/node/" "Mozilla/5.0 (Windows NT 6.1; rv:26.0) Gecko/20100101 Firefox/26.0"
120.40.150.117 - - [31/Aug/2014:11:29:13 +0200] "GET /signup/ HTTP/1.1" 404 4688 "http://hurence.com/" "Mozilla/5.0 (Windows NT 6.1; rv:26.0) Gecko/20100101 Firefox/26.0"
120.40.150.117 - - [31/Aug/2014:11:29:14 +0200] "GET /tools/quicklogin.one HTTP/1.1" 404 4707 "http://hurence.com/" "Mozilla/5.0 (Windows NT 6.1; rv:26.0) Gecko/20100101 Firefox/26.0"
120.40.150.117 - - [31/Aug/2014:11:29:16 +0200] "GET /node/register.php HTTP/1.1" 404 4703 "-" "Mozilla/5.0 (Windows NT 6.1; rv:26.0) Gecko/20100101 Firefox/26.0"
120.40.150.117 - - [31/Aug/2014:11:29:17 +0200] "GET /node/signup.php HTTP/1.1" 404 4702 "http://hurence.com/node/" "Mozilla/5.0 (Windows NT 6.1; rv:26.0) Gecko/20100101 Firefox/26.0"
120.40.150.117 - - [31/Aug/2014:11:29:18 +0200] "GET /node/ HTTP/1.1" 200 6159 "-" "Mozilla/5.0 (Windows NT 6.1; rv:26.0) Gecko/20100101 Firefox/26.0"
120.40.150.117 - - [31/Aug/2014:11:29:19 +0200] "GET /node/ HTTP/1.1" 200 6157 "-" "Mozilla/5.0 (Windows NT 6.1; rv:26.0) Gecko/20100101 Firefox/26.0"
120.40.150.117 - - [31/Aug/2014:11:29:20 +0200] "GET /node/post.php HTTP/1.1" 404 4700 "-" "Mozilla/5.0 (Windows NT 6.1; rv:26.0) Gecko/20100101 Firefox/26.0"
120.40.150.117 - - [31/Aug/2014:11:29:21 +0200] "GET /node/join.php HTTP/1.1" 404 4705 "http://hurence.com/node/" "Mozilla/5.0 (Windows NT 6.1; rv:26.0) Gecko/20100101 Firefox/26.0"
120.40.150.117 - - [31/Aug/2014:11:29:25 +0200] "GET /node/join_form.php HTTP/1.1" 404 4708 "http://hurence.com/node/" "Mozilla/5.0 (Windows NT 6.1; rv:26.0) Gecko/20100101 Firefox/26.0"
120.40.150.117 - - [31/Aug/2014:11:29:27 +0200] "GET /node/ HTTP/1.1" 200 6162 "http://hurence.com/node/" "Mozilla/5.0 (Windows NT 6.1; rv:26.0) Gecko/20100101 Firefox/26.0"
120.40.150.117 - - [31/Aug/2014:11:29:30 +0200] "GET /node/action-blog HTTP/1.1" 404 4699 "http://hurence.com/node/" "Mozilla/5.0 (Windows NT 6.1; rv:26.0) Gecko/20100101 Firefox/26.0"
120.40.150.117 - - [31/Aug/2014:11:29:31 +0200] "GET /node/?action-blog HTTP/1.1" 200 6185 "http://hurence.com/node/" "Mozilla/5.0 (Windows NT 6.1; rv:26.0) Gecko/20100101 Firefox/26.0"
120.40.150.117 - - [31/Aug/2014:11:29:34 +0200] "GET /node/ HTTP/1.1" 200 6162 "-" "Mozilla/5.0 (Windows NT 6.1; rv:26.0) Gecko/20100101 Firefox/26.0"
120.40.150.117 - - [31/Aug/2014:11:29:36 +0200] "GET /node/signup HTTP/1.1" 404 4691 "http://hurence.com/node/" "Mozilla/5.0 (Windows NT 6.1; rv:26.0) Gecko/20100101 Firefox/26.0"
120.40.150.117 - - [31/Aug/2014:11:29:37 +0200] "GET /node/index.php?p=member/signup HTTP/1.1" 404 4717 "http://hurence.com/node/" "Mozilla/5.0 (Windows NT 6.1; rv:26.0) Gecko/20100101 Firefox/26.0"
120.40.150.117 - - [31/Aug/2014:11:29:38 +0200] "GET /node/login.php?part=register HTTP/1.1" 404 4713 "http://hurence.com/node/" "Mozilla/5.0 (Windows NT 6.1; rv:26.0) Gecko/20100101 Firefox/26.0"
120.40.150.117 - - [31/Aug/2014:11:29:39 +0200] "GET /node/join.php HTTP/1.1" 404 4701 "http://hurence.com/node/" "Mozilla/5.0 (Windows NT 6.1; rv:26.0) Gecko/20100101 Firefox/26.0"
120.40.150.117 - - [31/Aug/2014:11:29:40 +0200] "GET /node/blogs/load/recent HTTP/1.1" 404 4716 "http://hurence.com/node/" "Mozilla/5.0 (Windows NT 6.1; rv:26.0) Gecko/20100101 Firefox/26.0"
120.40.150.117 - - [31/Aug/2014:11:29:41 +0200] "GET /node/ HTTP/1.1" 200 6161 "-" "Mozilla/5.0 (Windows NT 6.1; rv:26.0) Gecko/20100101 Firefox/26.0"
120.40.150.117 - - [31/Aug/2014:11:29:44 +0200] "GET /node/User/Register.aspx HTTP/1.1" 404 4720 "http://hurence.com/node/" "Mozilla/5.0 (Windows NT 6.1; rv:26.0) Gecko/20100101 Firefox/26.0"
120.40.150.117 - - [31/Aug/2014:11:29:45 +0200] "GET /node/member/join.php HTTP/1.1" 404 4712 "http://hurence.com/node/" "Mozilla/5.0 (Windows NT 6.1; rv:26.0) Gecko/20100101 Firefox/26.0"
120.40.150.117 - - [31/Aug/2014:11:29:46 +0200] "GET /node/index.php?page=blogs HTTP/1.1" 404 4710 "-" "Mozilla/5.0 (Windows NT 6.1; rv:26.0) Gecko/20100101 Firefox/26.0"
37.58.100.171 - - [31/Aug/2014:11:29:55 +0200] "GET /rss.xml?lang=fr HTTP/1.1" 200 2940 "-" "Mozilla/5.0 (compatible; AhrefsBot/5.0; +http://ahrefs.com/robot/)"
183.60.212.134 - - [31/Aug/2014:11:33:52 +0200] "GET /node/40?lang=en HTTP/1.1" 200 6711 "-" "Mozilla/5.0 (compatible; EasouSpider; +http://www.easou.com/search/spider.html)"
162.243.202.33 - - [31/Aug/2014:11:35:52 +0200] "GET /rss.xml HTTP/1.1" 200 14094 "-" "Feedbin - 1 subscribers"
66.249.92.176 - - [31/Aug/2014:11:37:02 +0200] "GET /rss.xml HTTP/1.1" 200 2985 "-" "Feedfetcher-Google; (+http://www.google.com/feedfetcher.html; 1 subscribers; feed-id=10851494855830720867)"
157.55.39.193 - - [31/Aug/2014:11:49:41 +0200] "GET /robots.txt HTTP/1.1" 200 1850 "-" "Mozilla/5.0 (compatible; bingbot/2.0; +http://www.bing.com/bingbot.htm)"
157.55.39.193 - - [31/Aug/2014:11:49:47 +0200] "GET / HTTP/1.1" 200 6358 "-" "Mozilla/5.0 (compatible; bingbot/2.0; +http://www.bing.com/bingbot.htm)"
123.125.71.19 - - [31/Aug/2014:11:52:54 +0200] "GET / HTTP/1.1" 200 16060 "-" "Mozilla/5.0 (compatible; Baiduspider/2.0; +http://www.baidu.com/search/spider.html)"
220.181.108.100 - - [31/Aug/2014:11:53:19 +0200] "GET / HTTP/1.1" 200 16060 "-" "Mozilla/5.0 (compatible; Baiduspider/2.0; +http://www.baidu.com/search/spider.html)"
208.115.111.71 - - [31/Aug/2014:11:55:54 +0200] "GET /node/47?lang=fr HTTP/1.1" 200 25700 "-" "Mozilla/5.0 (compatible; DotBot/1.1; http://www.opensiteexplorer.org/dotbot, help@moz.com)"
208.115.111.71 - - [31/Aug/2014:11:56:10 +0200] "GET /node/70 HTTP/1.1" 200 28753 "-" "Mozilla/5.0 (compatible; DotBot/1.1; http://www.opensiteexplorer.org/dotbot, help@moz.com)"
208.115.111.71 - - [31/Aug/2014:11:56:25 +0200] "GET /node/13?lang=en HTTP/1.1" 200 29409 "-" "Mozilla/5.0 (compatible; DotBot/1.1; http://www.opensiteexplorer.org/dotbot, help@moz.com)"
208.115.111.71 - - [31/Aug/2014:11:56:38 +0200] "GET /node/15?lang=fr HTTP/1.1" 200 27211 "-" "Mozilla/5.0 (compatible; DotBot/1.1; http://www.opensiteexplorer.org/dotbot, help@moz.com)"
208.115.111.71 - - [31/Aug/2014:11:56:51 +0200] "GET /node/100?lang=fr HTTP/1.1" 200 31888 "-" "Mozilla/5.0 (compatible; DotBot/1.1; http://www.opensiteexplorer.org/dotbot, help@moz.com)"
208.115.111.71 - - [31/Aug/2014:11:57:05 +0200] "GET /node/140?lang=en HTTP/1.1" 200 29690 "-" "Mozilla/5.0 (compatible; DotBot/1.1; http://www.opensiteexplorer.org/dotbot, help@moz.com)"
162.243.124.153 - - [31/Aug/2014:11:59:07 +0200] "GET /rss.xml HTTP/1.1" 200 14094 "-" "Feedbin - 1 subscribers"
183.60.212.134 - - [31/Aug/2014:12:02:24 +0200] "GET /node/140?lang=en HTTP/1.1" 200 6646 "-" "Mozilla/5.0 (compatible; EasouSpider; +http://www.easou.com/search/spider.html)"
140.168.135.1 - - [31/Aug/2014:12:05:17 +0200] "GET /sites/all/themes/hurence/images/bg_header.gif HTTP/1.1" 304 190 "-" "Mozilla/4.0 (compatible;)"
5.135.113.142 - - [31/Aug/2014:12:08:31 +0200] "GET /node/3?lang=fr HTTP/1.1" 200 6839 "http://hurence.com/" "Mozilla/5.0 (Macintosh; Intel Mac OS X 10_8_4) AppleWebKit/537.36 (KHTML, like Gecko) Chrome/28.0.1500.71 Safari/537.36"
5.135.113.142 - - [31/Aug/2014:12:08:34 +0200] "GET /?q=node/add HTTP/1.1" 403 4820 "http://hurence.com/" "Mozilla/5.0 (Macintosh; Intel Mac OS X 10_8_4) AppleWebKit/537.36 (KHTML, like Gecko) Chrome/28.0.1500.71 Safari/537.36"
5.135.113.142 - - [31/Aug/2014:12:08:34 +0200] "GET /?q=user/register HTTP/1.1" 200 5330 "http://hurence.com/?q=node/add" "Mozilla/5.0 (Macintosh; Intel Mac OS X 10_8_4) AppleWebKit/537.36 (KHTML, like Gecko) Chrome/28.0.1500.71 Safari/537.36"
5.135.113.142 - - [31/Aug/2014:12:08:35 +0200] "POST /?q=user/register HTTP/1.1" 302 673 "http://hurence.com/?q=user/register" "Mozilla/5.0 (Macintosh; Intel Mac OS X 10_8_4) AppleWebKit/537.36 (KHTML, like Gecko) Chrome/28.0.1500.71 Safari/537.36"
5.135.113.142 - - [31/Aug/2014:12:08:35 +0200] "GET / HTTP/1.1" 200 6707 "http://hurence.com/?q=user/register" "Mozilla/5.0 (Macintosh; Intel Mac OS X 10_8_4) AppleWebKit/537.36 (KHTML, like Gecko) Chrome/28.0.1500.71 Safari/537.36"
5.135.113.142 - - [31/Aug/2014:12:08:38 +0200] "GET /?q=user HTTP/1.1" 200 5089 "http://hurence.com/" "Mozilla/5.0 (Macintosh; Intel Mac OS X 10_8_4) AppleWebKit/537.36 (KHTML, like Gecko) Chrome/28.0.1500.71 Safari/537.36"
5.135.113.142 - - [31/Aug/2014:12:08:39 +0200] "POST /?q=user HTTP/1.1" 200 5174 "http://hurence.com/?q=user" "Mozilla/5.0 (Macintosh; Intel Mac OS X 10_8_4) AppleWebKit/537.36 (KHTML, like Gecko) Chrome/28.0.1500.71 Safari/537.36"
66.249.78.153 - - [31/Aug/2014:12:10:15 +0200] "GET /node/78?lang=en HTTP/1.1" 200 6668 "-" "Mozilla/5.0 (compatible; Googlebot/2.1; +http://www.google.com/bot.html)"
66.249.78.146 - - [31/Aug/2014:12:13:59 +0200] "GET /rss.xml HTTP/1.1" 200 2983 "-" "Mozilla/5.0 (compatible; Googlebot/2.1; +http://www.google.com/bot.html)"
66.249.92.123 - - [31/Aug/2014:12:17:16 +0200] "GET /rss.xml HTTP/1.1" 200 2983 "-" "Feedfetcher-Google; (+http://www.google.com/feedfetcher.html; 3 subscribers; feed-id=7225077890218036057)"
162.243.99.58 - - [31/Aug/2014:12:21:58 +0200] "GET /rss.xml HTTP/1.1" 200 14094 "-" "Feedbin - 1 subscribers"
81.24.247.34 - - [31/Aug/2014:12:22:50 +0200] "GET /node/3?lang=en HTTP/1.0" 200 6683 "http://www.hurence.com/" "Mozilla/5.0 (Macintosh; Intel Mac OS X 10_8_4) AppleWebKit/537.36 (KHTML, like Gecko) Chrome/28.0.1500.71 Safari/537.36"
66.249.78.153 - - [31/Aug/2014:12:29:51 +0200] "GET /node/136?lang=en HTTP/1.1" 200 9474 "-" "Mozilla/5.0 (compatible; Googlebot/2.1; +http://www.google.com/bot.html)"
193.234.224.194 - - [31/Aug/2014:12:36:02 +0200] "GET http://193.234.224.194:64011/echo HTTP/1.0" 404 18824 "-" "-"
183.60.215.40 - - [31/Aug/2014:12:36:51 +0200] "GET /node/131?lang=fr HTTP/1.1" 200 7155 "-" "Mozilla/5.0 (compatible; EasouSpider; +http://www.easou.com/search/spider.html)"
81.52.143.16 - - [31/Aug/2014:12:37:59 +0200] "GET /node/130 HTTP/1.1" 200 5454 "-" "Mozilla/5.0 (Windows NT 5.1; U; Win64; fr; rv:1.8.1) VoilaBot BETA 1.2 (support.voilabot@orange-ftgroup.com)"
183.60.215.40 - - [31/Aug/2014:12:38:47 +0200] "GET /node/98?lang=fr HTTP/1.1" 200 6715 "-" "Mozilla/5.0 (compatible; EasouSpider; +http://www.easou.com/search/spider.html)"
208.115.113.87 - - [31/Aug/2014:12:44:59 +0200] "GET /robots.txt HTTP/1.1" 200 1793 "-" "Mozilla/5.0 (compatible; DotBot/1.1; http://www.opensiteexplorer.org/dotbot, help@moz.com)"
107.170.95.99 - - [31/Aug/2014:12:45:23 +0200] "GET /rss.xml HTTP/1.1" 200 14094 "-" "Feedbin - 1 subscribers"
123.125.71.21 - - [31/Aug/2014:12:53:04 +0200] "GET / HTTP/1.1" 200 16060 "-" "Mozilla/5.0 (compatible; Baiduspider/2.0; +http://www.baidu.com/search/spider.html)"
220.181.108.77 - - [31/Aug/2014:12:54:06 +0200] "GET / HTTP/1.1" 200 16060 "-" "Mozilla/5.0 (compatible; Baiduspider/2.0; +http://www.baidu.com/search/spider.html)"
91.236.74.97 - - [31/Aug/2014:12:54:58 +0200] "GET /node/3?lang=en HTTP/1.1" 200 6724 "http://www.hurence.com/" "Mozilla/5.0 (Macintosh; Intel Mac OS X 10_8_4) AppleWebKit/537.36 (KHTML, like Gecko) Chrome/28.0.1500.71 Safari/537.36"
23.94.72.207 - - [31/Aug/2014:12:55:01 +0200] "GET /?q=node/add HTTP/1.1" 403 4821 "http://www.hurence.com/" "Mozilla/5.0 (Macintosh; Intel Mac OS X 10_8_4) AppleWebKit/537.36 (KHTML, like Gecko) Chrome/28.0.1500.71 Safari/537.36"
23.94.72.207 - - [31/Aug/2014:12:55:02 +0200] "GET /?q=user/register HTTP/1.1" 200 5330 "http://www.hurence.com/?q=node/add" "Mozilla/5.0 (Macintosh; Intel Mac OS X 10_8_4) AppleWebKit/537.36 (KHTML, like Gecko) Chrome/28.0.1500.71 Safari/537.36"
23.94.72.207 - - [31/Aug/2014:12:55:02 +0200] "POST /?q=user/register HTTP/1.1" 200 5440 "http://www.hurence.com/?q=user/register" "Mozilla/5.0 (Macintosh; Intel Mac OS X 10_8_4) AppleWebKit/537.36 (KHTML, like Gecko) Chrome/28.0.1500.71 Safari/537.36"
50.117.15.60 - - [31/Aug/2014:12:55:04 +0200] "GET /?q=user/register HTTP/1.1" 200 5329 "http://www.hurence.com/?q=user/register" "Mozilla/5.0 (Macintosh; Intel Mac OS X 10_8_4) AppleWebKit/537.36 (KHTML, like Gecko) Chrome/28.0.1500.71 Safari/537.36"
50.117.15.60 - - [31/Aug/2014:12:55:05 +0200] "GET /?q=node/add HTTP/1.1" 403 4821 "http://www.hurence.com/" "Mozilla/5.0 (Macintosh; Intel Mac OS X 10_8_4) AppleWebKit/537.36 (KHTML, like Gecko) Chrome/28.0.1500.71 Safari/537.36"
50.117.15.60 - - [31/Aug/2014:12:55:05 +0200] "GET /?q=user/register HTTP/1.1" 200 5330 "http://www.hurence.com/?q=node/add" "Mozilla/5.0 (Macintosh; Intel Mac OS X 10_8_4) AppleWebKit/537.36 (KHTML, like Gecko) Chrome/28.0.1500.71 Safari/537.36"
50.117.15.60 - - [31/Aug/2014:12:55:06 +0200] "POST /?q=user/register HTTP/1.1" 200 5439 "http://www.hurence.com/?q=user/register" "Mozilla/5.0 (Macintosh; Intel Mac OS X 10_8_4) AppleWebKit/537.36 (KHTML, like Gecko) Chrome/28.0.1500.71 Safari/537.36"
167.160.96.61 - - [31/Aug/2014:12:55:07 +0200] "GET /?q=user/register HTTP/1.1" 200 5335 "http://www.hurence.com/?q=user/register" "Mozilla/5.0 (Macintosh; Intel Mac OS X 10_8_4) AppleWebKit/537.36 (KHTML, like Gecko) Chrome/28.0.1500.71 Safari/537.36"
167.160.96.61 - - [31/Aug/2014:12:55:08 +0200] "GET /?q=node/add HTTP/1.1" 403 4817 "http://www.hurence.com/" "Mozilla/5.0 (Macintosh; Intel Mac OS X 10_8_4) AppleWebKit/537.36 (KHTML, like Gecko) Chrome/28.0.1500.71 Safari/537.36"
167.160.96.61 - - [31/Aug/2014:12:55:08 +0200] "GET /?q=user/register HTTP/1.1" 200 5326 "http://www.hurence.com/?q=node/add" "Mozilla/5.0 (Macintosh; Intel Mac OS X 10_8_4) AppleWebKit/537.36 (KHTML, like Gecko) Chrome/28.0.1500.71 Safari/537.36"
167.160.96.61 - - [31/Aug/2014:12:55:09 +0200] "POST /?q=user/register HTTP/1.1" 200 5435 "http://www.hurence.com/?q=user/register" "Mozilla/5.0 (Macintosh; Intel Mac OS X 10_8_4) AppleWebKit/537.36 (KHTML, like Gecko) Chrome/28.0.1500.71 Safari/537.36"
172.245.2.4 - - [31/Aug/2014:12:55:10 +0200] "GET /?q=user/register HTTP/1.1" 200 5330 "http://www.hurence.com/?q=user/register" "Mozilla/5.0 (Macintosh; Intel Mac OS X 10_8_4) AppleWebKit/537.36 (KHTML, like Gecko) Chrome/28.0.1500.71 Safari/537.36"
172.245.2.4 - - [31/Aug/2014:12:55:11 +0200] "GET /?q=node/add HTTP/1.1" 403 4818 "http://www.hurence.com/" "Mozilla/5.0 (Macintosh; Intel Mac OS X 10_8_4) AppleWebKit/537.36 (KHTML, like Gecko) Chrome/28.0.1500.71 Safari/537.36"
172.245.2.4 - - [31/Aug/2014:12:55:11 +0200] "GET /?q=user/register HTTP/1.1" 200 5333 "http://www.hurence.com/?q=node/add" "Mozilla/5.0 (Macintosh; Intel Mac OS X 10_8_4) AppleWebKit/537.36 (KHTML, like Gecko) Chrome/28.0.1500.71 Safari/537.36"
172.245.2.4 - - [31/Aug/2014:12:55:12 +0200] "POST /?q=user/register HTTP/1.1" 200 5434 "http://www.hurence.com/?q=user/register" "Mozilla/5.0 (Macintosh; Intel Mac OS X 10_8_4) AppleWebKit/537.36 (KHTML, like Gecko) Chrome/28.0.1500.71 Safari/537.36"
183.60.215.40 - - [31/Aug/2014:13:01:25 +0200] "GET /node/75?lang=en HTTP/1.1" 200 6543 "-" "Mozilla/5.0 (compatible; EasouSpider; +http://www.easou.com/search/spider.html)"
180.76.6.61 - - [31/Aug/2014:13:05:31 +0200] "GET /?lang=fr HTTP/1.1" 200 6665 "-" "Mozilla/5.0 (compatible; Baiduspider/2.0; +http://www.baidu.com/search/spider.html)"
202.46.52.24 - - [31/Aug/2014:13:05:44 +0200] "GET / HTTP/1.1" 200 16060 "-" "Mozilla/4.0 (compatible; MSIE 7.0; Windows NT 6.0)"
155.94.128.83 - - [31/Aug/2014:13:06:34 +0200] "GET / HTTP/1.1" 200 6360 "http://www.hurence.com/" "Mozilla/5.0 (Macintosh; Intel Mac OS X 10_8_4) AppleWebKit/537.36 (KHTML, like Gecko) Chrome/28.0.1500.71 Safari/537.36"
155.94.128.83 - - [31/Aug/2014:13:06:37 +0200] "GET /?q=user HTTP/1.1" 200 5097 "http://www.hurence.com/" "Mozilla/5.0 (Macintosh; Intel Mac OS X 10_8_4) AppleWebKit/537.36 (KHTML, like Gecko) Chrome/28.0.1500.71 Safari/537.36"
155.94.128.83 - - [31/Aug/2014:13:06:38 +0200] "POST /?q=user HTTP/1.1" 200 5171 "http://www.hurence.com/?q=user" "Mozilla/5.0 (Macintosh; Intel Mac OS X 10_8_4) AppleWebKit/537.36 (KHTML, like Gecko) Chrome/28.0.1500.71 Safari/537.36"
119.63.193.195 - - [31/Aug/2014:13:06:56 +0200] "GET / HTTP/1.1" 200 16060 "-" "Mozilla/4.0 (compatible; MSIE 7.0; Windows NT 6.0)"
107.170.54.23 - - [31/Aug/2014:13:08:17 +0200] "GET /rss.xml HTTP/1.1" 200 14094 "-" "Feedbin - 1 subscribers"
183.60.213.39 - - [31/Aug/2014:13:08:20 +0200] "GET /node/46?lang=fr HTTP/1.1" 200 6826 "-" "Mozilla/5.0 (compatible; EasouSpider; +http://www.easou.com/search/spider.html)"
66.249.78.153 - - [31/Aug/2014:13:16:39 +0200] "GET /rss.xml HTTP/1.1" 200 2983 "-" "Mozilla/5.0 (compatible; Googlebot/2.1; +http://www.google.com/bot.html)"
118.100.191.82 - - [31/Aug/2014:13:17:38 +0200] "GET /sites/default/files/What%20is%20Hadoop.pdf HTTP/1.1" 200 21780 "https://www.google.com.my/" "Mozilla/5.0 (Windows NT 6.1) AppleWebKit/537.36 (KHTML, like Gecko) Chrome/36.0.1985.143 Safari/537.36"
118.100.191.82 - - [31/Aug/2014:13:17:39 +0200] "GET /favicon.ico HTTP/1.1" 404 327 "-" "Mozilla/5.0 (Windows NT 6.1) AppleWebKit/537.36 (KHTML, like Gecko) Chrome/36.0.1985.143 Safari/537.36"
118.100.191.82 - - [31/Aug/2014:13:17:38 +0200] "GET /sites/default/files/What%20is%20Hadoop.pdf HTTP/1.1" 206 33122 "http://www.hurence.com/sites/default/files/What%20is%20Hadoop.pdf" "Mozilla/5.0 (Windows NT 6.1) AppleWebKit/537.36 (KHTML, like Gecko) Chrome/36.0.1985.143 Safari/537.36"
118.100.191.82 - - [31/Aug/2014:13:17:40 +0200] "GET /sites/default/files/What%20is%20Hadoop.pdf HTTP/1.1" 206 659327 "http://www.hurence.com/sites/default/files/What%20is%20Hadoop.pdf" "Mozilla/5.0 (Windows NT 6.1) AppleWebKit/537.36 (KHTML, like Gecko) Chrome/36.0.1985.143 Safari/537.36"
183.60.212.134 - - [31/Aug/2014:13:22:20 +0200] "GET /node/22?lang=en HTTP/1.1" 200 6277 "-" "Mozilla/5.0 (compatible; EasouSpider; +http://www.easou.com/search/spider.html)"
66.249.92.110 - - [31/Aug/2014:13:24:55 +0200] "GET /rss.xml HTTP/1.1" 200 2983 "-" "Feedfetcher-Google; (+http://www.google.com/feedfetcher.html; 3 subscribers; feed-id=7225077890218036057)"
66.249.78.146 - - [31/Aug/2014:13:26:01 +0200] "GET /node/67?lang=en HTTP/1.1" 200 6786 "-" "Mozilla/5.0 (compatible; Googlebot/2.1; +http://www.google.com/bot.html)"
182.19.87.213 - - [31/Aug/2014:13:28:06 +0200] "GET /sites/default/files/What%20is%20Hadoop.pdf HTTP/1.1" 200 32200 "https://www.google.co.in/" "Mozilla/5.0 (Linux; Android 4.1.2; 3G7334i Build/JZO54K) AppleWebKit/537.36 (KHTML, like Gecko) Chrome/31.0.1650.59 Mobile Safari/537.36"
162.243.220.153 - - [31/Aug/2014:13:31:13 +0200] "GET /rss.xml HTTP/1.1" 200 14094 "-" "Feedbin - 1 subscribers"
182.19.87.213 - - [31/Aug/2014:13:28:11 +0200] "GET /sites/default/files/What%20is%20Hadoop.pdf HTTP/1.1" 200 692041 "https://www.google.co.in/" "Mozilla/5.0 (Linux; Android 4.1.2; 3G7334i Build/JZO54K) AppleWebKit/537.36 (KHTML, like Gecko) Chrome/31.0.1650.59 Mobile Safari/537.36"
80.72.35.84 - - [31/Aug/2014:13:33:10 +0200] "GET / HTTP/1.1" 200 6359 "http://hurence.com/" "Mozilla/5.0 (Macintosh; Intel Mac OS X 10_8_4) AppleWebKit/537.36 (KHTML, like Gecko) Chrome/28.0.1500.71 Safari/537.36"
80.72.35.84 - - [31/Aug/2014:13:33:12 +0200] "GET /?q=node/add HTTP/1.1" 403 4813 "http://hurence.com/" "Mozilla/5.0 (Macintosh; Intel Mac OS X 10_8_4) AppleWebKit/537.36 (KHTML, like Gecko) Chrome/28.0.1500.71 Safari/537.36"
80.72.35.84 - - [31/Aug/2014:13:33:12 +0200] "GET /?q=user/register HTTP/1.1" 200 5328 "http://hurence.com/?q=node/add" "Mozilla/5.0 (Macintosh; Intel Mac OS X 10_8_4) AppleWebKit/537.36 (KHTML, like Gecko) Chrome/28.0.1500.71 Safari/537.36"
80.72.35.84 - - [31/Aug/2014:13:33:13 +0200] "POST /?q=user/register HTTP/1.1" 200 5437 "http://hurence.com/?q=user/register" "Mozilla/5.0 (Macintosh; Intel Mac OS X 10_8_4) AppleWebKit/537.36 (KHTML, like Gecko) Chrome/28.0.1500.71 Safari/537.36"
80.72.35.84 - - [31/Aug/2014:13:33:13 +0200] "GET /?q=user/register HTTP/1.1" 200 5328 "http://hurence.com/?q=user/register" "Mozilla/5.0 (Macintosh; Intel Mac OS X 10_8_4) AppleWebKit/537.36 (KHTML, like Gecko) Chrome/28.0.1500.71 Safari/537.36"
80.72.35.84 - - [31/Aug/2014:13:33:13 +0200] "GET /?q=node/add HTTP/1.1" 403 4814 "http://hurence.com/" "Mozilla/5.0 (Macintosh; Intel Mac OS X 10_8_4) AppleWebKit/537.36 (KHTML, like Gecko) Chrome/28.0.1500.71 Safari/537.36"
80.72.35.84 - - [31/Aug/2014:13:33:14 +0200] "GET /?q=user/register HTTP/1.1" 200 5326 "http://hurence.com/?q=node/add" "Mozilla/5.0 (Macintosh; Intel Mac OS X 10_8_4) AppleWebKit/537.36 (KHTML, like Gecko) Chrome/28.0.1500.71 Safari/537.36"
80.72.35.84 - - [31/Aug/2014:13:33:14 +0200] "POST /?q=user/register HTTP/1.1" 200 5437 "http://hurence.com/?q=user/register" "Mozilla/5.0 (Macintosh; Intel Mac OS X 10_8_4) AppleWebKit/537.36 (KHTML, like Gecko) Chrome/28.0.1500.71 Safari/537.36"
80.72.35.84 - - [31/Aug/2014:13:33:14 +0200] "GET /?q=user/register HTTP/1.1" 200 5331 "http://hurence.com/?q=user/register" "Mozilla/5.0 (Macintosh; Intel Mac OS X 10_8_4) AppleWebKit/537.36 (KHTML, like Gecko) Chrome/28.0.1500.71 Safari/537.36"
80.72.35.84 - - [31/Aug/2014:13:33:15 +0200] "GET /?q=node/add HTTP/1.1" 403 4816 "http://hurence.com/" "Mozilla/5.0 (Macintosh; Intel Mac OS X 10_8_4) AppleWebKit/537.36 (KHTML, like Gecko) Chrome/28.0.1500.71 Safari/537.36"
80.72.35.84 - - [31/Aug/2014:13:33:15 +0200] "GET /?q=user/register HTTP/1.1" 200 5326 "http://hurence.com/?q=node/add" "Mozilla/5.0 (Macintosh; Intel Mac OS X 10_8_4) AppleWebKit/537.36 (KHTML, like Gecko) Chrome/28.0.1500.71 Safari/537.36"
80.72.35.84 - - [31/Aug/2014:13:33:15 +0200] "POST /?q=user/register HTTP/1.1" 200 5434 "http://hurence.com/?q=user/register" "Mozilla/5.0 (Macintosh; Intel Mac OS X 10_8_4) AppleWebKit/537.36 (KHTML, like Gecko) Chrome/28.0.1500.71 Safari/537.36"
80.72.35.84 - - [31/Aug/2014:13:33:16 +0200] "GET /?q=user/register HTTP/1.1" 200 5332 "http://hurence.com/?q=user/register" "Mozilla/5.0 (Macintosh; Intel Mac OS X 10_8_4) AppleWebKit/537.36 (KHTML, like Gecko) Chrome/28.0.1500.71 Safari/537.36"
80.72.35.84 - - [31/Aug/2014:13:33:16 +0200] "GET /?q=node/add HTTP/1.1" 403 4818 "http://hurence.com/" "Mozilla/5.0 (Macintosh; Intel Mac OS X 10_8_4) AppleWebKit/537.36 (KHTML, like Gecko) Chrome/28.0.1500.71 Safari/537.36"
80.72.35.84 - - [31/Aug/2014:13:33:16 +0200] "GET /?q=user/register HTTP/1.1" 200 5325 "http://hurence.com/?q=node/add" "Mozilla/5.0 (Macintosh; Intel Mac OS X 10_8_4) AppleWebKit/537.36 (KHTML, like Gecko) Chrome/28.0.1500.71 Safari/537.36"
80.72.35.84 - - [31/Aug/2014:13:33:17 +0200] "POST /?q=user/register HTTP/1.1" 200 5440 "http://hurence.com/?q=user/register" "Mozilla/5.0 (Macintosh; Intel Mac OS X 10_8_4) AppleWebKit/537.36 (KHTML, like Gecko) Chrome/28.0.1500.71 Safari/537.36"
180.76.6.21 - - [31/Aug/2014:13:35:24 +0200] "GET /node/140 HTTP/1.1" 200 6609 "-" "Mozilla/5.0 (compatible; Baiduspider/2.0; +http://www.baidu.com/search/spider.html)"
183.60.213.39 - - [31/Aug/2014:13:36:07 +0200] "GET /node/58 HTTP/1.1" 200 6805 "-" "Mozilla/5.0 (compatible; EasouSpider; +http://www.easou.com/search/spider.html)"
183.60.212.134 - - [31/Aug/2014:13:38:29 +0200] "GET /node/91?lang=fr HTTP/1.1" 200 7274 "-" "Mozilla/5.0 (compatible; EasouSpider; +http://www.easou.com/search/spider.html)"
37.58.100.171 - - [31/Aug/2014:13:38:44 +0200] "GET /node/133 HTTP/1.1" 200 5878 "-" "Mozilla/5.0 (compatible; AhrefsBot/5.0; +http://ahrefs.com/robot/)"
192.69.92.86 - - [31/Aug/2014:13:39:20 +0200] "GET /node/3?lang=fr&hl= HTTP/1.1" 200 6857 "http://hurence.com/" "Mozilla/5.0 (Macintosh; Intel Mac OS X 10_8_4) AppleWebKit/537.36 (KHTML, like Gecko) Chrome/28.0.1500.71 Safari/537.36"
142.54.165.231 - - [31/Aug/2014:13:39:23 +0200] "GET /?q=node/add HTTP/1.0" 403 4776 "http://hurence.com/" "Mozilla/5.0 (Macintosh; Intel Mac OS X 10_8_4) AppleWebKit/537.36 (KHTML, like Gecko) Chrome/28.0.1500.71 Safari/537.36"
142.54.165.231 - - [31/Aug/2014:13:39:24 +0200] "GET /?q=user/register HTTP/1.1" 200 5328 "http://hurence.com/?q=node/add" "Mozilla/5.0 (Macintosh; Intel Mac OS X 10_8_4) AppleWebKit/537.36 (KHTML, like Gecko) Chrome/28.0.1500.71 Safari/537.36"
142.54.165.231 - - [31/Aug/2014:13:39:24 +0200] "POST /?q=user/register HTTP/1.1" 302 673 "http://hurence.com/?q=user/register" "Mozilla/5.0 (Macintosh; Intel Mac OS X 10_8_4) AppleWebKit/537.36 (KHTML, like Gecko) Chrome/28.0.1500.71 Safari/537.36"
142.54.165.231 - - [31/Aug/2014:13:39:25 +0200] "GET / HTTP/1.1" 200 6711 "http://hurence.com/?q=user/register" "Mozilla/5.0 (Macintosh; Intel Mac OS X 10_8_4) AppleWebKit/537.36 (KHTML, like Gecko) Chrome/28.0.1500.71 Safari/537.36"
213.136.75.83 - - [31/Aug/2014:13:39:53 +0200] "GET / HTTP/1.1" 200 6362 "http://hurence.com/" "Mozilla/5.0 (Macintosh; Intel Mac OS X 10_8_4) AppleWebKit/537.36 (KHTML, like Gecko) Chrome/28.0.1500.71 Safari/537.36"
62.113.243.30 - - [31/Aug/2014:13:39:56 +0200] "GET /?q=user HTTP/1.1" 200 5091 "http://hurence.com/" "Mozilla/5.0 (Macintosh; Intel Mac OS X 10_8_4) AppleWebKit/537.36 (KHTML, like Gecko) Chrome/28.0.1500.71 Safari/537.36"
62.113.243.30 - - [31/Aug/2014:13:39:56 +0200] "POST /?q=user HTTP/1.1" 200 5171 "http://hurence.com/?q=user" "Mozilla/5.0 (Macintosh; Intel Mac OS X 10_8_4) AppleWebKit/537.36 (KHTML, like Gecko) Chrome/28.0.1500.71 Safari/537.36"
37.59.131.108 - - [31/Aug/2014:13:44:37 +0200] "GET /node/3?lang=fr HTTP/1.1" 200 6843 "http://hurence.com/" "Mozilla/5.0 (Macintosh; Intel Mac OS X 10_8_4) AppleWebKit/537.36 (KHTML, like Gecko) Chrome/28.0.1500.71 Safari/537.36"
37.59.131.108 - - [31/Aug/2014:13:44:39 +0200] "GET /?q=node/add HTTP/1.1" 403 4816 "http://hurence.com/" "Mozilla/5.0 (Macintosh; Intel Mac OS X 10_8_4) AppleWebKit/537.36 (KHTML, like Gecko) Chrome/28.0.1500.71 Safari/537.36"
37.59.131.108 - - [31/Aug/2014:13:44:39 +0200] "GET /?q=user/register HTTP/1.1" 200 5328 "http://hurence.com/?q=node/add" "Mozilla/5.0 (Macintosh; Intel Mac OS X 10_8_4) AppleWebKit/537.36 (KHTML, like Gecko) Chrome/28.0.1500.71 Safari/537.36"
37.59.131.108 - - [31/Aug/2014:13:44:40 +0200] "POST /?q=user/register HTTP/1.1" 200 5431 "http://hurence.com/?q=user/register" "Mozilla/5.0 (Macintosh; Intel Mac OS X 10_8_4) AppleWebKit/537.36 (KHTML, like Gecko) Chrome/28.0.1500.71 Safari/537.36"
37.59.131.96 - - [31/Aug/2014:13:44:42 +0200] "GET /?q=user/register HTTP/1.1" 200 5327 "http://hurence.com/?q=user/register" "Mozilla/5.0 (Macintosh; Intel Mac OS X 10_8_4) AppleWebKit/537.36 (KHTML, like Gecko) Chrome/28.0.1500.71 Safari/537.36"
37.59.131.96 - - [31/Aug/2014:13:44:43 +0200] "GET /?q=node/add HTTP/1.1" 403 4819 "http://hurence.com/" "Mozilla/5.0 (Macintosh; Intel Mac OS X 10_8_4) AppleWebKit/537.36 (KHTML, like Gecko) Chrome/28.0.1500.71 Safari/537.36"
37.59.131.96 - - [31/Aug/2014:13:44:43 +0200] "GET /?q=user/register HTTP/1.1" 200 5324 "http://hurence.com/?q=node/add" "Mozilla/5.0 (Macintosh; Intel Mac OS X 10_8_4) AppleWebKit/537.36 (KHTML, like Gecko) Chrome/28.0.1500.71 Safari/537.36"
37.59.131.96 - - [31/Aug/2014:13:44:43 +0200] "POST /?q=user/register HTTP/1.1" 200 5430 "http://hurence.com/?q=user/register" "Mozilla/5.0 (Macintosh; Intel Mac OS X 10_8_4) AppleWebKit/537.36 (KHTML, like Gecko) Chrome/28.0.1500.71 Safari/537.36"
188.122.91.38 - - [31/Aug/2014:13:44:44 +0200] "GET /?q=user/register HTTP/1.1" 200 5330 "http://hurence.com/?q=user/register" "Mozilla/5.0 (Macintosh; Intel Mac OS X 10_8_4) AppleWebKit/537.36 (KHTML, like Gecko) Chrome/28.0.1500.71 Safari/537.36"
188.122.91.38 - - [31/Aug/2014:13:44:44 +0200] "GET /?q=node/add HTTP/1.1" 403 4818 "http://hurence.com/" "Mozilla/5.0 (Macintosh; Intel Mac OS X 10_8_4) AppleWebKit/537.36 (KHTML, like Gecko) Chrome/28.0.1500.71 Safari/537.36"
188.122.91.38 - - [31/Aug/2014:13:44:45 +0200] "GET /?q=user/register HTTP/1.1" 200 5324 "http://hurence.com/?q=node/add" "Mozilla/5.0 (Macintosh; Intel Mac OS X 10_8_4) AppleWebKit/537.36 (KHTML, like Gecko) Chrome/28.0.1500.71 Safari/537.36"
188.122.91.38 - - [31/Aug/2014:13:44:45 +0200] "POST /?q=user/register HTTP/1.1" 200 5431 "http://hurence.com/?q=user/register" "Mozilla/5.0 (Macintosh; Intel Mac OS X 10_8_4) AppleWebKit/537.36 (KHTML, like Gecko) Chrome/28.0.1500.71 Safari/537.36"
177.20.181.10 - - [31/Aug/2014:13:44:48 +0200] "GET /?q=user/register HTTP/1.1" 200 5330 "http://hurence.com/?q=user/register" "Mozilla/5.0 (Macintosh; Intel Mac OS X 10_8_4) AppleWebKit/537.36 (KHTML, like Gecko) Chrome/28.0.1500.71 Safari/537.36"
177.20.181.10 - - [31/Aug/2014:13:44:49 +0200] "GET /?q=node/add HTTP/1.1" 403 4816 "http://hurence.com/" "Mozilla/5.0 (Macintosh; Intel Mac OS X 10_8_4) AppleWebKit/537.36 (KHTML, like Gecko) Chrome/28.0.1500.71 Safari/537.36"
177.20.181.10 - - [31/Aug/2014:13:44:50 +0200] "GET /?q=user/register HTTP/1.1" 200 5326 "http://hurence.com/?q=node/add" "Mozilla/5.0 (Macintosh; Intel Mac OS X 10_8_4) AppleWebKit/537.36 (KHTML, like Gecko) Chrome/28.0.1500.71 Safari/537.36"
177.20.181.10 - - [31/Aug/2014:13:44:51 +0200] "POST /?q=user/register HTTP/1.1" 302 673 "http://hurence.com/?q=user/register" "Mozilla/5.0 (Macintosh; Intel Mac OS X 10_8_4) AppleWebKit/537.36 (KHTML, like Gecko) Chrome/28.0.1500.71 Safari/537.36"
177.20.181.10 - - [31/Aug/2014:13:44:51 +0200] "GET / HTTP/1.1" 200 6708 "http://hurence.com/?q=user/register" "Mozilla/5.0 (Macintosh; Intel Mac OS X 10_8_4) AppleWebKit/537.36 (KHTML, like Gecko) Chrome/28.0.1500.71 Safari/537.36"
177.20.181.10 - - [31/Aug/2014:13:44:59 +0200] "GET /?q=user HTTP/1.1" 200 5094 "http://hurence.com/" "Mozilla/5.0 (Macintosh; Intel Mac OS X 10_8_4) AppleWebKit/537.36 (KHTML, like Gecko) Chrome/28.0.1500.71 Safari/537.36"
177.20.181.10 - - [31/Aug/2014:13:45:00 +0200] "POST /?q=user HTTP/1.1" 200 5172 "http://hurence.com/?q=user" "Mozilla/5.0 (Macintosh; Intel Mac OS X 10_8_4) AppleWebKit/537.36 (KHTML, like Gecko) Chrome/28.0.1500.71 Safari/537.36"
208.115.113.87 - - [31/Aug/2014:13:51:38 +0200] "GET /node/46?lang=fr HTTP/1.1" 200 29976 "-" "Mozilla/5.0 (compatible; DotBot/1.1; http://www.opensiteexplorer.org/dotbot, help@moz.com)"
208.115.113.87 - - [31/Aug/2014:13:51:53 +0200] "GET /node/57?lang=en HTTP/1.1" 200 30769 "-" "Mozilla/5.0 (compatible; DotBot/1.1; http://www.opensiteexplorer.org/dotbot, help@moz.com)"
155.94.128.87 - - [31/Aug/2014:13:52:34 +0200] "GET / HTTP/1.1" 200 6358 "http://www.hurence.com/" "Mozilla/5.0 (Macintosh; Intel Mac OS X 10_8_4) AppleWebKit/537.36 (KHTML, like Gecko) Chrome/28.0.1500.71 Safari/537.36"
155.94.128.87 - - [31/Aug/2014:13:52:37 +0200] "GET /?q=user HTTP/1.1" 200 5096 "http://www.hurence.com/" "Mozilla/5.0 (Macintosh; Intel Mac OS X 10_8_4) AppleWebKit/537.36 (KHTML, like Gecko) Chrome/28.0.1500.71 Safari/537.36"
155.94.128.87 - - [31/Aug/2014:13:52:38 +0200] "POST /?q=user HTTP/1.1" 200 5172 "http://www.hurence.com/?q=user" "Mozilla/5.0 (Macintosh; Intel Mac OS X 10_8_4) AppleWebKit/537.36 (KHTML, like Gecko) Chrome/28.0.1500.71 Safari/537.36"
162.243.32.163 - - [31/Aug/2014:13:54:02 +0200] "GET /rss.xml HTTP/1.1" 200 14094 "-" "Feedbin - 1 subscribers"
174.129.37.246 - - [31/Aug/2014:13:56:58 +0200] "GET / HTTP/1.1" 200 27824 "-" "NING/1.0"
81.52.143.31 - - [31/Aug/2014:14:05:15 +0200] "GET /node/111?lang=fr HTTP/1.1" 200 7030 "-" "Mozilla/5.0 (Windows NT 5.1; U; Win64; fr; rv:1.8.1) VoilaBot BETA 1.2 (support.voilabot@orange-ftgroup.com)"
5.135.113.131 - - [31/Aug/2014:14:12:21 +0200] "GET / HTTP/1.1" 200 6363 "http://hurence.com/" "Mozilla/5.0 (Macintosh; Intel Mac OS X 10_8_4) AppleWebKit/537.36 (KHTML, like Gecko) Chrome/28.0.1500.71 Safari/537.36"
5.135.113.131 - - [31/Aug/2014:14:12:24 +0200] "GET /?q=user HTTP/1.1" 200 5092 "http://hurence.com/" "Mozilla/5.0 (Macintosh; Intel Mac OS X 10_8_4) AppleWebKit/537.36 (KHTML, like Gecko) Chrome/28.0.1500.71 Safari/537.36"
5.135.113.131 - - [31/Aug/2014:14:12:24 +0200] "POST /?q=user HTTP/1.1" 200 5170 "http://hurence.com/?q=user" "Mozilla/5.0 (Macintosh; Intel Mac OS X 10_8_4) AppleWebKit/537.36 (KHTML, like Gecko) Chrome/28.0.1500.71 Safari/537.36"
199.87.230.162 - - [31/Aug/2014:14:12:48 +0200] "GET / HTTP/1.1" 200 6361 "http://www.hurence.com/" "Mozilla/5.0 (Macintosh; Intel Mac OS X 10_8_4) AppleWebKit/537.36 (KHTML, like Gecko) Chrome/28.0.1500.71 Safari/537.36"
199.87.230.162 - - [31/Aug/2014:14:12:51 +0200] "GET /?q=node/add HTTP/1.1" 403 4820 "http://www.hurence.com/" "Mozilla/5.0 (Macintosh; Intel Mac OS X 10_8_4) AppleWebKit/537.36 (KHTML, like Gecko) Chrome/28.0.1500.71 Safari/537.36"
199.87.230.162 - - [31/Aug/2014:14:12:51 +0200] "GET /?q=user/register HTTP/1.1" 200 5332 "http://www.hurence.com/?q=node/add" "Mozilla/5.0 (Macintosh; Intel Mac OS X 10_8_4) AppleWebKit/537.36 (KHTML, like Gecko) Chrome/28.0.1500.71 Safari/537.36"
199.87.230.162 - - [31/Aug/2014:14:12:52 +0200] "POST /?q=user/register HTTP/1.1" 302 677 "http://www.hurence.com/?q=user/register" "Mozilla/5.0 (Macintosh; Intel Mac OS X 10_8_4) AppleWebKit/537.36 (KHTML, like Gecko) Chrome/28.0.1500.71 Safari/537.36"
199.87.230.162 - - [31/Aug/2014:14:12:52 +0200] "GET / HTTP/1.1" 200 6715 "http://www.hurence.com/?q=user/register" "Mozilla/5.0 (Macintosh; Intel Mac OS X 10_8_4) AppleWebKit/537.36 (KHTML, like Gecko) Chrome/28.0.1500.71 Safari/537.36"
199.87.230.162 - - [31/Aug/2014:14:12:55 +0200] "GET /?q=user HTTP/1.1" 200 5097 "http://www.hurence.com/" "Mozilla/5.0 (Macintosh; Intel Mac OS X 10_8_4) AppleWebKit/537.36 (KHTML, like Gecko) Chrome/28.0.1500.71 Safari/537.36"
199.87.230.162 - - [31/Aug/2014:14:12:55 +0200] "POST /?q=user HTTP/1.1" 200 5170 "http://www.hurence.com/?q=user" "Mozilla/5.0 (Macintosh; Intel Mac OS X 10_8_4) AppleWebKit/537.36 (KHTML, like Gecko) Chrome/28.0.1500.71 Safari/537.36"
66.249.89.4 - - [31/Aug/2014:14:15:55 +0200] "GET /rss.xml HTTP/1.1" 200 2983 "-" "Feedfetcher-Google; (+http://www.google.com/feedfetcher.html; 3 subscribers; feed-id=7225077890218036057)"
162.243.32.163 - - [31/Aug/2014:14:17:11 +0200] "GET /rss.xml HTTP/1.1" 200 14094 "-" "Feedbin - 1 subscribers"
199.87.230.162 - - [31/Aug/2014:14:17:47 +0200] "GET / HTTP/1.1" 200 6362 "http://www.hurence.com/" "Mozilla/5.0 (Macintosh; Intel Mac OS X 10_8_4) AppleWebKit/537.36 (KHTML, like Gecko) Chrome/28.0.1500.71 Safari/537.36"
199.87.230.162 - - [31/Aug/2014:14:17:50 +0200] "GET /?q=node/add HTTP/1.1" 403 4820 "http://www.hurence.com/" "Mozilla/5.0 (Macintosh; Intel Mac OS X 10_8_4) AppleWebKit/537.36 (KHTML, like Gecko) Chrome/28.0.1500.71 Safari/537.36"
199.87.230.162 - - [31/Aug/2014:14:17:50 +0200] "GET /?q=user/register HTTP/1.1" 200 5329 "http://www.hurence.com/?q=node/add" "Mozilla/5.0 (Macintosh; Intel Mac OS X 10_8_4) AppleWebKit/537.36 (KHTML, like Gecko) Chrome/28.0.1500.71 Safari/537.36"
199.87.230.162 - - [31/Aug/2014:14:17:51 +0200] "POST /?q=user/register HTTP/1.1" 200 5431 "http://www.hurence.com/?q=user/register" "Mozilla/5.0 (Macintosh; Intel Mac OS X 10_8_4) AppleWebKit/537.36 (KHTML, like Gecko) Chrome/28.0.1500.71 Safari/537.36"
199.87.230.162 - - [31/Aug/2014:14:17:51 +0200] "GET /?q=user/register HTTP/1.1" 200 5334 "http://www.hurence.com/?q=user/register" "Mozilla/5.0 (Macintosh; Intel Mac OS X 10_8_4) AppleWebKit/537.36 (KHTML, like Gecko) Chrome/28.0.1500.71 Safari/537.36"
199.87.230.162 - - [31/Aug/2014:14:17:52 +0200] "GET /?q=node/add HTTP/1.1" 403 4819 "http://www.hurence.com/" "Mozilla/5.0 (Macintosh; Intel Mac OS X 10_8_4) AppleWebKit/537.36 (KHTML, like Gecko) Chrome/28.0.1500.71 Safari/537.36"
199.87.230.162 - - [31/Aug/2014:14:17:52 +0200] "GET /?q=user/register HTTP/1.1" 200 5328 "http://www.hurence.com/?q=node/add" "Mozilla/5.0 (Macintosh; Intel Mac OS X 10_8_4) AppleWebKit/537.36 (KHTML, like Gecko) Chrome/28.0.1500.71 Safari/537.36"
199.87.230.162 - - [31/Aug/2014:14:17:52 +0200] "POST /?q=user/register HTTP/1.1" 302 677 "http://www.hurence.com/?q=user/register" "Mozilla/5.0 (Macintosh; Intel Mac OS X 10_8_4) AppleWebKit/537.36 (KHTML, like Gecko) Chrome/28.0.1500.71 Safari/537.36"
199.87.230.162 - - [31/Aug/2014:14:17:53 +0200] "GET / HTTP/1.1" 200 6717 "http://www.hurence.com/?q=user/register" "Mozilla/5.0 (Macintosh; Intel Mac OS X 10_8_4) AppleWebKit/537.36 (KHTML, like Gecko) Chrome/28.0.1500.71 Safari/537.36"
199.87.230.162 - - [31/Aug/2014:14:17:55 +0200] "GET /?q=user HTTP/1.1" 200 5097 "http://www.hurence.com/" "Mozilla/5.0 (Macintosh; Intel Mac OS X 10_8_4) AppleWebKit/537.36 (KHTML, like Gecko) Chrome/28.0.1500.71 Safari/537.36"
199.87.230.162 - - [31/Aug/2014:14:17:56 +0200] "POST /?q=user HTTP/1.1" 200 5178 "http://www.hurence.com/?q=user" "Mozilla/5.0 (Macintosh; Intel Mac OS X 10_8_4) AppleWebKit/537.36 (KHTML, like Gecko) Chrome/28.0.1500.71 Safari/537.36"
66.249.64.242 - - [31/Aug/2014:14:18:27 +0200] "GET /robots.txt HTTP/1.1" 200 985 "-" "Mozilla/5.0 (compatible; Googlebot/2.1; +http://www.google.com/bot.html)"
66.249.64.237 - - [31/Aug/2014:14:18:27 +0200] "GET /rss.xml HTTP/1.1" 200 2983 "-" "Mozilla/5.0 (compatible; Googlebot/2.1; +http://www.google.com/bot.html)"
183.60.213.39 - - [31/Aug/2014:14:26:41 +0200] "GET /node/122?lang=fr HTTP/1.1" 200 7315 "-" "Mozilla/5.0 (compatible; EasouSpider; +http://www.easou.com/search/spider.html)"
66.249.89.27 - - [31/Aug/2014:14:27:31 +0200] "GET /rss.xml HTTP/1.1" 200 2985 "-" "Feedfetcher-Google; (+http://www.google.com/feedfetcher.html; 1 subscribers; feed-id=10851494855830720867)"
66.249.64.2 - - [31/Aug/2014:14:27:54 +0200] "GET /node/69?lang=en HTTP/1.1" 200 6745 "-" "Mozilla/5.0 (compatible; Googlebot/2.1; +http://www.google.com/bot.html)"
183.60.213.39 - - [31/Aug/2014:14:36:47 +0200] "GET /node/8?lang=en HTTP/1.1" 200 6691 "-" "Mozilla/5.0 (compatible; EasouSpider; +http://www.easou.com/search/spider.html)"
107.170.95.99 - - [31/Aug/2014:14:40:00 +0200] "GET /rss.xml HTTP/1.1" 200 14094 "-" "Feedbin - 1 subscribers"
81.52.143.31 - - [31/Aug/2014:14:40:27 +0200] "GET /node/87?lang=fr HTTP/1.1" 200 7174 "-" "Mozilla/5.0 (Windows NT 5.1; U; Win64; fr; rv:1.8.1) VoilaBot BETA 1.2 (support.voilabot@orange-ftgroup.com)"
106.79.30.239 - - [31/Aug/2014:14:40:51 +0200] "GET /sites/default/files/What%20is%20Hadoop.pdf HTTP/1.1" 200 19920 "http://www.google.co.in/search?q=hadoop+tutorial+for+beginners+pdf&ie=UTF-8&prmd=ivns&ei=3RUDVKHXEYG3uASf4YGAAQ&start=20&sa=N" "Mozilla/5.0 (Linux; U; Android 4.1.2; en-us; Nokia_X Build/JZO54K) AppleWebKit/533.1 (KHTML, like Gecko) Version/4.0 UCBrowser/9.7.5.418 U3/0.8.0 Mobile Safari/533.1"
192.3.168.125 - - [31/Aug/2014:14:41:33 +0200] "GET /node/3?lang=en HTTP/1.1" 200 6718 "http://www.hurence.com/" "Mozilla/5.0 (Macintosh; Intel Mac OS X 10_8_4) AppleWebKit/537.36 (KHTML, like Gecko) Chrome/28.0.1500.71 Safari/537.36"
192.3.168.125 - - [31/Aug/2014:14:41:38 +0200] "GET /?q=node/add HTTP/1.1" 403 4822 "http://www.hurence.com/" "Mozilla/5.0 (Macintosh; Intel Mac OS X 10_8_4) AppleWebKit/537.36 (KHTML, like Gecko) Chrome/28.0.1500.71 Safari/537.36"
192.3.168.125 - - [31/Aug/2014:14:41:39 +0200] "GET /?q=user/register HTTP/1.1" 200 5326 "http://www.hurence.com/?q=node/add" "Mozilla/5.0 (Macintosh; Intel Mac OS X 10_8_4) AppleWebKit/537.36 (KHTML, like Gecko) Chrome/28.0.1500.71 Safari/537.36"
192.3.168.125 - - [31/Aug/2014:14:41:39 +0200] "POST /?q=user/register HTTP/1.1" 302 677 "http://www.hurence.com/?q=user/register" "Mozilla/5.0 (Macintosh; Intel Mac OS X 10_8_4) AppleWebKit/537.36 (KHTML, like Gecko) Chrome/28.0.1500.71 Safari/537.36"
192.3.168.125 - - [31/Aug/2014:14:41:40 +0200] "GET / HTTP/1.1" 200 6715 "http://www.hurence.com/?q=user/register" "Mozilla/5.0 (Macintosh; Intel Mac OS X 10_8_4) AppleWebKit/537.36 (KHTML, like Gecko) Chrome/28.0.1500.71 Safari/537.36"
192.3.168.125 - - [31/Aug/2014:14:41:43 +0200] "GET /?q=user HTTP/1.1" 200 5094 "http://www.hurence.com/" "Mozilla/5.0 (Macintosh; Intel Mac OS X 10_8_4) AppleWebKit/537.36 (KHTML, like Gecko) Chrome/28.0.1500.71 Safari/537.36"
192.3.168.125 - - [31/Aug/2014:14:41:43 +0200] "POST /?q=user HTTP/1.1" 200 5174 "http://www.hurence.com/?q=user" "Mozilla/5.0 (Macintosh; Intel Mac OS X 10_8_4) AppleWebKit/537.36 (KHTML, like Gecko) Chrome/28.0.1500.71 Safari/537.36"
66.249.64.2 - - [31/Aug/2014:14:41:48 +0200] "GET /node/72?lang=en HTTP/1.1" 200 6770 "-" "Mozilla/5.0 (compatible; Googlebot/2.1; +http://www.google.com/bot.html)"
