192.44.63.165 - - [14/Oct/2013:11:30:03 +0200] "GET /sites/all/themes/hurence/css/pages.css?ls5cse HTTP/1.1" 200 2219 "http://www.hurence.com/" "Mozilla/5.0 (Windows; U; Windows NT 6.1; fr; rv:1.9.2.24) Gecko/20111103 Firefox/3.6.24"
192.44.63.165 - - [14/Oct/2013:11:30:03 +0200] "GET /sites/all/themes/hurence/css/blocks.css?ls5cse HTTP/1.1" 200 1869 "http://www.hurence.com/" "Mozilla/5.0 (Windows; U; Windows NT 6.1; fr; rv:1.9.2.24) Gecko/20111103 Firefox/3.6.24"
192.44.63.165 - - [14/Oct/2013:11:30:03 +0200] "GET /sites/all/themes/hurence/css/views-styles.css?ls5cse HTTP/1.1" 200 389 "http://www.hurence.com/" "Mozilla/5.0 (Windows; U; Windows NT 6.1; fr; rv:1.9.2.24) Gecko/20111103 Firefox/3.6.24"
192.44.63.165 - - [14/Oct/2013:11:30:03 +0200] "GET /sites/all/themes/hurence/css/navigation.css?ls5cse HTTP/1.1" 200 806 "http://www.hurence.com/" "Mozilla/5.0 (Windows; U; Windows NT 6.1; fr; rv:1.9.2.24) Gecko/20111103 Firefox/3.6.24"
192.44.63.165 - - [14/Oct/2013:11:30:03 +0200] "GET /sites/all/themes/hurence/css/nodes.css?ls5cse HTTP/1.1" 200 1115 "http://www.hurence.com/" "Mozilla/5.0 (Windows; U; Windows NT 6.1; fr; rv:1.9.2.24) Gecko/20111103 Firefox/3.6.24"
192.44.63.165 - - [14/Oct/2013:11:30:03 +0200] "GET /sites/all/themes/hurence/css/forms.css?ls5cse HTTP/1.1" 200 1397 "http://www.hurence.com/" "Mozilla/5.0 (Windows; U; Windows NT 6.1; fr; rv:1.9.2.24) Gecko/20111103 Firefox/3.6.24"
192.44.63.165 - - [14/Oct/2013:11:30:03 +0200] "GET /sites/all/themes/hurence/css/hurence.css?ls5cse HTTP/1.1" 200 688 "http://www.hurence.com/" "Mozilla/5.0 (Windows; U; Windows NT 6.1; fr; rv:1.9.2.24) Gecko/20111103 Firefox/3.6.24"
192.44.63.165 - - [14/Oct/2013:11:30:03 +0200] "GET /sites/all/themes/hurence/css/print.css?ls5cse HTTP/1.1" 200 979 "http://www.hurence.com/" "Mozilla/5.0 (Windows; U; Windows NT 6.1; fr; rv:1.9.2.24) Gecko/20111103 Firefox/3.6.24"
192.44.63.165 - - [14/Oct/2013:11:30:03 +0200] "GET /misc/drupal.js?ls5cse HTTP/1.1" 200 4882 "http://www.hurence.com/" "Mozilla/5.0 (Windows; U; Windows NT 6.1; fr; rv:1.9.2.24) Gecko/20111103 Firefox/3.6.24"
192.44.63.165 - - [14/Oct/2013:11:30:04 +0200] "GET /sites/all/modules/views/js/jquery.ui.dialog.patch.js?ls5cse HTTP/1.1" 200 914 "http://www.hurence.com/" "Mozilla/5.0 (Windows; U; Windows NT 6.1; fr; rv:1.9.2.24) Gecko/20111103 Firefox/3.6.24"
192.44.63.165 - - [14/Oct/2013:11:30:04 +0200] "GET /sites/all/themes/hurence/logo.png HTTP/1.1" 200 5065 "http://www.hurence.com/" "Mozilla/5.0 (Windows; U; Windows NT 6.1; fr; rv:1.9.2.24) Gecko/20111103 Firefox/3.6.24"
192.44.63.165 - - [14/Oct/2013:11:30:04 +0200] "GET /sites/default/files/styles/white_paper_logo/public/hadoop-logo.jpg HTTP/1.1" 200 2436 "http://www.hurence.com/" "Mozilla/5.0 (Windows; U; Windows NT 6.1; fr; rv:1.9.2.24) Gecko/20111103 Firefox/3.6.24"
192.44.63.165 - - [14/Oct/2013:11:30:04 +0200] "GET /sites/default/files/HurenceBannier.png HTTP/1.1" 200 388732 "http://www.hurence.com/" "Mozilla/5.0 (Windows; U; Windows NT 6.1; fr; rv:1.9.2.24) Gecko/20111103 Firefox/3.6.24"
192.44.63.165 - - [14/Oct/2013:11:30:04 +0200] "GET /modules/file/icons/application-pdf.png HTTP/1.1" 200 639 "http://www.hurence.com/" "Mozilla/5.0 (Windows; U; Windows NT 6.1; fr; rv:1.9.2.24) Gecko/20111103 Firefox/3.6.24"
192.44.63.165 - - [14/Oct/2013:11:30:04 +0200] "GET /misc/feed.png HTTP/1.1" 200 949 "http://www.hurence.com/" "Mozilla/5.0 (Windows; U; Windows NT 6.1; fr; rv:1.9.2.24) Gecko/20111103 Firefox/3.6.24"
192.44.63.165 - - [14/Oct/2013:11:30:05 +0200] "GET /sites/all/themes/hurence/images/bg_header-inner.jpg HTTP/1.1" 200 8925 "http://www.hurence.com/sites/all/themes/hurence/css/page-backgrounds.css?ls5cse" "Mozilla/5.0 (Windows; U; Windows NT 6.1; fr; rv:1.9.2.24) Gecko/20111103 Firefox/3.6.24"
192.44.63.165 - - [14/Oct/2013:11:30:05 +0200] "GET /sites/all/themes/hurence/images/bg_header.gif HTTP/1.1" 200 559 "http://www.hurence.com/sites/all/themes/hurence/css/page-backgrounds.css?ls5cse" "Mozilla/5.0 (Windows; U; Windows NT 6.1; fr; rv:1.9.2.24) Gecko/20111103 Firefox/3.6.24"
192.44.63.165 - - [14/Oct/2013:11:30:05 +0200] "GET /sites/default/files/en.jpg HTTP/1.1" 200 3136 "http://www.hurence.com/sites/all/themes/hurence/css/blocks.css?ls5cse" "Mozilla/5.0 (Windows; U; Windows NT 6.1; fr; rv:1.9.2.24) Gecko/20111103 Firefox/3.6.24"
192.44.63.165 - - [14/Oct/2013:11:30:05 +0200] "GET /sites/default/files/Facebook-24x24.png HTTP/1.1" 200 1725 "http://www.hurence.com/sites/all/themes/hurence/css/blocks.css?ls5cse" "Mozilla/5.0 (Windows; U; Windows NT 6.1; fr; rv:1.9.2.24) Gecko/20111103 Firefox/3.6.24"
192.44.63.165 - - [14/Oct/2013:11:30:05 +0200] "GET /sites/default/files/mail.png HTTP/1.1" 200 4030 "http://www.hurence.com/sites/all/themes/hurence/css/blocks.css?ls5cse" "Mozilla/5.0 (Windows; U; Windows NT 6.1; fr; rv:1.9.2.24) Gecko/20111103 Firefox/3.6.24"
192.44.63.165 - - [14/Oct/2013:11:30:05 +0200] "GET /sites/default/files/fr.jpg HTTP/1.1" 200 3176 "http://www.hurence.com/sites/all/themes/hurence/css/blocks.css?ls5cse" "Mozilla/5.0 (Windows; U; Windows NT 6.1; fr; rv:1.9.2.24) Gecko/20111103 Firefox/3.6.24"
209.85.238.70 - - [14/Oct/2013:11:35:04 +0200] "GET /rss.xml HTTP/1.1" 200 2983 "-" "Feedfetcher-Google; (+http://www.google.com/feedfetcher.html; 3 subscribers; feed-id=7225077890218036057)"
180.76.5.145 - - [14/Oct/2013:11:35:27 +0200] "GET /node/71?lang=en HTTP/1.1" 200 6573 "-" "Mozilla/5.0 (compatible; Baiduspider/2.0; +http://www.baidu.com/search/spider.html)"
103.246.38.196 - - [14/Oct/2013:11:37:09 +0200] "GET /node/104?lang=fr HTTP/1.1" 200 32864 "-" "Mozilla/4.0 (compatible; MSIE 7.0; Windows NT 5.1; InfoPath.1; .NET CLR 2.0.50727; .NET CLR 1.1.4322; MS-RTC LM 8; .NET CLR 3.0.4506.2152; .NET CLR 3.5.30729)"
192.44.63.165 - - [14/Oct/2013:11:37:12 +0200] "GET /node/104?lang=fr HTTP/1.1" 200 7076 "http://www.google.fr/search?q=formations+Hurence&oe=utf-8&rls=org.mozilla%3Afr%3Aofficial&client=firefox-a&gws_rd=cr&oq=formations+Hurence&gs_l=heirloom-serp.3...29170.30857.0.31014.11.11.0.0.0.2.145.854.9j2.11.0....0...1ac.1.24.heirloom-serp..9.2.160.MLc0gw29DNY" "Mozilla/5.0 (Windows; U; Windows NT 6.1; fr; rv:1.9.2.24) Gecko/20111103 Firefox/3.6.24"
103.246.38.196 - - [14/Oct/2013:11:38:30 +0200] "GET /node/43?lang=fr HTTP/1.1" 200 31042 "-" "Mozilla/4.0 (compatible; MSIE 7.0; Windows NT 5.1; InfoPath.1; .NET CLR 2.0.50727; .NET CLR 1.1.4322; MS-RTC LM 8; .NET CLR 3.0.4506.2152; .NET CLR 3.5.30729)"
192.44.63.165 - - [14/Oct/2013:11:38:33 +0200] "GET /node/43?lang=fr HTTP/1.1" 200 6637 "http://www.hurence.com/node/104?lang=fr" "Mozilla/5.0 (Windows; U; Windows NT 6.1; fr; rv:1.9.2.24) Gecko/20111103 Firefox/3.6.24"
192.44.63.165 - - [14/Oct/2013:11:38:36 +0200] "GET /sites/default/files/Hive-final.jpg HTTP/1.1" 200 39358 "http://www.hurence.com/node/43?lang=fr" "Mozilla/5.0 (Windows; U; Windows NT 6.1; fr; rv:1.9.2.24) Gecko/20111103 Firefox/3.6.24"
192.44.63.165 - - [14/Oct/2013:11:38:36 +0200] "GET /sites/default/files/Pig-final.jpg HTTP/1.1" 200 39270 "http://www.hurence.com/node/43?lang=fr" "Mozilla/5.0 (Windows; U; Windows NT 6.1; fr; rv:1.9.2.24) Gecko/20111103 Firefox/3.6.24"
192.44.63.165 - - [14/Oct/2013:11:38:36 +0200] "GET /sites/default/files/HBase-final.jpg HTTP/1.1" 200 37603 "http://www.hurence.com/node/43?lang=fr" "Mozilla/5.0 (Windows; U; Windows NT 6.1; fr; rv:1.9.2.24) Gecko/20111103 Firefox/3.6.24"
192.44.63.165 - - [14/Oct/2013:11:38:36 +0200] "GET /sites/default/files/Hadoop-final.jpg HTTP/1.1" 200 40046 "http://www.hurence.com/node/43?lang=fr" "Mozilla/5.0 (Windows; U; Windows NT 6.1; fr; rv:1.9.2.24) Gecko/20111103 Firefox/3.6.24"
192.44.63.165 - - [14/Oct/2013:11:38:36 +0200] "GET /sites/default/files/Membase-final.jpg HTTP/1.1" 200 34919 "http://www.hurence.com/node/43?lang=fr" "Mozilla/5.0 (Windows; U; Windows NT 6.1; fr; rv:1.9.2.24) Gecko/20111103 Firefox/3.6.24"
103.246.38.196 - - [14/Oct/2013:11:38:55 +0200] "GET /node/41?lang=fr HTTP/1.1" 200 30888 "-" "Mozilla/4.0 (compatible; MSIE 7.0; Windows NT 5.1; InfoPath.1; .NET CLR 2.0.50727; .NET CLR 1.1.4322; MS-RTC LM 8; .NET CLR 3.0.4506.2152; .NET CLR 3.5.30729)"
192.44.63.165 - - [14/Oct/2013:11:38:58 +0200] "GET /node/41?lang=fr HTTP/1.1" 200 6757 "http://www.hurence.com/node/43?lang=fr" "Mozilla/5.0 (Windows; U; Windows NT 6.1; fr; rv:1.9.2.24) Gecko/20111103 Firefox/3.6.24"
192.44.63.165 - - [14/Oct/2013:11:39:01 +0200] "GET /node/41?lang=fr HTTP/1.1" 200 6757 "http://www.hurence.com/node/41?lang=fr" "Mozilla/5.0 (Windows; U; Windows NT 6.1; fr; rv:1.9.2.24) Gecko/20111103 Firefox/3.6.24"
103.246.38.196 - - [14/Oct/2013:11:39:15 +0200] "GET /node/106?lang=fr HTTP/1.1" 200 32520 "-" "Mozilla/4.0 (compatible; MSIE 7.0; Windows NT 5.1; InfoPath.1; .NET CLR 2.0.50727; .NET CLR 1.1.4322; MS-RTC LM 8; .NET CLR 3.0.4506.2152; .NET CLR 3.5.30729)"
192.44.63.165 - - [14/Oct/2013:11:39:18 +0200] "GET /node/106?lang=fr HTTP/1.1" 200 6929 "http://www.hurence.com/node/41?lang=fr" "Mozilla/5.0 (Windows; U; Windows NT 6.1; fr; rv:1.9.2.24) Gecko/20111103 Firefox/3.6.24"
208.115.111.71 - - [14/Oct/2013:11:39:19 +0200] "GET /node/40?lang=en HTTP/1.1" 200 30147 "-" "Mozilla/5.0 (compatible; Ezooms/1.0; ezooms.bot@gmail.com)"
192.44.63.165 - - [14/Oct/2013:11:39:32 +0200] "GET /node/41?lang=fr HTTP/1.1" 200 6754 "http://www.hurence.com/node/106?lang=fr" "Mozilla/5.0 (Windows; U; Windows NT 6.1; fr; rv:1.9.2.24) Gecko/20111103 Firefox/3.6.24"
208.115.111.71 - - [14/Oct/2013:11:39:34 +0200] "GET /node/70?lang=en HTTP/1.1" 200 29481 "-" "Mozilla/5.0 (compatible; Ezooms/1.0; ezooms.bot@gmail.com)"
103.246.38.196 - - [14/Oct/2013:11:39:34 +0200] "GET /node/108?lang=fr HTTP/1.1" 200 32674 "-" "Mozilla/4.0 (compatible; MSIE 7.0; Windows NT 5.1; InfoPath.1; .NET CLR 2.0.50727; .NET CLR 1.1.4322; MS-RTC LM 8; .NET CLR 3.0.4506.2152; .NET CLR 3.5.30729)"
192.44.63.165 - - [14/Oct/2013:11:39:37 +0200] "GET /node/108?lang=fr HTTP/1.1" 200 6848 "http://www.hurence.com/node/106?lang=fr" "Mozilla/5.0 (Windows; U; Windows NT 6.1; fr; rv:1.9.2.24) Gecko/20111103 Firefox/3.6.24"
5.63.145.68 - - [14/Oct/2013:11:39:39 +0200] "HEAD / HTTP/1.1" 200 468 "-" "checks.panopta.com"
208.115.111.71 - - [14/Oct/2013:11:39:47 +0200] "GET /rss.xml?lang=fr HTTP/1.1" 200 14174 "-" "Mozilla/5.0 (compatible; Ezooms/1.0; ezooms.bot@gmail.com)"
103.246.38.196 - - [14/Oct/2013:11:39:53 +0200] "GET /node/105?lang=fr HTTP/1.1" 200 31803 "-" "Mozilla/4.0 (compatible; MSIE 7.0; Windows NT 5.1; InfoPath.1; .NET CLR 2.0.50727; .NET CLR 1.1.4322; MS-RTC LM 8; .NET CLR 3.0.4506.2152; .NET CLR 3.5.30729)"
192.44.63.165 - - [14/Oct/2013:11:39:56 +0200] "GET /node/105?lang=fr HTTP/1.1" 200 6803 "http://www.hurence.com/node/108?lang=fr" "Mozilla/5.0 (Windows; U; Windows NT 6.1; fr; rv:1.9.2.24) Gecko/20111103 Firefox/3.6.24"
208.115.111.71 - - [14/Oct/2013:11:39:58 +0200] "GET /node/132?lang=en HTTP/1.1" 200 26106 "-" "Mozilla/5.0 (compatible; Ezooms/1.0; ezooms.bot@gmail.com)"
192.44.63.165 - - [14/Oct/2013:11:40:05 +0200] "GET /node/106?lang=fr HTTP/1.1" 200 6929 "http://www.hurence.com/node/105?lang=fr" "Mozilla/5.0 (Windows; U; Windows NT 6.1; fr; rv:1.9.2.24) Gecko/20111103 Firefox/3.6.24"
103.246.38.196 - - [14/Oct/2013:11:40:17 +0200] "GET /node/103?lang=fr HTTP/1.1" 200 32568 "-" "Mozilla/4.0 (compatible; MSIE 7.0; Windows NT 5.1; InfoPath.1; .NET CLR 2.0.50727; .NET CLR 1.1.4322; MS-RTC LM 8; .NET CLR 3.0.4506.2152; .NET CLR 3.5.30729)"
192.44.63.165 - - [14/Oct/2013:11:40:20 +0200] "GET /node/103?lang=fr HTTP/1.1" 200 7099 "http://www.hurence.com/node/106?lang=fr" "Mozilla/5.0 (Windows; U; Windows NT 6.1; fr; rv:1.9.2.24) Gecko/20111103 Firefox/3.6.24"
188.240.35.66 - - [14/Oct/2013:11:40:28 +0200] "GET / HTTP/1.0" 200 18824 "-" "-"
80.72.38.54 - - [14/Oct/2013:11:43:35 +0200] "GET /?q=user/register HTTP/1.1" 200 5321 "http://hurence.com/" "Mozilla/5.0 (X11; Ubuntu; Linux i686; rv:22.0) Gecko/20100101 Firefox/22.0"
80.72.38.54 - - [14/Oct/2013:11:43:35 +0200] "GET /?q=node/add HTTP/1.1" 403 4817 "http://hurence.com/" "Mozilla/5.0 (X11; Ubuntu; Linux i686; rv:22.0) Gecko/20100101 Firefox/22.0"
80.72.38.54 - - [14/Oct/2013:11:43:35 +0200] "GET /?q=user/register HTTP/1.1" 200 5328 "http://hurence.com/?q=node/add" "Mozilla/5.0 (X11; Ubuntu; Linux i686; rv:22.0) Gecko/20100101 Firefox/22.0"
80.72.38.54 - - [14/Oct/2013:11:43:36 +0200] "POST /?q=user/register HTTP/1.1" 302 674 "http://hurence.com/?q=user/register" "Mozilla/5.0 (X11; Ubuntu; Linux i686; rv:22.0) Gecko/20100101 Firefox/22.0"
192.184.85.116 - - [14/Oct/2013:11:43:36 +0200] "GET /node/3 HTTP/1.0" 200 6678 "http://www.hurence.com/" "Mozilla/5.0 (X11; Ubuntu; Linux i686; rv:22.0) Gecko/20100101 Firefox/22.0"
80.72.38.54 - - [14/Oct/2013:11:43:36 +0200] "GET / HTTP/1.1" 200 6711 "http://hurence.com/?q=user/register" "Mozilla/5.0 (X11; Ubuntu; Linux i686; rv:22.0) Gecko/20100101 Firefox/22.0"
80.72.38.54 - - [14/Oct/2013:11:43:38 +0200] "GET /?q=user HTTP/1.1" 200 5093 "http://hurence.com/" "Mozilla/5.0 (X11; Ubuntu; Linux i686; rv:22.0) Gecko/20100101 Firefox/22.0"
192.184.85.116 - - [14/Oct/2013:11:43:38 +0200] "GET /?q=node/add HTTP/1.0" 403 4788 "http://www.hurence.com/" "Mozilla/5.0 (X11; Ubuntu; Linux i686; rv:22.0) Gecko/20100101 Firefox/22.0"
80.72.38.54 - - [14/Oct/2013:11:43:38 +0200] "POST /?q=user HTTP/1.1" 200 5164 "http://hurence.com/?q=user" "Mozilla/5.0 (X11; Ubuntu; Linux i686; rv:22.0) Gecko/20100101 Firefox/22.0"
192.184.85.116 - - [14/Oct/2013:11:43:38 +0200] "GET /?q=user/register HTTP/1.0" 200 5332 "http://www.hurence.com/?q=node/add" "Mozilla/5.0 (X11; Ubuntu; Linux i686; rv:22.0) Gecko/20100101 Firefox/22.0"
192.184.85.116 - - [14/Oct/2013:11:43:39 +0200] "POST /?q=user/register HTTP/1.0" 302 678 "http://www.hurence.com/?q=user/register" "Mozilla/5.0 (X11; Ubuntu; Linux i686; rv:22.0) Gecko/20100101 Firefox/22.0"
192.184.85.116 - - [14/Oct/2013:11:43:40 +0200] "GET / HTTP/1.0" 200 6713 "http://www.hurence.com/?q=user/register" "Mozilla/5.0 (X11; Ubuntu; Linux i686; rv:22.0) Gecko/20100101 Firefox/22.0"
192.184.85.116 - - [14/Oct/2013:11:43:42 +0200] "GET /?q=user HTTP/1.0" 200 5096 "http://www.hurence.com/" "Mozilla/5.0 (X11; Ubuntu; Linux i686; rv:22.0) Gecko/20100101 Firefox/22.0"
192.184.85.116 - - [14/Oct/2013:11:43:43 +0200] "POST /?q=user HTTP/1.0" 200 5169 "http://www.hurence.com/?q=user" "Mozilla/5.0 (X11; Ubuntu; Linux i686; rv:22.0) Gecko/20100101 Firefox/22.0"
123.125.71.60 - - [14/Oct/2013:11:49:46 +0200] "GET / HTTP/1.1" 200 16060 "-" "Mozilla/5.0 (compatible; Baiduspider/2.0; +http://www.baidu.com/search/spider.html)"
220.181.108.85 - - [14/Oct/2013:11:52:16 +0200] "GET / HTTP/1.1" 200 16060 "-" "Mozilla/5.0 (compatible; Baiduspider/2.0; +http://www.baidu.com/search/spider.html)"
5.63.145.68 - - [14/Oct/2013:11:55:26 +0200] "HEAD / HTTP/1.1" 200 468 "-" "checks.panopta.com"
193.252.149.15 - - [14/Oct/2013:12:02:51 +0200] "GET /node/41?lang=fr HTTP/1.1" 200 6719 "-" "Mozilla/5.0 (Windows; U; Windows NT 5.1; fr; rv:1.8.1) VoilaBot BETA 1.2 (support.voilabot@orange-ftgroup.com)"
83.156.56.239 - - [14/Oct/2013:12:03:56 +0200] "GET / HTTP/1.1" 200 6361 "-" "Mozilla/5.0 (Windows NT 6.1; WOW64) AppleWebKit/537.36 (KHTML, like Gecko) Chrome/30.0.1599.69 Safari/537.36 OPR/17.0.1241.45"
83.156.56.239 - - [14/Oct/2013:12:03:58 +0200] "GET /modules/system/system.base.css?ls5cse HTTP/1.1" 200 2193 "http://www.hurence.com/" "Mozilla/5.0 (Windows NT 6.1; WOW64) AppleWebKit/537.36 (KHTML, like Gecko) Chrome/30.0.1599.69 Safari/537.36 OPR/17.0.1241.45"
83.156.56.239 - - [14/Oct/2013:12:03:58 +0200] "GET /modules/system/system.menus.css?ls5cse HTTP/1.1" 200 1001 "http://www.hurence.com/" "Mozilla/5.0 (Windows NT 6.1; WOW64) AppleWebKit/537.36 (KHTML, like Gecko) Chrome/30.0.1599.69 Safari/537.36 OPR/17.0.1241.45"
83.156.56.239 - - [14/Oct/2013:12:03:58 +0200] "GET /modules/system/system.messages.css?ls5cse HTTP/1.1" 200 721 "http://www.hurence.com/" "Mozilla/5.0 (Windows NT 6.1; WOW64) AppleWebKit/537.36 (KHTML, like Gecko) Chrome/30.0.1599.69 Safari/537.36 OPR/17.0.1241.45"
83.156.56.239 - - [14/Oct/2013:12:03:58 +0200] "GET /modules/system/system.theme.css?ls5cse HTTP/1.1" 200 1561 "http://www.hurence.com/" "Mozilla/5.0 (Windows NT 6.1; WOW64) AppleWebKit/537.36 (KHTML, like Gecko) Chrome/30.0.1599.69 Safari/537.36 OPR/17.0.1241.45"
83.156.56.239 - - [14/Oct/2013:12:03:58 +0200] "GET /modules/comment/comment.css?ls5cse HTTP/1.1" 200 481 "http://www.hurence.com/" "Mozilla/5.0 (Windows NT 6.1; WOW64) AppleWebKit/537.36 (KHTML, like Gecko) Chrome/30.0.1599.69 Safari/537.36 OPR/17.0.1241.45"
83.156.56.239 - - [14/Oct/2013:12:03:58 +0200] "GET /modules/field/theme/field.css?ls5cse HTTP/1.1" 200 575 "http://www.hurence.com/" "Mozilla/5.0 (Windows NT 6.1; WOW64) AppleWebKit/537.36 (KHTML, like Gecko) Chrome/30.0.1599.69 Safari/537.36 OPR/17.0.1241.45"
83.156.56.239 - - [14/Oct/2013:12:03:58 +0200] "GET /modules/node/node.css?ls5cse HTTP/1.1" 200 448 "http://www.hurence.com/" "Mozilla/5.0 (Windows NT 6.1; WOW64) AppleWebKit/537.36 (KHTML, like Gecko) Chrome/30.0.1599.69 Safari/537.36 OPR/17.0.1241.45"
83.156.56.239 - - [14/Oct/2013:12:03:58 +0200] "GET /modules/search/search.css?ls5cse HTTP/1.1" 200 571 "http://www.hurence.com/" "Mozilla/5.0 (Windows NT 6.1; WOW64) AppleWebKit/537.36 (KHTML, like Gecko) Chrome/30.0.1599.69 Safari/537.36 OPR/17.0.1241.45"
83.156.56.239 - - [14/Oct/2013:12:03:58 +0200] "GET /modules/user/user.css?ls5cse HTTP/1.1" 200 1036 "http://www.hurence.com/" "Mozilla/5.0 (Windows NT 6.1; WOW64) AppleWebKit/537.36 (KHTML, like Gecko) Chrome/30.0.1599.69 Safari/537.36 OPR/17.0.1241.45"
83.156.56.239 - - [14/Oct/2013:12:03:58 +0200] "GET /sites/all/modules/views/css/views.css?ls5cse HTTP/1.1" 200 648 "http://www.hurence.com/" "Mozilla/5.0 (Windows NT 6.1; WOW64) AppleWebKit/537.36 (KHTML, like Gecko) Chrome/30.0.1599.69 Safari/537.36 OPR/17.0.1241.45"
83.156.56.239 - - [14/Oct/2013:12:03:58 +0200] "GET /sites/all/modules/ctools/css/ctools.css?ls5cse HTTP/1.1" 200 591 "http://www.hurence.com/" "Mozilla/5.0 (Windows NT 6.1; WOW64) AppleWebKit/537.36 (KHTML, like Gecko) Chrome/30.0.1599.69 Safari/537.36 OPR/17.0.1241.45"
83.156.56.239 - - [14/Oct/2013:12:03:58 +0200] "GET /sites/all/modules/featured_content/featured_content.css?ls5cse HTTP/1.1" 200 478 "http://www.hurence.com/" "Mozilla/5.0 (Windows NT 6.1; WOW64) AppleWebKit/537.36 (KHTML, like Gecko) Chrome/30.0.1599.69 Safari/537.36 OPR/17.0.1241.45"
83.156.56.239 - - [14/Oct/2013:12:03:58 +0200] "GET /sites/all/modules/megamenu/megamenu.css?ls5cse HTTP/1.1" 200 1618 "http://www.hurence.com/" "Mozilla/5.0 (Windows NT 6.1; WOW64) AppleWebKit/537.36 (KHTML, like Gecko) Chrome/30.0.1599.69 Safari/537.36 OPR/17.0.1241.45"
83.156.56.239 - - [14/Oct/2013:12:03:58 +0200] "GET /sites/all/modules/megamenu/megamenu-skins.css?ls5cse HTTP/1.1" 200 356 "http://www.hurence.com/" "Mozilla/5.0 (Windows NT 6.1; WOW64) AppleWebKit/537.36 (KHTML, like Gecko) Chrome/30.0.1599.69 Safari/537.36 OPR/17.0.1241.45"
83.156.56.239 - - [14/Oct/2013:12:03:58 +0200] "GET /sites/all/modules/simplenews/simplenews.css?ls5cse HTTP/1.1" 200 574 "http://www.hurence.com/" "Mozilla/5.0 (Windows NT 6.1; WOW64) AppleWebKit/537.36 (KHTML, like Gecko) Chrome/30.0.1599.69 Safari/537.36 OPR/17.0.1241.45"
83.156.56.239 - - [14/Oct/2013:12:03:58 +0200] "GET /modules/locale/locale.css?ls5cse HTTP/1.1" 200 751 "http://www.hurence.com/" "Mozilla/5.0 (Windows NT 6.1; WOW64) AppleWebKit/537.36 (KHTML, like Gecko) Chrome/30.0.1599.69 Safari/537.36 OPR/17.0.1241.45"
83.156.56.239 - - [14/Oct/2013:12:03:58 +0200] "GET /sites/all/themes/hurence/css/html-reset.css?ls5cse HTTP/1.1" 200 3350 "http://www.hurence.com/" "Mozilla/5.0 (Windows NT 6.1; WOW64) AppleWebKit/537.36 (KHTML, like Gecko) Chrome/30.0.1599.69 Safari/537.36 OPR/17.0.1241.45"
83.156.56.239 - - [14/Oct/2013:12:03:58 +0200] "GET /sites/all/themes/hurence/css/wireframes.css?ls5cse HTTP/1.1" 200 532 "http://www.hurence.com/" "Mozilla/5.0 (Windows NT 6.1; WOW64) AppleWebKit/537.36 (KHTML, like Gecko) Chrome/30.0.1599.69 Safari/537.36 OPR/17.0.1241.45"
83.156.56.239 - - [14/Oct/2013:12:03:58 +0200] "GET /sites/all/themes/hurence/css/layout-fixed.css?ls5cse HTTP/1.1" 200 1924 "http://www.hurence.com/" "Mozilla/5.0 (Windows NT 6.1; WOW64) AppleWebKit/537.36 (KHTML, like Gecko) Chrome/30.0.1599.69 Safari/537.36 OPR/17.0.1241.45"
83.156.56.239 - - [14/Oct/2013:12:03:58 +0200] "GET /sites/all/themes/hurence/css/page-backgrounds.css?ls5cse HTTP/1.1" 200 721 "http://www.hurence.com/" "Mozilla/5.0 (Windows NT 6.1; WOW64) AppleWebKit/537.36 (KHTML, like Gecko) Chrome/30.0.1599.69 Safari/537.36 OPR/17.0.1241.45"
83.156.56.239 - - [14/Oct/2013:12:03:58 +0200] "GET /sites/all/themes/hurence/css/tabs.css?ls5cse HTTP/1.1" 200 1058 "http://www.hurence.com/" "Mozilla/5.0 (Windows NT 6.1; WOW64) AppleWebKit/537.36 (KHTML, like Gecko) Chrome/30.0.1599.69 Safari/537.36 OPR/17.0.1241.45"
83.156.56.239 - - [14/Oct/2013:12:03:58 +0200] "GET /sites/all/themes/hurence/css/pages.css?ls5cse HTTP/1.1" 200 2219 "http://www.hurence.com/" "Mozilla/5.0 (Windows NT 6.1; WOW64) AppleWebKit/537.36 (KHTML, like Gecko) Chrome/30.0.1599.69 Safari/537.36 OPR/17.0.1241.45"
83.156.56.239 - - [14/Oct/2013:12:03:58 +0200] "GET /sites/all/themes/hurence/css/blocks.css?ls5cse HTTP/1.1" 200 1869 "http://www.hurence.com/" "Mozilla/5.0 (Windows NT 6.1; WOW64) AppleWebKit/537.36 (KHTML, like Gecko) Chrome/30.0.1599.69 Safari/537.36 OPR/17.0.1241.45"
83.156.56.239 - - [14/Oct/2013:12:03:58 +0200] "GET /sites/all/themes/hurence/css/navigation.css?ls5cse HTTP/1.1" 200 806 "http://www.hurence.com/" "Mozilla/5.0 (Windows NT 6.1; WOW64) AppleWebKit/537.36 (KHTML, like Gecko) Chrome/30.0.1599.69 Safari/537.36 OPR/17.0.1241.45"
83.156.56.239 - - [14/Oct/2013:12:03:58 +0200] "GET /sites/all/themes/hurence/css/views-styles.css?ls5cse HTTP/1.1" 200 389 "http://www.hurence.com/" "Mozilla/5.0 (Windows NT 6.1; WOW64) AppleWebKit/537.36 (KHTML, like Gecko) Chrome/30.0.1599.69 Safari/537.36 OPR/17.0.1241.45"
83.156.56.239 - - [14/Oct/2013:12:03:58 +0200] "GET /sites/all/themes/hurence/css/nodes.css?ls5cse HTTP/1.1" 200 1115 "http://www.hurence.com/" "Mozilla/5.0 (Windows NT 6.1; WOW64) AppleWebKit/537.36 (KHTML, like Gecko) Chrome/30.0.1599.69 Safari/537.36 OPR/17.0.1241.45"
83.156.56.239 - - [14/Oct/2013:12:03:58 +0200] "GET /sites/all/themes/hurence/css/comments.css?ls5cse HTTP/1.1" 200 1019 "http://www.hurence.com/" "Mozilla/5.0 (Windows NT 6.1; WOW64) AppleWebKit/537.36 (KHTML, like Gecko) Chrome/30.0.1599.69 Safari/537.36 OPR/17.0.1241.45"
83.156.56.239 - - [14/Oct/2013:12:03:58 +0200] "GET /sites/all/themes/hurence/css/forms.css?ls5cse HTTP/1.1" 200 1397 "http://www.hurence.com/" "Mozilla/5.0 (Windows NT 6.1; WOW64) AppleWebKit/537.36 (KHTML, like Gecko) Chrome/30.0.1599.69 Safari/537.36 OPR/17.0.1241.45"
83.156.56.239 - - [14/Oct/2013:12:03:58 +0200] "GET /sites/all/themes/hurence/css/fields.css?ls5cse HTTP/1.1" 200 700 "http://www.hurence.com/" "Mozilla/5.0 (Windows NT 6.1; WOW64) AppleWebKit/537.36 (KHTML, like Gecko) Chrome/30.0.1599.69 Safari/537.36 OPR/17.0.1241.45"
83.156.56.239 - - [14/Oct/2013:12:03:58 +0200] "GET /sites/all/themes/hurence/css/print.css?ls5cse HTTP/1.1" 200 979 "http://www.hurence.com/" "Mozilla/5.0 (Windows NT 6.1; WOW64) AppleWebKit/537.36 (KHTML, like Gecko) Chrome/30.0.1599.69 Safari/537.36 OPR/17.0.1241.45"
83.156.56.239 - - [14/Oct/2013:12:03:58 +0200] "GET /sites/all/themes/hurence/css/hurence.css?ls5cse HTTP/1.1" 200 688 "http://www.hurence.com/" "Mozilla/5.0 (Windows NT 6.1; WOW64) AppleWebKit/537.36 (KHTML, like Gecko) Chrome/30.0.1599.69 Safari/537.36 OPR/17.0.1241.45"
83.156.56.239 - - [14/Oct/2013:12:03:58 +0200] "GET /sites/all/themes/hurence/css/megamenu-hurence.css?ls5cse HTTP/1.1" 200 1725 "http://www.hurence.com/" "Mozilla/5.0 (Windows NT 6.1; WOW64) AppleWebKit/537.36 (KHTML, like Gecko) Chrome/30.0.1599.69 Safari/537.36 OPR/17.0.1241.45"
83.156.56.239 - - [14/Oct/2013:12:03:58 +0200] "GET /misc/jquery.once.js?v=1.2 HTTP/1.1" 200 1420 "http://www.hurence.com/" "Mozilla/5.0 (Windows NT 6.1; WOW64) AppleWebKit/537.36 (KHTML, like Gecko) Chrome/30.0.1599.69 Safari/537.36 OPR/17.0.1241.45"
83.156.56.239 - - [14/Oct/2013:12:03:58 +0200] "GET /misc/jquery.js?v=1.4.4 HTTP/1.1" 200 27431 "http://www.hurence.com/" "Mozilla/5.0 (Windows NT 6.1; WOW64) AppleWebKit/537.36 (KHTML, like Gecko) Chrome/30.0.1599.69 Safari/537.36 OPR/17.0.1241.45"
83.156.56.239 - - [14/Oct/2013:12:03:58 +0200] "GET /misc/drupal.js?ls5cse HTTP/1.1" 200 4882 "http://www.hurence.com/" "Mozilla/5.0 (Windows NT 6.1; WOW64) AppleWebKit/537.36 (KHTML, like Gecko) Chrome/30.0.1599.69 Safari/537.36 OPR/17.0.1241.45"
83.156.56.239 - - [14/Oct/2013:12:03:58 +0200] "GET /sites/all/modules/featured_content/featured_content.js?ls5cse HTTP/1.1" 200 1074 "http://www.hurence.com/" "Mozilla/5.0 (Windows NT 6.1; WOW64) AppleWebKit/537.36 (KHTML, like Gecko) Chrome/30.0.1599.69 Safari/537.36 OPR/17.0.1241.45"
83.156.56.239 - - [14/Oct/2013:12:03:58 +0200] "GET /sites/all/modules/megamenu/megamenu.js?ls5cse HTTP/1.1" 200 1758 "http://www.hurence.com/" "Mozilla/5.0 (Windows NT 6.1; WOW64) AppleWebKit/537.36 (KHTML, like Gecko) Chrome/30.0.1599.69 Safari/537.36 OPR/17.0.1241.45"
83.156.56.239 - - [14/Oct/2013:12:03:58 +0200] "GET /sites/all/themes/hurence/js/hurence.js?ls5cse HTTP/1.1" 200 806 "http://www.hurence.com/" "Mozilla/5.0 (Windows NT 6.1; WOW64) AppleWebKit/537.36 (KHTML, like Gecko) Chrome/30.0.1599.69 Safari/537.36 OPR/17.0.1241.45"
83.156.56.239 - - [14/Oct/2013:12:03:58 +0200] "GET /sites/all/modules/views/js/jquery.ui.dialog.patch.js?ls5cse HTTP/1.1" 200 914 "http://www.hurence.com/" "Mozilla/5.0 (Windows NT 6.1; WOW64) AppleWebKit/537.36 (KHTML, like Gecko) Chrome/30.0.1599.69 Safari/537.36 OPR/17.0.1241.45"
83.156.56.239 - - [14/Oct/2013:12:03:58 +0200] "GET /sites/all/themes/hurence/logo.png HTTP/1.1" 200 5065 "http://www.hurence.com/" "Mozilla/5.0 (Windows NT 6.1; WOW64) AppleWebKit/537.36 (KHTML, like Gecko) Chrome/30.0.1599.69 Safari/537.36 OPR/17.0.1241.45"
83.156.56.239 - - [14/Oct/2013:12:03:58 +0200] "GET /sites/default/files/styles/white_paper_logo/public/hadoop-logo.jpg HTTP/1.1" 200 2436 "http://www.hurence.com/" "Mozilla/5.0 (Windows NT 6.1; WOW64) AppleWebKit/537.36 (KHTML, like Gecko) Chrome/30.0.1599.69 Safari/537.36 OPR/17.0.1241.45"
83.156.56.239 - - [14/Oct/2013:12:03:58 +0200] "GET /modules/file/icons/application-pdf.png HTTP/1.1" 200 639 "http://www.hurence.com/" "Mozilla/5.0 (Windows NT 6.1; WOW64) AppleWebKit/537.36 (KHTML, like Gecko) Chrome/30.0.1599.69 Safari/537.36 OPR/17.0.1241.45"
83.156.56.239 - - [14/Oct/2013:12:03:58 +0200] "GET /misc/feed.png HTTP/1.1" 200 949 "http://www.hurence.com/" "Mozilla/5.0 (Windows NT 6.1; WOW64) AppleWebKit/537.36 (KHTML, like Gecko) Chrome/30.0.1599.69 Safari/537.36 OPR/17.0.1241.45"
83.156.56.239 - - [14/Oct/2013:12:03:58 +0200] "GET /sites/all/themes/hurence/images/bg_header.gif HTTP/1.1" 200 559 "http://www.hurence.com/" "Mozilla/5.0 (Windows NT 6.1; WOW64) AppleWebKit/537.36 (KHTML, like Gecko) Chrome/30.0.1599.69 Safari/537.36 OPR/17.0.1241.45"
83.156.56.239 - - [14/Oct/2013:12:03:58 +0200] "GET /sites/all/themes/hurence/images/bg_header-inner.jpg HTTP/1.1" 200 8925 "http://www.hurence.com/" "Mozilla/5.0 (Windows NT 6.1; WOW64) AppleWebKit/537.36 (KHTML, like Gecko) Chrome/30.0.1599.69 Safari/537.36 OPR/17.0.1241.45"
83.156.56.239 - - [14/Oct/2013:12:03:58 +0200] "GET /sites/default/files/en.jpg HTTP/1.1" 200 3136 "http://www.hurence.com/" "Mozilla/5.0 (Windows NT 6.1; WOW64) AppleWebKit/537.36 (KHTML, like Gecko) Chrome/30.0.1599.69 Safari/537.36 OPR/17.0.1241.45"
83.156.56.239 - - [14/Oct/2013:12:03:58 +0200] "GET /sites/default/files/fr.jpg HTTP/1.1" 200 3176 "http://www.hurence.com/" "Mozilla/5.0 (Windows NT 6.1; WOW64) AppleWebKit/537.36 (KHTML, like Gecko) Chrome/30.0.1599.69 Safari/537.36 OPR/17.0.1241.45"
83.156.56.239 - - [14/Oct/2013:12:03:58 +0200] "GET /sites/default/files/mail.png HTTP/1.1" 200 4030 "http://www.hurence.com/" "Mozilla/5.0 (Windows NT 6.1; WOW64) AppleWebKit/537.36 (KHTML, like Gecko) Chrome/30.0.1599.69 Safari/537.36 OPR/17.0.1241.45"
83.156.56.239 - - [14/Oct/2013:12:03:58 +0200] "GET /sites/default/files/Twitter-24x24.png HTTP/1.1" 200 1869 "http://www.hurence.com/" "Mozilla/5.0 (Windows NT 6.1; WOW64) AppleWebKit/537.36 (KHTML, like Gecko) Chrome/30.0.1599.69 Safari/537.36 OPR/17.0.1241.45"
83.156.56.239 - - [14/Oct/2013:12:03:58 +0200] "GET /sites/default/files/Facebook-24x24.png HTTP/1.1" 200 1725 "http://www.hurence.com/" "Mozilla/5.0 (Windows NT 6.1; WOW64) AppleWebKit/537.36 (KHTML, like Gecko) Chrome/30.0.1599.69 Safari/537.36 OPR/17.0.1241.45"
83.156.56.239 - - [14/Oct/2013:12:03:58 +0200] "GET /sites/default/files/HurenceBannier.png HTTP/1.1" 200 388732 "http://www.hurence.com/" "Mozilla/5.0 (Windows NT 6.1; WOW64) AppleWebKit/537.36 (KHTML, like Gecko) Chrome/30.0.1599.69 Safari/537.36 OPR/17.0.1241.45"
83.156.56.239 - - [14/Oct/2013:12:03:59 +0200] "GET /sites/default/files/favicon.png HTTP/1.1" 200 3880 "-" "Mozilla/5.0 (Windows NT 6.1; WOW64) AppleWebKit/537.36 (KHTML, like Gecko) Chrome/30.0.1599.69 Safari/537.36 OPR/17.0.1241.45"
127.0.0.1 - - [14/Oct/2013:12:04:16 +0200] "OPTIONS * HTTP/1.0" 200 152 "-" "Apache/2.2.17 (Ubuntu) (internal dummy connection)"
83.156.56.239 - - [14/Oct/2013:12:04:56 +0200] "GET /node/13 HTTP/1.1" 200 6791 "http://www.hurence.com/" "Mozilla/5.0 (Windows NT 6.1; WOW64) AppleWebKit/537.36 (KHTML, like Gecko) Chrome/30.0.1599.69 Safari/537.36 OPR/17.0.1241.45"
66.249.81.206 - - [14/Oct/2013:12:10:30 +0200] "GET / HTTP/1.1" 200 6371 "-" "Mozilla/5.0 (Windows NT 6.1; rv:6.0) Gecko/20110814 Firefox/6.0 Google (+https://developers.google.com/+/web/snippet/)"
66.249.81.206 - - [14/Oct/2013:12:10:32 +0200] "GET /sites/default/files/favicon.png HTTP/1.1" 200 3880 "-" "Mozilla/5.0 (Windows NT 6.1; rv:6.0) Gecko/20110814 Firefox/6.0 Google (+https://developers.google.com/+/web/snippet/)"
5.63.145.68 - - [14/Oct/2013:12:11:04 +0200] "HEAD / HTTP/1.1" 200 468 "-" "checks.panopta.com"
108.178.29.211 - - [14/Oct/2013:12:12:23 +0200] "GET /node/3 HTTP/1.0" 200 6679 "http://www.hurence.com/" "Mozilla/5.0 (X11; Ubuntu; Linux i686; rv:22.0) Gecko/20100101 Firefox/22.0"
108.178.29.211 - - [14/Oct/2013:12:12:47 +0200] "GET /?q=user/register HTTP/1.0" 200 5334 "http://www.hurence.com/node/3" "Mozilla/5.0 (X11; Ubuntu; Linux i686; rv:22.0) Gecko/20100101 Firefox/22.0"
108.178.29.211 - - [14/Oct/2013:12:12:48 +0200] "POST /?q=user/register HTTP/1.0" 302 678 "http://www.hurence.com/?q=user/register" "Mozilla/5.0 (X11; Ubuntu; Linux i686; rv:22.0) Gecko/20100101 Firefox/22.0"
108.178.29.211 - - [14/Oct/2013:12:12:49 +0200] "GET / HTTP/1.0" 200 6717 "http://www.hurence.com/?q=user/register" "Mozilla/5.0 (X11; Ubuntu; Linux i686; rv:22.0) Gecko/20100101 Firefox/22.0"
108.178.29.211 - - [14/Oct/2013:12:12:52 +0200] "GET /?q=user HTTP/1.0" 200 5098 "http://www.hurence.com/" "Mozilla/5.0 (X11; Ubuntu; Linux i686; rv:22.0) Gecko/20100101 Firefox/22.0"
108.178.29.211 - - [14/Oct/2013:12:12:53 +0200] "POST /?q=user HTTP/1.0" 200 5166 "http://www.hurence.com/?q=user" "Mozilla/5.0 (X11; Ubuntu; Linux i686; rv:22.0) Gecko/20100101 Firefox/22.0"
5.10.83.11 - - [14/Oct/2013:12:15:39 +0200] "GET /node/59?lang=en HTTP/1.1" 200 6425 "-" "Mozilla/5.0 (compatible; AhrefsBot/5.0; +http://ahrefs.com/robot/)"
193.252.118.167 - - [14/Oct/2013:12:23:37 +0200] "GET /node/100?lang=fr HTTP/1.1" 200 6846 "-" "Mozilla/5.0 (Windows; U; Windows NT 5.1; fr; rv:1.8.1) VoilaBot BETA 1.2 (support.voilabot@orange-ftgroup.com)"
5.10.83.11 - - [14/Oct/2013:12:24:54 +0200] "GET /node/26 HTTP/1.1" 200 6556 "-" "Mozilla/5.0 (compatible; AhrefsBot/5.0; +http://ahrefs.com/robot/)"
5.63.145.68 - - [14/Oct/2013:12:26:44 +0200] "HEAD / HTTP/1.1" 200 468 "-" "checks.panopta.com"
66.249.66.235 - - [14/Oct/2013:12:31:23 +0200] "GET /sites/all/themes/hurence/css/megamenu-hurence.css?ls5cse HTTP/1.1" 200 1726 "-" "Mozilla/5.0 (compatible; Googlebot/2.1; +http://www.google.com/bot.html)"
66.249.66.213 - - [14/Oct/2013:12:31:38 +0200] "GET /robots.txt HTTP/1.1" 200 985 "-" "Mozilla/5.0 (compatible; Googlebot/2.1; +http://www.google.com/bot.html)"
5.10.83.11 - - [14/Oct/2013:12:32:55 +0200] "GET /taxonomy/term/1 HTTP/1.1" 200 4956 "-" "Mozilla/5.0 (compatible; AhrefsBot/5.0; +http://ahrefs.com/robot/)"
66.249.66.235 - - [14/Oct/2013:12:34:09 +0200] "GET /sites/all/themes/hurence/css/nodes.css?ls5cse HTTP/1.1" 200 1116 "-" "Mozilla/5.0 (compatible; Googlebot/2.1; +http://www.google.com/bot.html)"
209.85.238.70 - - [14/Oct/2013:12:36:23 +0200] "GET /rss.xml HTTP/1.1" 200 2983 "-" "Feedfetcher-Google; (+http://www.google.com/feedfetcher.html; 3 subscribers; feed-id=7225077890218036057)"
66.249.66.235 - - [14/Oct/2013:12:36:24 +0200] "GET /sites/all/themes/hurence/css/page-backgrounds.css?ls5cse HTTP/1.1" 200 722 "-" "Mozilla/5.0 (compatible; Googlebot/2.1; +http://www.google.com/bot.html)"
142.91.81.187 - - [14/Oct/2013:12:37:37 +0200] "GET /node/3 HTTP/1.0" 200 6677 "http://www.hurence.com/" "Mozilla/5.0 (X11; Ubuntu; Linux i686; rv:22.0) Gecko/20100101 Firefox/22.0"
142.91.81.187 - - [14/Oct/2013:12:37:40 +0200] "GET /?q=node/add HTTP/1.0" 403 4784 "http://www.hurence.com/" "Mozilla/5.0 (X11; Ubuntu; Linux i686; rv:22.0) Gecko/20100101 Firefox/22.0"
142.91.81.187 - - [14/Oct/2013:12:37:41 +0200] "GET /?q=user/register HTTP/1.0" 200 5329 "http://www.hurence.com/?q=node/add" "Mozilla/5.0 (X11; Ubuntu; Linux i686; rv:22.0) Gecko/20100101 Firefox/22.0"
142.91.81.187 - - [14/Oct/2013:12:37:42 +0200] "POST /?q=user/register HTTP/1.0" 302 678 "http://www.hurence.com/?q=user/register" "Mozilla/5.0 (X11; Ubuntu; Linux i686; rv:22.0) Gecko/20100101 Firefox/22.0"
142.91.81.187 - - [14/Oct/2013:12:37:43 +0200] "GET / HTTP/1.0" 200 6718 "http://www.hurence.com/?q=user/register" "Mozilla/5.0 (X11; Ubuntu; Linux i686; rv:22.0) Gecko/20100101 Firefox/22.0"
142.91.81.187 - - [14/Oct/2013:12:37:46 +0200] "GET /?q=user HTTP/1.0" 200 5099 "http://www.hurence.com/" "Mozilla/5.0 (X11; Ubuntu; Linux i686; rv:22.0) Gecko/20100101 Firefox/22.0"
142.91.81.187 - - [14/Oct/2013:12:37:47 +0200] "POST /?q=user HTTP/1.0" 200 5177 "http://www.hurence.com/?q=user" "Mozilla/5.0 (X11; Ubuntu; Linux i686; rv:22.0) Gecko/20100101 Firefox/22.0"
208.89.209.31 - - [14/Oct/2013:12:38:14 +0200] "GET /node/3 HTTP/1.0" 200 6680 "http://www.hurence.com/" "Mozilla/5.0 (X11; Ubuntu; Linux i686; rv:22.0) Gecko/20100101 Firefox/22.0"
208.89.209.31 - - [14/Oct/2013:12:38:17 +0200] "GET /?q=node/add HTTP/1.0" 403 4783 "http://www.hurence.com/" "Mozilla/5.0 (X11; Ubuntu; Linux i686; rv:22.0) Gecko/20100101 Firefox/22.0"
208.89.209.31 - - [14/Oct/2013:12:38:17 +0200] "GET /?q=user/register HTTP/1.0" 200 5332 "http://www.hurence.com/?q=node/add" "Mozilla/5.0 (X11; Ubuntu; Linux i686; rv:22.0) Gecko/20100101 Firefox/22.0"
208.89.209.31 - - [14/Oct/2013:12:38:18 +0200] "POST /?q=user/register HTTP/1.0" 302 678 "http://www.hurence.com/?q=user/register" "Mozilla/5.0 (X11; Ubuntu; Linux i686; rv:22.0) Gecko/20100101 Firefox/22.0"
208.89.209.31 - - [14/Oct/2013:12:38:19 +0200] "GET / HTTP/1.0" 200 6717 "http://www.hurence.com/?q=user/register" "Mozilla/5.0 (X11; Ubuntu; Linux i686; rv:22.0) Gecko/20100101 Firefox/22.0"
208.89.209.31 - - [14/Oct/2013:12:38:21 +0200] "GET /?q=user HTTP/1.0" 200 5094 "http://www.hurence.com/" "Mozilla/5.0 (X11; Ubuntu; Linux i686; rv:22.0) Gecko/20100101 Firefox/22.0"
208.89.209.31 - - [14/Oct/2013:12:38:22 +0200] "POST /?q=user HTTP/1.0" 200 5177 "http://www.hurence.com/?q=user" "Mozilla/5.0 (X11; Ubuntu; Linux i686; rv:22.0) Gecko/20100101 Firefox/22.0"
95.108.247.253 - - [14/Oct/2013:12:39:34 +0200] "GET /robots.txt HTTP/1.1" 200 1850 "-" "Mozilla/5.0 (compatible; YandexBot/3.0; +http://yandex.com/bots)"
95.108.247.253 - - [14/Oct/2013:12:39:35 +0200] "GET /robots.txt HTTP/1.1" 200 1849 "-" "Mozilla/5.0 (compatible; YandexBot/3.0; +http://yandex.com/bots)"
95.108.247.253 - - [14/Oct/2013:12:39:35 +0200] "GET /robots.txt HTTP/1.1" 200 1849 "-" "Mozilla/5.0 (compatible; YandexBot/3.0; +http://yandex.com/bots)"
208.115.113.87 - - [14/Oct/2013:12:39:45 +0200] "GET /robots.txt HTTP/1.1" 200 1793 "-" "Mozilla/5.0 (compatible; Ezooms/1.0; ezooms.bot@gmail.com)"
95.108.247.253 - - [14/Oct/2013:12:39:44 +0200] "GET / HTTP/1.1" 200 6395 "-" "Mozilla/5.0 (compatible; YandexBot/3.0; +http://yandex.com/bots)"
95.108.247.253 - - [14/Oct/2013:12:39:45 +0200] "GET / HTTP/1.1" 200 6359 "-" "Mozilla/5.0 (compatible; YandexBot/3.0; +http://yandex.com/bots)"
95.108.247.253 - - [14/Oct/2013:12:39:46 +0200] "GET / HTTP/1.1" 200 6359 "-" "Mozilla/5.0 (compatible; YandexBot/3.0; +http://yandex.com/bots)"
95.108.247.253 - - [14/Oct/2013:12:39:56 +0200] "GET /node/37 HTTP/1.1" 200 6394 "-" "Mozilla/5.0 (compatible; YandexBot/3.0; +http://yandex.com/bots)"
95.108.247.253 - - [14/Oct/2013:12:39:57 +0200] "GET /node/37 HTTP/1.1" 200 6357 "-" "Mozilla/5.0 (compatible; YandexBot/3.0; +http://yandex.com/bots)"
95.108.247.253 - - [14/Oct/2013:12:39:58 +0200] "GET /node/37 HTTP/1.1" 200 6359 "-" "Mozilla/5.0 (compatible; YandexBot/3.0; +http://yandex.com/bots)"
95.108.247.253 - - [14/Oct/2013:12:40:08 +0200] "GET / HTTP/1.1" 200 6393 "-" "Mozilla/5.0 (compatible; YandexBot/3.0; +http://yandex.com/bots)"
95.108.247.253 - - [14/Oct/2013:12:40:09 +0200] "GET / HTTP/1.1" 200 6361 "-" "Mozilla/5.0 (compatible; YandexBot/3.0; +http://yandex.com/bots)"
95.108.247.253 - - [14/Oct/2013:12:40:09 +0200] "GET / HTTP/1.1" 200 6359 "-" "Mozilla/5.0 (compatible; YandexBot/3.0; +http://yandex.com/bots)"
66.249.66.235 - - [14/Oct/2013:12:41:24 +0200] "GET /sites/all/themes/hurence/css/layout-fixed.css?ls5cse HTTP/1.1" 200 1925 "-" "Mozilla/5.0 (compatible; Googlebot/2.1; +http://www.google.com/bot.html)"
5.63.145.68 - - [14/Oct/2013:12:41:56 +0200] "HEAD / HTTP/1.1" 200 468 "-" "checks.panopta.com"
66.249.66.235 - - [14/Oct/2013:12:43:51 +0200] "GET /sites/all/themes/hurence/css/hurence.css?ls5cse HTTP/1.1" 200 689 "-" "Mozilla/5.0 (compatible; Googlebot/2.1; +http://www.google.com/bot.html)"
94.23.165.113 - - [14/Oct/2013:12:49:30 +0200] "GET / HTTP/1.1" 200 6357 "http://www.hurence.com/" "Mozilla/5.0 (X11; Ubuntu; Linux i686; rv:22.0) Gecko/20100101 Firefox/22.0"
5.39.20.182 - - [14/Oct/2013:12:49:32 +0200] "GET /?q=user HTTP/1.0" 200 5097 "http://www.hurence.com/" "Mozilla/5.0 (X11; Ubuntu; Linux i686; rv:22.0) Gecko/20100101 Firefox/22.0"
5.39.20.182 - - [14/Oct/2013:12:49:32 +0200] "POST /?q=user HTTP/1.0" 200 5174 "http://www.hurence.com/?q=user" "Mozilla/5.0 (X11; Ubuntu; Linux i686; rv:22.0) Gecko/20100101 Firefox/22.0"
108.178.41.59 - - [14/Oct/2013:12:50:10 +0200] "GET /node/3 HTTP/1.0" 200 6681 "http://www.hurence.com/" "Mozilla/5.0 (X11; Ubuntu; Linux i686; rv:22.0) Gecko/20100101 Firefox/22.0"
108.178.41.59 - - [14/Oct/2013:12:50:13 +0200] "GET /?q=node/add HTTP/1.0" 403 4782 "http://www.hurence.com/" "Mozilla/5.0 (X11; Ubuntu; Linux i686; rv:22.0) Gecko/20100101 Firefox/22.0"
108.178.41.59 - - [14/Oct/2013:12:50:15 +0200] "GET /?q=user/register HTTP/1.0" 200 5327 "http://www.hurence.com/?q=node/add" "Mozilla/5.0 (X11; Ubuntu; Linux i686; rv:22.0) Gecko/20100101 Firefox/22.0"
108.178.41.59 - - [14/Oct/2013:12:50:16 +0200] "POST /?q=user/register HTTP/1.0" 302 678 "http://www.hurence.com/?q=user/register" "Mozilla/5.0 (X11; Ubuntu; Linux i686; rv:22.0) Gecko/20100101 Firefox/22.0"
108.178.41.59 - - [14/Oct/2013:12:50:17 +0200] "GET / HTTP/1.0" 200 6714 "http://www.hurence.com/?q=user/register" "Mozilla/5.0 (X11; Ubuntu; Linux i686; rv:22.0) Gecko/20100101 Firefox/22.0"
108.178.41.59 - - [14/Oct/2013:12:50:19 +0200] "GET /?q=user HTTP/1.0" 200 5101 "http://www.hurence.com/" "Mozilla/5.0 (X11; Ubuntu; Linux i686; rv:22.0) Gecko/20100101 Firefox/22.0"
108.178.41.59 - - [14/Oct/2013:12:50:20 +0200] "POST /?q=user HTTP/1.0" 200 5173 "http://www.hurence.com/?q=user" "Mozilla/5.0 (X11; Ubuntu; Linux i686; rv:22.0) Gecko/20100101 Firefox/22.0"
220.181.108.78 - - [14/Oct/2013:12:51:38 +0200] "GET / HTTP/1.1" 200 16060 "-" "Mozilla/5.0 (compatible; Baiduspider/2.0; +http://www.baidu.com/search/spider.html)"
123.125.71.42 - - [14/Oct/2013:12:51:50 +0200] "GET / HTTP/1.1" 200 16060 "-" "Mozilla/5.0 (compatible; Baiduspider/2.0; +http://www.baidu.com/search/spider.html)"
5.63.145.68 - - [14/Oct/2013:12:57:08 +0200] "HEAD / HTTP/1.1" 200 468 "-" "checks.panopta.com"
119.63.193.132 - - [14/Oct/2013:13:02:40 +0200] "GET / HTTP/1.1" 200 16060 "-" "Mozilla/4.0 (compatible; MSIE 7.0; Windows NT 6.0)"
5.10.83.11 - - [14/Oct/2013:13:07:35 +0200] "GET /node/81 HTTP/1.1" 200 6419 "-" "Mozilla/5.0 (compatible; AhrefsBot/5.0; +http://ahrefs.com/robot/)"
80.72.38.54 - - [14/Oct/2013:13:11:28 +0200] "GET /?q=user/register HTTP/1.1" 200 5327 "http://hurence.com/" "Mozilla/5.0 (X11; Ubuntu; Linux i686; rv:22.0) Gecko/20100101 Firefox/22.0"
80.72.38.54 - - [14/Oct/2013:13:11:28 +0200] "GET /?q=node/add HTTP/1.1" 403 4819 "http://hurence.com/" "Mozilla/5.0 (X11; Ubuntu; Linux i686; rv:22.0) Gecko/20100101 Firefox/22.0"
80.72.38.54 - - [14/Oct/2013:13:11:29 +0200] "GET /?q=user/register HTTP/1.1" 200 5330 "http://hurence.com/?q=node/add" "Mozilla/5.0 (X11; Ubuntu; Linux i686; rv:22.0) Gecko/20100101 Firefox/22.0"
80.72.38.54 - - [14/Oct/2013:13:11:29 +0200] "POST /?q=user/register HTTP/1.1" 302 674 "http://hurence.com/?q=user/register" "Mozilla/5.0 (X11; Ubuntu; Linux i686; rv:22.0) Gecko/20100101 Firefox/22.0"
80.72.38.54 - - [14/Oct/2013:13:11:29 +0200] "GET / HTTP/1.1" 200 6710 "http://hurence.com/?q=user/register" "Mozilla/5.0 (X11; Ubuntu; Linux i686; rv:22.0) Gecko/20100101 Firefox/22.0"
80.72.38.54 - - [14/Oct/2013:13:11:31 +0200] "GET /?q=user HTTP/1.1" 200 5095 "http://hurence.com/" "Mozilla/5.0 (X11; Ubuntu; Linux i686; rv:22.0) Gecko/20100101 Firefox/22.0"
80.72.38.54 - - [14/Oct/2013:13:11:31 +0200] "POST /?q=user HTTP/1.1" 200 5165 "http://hurence.com/?q=user" "Mozilla/5.0 (X11; Ubuntu; Linux i686; rv:22.0) Gecko/20100101 Firefox/22.0"
5.63.145.68 - - [14/Oct/2013:13:12:10 +0200] "HEAD / HTTP/1.1" 200 468 "-" "checks.panopta.com"
193.252.149.16 - - [14/Oct/2013:13:12:24 +0200] "GET /node/132?lang=en HTTP/1.1" 200 6000 "-" "Mozilla/5.0 (Windows; U; Windows NT 5.1; fr; rv:1.8.1) VoilaBot BETA 1.2 (support.voilabot@orange-ftgroup.com)"
66.249.66.213 - - [14/Oct/2013:13:13:36 +0200] "GET /node/66?lang=en HTTP/1.1" 200 7170 "-" "DoCoMo/2.0 N905i(c100;TB;W24H16) (compatible; Googlebot-Mobile/2.1; +http://www.google.com/bot.html)"
5.10.83.11 - - [14/Oct/2013:13:14:24 +0200] "GET /node/124?lang=fr HTTP/1.1" 200 6758 "-" "Mozilla/5.0 (compatible; AhrefsBot/5.0; +http://ahrefs.com/robot/)"
176.31.203.195 - - [14/Oct/2013:13:16:55 +0200] "GET /node/3?lang=fr HTTP/1.0" 200 6843 "http://hurence.com/" "Mozilla/5.0 (X11; Ubuntu; Linux i686; rv:22.0) Gecko/20100101 Firefox/22.0"
176.31.203.195 - - [14/Oct/2013:13:16:57 +0200] "GET /?q=node/add HTTP/1.0" 403 4776 "http://hurence.com/" "Mozilla/5.0 (X11; Ubuntu; Linux i686; rv:22.0) Gecko/20100101 Firefox/22.0"
176.31.203.195 - - [14/Oct/2013:13:16:57 +0200] "GET /?q=user/register HTTP/1.0" 200 5326 "http://hurence.com/?q=node/add" "Mozilla/5.0 (X11; Ubuntu; Linux i686; rv:22.0) Gecko/20100101 Firefox/22.0"
176.31.203.195 - - [14/Oct/2013:13:16:58 +0200] "POST /?q=user/register HTTP/1.0" 302 674 "http://hurence.com/?q=user/register" "Mozilla/5.0 (X11; Ubuntu; Linux i686; rv:22.0) Gecko/20100101 Firefox/22.0"
176.31.203.195 - - [14/Oct/2013:13:16:58 +0200] "GET / HTTP/1.0" 200 6708 "http://hurence.com/?q=user/register" "Mozilla/5.0 (X11; Ubuntu; Linux i686; rv:22.0) Gecko/20100101 Firefox/22.0"
176.31.203.195 - - [14/Oct/2013:13:17:00 +0200] "GET /?q=user HTTP/1.0" 200 5095 "http://hurence.com/" "Mozilla/5.0 (X11; Ubuntu; Linux i686; rv:22.0) Gecko/20100101 Firefox/22.0"
176.31.203.195 - - [14/Oct/2013:13:17:01 +0200] "POST /?q=user HTTP/1.0" 200 5172 "http://hurence.com/?q=user" "Mozilla/5.0 (X11; Ubuntu; Linux i686; rv:22.0) Gecko/20100101 Firefox/22.0"
5.63.145.68 - - [14/Oct/2013:13:28:48 +0200] "HEAD / HTTP/1.1" 200 468 "-" "checks.panopta.com"
209.85.238.70 - - [14/Oct/2013:13:34:04 +0200] "GET /rss.xml HTTP/1.1" 200 2983 "-" "Feedfetcher-Google; (+http://www.google.com/feedfetcher.html; 3 subscribers; feed-id=7225077890218036057)"
208.115.113.87 - - [14/Oct/2013:13:37:47 +0200] "GET /node/150?lang=fr HTTP/1.1" 200 25266 "-" "Mozilla/5.0 (compatible; Ezooms/1.0; ezooms.bot@gmail.com)"
208.115.113.87 - - [14/Oct/2013:13:38:00 +0200] "GET /node/107 HTTP/1.1" 200 28603 "-" "Mozilla/5.0 (compatible; Ezooms/1.0; ezooms.bot@gmail.com)"
5.63.145.68 - - [14/Oct/2013:13:44:15 +0200] "HEAD / HTTP/1.1" 200 468 "-" "checks.panopta.com"
123.125.71.26 - - [14/Oct/2013:13:46:12 +0200] "GET / HTTP/1.1" 200 16060 "-" "Mozilla/5.0 (compatible; Baiduspider/2.0; +http://www.baidu.com/search/spider.html)"
5.10.83.11 - - [14/Oct/2013:13:47:47 +0200] "GET /node/38?lang=fr HTTP/1.1" 200 6649 "-" "Mozilla/5.0 (compatible; AhrefsBot/5.0; +http://ahrefs.com/robot/)"
193.252.118.174 - - [14/Oct/2013:13:48:30 +0200] "GET /node/122?lang=fr HTTP/1.1" 200 7317 "-" "Mozilla/5.0 (Windows; U; Windows NT 5.1; fr; rv:1.8.1) VoilaBot BETA 1.2 (support.voilabot@orange-ftgroup.com)"
220.181.108.93 - - [14/Oct/2013:13:49:51 +0200] "GET / HTTP/1.1" 200 16060 "-" "Mozilla/5.0 (compatible; Baiduspider/2.0; +http://www.baidu.com/search/spider.html)"
65.19.138.33 - - [14/Oct/2013:13:56:40 +0200] "GET /rss.xml?lang=fr HTTP/1.1" 200 2968 "-" "Feedly/1.0 (+http://www.feedly.com/fetcher.html; like FeedFetcher-Google)"
5.63.145.68 - - [14/Oct/2013:14:00:39 +0200] "HEAD / HTTP/1.1" 200 468 "-" "checks.panopta.com"
193.252.118.166 - - [14/Oct/2013:14:04:19 +0200] "GET /node/38?lang=fr HTTP/1.1" 200 6668 "-" "Mozilla/5.0 (Windows; U; Windows NT 5.1; fr; rv:1.8.1) VoilaBot BETA 1.2 (support.voilabot@orange-ftgroup.com)"
66.249.78.81 - - [14/Oct/2013:14:11:49 +0200] "GET / HTTP/1.1" 200 6360 "-" "Mozilla/5.0 (iPhone; U; CPU iPhone OS 4_1 like Mac OS X; en-us) AppleWebKit/532.9 (KHTML, like Gecko) Version/4.0.5 Mobile/8B117 Safari/6531.22.7 (compatible; Googlebot-Mobile/2.1; +http://www.google.com/bot.html)"
5.10.83.11 - - [14/Oct/2013:14:14:48 +0200] "GET /node/87?lang=fr HTTP/1.1" 200 7151 "-" "Mozilla/5.0 (compatible; AhrefsBot/5.0; +http://ahrefs.com/robot/)"
108.163.232.172 - - [14/Oct/2013:14:14:53 +0200] "GET / HTTP/1.0" 200 6358 "http://www.hurence.com/" "Mozilla/5.0 (X11; Ubuntu; Linux i686; rv:22.0) Gecko/20100101 Firefox/22.0"
108.163.232.172 - - [14/Oct/2013:14:14:56 +0200] "GET /?q=user HTTP/1.0" 200 5100 "http://www.hurence.com/" "Mozilla/5.0 (X11; Ubuntu; Linux i686; rv:22.0) Gecko/20100101 Firefox/22.0"
108.163.232.172 - - [14/Oct/2013:14:14:57 +0200] "POST /?q=user HTTP/1.0" 200 5166 "http://www.hurence.com/?q=user" "Mozilla/5.0 (X11; Ubuntu; Linux i686; rv:22.0) Gecko/20100101 Firefox/22.0"
5.63.145.68 - - [14/Oct/2013:14:15:43 +0200] "HEAD / HTTP/1.1" 200 468 "-" "checks.panopta.com"
54.241.208.73 - - [14/Oct/2013:14:16:21 +0200] "GET /rss.xml HTTP/1.1" 200 2945 "-" "Digg Feed Fetcher 1.0 (Mozilla/5.0 (Macintosh; Intel Mac OS X 10_7_1) AppleWebKit/534.48.3 (KHTML, like Gecko) Version/5.1 Safari/534.48.3)"
182.118.20.235 - - [14/Oct/2013:14:17:19 +0200] "GET /robots.txt HTTP/1.1" 200 985 "http://hurence.com/robots.txt" "Mozilla/5.0 (Windows; U; Windows NT 5.1; zh-CN; rv:1.8.0.11)  Firefox/1.5.0.11; 360Spider"
209.85.238.70 - - [14/Oct/2013:14:26:24 +0200] "GET /rss.xml HTTP/1.1" 200 2983 "-" "Feedfetcher-Google; (+http://www.google.com/feedfetcher.html; 3 subscribers; feed-id=7225077890218036057)"
5.10.83.11 - - [14/Oct/2013:14:27:08 +0200] "GET /node/120?lang=fr HTTP/1.1" 200 7111 "-" "Mozilla/5.0 (compatible; AhrefsBot/5.0; +http://ahrefs.com/robot/)"
5.63.145.68 - - [14/Oct/2013:14:31:31 +0200] "HEAD / HTTP/1.1" 200 468 "-" "checks.panopta.com"
80.72.38.54 - - [14/Oct/2013:14:31:51 +0200] "GET /?q=user/register HTTP/1.1" 200 5334 "http://hurence.com/" "Mozilla/5.0 (X11; Ubuntu; Linux i686; rv:22.0) Gecko/20100101 Firefox/22.0"
80.72.38.54 - - [14/Oct/2013:14:31:51 +0200] "GET /?q=node/add HTTP/1.1" 403 4817 "http://hurence.com/" "Mozilla/5.0 (X11; Ubuntu; Linux i686; rv:22.0) Gecko/20100101 Firefox/22.0"
80.72.38.54 - - [14/Oct/2013:14:31:52 +0200] "GET /?q=user/register HTTP/1.1" 200 5331 "http://hurence.com/?q=node/add" "Mozilla/5.0 (X11; Ubuntu; Linux i686; rv:22.0) Gecko/20100101 Firefox/22.0"
80.72.38.54 - - [14/Oct/2013:14:31:52 +0200] "POST /?q=user/register HTTP/1.1" 302 674 "http://hurence.com/?q=user/register" "Mozilla/5.0 (X11; Ubuntu; Linux i686; rv:22.0) Gecko/20100101 Firefox/22.0"
80.72.38.54 - - [14/Oct/2013:14:31:52 +0200] "GET / HTTP/1.1" 200 6708 "http://hurence.com/?q=user/register" "Mozilla/5.0 (X11; Ubuntu; Linux i686; rv:22.0) Gecko/20100101 Firefox/22.0"
80.72.38.54 - - [14/Oct/2013:14:31:54 +0200] "GET /?q=user HTTP/1.1" 200 5094 "http://hurence.com/" "Mozilla/5.0 (X11; Ubuntu; Linux i686; rv:22.0) Gecko/20100101 Firefox/22.0"
80.72.38.54 - - [14/Oct/2013:14:31:55 +0200] "POST /?q=user HTTP/1.1" 200 5167 "http://hurence.com/?q=user" "Mozilla/5.0 (X11; Ubuntu; Linux i686; rv:22.0) Gecko/20100101 Firefox/22.0"
180.76.5.214 - - [14/Oct/2013:14:35:12 +0200] "GET / HTTP/1.1" 200 6357 "-" "Mozilla/5.0 (compatible; Baiduspider/2.0; +http://www.baidu.com/search/spider.html)"
220.181.108.77 - - [14/Oct/2013:14:41:52 +0200] "GET / HTTP/1.1" 200 16060 "-" "Mozilla/5.0 (compatible; Baiduspider/2.0; +http://www.baidu.com/search/spider.html)"
123.125.71.12 - - [14/Oct/2013:14:42:06 +0200] "GET / HTTP/1.1" 200 16060 "-" "Mozilla/5.0 (compatible; Baiduspider/2.0; +http://www.baidu.com/search/spider.html)"
5.63.145.68 - - [14/Oct/2013:14:46:33 +0200] "HEAD / HTTP/1.1" 200 468 "-" "checks.panopta.com"
66.249.81.20 - - [14/Oct/2013:14:47:31 +0200] "GET / HTTP/1.1" 200 6353 "-" "Mozilla/5.0 (Windows NT 6.1; rv:6.0) Gecko/20110814 Firefox/6.0 Google (+https://developers.google.com/+/web/snippet/)"
