93.182.159.11 - - [13/Oct/2013:20:19:56 +0200] "POST /?q=user/register HTTP/1.1" 302 678 "http://www.hurence.com/?q=user/register" "Mozilla/5.0 (X11; Ubuntu; Linux i686; rv:21.0) Gecko/20100101 Firefox/21.0"
93.182.159.11 - - [13/Oct/2013:20:19:57 +0200] "GET / HTTP/1.1" 200 6711 "http://www.hurence.com/?q=user/register" "Mozilla/5.0 (X11; Ubuntu; Linux i686; rv:21.0) Gecko/20100101 Firefox/21.0"
93.182.159.11 - - [13/Oct/2013:20:19:59 +0200] "GET /?q=user HTTP/1.1" 200 5096 "http://www.hurence.com/" "Mozilla/5.0 (X11; Ubuntu; Linux i686; rv:21.0) Gecko/20100101 Firefox/21.0"
93.182.159.11 - - [13/Oct/2013:20:19:59 +0200] "POST /?q=user HTTP/1.1" 200 5175 "http://www.hurence.com/?q=user" "Mozilla/5.0 (X11; Ubuntu; Linux i686; rv:21.0) Gecko/20100101 Firefox/21.0"
38.100.21.65 - - [13/Oct/2013:20:22:37 +0200] "GET / HTTP/1.1" 200 28012 "-" "Mozilla/4.0 (compatible; MSIE 7.0; Windows NT 5.2)"
38.100.21.65 - - [13/Oct/2013:20:22:39 +0200] "GET /node/10 HTTP/1.1" 200 29350 "-" "Mozilla/4.0 (compatible; MSIE 7.0; Windows NT 5.2)"
38.100.21.65 - - [13/Oct/2013:20:22:42 +0200] "GET /rss.xml HTTP/1.1" 200 14150 "-" "Mozilla/4.0 (compatible; MSIE 7.0; Windows NT 5.2)"
38.100.21.65 - - [13/Oct/2013:20:22:42 +0200] "GET /node/140 HTTP/1.1" 200 29058 "-" "Mozilla/4.0 (compatible; MSIE 7.0; Windows NT 5.2)"
38.100.21.65 - - [13/Oct/2013:20:22:44 +0200] "GET /node/62 HTTP/1.1" 200 29270 "-" "Mozilla/4.0 (compatible; MSIE 7.0; Windows NT 5.2)"
38.100.21.65 - - [13/Oct/2013:20:22:46 +0200] "GET /node/83 HTTP/1.1" 200 29511 "-" "Mozilla/4.0 (compatible; MSIE 7.0; Windows NT 5.2)"
38.100.21.65 - - [13/Oct/2013:20:22:48 +0200] "GET /node/57 HTTP/1.1" 200 30105 "-" "Mozilla/4.0 (compatible; MSIE 7.0; Windows NT 5.2)"
38.100.21.65 - - [13/Oct/2013:20:22:50 +0200] "GET /node/80 HTTP/1.1" 200 29598 "-" "Mozilla/4.0 (compatible; MSIE 7.0; Windows NT 5.2)"
38.100.21.65 - - [13/Oct/2013:20:22:52 +0200] "GET /node/9 HTTP/1.1" 200 28726 "-" "Mozilla/4.0 (compatible; MSIE 7.0; Windows NT 5.2)"
38.100.21.65 - - [13/Oct/2013:20:22:54 +0200] "GET /node/48?lang=fr HTTP/1.1" 200 27499 "-" "Mozilla/4.0 (compatible; MSIE 7.0; Windows NT 5.2)"
38.100.21.65 - - [13/Oct/2013:20:22:57 +0200] "GET /node/90 HTTP/1.1" 200 29852 "-" "Mozilla/4.0 (compatible; MSIE 7.0; Windows NT 5.2)"
38.100.21.65 - - [13/Oct/2013:20:23:01 +0200] "GET /node/141?lang=fr HTTP/1.1" 200 31906 "-" "Mozilla/4.0 (compatible; MSIE 7.0; Windows NT 5.2)"
78.220.13.131 - - [13/Oct/2013:20:24:26 +0200] "GET /node/47?lang=fr HTTP/1.1" 200 6048 "http://www.google.fr/url?sa=t&rct=j&q=hbase&source=web&cd=6&ved=0CDkQFjAF&url=http%3A%2F%2Fwww.hurence.com%2Fnode%2F47%3Flang%3Dfr&ei=TuVaUsLGCaWd0QWhi4DIAQ&usg=AFQjCNEHEnlaFx6wIxfp0-e6o2BggNpHpw&bvm=bv.53899372,d.d2k" "Mozilla/5.0 (iPad; CPU OS 5_1_1 like Mac OS X) AppleWebKit/534.46 (KHTML, like Gecko) Version/5.1 Mobile/9B206 Safari/7534.48.3"
78.220.13.131 - - [13/Oct/2013:20:24:28 +0200] "GET /modules/field/theme/field.css?ls5cse HTTP/1.1" 200 574 "http://www.hurence.com/node/47?lang=fr" "Mozilla/5.0 (iPad; CPU OS 5_1_1 like Mac OS X) AppleWebKit/534.46 (KHTML, like Gecko) Version/5.1 Mobile/9B206 Safari/7534.48.3"
78.220.13.131 - - [13/Oct/2013:20:24:28 +0200] "GET /modules/node/node.css?ls5cse HTTP/1.1" 200 447 "http://www.hurence.com/node/47?lang=fr" "Mozilla/5.0 (iPad; CPU OS 5_1_1 like Mac OS X) AppleWebKit/534.46 (KHTML, like Gecko) Version/5.1 Mobile/9B206 Safari/7534.48.3"
78.220.13.131 - - [13/Oct/2013:20:24:28 +0200] "GET /modules/search/search.css?ls5cse HTTP/1.1" 200 571 "http://www.hurence.com/node/47?lang=fr" "Mozilla/5.0 (iPad; CPU OS 5_1_1 like Mac OS X) AppleWebKit/534.46 (KHTML, like Gecko) Version/5.1 Mobile/9B206 Safari/7534.48.3"
78.220.13.131 - - [13/Oct/2013:20:24:28 +0200] "GET /modules/user/user.css?ls5cse HTTP/1.1" 200 1036 "http://www.hurence.com/node/47?lang=fr" "Mozilla/5.0 (iPad; CPU OS 5_1_1 like Mac OS X) AppleWebKit/534.46 (KHTML, like Gecko) Version/5.1 Mobile/9B206 Safari/7534.48.3"
78.220.13.131 - - [13/Oct/2013:20:24:28 +0200] "GET /modules/system/system.menus.css?ls5cse HTTP/1.1" 200 1001 "http://www.hurence.com/node/47?lang=fr" "Mozilla/5.0 (iPad; CPU OS 5_1_1 like Mac OS X) AppleWebKit/534.46 (KHTML, like Gecko) Version/5.1 Mobile/9B206 Safari/7534.48.3"
78.220.13.131 - - [13/Oct/2013:20:24:28 +0200] "GET /sites/all/modules/views/css/views.css?ls5cse HTTP/1.1" 200 648 "http://www.hurence.com/node/47?lang=fr" "Mozilla/5.0 (iPad; CPU OS 5_1_1 like Mac OS X) AppleWebKit/534.46 (KHTML, like Gecko) Version/5.1 Mobile/9B206 Safari/7534.48.3"
78.220.13.131 - - [13/Oct/2013:20:24:28 +0200] "GET /sites/all/modules/ctools/css/ctools.css?ls5cse HTTP/1.1" 200 591 "http://www.hurence.com/node/47?lang=fr" "Mozilla/5.0 (iPad; CPU OS 5_1_1 like Mac OS X) AppleWebKit/534.46 (KHTML, like Gecko) Version/5.1 Mobile/9B206 Safari/7534.48.3"
78.220.13.131 - - [13/Oct/2013:20:24:28 +0200] "GET /sites/all/modules/featured_content/featured_content.css?ls5cse HTTP/1.1" 200 478 "http://www.hurence.com/node/47?lang=fr" "Mozilla/5.0 (iPad; CPU OS 5_1_1 like Mac OS X) AppleWebKit/534.46 (KHTML, like Gecko) Version/5.1 Mobile/9B206 Safari/7534.48.3"
78.220.13.131 - - [13/Oct/2013:20:24:28 +0200] "GET /modules/system/system.messages.css?ls5cse HTTP/1.1" 200 722 "http://www.hurence.com/node/47?lang=fr" "Mozilla/5.0 (iPad; CPU OS 5_1_1 like Mac OS X) AppleWebKit/534.46 (KHTML, like Gecko) Version/5.1 Mobile/9B206 Safari/7534.48.3"
78.220.13.131 - - [13/Oct/2013:20:24:28 +0200] "GET /sites/all/modules/megamenu/megamenu.css?ls5cse HTTP/1.1" 200 1618 "http://www.hurence.com/node/47?lang=fr" "Mozilla/5.0 (iPad; CPU OS 5_1_1 like Mac OS X) AppleWebKit/534.46 (KHTML, like Gecko) Version/5.1 Mobile/9B206 Safari/7534.48.3"
78.220.13.131 - - [13/Oct/2013:20:24:28 +0200] "GET /sites/all/modules/megamenu/megamenu-skins.css?ls5cse HTTP/1.1" 200 356 "http://www.hurence.com/node/47?lang=fr" "Mozilla/5.0 (iPad; CPU OS 5_1_1 like Mac OS X) AppleWebKit/534.46 (KHTML, like Gecko) Version/5.1 Mobile/9B206 Safari/7534.48.3"
78.220.13.131 - - [13/Oct/2013:20:24:28 +0200] "GET /sites/all/modules/simplenews/simplenews.css?ls5cse HTTP/1.1" 200 574 "http://www.hurence.com/node/47?lang=fr" "Mozilla/5.0 (iPad; CPU OS 5_1_1 like Mac OS X) AppleWebKit/534.46 (KHTML, like Gecko) Version/5.1 Mobile/9B206 Safari/7534.48.3"
78.220.13.131 - - [13/Oct/2013:20:24:28 +0200] "GET /modules/system/system.theme.css?ls5cse HTTP/1.1" 200 1561 "http://www.hurence.com/node/47?lang=fr" "Mozilla/5.0 (iPad; CPU OS 5_1_1 like Mac OS X) AppleWebKit/534.46 (KHTML, like Gecko) Version/5.1 Mobile/9B206 Safari/7534.48.3"
78.220.13.131 - - [13/Oct/2013:20:24:28 +0200] "GET /sites/all/themes/hurence/css/pages.css?ls5cse HTTP/1.1" 200 2219 "http://www.hurence.com/node/47?lang=fr" "Mozilla/5.0 (iPad; CPU OS 5_1_1 like Mac OS X) AppleWebKit/534.46 (KHTML, like Gecko) Version/5.1 Mobile/9B206 Safari/7534.48.3"
78.220.13.131 - - [13/Oct/2013:20:24:28 +0200] "GET /sites/all/themes/hurence/css/blocks.css?ls5cse HTTP/1.1" 200 1869 "http://www.hurence.com/node/47?lang=fr" "Mozilla/5.0 (iPad; CPU OS 5_1_1 like Mac OS X) AppleWebKit/534.46 (KHTML, like Gecko) Version/5.1 Mobile/9B206 Safari/7534.48.3"
78.220.13.131 - - [13/Oct/2013:20:24:28 +0200] "GET /sites/all/themes/hurence/css/navigation.css?ls5cse HTTP/1.1" 200 806 "http://www.hurence.com/node/47?lang=fr" "Mozilla/5.0 (iPad; CPU OS 5_1_1 like Mac OS X) AppleWebKit/534.46 (KHTML, like Gecko) Version/5.1 Mobile/9B206 Safari/7534.48.3"
78.220.13.131 - - [13/Oct/2013:20:24:28 +0200] "GET /modules/comment/comment.css?ls5cse HTTP/1.1" 200 481 "http://www.hurence.com/node/47?lang=fr" "Mozilla/5.0 (iPad; CPU OS 5_1_1 like Mac OS X) AppleWebKit/534.46 (KHTML, like Gecko) Version/5.1 Mobile/9B206 Safari/7534.48.3"
78.220.13.131 - - [13/Oct/2013:20:24:28 +0200] "GET /modules/locale/locale.css?ls5cse HTTP/1.1" 200 751 "http://www.hurence.com/node/47?lang=fr" "Mozilla/5.0 (iPad; CPU OS 5_1_1 like Mac OS X) AppleWebKit/534.46 (KHTML, like Gecko) Version/5.1 Mobile/9B206 Safari/7534.48.3"
78.220.13.131 - - [13/Oct/2013:20:24:28 +0200] "GET /sites/all/themes/hurence/css/html-reset.css?ls5cse HTTP/1.1" 200 3350 "http://www.hurence.com/node/47?lang=fr" "Mozilla/5.0 (iPad; CPU OS 5_1_1 like Mac OS X) AppleWebKit/534.46 (KHTML, like Gecko) Version/5.1 Mobile/9B206 Safari/7534.48.3"
78.220.13.131 - - [13/Oct/2013:20:24:28 +0200] "GET /sites/all/themes/hurence/css/wireframes.css?ls5cse HTTP/1.1" 200 532 "http://www.hurence.com/node/47?lang=fr" "Mozilla/5.0 (iPad; CPU OS 5_1_1 like Mac OS X) AppleWebKit/534.46 (KHTML, like Gecko) Version/5.1 Mobile/9B206 Safari/7534.48.3"
78.220.13.131 - - [13/Oct/2013:20:24:28 +0200] "GET /modules/system/system.base.css?ls5cse HTTP/1.1" 200 2194 "http://www.hurence.com/node/47?lang=fr" "Mozilla/5.0 (iPad; CPU OS 5_1_1 like Mac OS X) AppleWebKit/534.46 (KHTML, like Gecko) Version/5.1 Mobile/9B206 Safari/7534.48.3"
78.220.13.131 - - [13/Oct/2013:20:24:28 +0200] "GET /sites/all/themes/hurence/css/layout-fixed.css?ls5cse HTTP/1.1" 200 1924 "http://www.hurence.com/node/47?lang=fr" "Mozilla/5.0 (iPad; CPU OS 5_1_1 like Mac OS X) AppleWebKit/534.46 (KHTML, like Gecko) Version/5.1 Mobile/9B206 Safari/7534.48.3"
78.220.13.131 - - [13/Oct/2013:20:24:28 +0200] "GET /sites/all/themes/hurence/css/page-backgrounds.css?ls5cse HTTP/1.1" 200 721 "http://www.hurence.com/node/47?lang=fr" "Mozilla/5.0 (iPad; CPU OS 5_1_1 like Mac OS X) AppleWebKit/534.46 (KHTML, like Gecko) Version/5.1 Mobile/9B206 Safari/7534.48.3"
78.220.13.131 - - [13/Oct/2013:20:24:28 +0200] "GET /sites/all/themes/hurence/css/tabs.css?ls5cse HTTP/1.1" 200 1058 "http://www.hurence.com/node/47?lang=fr" "Mozilla/5.0 (iPad; CPU OS 5_1_1 like Mac OS X) AppleWebKit/534.46 (KHTML, like Gecko) Version/5.1 Mobile/9B206 Safari/7534.48.3"
78.220.13.131 - - [13/Oct/2013:20:24:28 +0200] "GET /sites/all/themes/hurence/css/views-styles.css?ls5cse HTTP/1.1" 200 389 "http://www.hurence.com/node/47?lang=fr" "Mozilla/5.0 (iPad; CPU OS 5_1_1 like Mac OS X) AppleWebKit/534.46 (KHTML, like Gecko) Version/5.1 Mobile/9B206 Safari/7534.48.3"
78.220.13.131 - - [13/Oct/2013:20:24:28 +0200] "GET /sites/all/themes/hurence/css/nodes.css?ls5cse HTTP/1.1" 200 1115 "http://www.hurence.com/node/47?lang=fr" "Mozilla/5.0 (iPad; CPU OS 5_1_1 like Mac OS X) AppleWebKit/534.46 (KHTML, like Gecko) Version/5.1 Mobile/9B206 Safari/7534.48.3"
78.220.13.131 - - [13/Oct/2013:20:24:28 +0200] "GET /sites/all/themes/hurence/css/comments.css?ls5cse HTTP/1.1" 200 1019 "http://www.hurence.com/node/47?lang=fr" "Mozilla/5.0 (iPad; CPU OS 5_1_1 like Mac OS X) AppleWebKit/534.46 (KHTML, like Gecko) Version/5.1 Mobile/9B206 Safari/7534.48.3"
78.220.13.131 - - [13/Oct/2013:20:24:28 +0200] "GET /sites/all/themes/hurence/css/forms.css?ls5cse HTTP/1.1" 200 1397 "http://www.hurence.com/node/47?lang=fr" "Mozilla/5.0 (iPad; CPU OS 5_1_1 like Mac OS X) AppleWebKit/534.46 (KHTML, like Gecko) Version/5.1 Mobile/9B206 Safari/7534.48.3"
78.220.13.131 - - [13/Oct/2013:20:24:28 +0200] "GET /sites/all/themes/hurence/css/fields.css?ls5cse HTTP/1.1" 200 700 "http://www.hurence.com/node/47?lang=fr" "Mozilla/5.0 (iPad; CPU OS 5_1_1 like Mac OS X) AppleWebKit/534.46 (KHTML, like Gecko) Version/5.1 Mobile/9B206 Safari/7534.48.3"
78.220.13.131 - - [13/Oct/2013:20:24:28 +0200] "GET /sites/all/themes/hurence/css/print.css?ls5cse HTTP/1.1" 200 979 "http://www.hurence.com/node/47?lang=fr" "Mozilla/5.0 (iPad; CPU OS 5_1_1 like Mac OS X) AppleWebKit/534.46 (KHTML, like Gecko) Version/5.1 Mobile/9B206 Safari/7534.48.3"
78.220.13.131 - - [13/Oct/2013:20:24:28 +0200] "GET /sites/all/themes/hurence/css/hurence.css?ls5cse HTTP/1.1" 200 688 "http://www.hurence.com/node/47?lang=fr" "Mozilla/5.0 (iPad; CPU OS 5_1_1 like Mac OS X) AppleWebKit/534.46 (KHTML, like Gecko) Version/5.1 Mobile/9B206 Safari/7534.48.3"
78.220.13.131 - - [13/Oct/2013:20:24:28 +0200] "GET /sites/all/themes/hurence/css/megamenu-hurence.css?ls5cse HTTP/1.1" 200 1725 "http://www.hurence.com/node/47?lang=fr" "Mozilla/5.0 (iPad; CPU OS 5_1_1 like Mac OS X) AppleWebKit/534.46 (KHTML, like Gecko) Version/5.1 Mobile/9B206 Safari/7534.48.3"
78.220.13.131 - - [13/Oct/2013:20:24:29 +0200] "GET /misc/jquery.js?v=1.4.4 HTTP/1.1" 200 27431 "http://www.hurence.com/node/47?lang=fr" "Mozilla/5.0 (iPad; CPU OS 5_1_1 like Mac OS X) AppleWebKit/534.46 (KHTML, like Gecko) Version/5.1 Mobile/9B206 Safari/7534.48.3"
78.220.13.131 - - [13/Oct/2013:20:24:29 +0200] "GET /misc/jquery.once.js?v=1.2 HTTP/1.1" 200 1420 "http://www.hurence.com/node/47?lang=fr" "Mozilla/5.0 (iPad; CPU OS 5_1_1 like Mac OS X) AppleWebKit/534.46 (KHTML, like Gecko) Version/5.1 Mobile/9B206 Safari/7534.48.3"
78.220.13.131 - - [13/Oct/2013:20:24:29 +0200] "GET /misc/drupal.js?ls5cse HTTP/1.1" 200 4882 "http://www.hurence.com/node/47?lang=fr" "Mozilla/5.0 (iPad; CPU OS 5_1_1 like Mac OS X) AppleWebKit/534.46 (KHTML, like Gecko) Version/5.1 Mobile/9B206 Safari/7534.48.3"
78.220.13.131 - - [13/Oct/2013:20:24:29 +0200] "GET /sites/all/modules/featured_content/featured_content.js?ls5cse HTTP/1.1" 200 1074 "http://www.hurence.com/node/47?lang=fr" "Mozilla/5.0 (iPad; CPU OS 5_1_1 like Mac OS X) AppleWebKit/534.46 (KHTML, like Gecko) Version/5.1 Mobile/9B206 Safari/7534.48.3"
78.220.13.131 - - [13/Oct/2013:20:24:29 +0200] "GET /sites/all/modules/megamenu/megamenu.js?ls5cse HTTP/1.1" 200 1758 "http://www.hurence.com/node/47?lang=fr" "Mozilla/5.0 (iPad; CPU OS 5_1_1 like Mac OS X) AppleWebKit/534.46 (KHTML, like Gecko) Version/5.1 Mobile/9B206 Safari/7534.48.3"
78.220.13.131 - - [13/Oct/2013:20:24:29 +0200] "GET /sites/all/themes/hurence/js/hurence.js?ls5cse HTTP/1.1" 200 806 "http://www.hurence.com/node/47?lang=fr" "Mozilla/5.0 (iPad; CPU OS 5_1_1 like Mac OS X) AppleWebKit/534.46 (KHTML, like Gecko) Version/5.1 Mobile/9B206 Safari/7534.48.3"
78.220.13.131 - - [13/Oct/2013:20:24:29 +0200] "GET /sites/all/modules/views/js/jquery.ui.dialog.patch.js?ls5cse HTTP/1.1" 200 914 "http://www.hurence.com/node/47?lang=fr" "Mozilla/5.0 (iPad; CPU OS 5_1_1 like Mac OS X) AppleWebKit/534.46 (KHTML, like Gecko) Version/5.1 Mobile/9B206 Safari/7534.48.3"
78.220.13.131 - - [13/Oct/2013:20:24:30 +0200] "GET /sites/all/themes/hurence/logo.png HTTP/1.1" 200 5065 "http://www.hurence.com/node/47?lang=fr" "Mozilla/5.0 (iPad; CPU OS 5_1_1 like Mac OS X) AppleWebKit/534.46 (KHTML, like Gecko) Version/5.1 Mobile/9B206 Safari/7534.48.3"
78.220.13.131 - - [13/Oct/2013:20:24:30 +0200] "GET /misc/feed.png HTTP/1.1" 200 949 "http://www.hurence.com/node/47?lang=fr" "Mozilla/5.0 (iPad; CPU OS 5_1_1 like Mac OS X) AppleWebKit/534.46 (KHTML, like Gecko) Version/5.1 Mobile/9B206 Safari/7534.48.3"
78.220.13.131 - - [13/Oct/2013:20:24:30 +0200] "GET /sites/all/themes/hurence/images/bg_header.gif HTTP/1.1" 200 559 "http://www.hurence.com/node/47?lang=fr" "Mozilla/5.0 (iPad; CPU OS 5_1_1 like Mac OS X) AppleWebKit/534.46 (KHTML, like Gecko) Version/5.1 Mobile/9B206 Safari/7534.48.3"
78.220.13.131 - - [13/Oct/2013:20:24:30 +0200] "GET /sites/all/themes/hurence/images/bg_header-inner.jpg HTTP/1.1" 200 8925 "http://www.hurence.com/node/47?lang=fr" "Mozilla/5.0 (iPad; CPU OS 5_1_1 like Mac OS X) AppleWebKit/534.46 (KHTML, like Gecko) Version/5.1 Mobile/9B206 Safari/7534.48.3"
78.220.13.131 - - [13/Oct/2013:20:24:30 +0200] "GET /sites/default/files/en.jpg HTTP/1.1" 200 3136 "http://www.hurence.com/node/47?lang=fr" "Mozilla/5.0 (iPad; CPU OS 5_1_1 like Mac OS X) AppleWebKit/534.46 (KHTML, like Gecko) Version/5.1 Mobile/9B206 Safari/7534.48.3"
78.220.13.131 - - [13/Oct/2013:20:24:30 +0200] "GET /sites/default/files/fr.jpg HTTP/1.1" 200 3176 "http://www.hurence.com/node/47?lang=fr" "Mozilla/5.0 (iPad; CPU OS 5_1_1 like Mac OS X) AppleWebKit/534.46 (KHTML, like Gecko) Version/5.1 Mobile/9B206 Safari/7534.48.3"
78.220.13.131 - - [13/Oct/2013:20:24:30 +0200] "GET /sites/default/files/mail.png HTTP/1.1" 200 4030 "http://www.hurence.com/node/47?lang=fr" "Mozilla/5.0 (iPad; CPU OS 5_1_1 like Mac OS X) AppleWebKit/534.46 (KHTML, like Gecko) Version/5.1 Mobile/9B206 Safari/7534.48.3"
78.220.13.131 - - [13/Oct/2013:20:24:30 +0200] "GET /sites/default/files/Twitter-24x24.png HTTP/1.1" 200 1869 "http://www.hurence.com/node/47?lang=fr" "Mozilla/5.0 (iPad; CPU OS 5_1_1 like Mac OS X) AppleWebKit/534.46 (KHTML, like Gecko) Version/5.1 Mobile/9B206 Safari/7534.48.3"
78.220.13.131 - - [13/Oct/2013:20:24:30 +0200] "GET /sites/default/files/Facebook-24x24.png HTTP/1.1" 200 1725 "http://www.hurence.com/node/47?lang=fr" "Mozilla/5.0 (iPad; CPU OS 5_1_1 like Mac OS X) AppleWebKit/534.46 (KHTML, like Gecko) Version/5.1 Mobile/9B206 Safari/7534.48.3"
127.0.0.1 - - [13/Oct/2013:20:24:38 +0200] "OPTIONS * HTTP/1.0" 200 152 "-" "Apache/2.2.17 (Ubuntu) (internal dummy connection)"
5.63.145.68 - - [13/Oct/2013:20:29:47 +0200] "HEAD / HTTP/1.1" 200 468 "-" "checks.panopta.com"
208.115.113.87 - - [13/Oct/2013:20:41:09 +0200] "GET /robots.txt HTTP/1.1" 200 1793 "-" "Mozilla/5.0 (compatible; Ezooms/1.0; ezooms.bot@gmail.com)"
202.46.49.14 - - [13/Oct/2013:20:41:37 +0200] "GET / HTTP/1.1" 200 16060 "-" "Mozilla/4.0 (compatible; MSIE 7.0; Windows NT 6.0)"
119.63.193.132 - - [13/Oct/2013:20:41:42 +0200] "GET / HTTP/1.1" 200 16060 "-" "Mozilla/4.0 (compatible; MSIE 7.0; Windows NT 6.0)"
5.10.83.11 - - [13/Oct/2013:20:42:36 +0200] "GET /node/143?lang=fr HTTP/1.1" 200 6604 "-" "Mozilla/5.0 (compatible; AhrefsBot/5.0; +http://ahrefs.com/robot/)"
5.63.145.68 - - [13/Oct/2013:20:44:54 +0200] "HEAD / HTTP/1.1" 200 468 "-" "checks.panopta.com"
5.10.83.11 - - [13/Oct/2013:20:45:21 +0200] "GET /node/8 HTTP/1.1" 200 6633 "-" "Mozilla/5.0 (compatible; AhrefsBot/5.0; +http://ahrefs.com/robot/)"
220.181.108.108 - - [13/Oct/2013:20:46:05 +0200] "GET / HTTP/1.1" 200 16060 "-" "Mozilla/5.0 (compatible; Baiduspider/2.0; +http://www.baidu.com/search/spider.html)"
80.72.35.91 - - [13/Oct/2013:20:46:28 +0200] "GET /?q=user/register HTTP/1.1" 200 5326 "http://hurence.com/" "Mozilla/5.0 (X11; Ubuntu; Linux i686; rv:21.0) Gecko/20100101 Firefox/21.0"
80.72.35.91 - - [13/Oct/2013:20:46:29 +0200] "GET /?q=node/add HTTP/1.1" 403 4817 "http://hurence.com/" "Mozilla/5.0 (X11; Ubuntu; Linux i686; rv:21.0) Gecko/20100101 Firefox/21.0"
5.250.67.151 - - [13/Oct/2013:20:46:41 +0200] "GET /sites/default/files/What%20is%20Hadoop.pdf HTTP/1.1" 206 64420 "http://www.google.com/url?sa=t&rct=j&q=&esrc=s&source=web&cd=13&ved=0CDUQFjACOAo&url=http%3A%2F%2Fwww.hurence.com%2Fsites%2Fdefault%2Ffiles%2FWhat%2520is%2520Hadoop.pdf&ei=39BaUsroBMXH7AbsxYCgDw&usg=AFQjCNGENTsQcgSJzQyvHK-EaBihv9e_Lw&bvm=bv.53899372,d.d2k" "Mozilla/5.0 (Windows NT 6.1; WOW64; rv:24.0) Gecko/20100101 Firefox/24.0"
5.250.67.151 - - [13/Oct/2013:20:46:42 +0200] "GET /sites/default/files/What%20is%20Hadoop.pdf HTTP/1.1" 206 60112 "http://www.google.com/url?sa=t&rct=j&q=&esrc=s&source=web&cd=13&ved=0CDUQFjACOAo&url=http%3A%2F%2Fwww.hurence.com%2Fsites%2Fdefault%2Ffiles%2FWhat%2520is%2520Hadoop.pdf&ei=39BaUsroBMXH7AbsxYCgDw&usg=AFQjCNGENTsQcgSJzQyvHK-EaBihv9e_Lw&bvm=bv.53899372,d.d2k" "Mozilla/5.0 (Windows NT 6.1; WOW64; rv:24.0) Gecko/20100101 Firefox/24.0"
5.250.67.151 - - [13/Oct/2013:20:46:36 +0200] "GET /sites/default/files/What%20is%20Hadoop.pdf HTTP/1.1" 206 36720 "http://www.google.com/url?sa=t&rct=j&q=&esrc=s&source=web&cd=13&ved=0CDUQFjACOAo&url=http%3A%2F%2Fwww.hurence.com%2Fsites%2Fdefault%2Ffiles%2FWhat%2520is%2520Hadoop.pdf&ei=39BaUsroBMXH7AbsxYCgDw&usg=AFQjCNGENTsQcgSJzQyvHK-EaBihv9e_Lw&bvm=bv.53899372,d.d2k" "Mozilla/5.0 (Windows NT 6.1; WOW64; rv:24.0) Gecko/20100101 Firefox/24.0"
5.250.67.151 - - [13/Oct/2013:20:46:45 +0200] "GET /sites/default/files/What%20is%20Hadoop.pdf HTTP/1.1" 206 36216 "http://www.google.com/url?sa=t&rct=j&q=&esrc=s&source=web&cd=13&ved=0CDUQFjACOAo&url=http%3A%2F%2Fwww.hurence.com%2Fsites%2Fdefault%2Ffiles%2FWhat%2520is%2520Hadoop.pdf&ei=39BaUsroBMXH7AbsxYCgDw&usg=AFQjCNGENTsQcgSJzQyvHK-EaBihv9e_Lw&bvm=bv.53899372,d.d2k" "Mozilla/5.0 (Windows NT 6.1; WOW64; rv:24.0) Gecko/20100101 Firefox/24.0"
5.250.67.151 - - [13/Oct/2013:20:46:45 +0200] "GET /sites/default/files/What%20is%20Hadoop.pdf HTTP/1.1" 206 31457 "http://www.google.com/url?sa=t&rct=j&q=&esrc=s&source=web&cd=13&ved=0CDUQFjACOAo&url=http%3A%2F%2Fwww.hurence.com%2Fsites%2Fdefault%2Ffiles%2FWhat%2520is%2520Hadoop.pdf&ei=39BaUsroBMXH7AbsxYCgDw&usg=AFQjCNGENTsQcgSJzQyvHK-EaBihv9e_Lw&bvm=bv.53899372,d.d2k" "Mozilla/5.0 (Windows NT 6.1; WOW64; rv:24.0) Gecko/20100101 Firefox/24.0"
5.250.67.151 - - [13/Oct/2013:20:46:42 +0200] "GET /sites/default/files/What%20is%20Hadoop.pdf HTTP/1.1" 206 58829 "http://www.google.com/url?sa=t&rct=j&q=&esrc=s&source=web&cd=13&ved=0CDUQFjACOAo&url=http%3A%2F%2Fwww.hurence.com%2Fsites%2Fdefault%2Ffiles%2FWhat%2520is%2520Hadoop.pdf&ei=39BaUsroBMXH7AbsxYCgDw&usg=AFQjCNGENTsQcgSJzQyvHK-EaBihv9e_Lw&bvm=bv.53899372,d.d2k" "Mozilla/5.0 (Windows NT 6.1; WOW64; rv:24.0) Gecko/20100101 Firefox/24.0"
5.250.67.151 - - [13/Oct/2013:20:46:44 +0200] "GET /sites/default/files/What%20is%20Hadoop.pdf HTTP/1.1" 206 68000 "http://www.google.com/url?sa=t&rct=j&q=&esrc=s&source=web&cd=13&ved=0CDUQFjACOAo&url=http%3A%2F%2Fwww.hurence.com%2Fsites%2Fdefault%2Ffiles%2FWhat%2520is%2520Hadoop.pdf&ei=39BaUsroBMXH7AbsxYCgDw&usg=AFQjCNGENTsQcgSJzQyvHK-EaBihv9e_Lw&bvm=bv.53899372,d.d2k" "Mozilla/5.0 (Windows NT 6.1; WOW64; rv:24.0) Gecko/20100101 Firefox/24.0"
5.250.67.151 - - [13/Oct/2013:20:46:35 +0200] "GET /sites/default/files/What%20is%20Hadoop.pdf HTTP/1.1" 206 184960 "http://www.google.com/url?sa=t&rct=j&q=&esrc=s&source=web&cd=13&ved=0CDUQFjACOAo&url=http%3A%2F%2Fwww.hurence.com%2Fsites%2Fdefault%2Ffiles%2FWhat%2520is%2520Hadoop.pdf&ei=39BaUsroBMXH7AbsxYCgDw&usg=AFQjCNGENTsQcgSJzQyvHK-EaBihv9e_Lw&bvm=bv.53899372,d.d2k" "Mozilla/5.0 (Windows NT 6.1; WOW64; rv:24.0) Gecko/20100101 Firefox/24.0"
5.250.67.151 - - [13/Oct/2013:20:46:48 +0200] "GET /sites/default/files/What%20is%20Hadoop.pdf HTTP/1.1" 206 36720 "http://www.google.com/url?sa=t&rct=j&q=&esrc=s&source=web&cd=13&ved=0CDUQFjACOAo&url=http%3A%2F%2Fwww.hurence.com%2Fsites%2Fdefault%2Ffiles%2FWhat%2520is%2520Hadoop.pdf&ei=39BaUsroBMXH7AbsxYCgDw&usg=AFQjCNGENTsQcgSJzQyvHK-EaBihv9e_Lw&bvm=bv.53899372,d.d2k" "Mozilla/5.0 (Windows NT 6.1; WOW64; rv:24.0) Gecko/20100101 Firefox/24.0"
5.250.67.151 - - [13/Oct/2013:20:46:49 +0200] "GET /sites/default/files/What%20is%20Hadoop.pdf HTTP/1.1" 206 6598 "http://www.google.com/url?sa=t&rct=j&q=&esrc=s&source=web&cd=13&ved=0CDUQFjACOAo&url=http%3A%2F%2Fwww.hurence.com%2Fsites%2Fdefault%2Ffiles%2FWhat%2520is%2520Hadoop.pdf&ei=39BaUsroBMXH7AbsxYCgDw&usg=AFQjCNGENTsQcgSJzQyvHK-EaBihv9e_Lw&bvm=bv.53899372,d.d2k" "Mozilla/5.0 (Windows NT 6.1; WOW64; rv:24.0) Gecko/20100101 Firefox/24.0"
5.250.67.151 - - [13/Oct/2013:20:46:49 +0200] "GET /sites/default/files/What%20is%20Hadoop.pdf HTTP/1.1" 206 21483 "http://www.google.com/url?sa=t&rct=j&q=&esrc=s&source=web&cd=13&ved=0CDUQFjACOAo&url=http%3A%2F%2Fwww.hurence.com%2Fsites%2Fdefault%2Ffiles%2FWhat%2520is%2520Hadoop.pdf&ei=39BaUsroBMXH7AbsxYCgDw&usg=AFQjCNGENTsQcgSJzQyvHK-EaBihv9e_Lw&bvm=bv.53899372,d.d2k" "Mozilla/5.0 (Windows NT 6.1; WOW64; rv:24.0) Gecko/20100101 Firefox/24.0"
5.250.67.151 - - [13/Oct/2013:20:46:33 +0200] "GET /sites/default/files/What%20is%20Hadoop.pdf HTTP/1.1" 200 148240 "http://www.google.com/url?sa=t&rct=j&q=&esrc=s&source=web&cd=13&ved=0CDUQFjACOAo&url=http%3A%2F%2Fwww.hurence.com%2Fsites%2Fdefault%2Ffiles%2FWhat%2520is%2520Hadoop.pdf&ei=39BaUsroBMXH7AbsxYCgDw&usg=AFQjCNGENTsQcgSJzQyvHK-EaBihv9e_Lw&bvm=bv.53899372,d.d2k" "Mozilla/5.0 (Windows NT 6.1; WOW64; rv:24.0) Gecko/20100101 Firefox/24.0"
5.250.67.151 - - [13/Oct/2013:20:46:51 +0200] "GET /sites/default/files/What%20is%20Hadoop.pdf HTTP/1.1" 206 21483 "http://www.google.com/url?sa=t&rct=j&q=&esrc=s&source=web&cd=13&ved=0CDUQFjACOAo&url=http%3A%2F%2Fwww.hurence.com%2Fsites%2Fdefault%2Ffiles%2FWhat%2520is%2520Hadoop.pdf&ei=39BaUsroBMXH7AbsxYCgDw&usg=AFQjCNGENTsQcgSJzQyvHK-EaBihv9e_Lw&bvm=bv.53899372,d.d2k" "Mozilla/5.0 (Windows NT 6.1; WOW64; rv:24.0) Gecko/20100101 Firefox/24.0"
5.250.67.151 - - [13/Oct/2013:20:46:41 +0200] "GET /sites/default/files/What%20is%20Hadoop.pdf HTTP/1.1" 206 68000 "http://www.google.com/url?sa=t&rct=j&q=&esrc=s&source=web&cd=13&ved=0CDUQFjACOAo&url=http%3A%2F%2Fwww.hurence.com%2Fsites%2Fdefault%2Ffiles%2FWhat%2520is%2520Hadoop.pdf&ei=39BaUsroBMXH7AbsxYCgDw&usg=AFQjCNGENTsQcgSJzQyvHK-EaBihv9e_Lw&bvm=bv.53899372,d.d2k" "Mozilla/5.0 (Windows NT 6.1; WOW64; rv:24.0) Gecko/20100101 Firefox/24.0"
127.0.0.1 - - [13/Oct/2013:20:46:51 +0200] "OPTIONS * HTTP/1.0" 200 152 "-" "Apache/2.2.17 (Ubuntu) (internal dummy connection)"
5.250.67.151 - - [13/Oct/2013:20:46:39 +0200] "GET /sites/default/files/What%20is%20Hadoop.pdf HTTP/1.1" 206 62560 "http://www.google.com/url?sa=t&rct=j&q=&esrc=s&source=web&cd=13&ved=0CDUQFjACOAo&url=http%3A%2F%2Fwww.hurence.com%2Fsites%2Fdefault%2Ffiles%2FWhat%2520is%2520Hadoop.pdf&ei=39BaUsroBMXH7AbsxYCgDw&usg=AFQjCNGENTsQcgSJzQyvHK-EaBihv9e_Lw&bvm=bv.53899372,d.d2k" "Mozilla/5.0 (Windows NT 6.1; WOW64; rv:24.0) Gecko/20100101 Firefox/24.0"
127.0.0.1 - - [13/Oct/2013:20:46:52 +0200] "OPTIONS * HTTP/1.0" 200 152 "-" "Apache/2.2.17 (Ubuntu) (internal dummy connection)"
123.125.71.49 - - [13/Oct/2013:20:46:57 +0200] "GET / HTTP/1.1" 200 16060 "-" "Mozilla/5.0 (compatible; Baiduspider/2.0; +http://www.baidu.com/search/spider.html)"
127.0.0.1 - - [13/Oct/2013:20:47:07 +0200] "OPTIONS * HTTP/1.0" 200 152 "-" "Apache/2.2.17 (Ubuntu) (internal dummy connection)"
198.27.65.143 - - [13/Oct/2013:20:50:28 +0200] "GET /node/3 HTTP/1.1" 200 6678 "http://www.hurence.com/" "Mozilla/5.0 (X11; Ubuntu; Linux i686; rv:21.0) Gecko/20100101 Firefox/21.0"
198.27.65.143 - - [13/Oct/2013:20:50:30 +0200] "GET /?q=user/register HTTP/1.1" 200 5330 "http://www.hurence.com/node/3" "Mozilla/5.0 (X11; Ubuntu; Linux i686; rv:21.0) Gecko/20100101 Firefox/21.0"
198.27.65.143 - - [13/Oct/2013:20:50:30 +0200] "POST /?q=user/register HTTP/1.1" 302 678 "http://www.hurence.com/?q=user/register" "Mozilla/5.0 (X11; Ubuntu; Linux i686; rv:21.0) Gecko/20100101 Firefox/21.0"
198.27.65.143 - - [13/Oct/2013:20:50:31 +0200] "GET / HTTP/1.1" 200 6713 "http://www.hurence.com/?q=user/register" "Mozilla/5.0 (X11; Ubuntu; Linux i686; rv:21.0) Gecko/20100101 Firefox/21.0"
198.27.65.143 - - [13/Oct/2013:20:50:32 +0200] "GET /?q=user HTTP/1.1" 200 5099 "http://www.hurence.com/" "Mozilla/5.0 (X11; Ubuntu; Linux i686; rv:21.0) Gecko/20100101 Firefox/21.0"
198.27.65.143 - - [13/Oct/2013:20:50:33 +0200] "POST /?q=user HTTP/1.1" 200 5169 "http://www.hurence.com/?q=user" "Mozilla/5.0 (X11; Ubuntu; Linux i686; rv:21.0) Gecko/20100101 Firefox/21.0"
5.10.83.11 - - [13/Oct/2013:21:00:07 +0200] "GET /node/88?lang=en HTTP/1.1" 200 6591 "-" "Mozilla/5.0 (compatible; AhrefsBot/5.0; +http://ahrefs.com/robot/)"
5.10.83.11 - - [13/Oct/2013:21:00:34 +0200] "GET /node/8 HTTP/1.1" 200 6638 "-" "Mozilla/5.0 (compatible; AhrefsBot/5.0; +http://ahrefs.com/robot/)"
209.85.238.70 - - [13/Oct/2013:21:10:35 +0200] "GET /rss.xml HTTP/1.1" 200 2983 "-" "Feedfetcher-Google; (+http://www.google.com/feedfetcher.html; 3 subscribers; feed-id=7225077890218036057)"
5.63.145.68 - - [13/Oct/2013:21:24:09 +0200] "HEAD / HTTP/1.1" 200 468 "-" "checks.panopta.com"
5.63.145.68 - - [13/Oct/2013:21:24:11 +0200] "GET / HTTP/1.1" 200 27767 "-" "checks.panopta.com"
157.55.33.26 - - [13/Oct/2013:21:28:03 +0200] "GET /robots.txt HTTP/1.1" 200 1850 "-" "Mozilla/5.0 (compatible; bingbot/2.0; +http://www.bing.com/bingbot.htm)"
184.154.149.195 - - [13/Oct/2013:21:34:33 +0200] "GET / HTTP/1.0" 200 6359 "http://www.hurence.com/" "Mozilla/5.0 (X11; Ubuntu; Linux i686; rv:21.0) Gecko/20100101 Firefox/21.0"
184.154.149.195 - - [13/Oct/2013:21:34:36 +0200] "GET /?q=user HTTP/1.0" 200 5098 "http://www.hurence.com/" "Mozilla/5.0 (X11; Ubuntu; Linux i686; rv:21.0) Gecko/20100101 Firefox/21.0"
184.154.149.195 - - [13/Oct/2013:21:34:38 +0200] "POST /?q=user HTTP/1.0" 200 5175 "http://www.hurence.com/?q=user" "Mozilla/5.0 (X11; Ubuntu; Linux i686; rv:21.0) Gecko/20100101 Firefox/21.0"
157.55.33.26 - - [13/Oct/2013:21:35:26 +0200] "GET /node/94?lang=fr HTTP/1.1" 200 7275 "-" "Mozilla/5.0 (compatible; bingbot/2.0; +http://www.bing.com/bingbot.htm)"
5.10.83.11 - - [13/Oct/2013:21:37:04 +0200] "GET /node/112?lang=fr HTTP/1.1" 200 6691 "-" "Mozilla/5.0 (compatible; AhrefsBot/5.0; +http://ahrefs.com/robot/)"
5.63.145.68 - - [13/Oct/2013:21:39:13 +0200] "HEAD / HTTP/1.1" 200 468 "-" "checks.panopta.com"
180.76.6.17 - - [13/Oct/2013:21:41:44 +0200] "GET /node/40?lang=fr HTTP/1.1" 200 6857 "-" "Mozilla/5.0 (compatible; Baiduspider/2.0; +http://www.baidu.com/search/spider.html)"
208.115.113.87 - - [13/Oct/2013:21:41:47 +0200] "GET /node/133?lang=fr HTTP/1.1" 200 26715 "-" "Mozilla/5.0 (compatible; Ezooms/1.0; ezooms.bot@gmail.com)"
208.115.113.87 - - [13/Oct/2013:21:42:01 +0200] "GET /node/65?lang=en HTTP/1.1" 200 30222 "-" "Mozilla/5.0 (compatible; Ezooms/1.0; ezooms.bot@gmail.com)"
193.252.118.164 - - [13/Oct/2013:21:46:59 +0200] "GET /node/3 HTTP/1.1" 200 6640 "-" "Mozilla/5.0 (Windows; U; Windows NT 5.1; fr; rv:1.8.1) VoilaBot BETA 1.2 (support.voilabot@orange-ftgroup.com)"
123.125.71.48 - - [13/Oct/2013:21:47:20 +0200] "GET / HTTP/1.1" 200 16060 "-" "Mozilla/5.0 (compatible; Baiduspider/2.0; +http://www.baidu.com/search/spider.html)"
220.181.108.109 - - [13/Oct/2013:21:48:15 +0200] "GET / HTTP/1.1" 200 16060 "-" "Mozilla/5.0 (compatible; Baiduspider/2.0; +http://www.baidu.com/search/spider.html)"
5.63.145.68 - - [13/Oct/2013:21:54:14 +0200] "HEAD / HTTP/1.1" 200 468 "-" "checks.panopta.com"
5.10.83.11 - - [13/Oct/2013:21:57:06 +0200] "GET /node/152 HTTP/1.1" 200 5762 "-" "Mozilla/5.0 (compatible; AhrefsBot/5.0; +http://ahrefs.com/robot/)"
176.195.55.52 - - [13/Oct/2013:21:58:49 +0200] "GET /node/92?lang=fr HTTP/1.0" 200 32090 "http://www.hurence.com/node/92?lang=fr" "Mozilla/5.0 (Windows NT 5.1; rv:17.0) Gecko/20100101 Firefox/17.0"
5.10.83.11 - - [13/Oct/2013:22:00:46 +0200] "GET /node/45?lang=fr HTTP/1.1" 200 7080 "-" "Mozilla/5.0 (compatible; AhrefsBot/5.0; +http://ahrefs.com/robot/)"
5.10.83.11 - - [13/Oct/2013:22:01:50 +0200] "GET /node/10 HTTP/1.1" 200 6502 "-" "Mozilla/5.0 (compatible; AhrefsBot/5.0; +http://ahrefs.com/robot/)"
5.39.20.103 - - [13/Oct/2013:22:01:59 +0200] "GET /w00tw00t.at.ISC.SANS.DFind:) HTTP/1.1" 400 516 "-" "-"
5.10.83.11 - - [13/Oct/2013:22:02:26 +0200] "GET /node/99?lang=fr HTTP/1.1" 200 7072 "-" "Mozilla/5.0 (compatible; AhrefsBot/5.0; +http://ahrefs.com/robot/)"
5.10.83.11 - - [13/Oct/2013:22:07:38 +0200] "GET /node/80 HTTP/1.1" 200 6583 "-" "Mozilla/5.0 (compatible; AhrefsBot/5.0; +http://ahrefs.com/robot/)"
5.10.83.11 - - [13/Oct/2013:22:09:15 +0200] "GET /node/123?lang=fr HTTP/1.1" 200 7254 "-" "Mozilla/5.0 (compatible; AhrefsBot/5.0; +http://ahrefs.com/robot/)"
5.63.145.68 - - [13/Oct/2013:22:09:41 +0200] "HEAD / HTTP/1.1" 200 468 "-" "checks.panopta.com"
209.85.238.70 - - [13/Oct/2013:22:10:16 +0200] "GET /rss.xml HTTP/1.1" 200 2983 "-" "Feedfetcher-Google; (+http://www.google.com/feedfetcher.html; 3 subscribers; feed-id=7225077890218036057)"
157.55.33.26 - - [13/Oct/2013:22:23:06 +0200] "GET /node/83 HTTP/1.1" 200 6674 "-" "Mozilla/5.0 (compatible; bingbot/2.0; +http://www.bing.com/bingbot.htm)"
5.63.145.68 - - [13/Oct/2013:22:25:51 +0200] "HEAD / HTTP/1.1" 200 468 "-" "checks.panopta.com"
140.168.135.1 - - [13/Oct/2013:22:27:13 +0200] "GET /sites/all/themes/hurence/css/fields.css?ls5cse HTTP/1.1" 304 213 "-" "Mozilla/4.0 (compatible;)"
193.252.149.13 - - [13/Oct/2013:22:30:18 +0200] "GET /node/6 HTTP/1.1" 200 6661 "-" "Mozilla/5.0 (Windows; U; Windows NT 5.1; fr; rv:1.8.1) VoilaBot BETA 1.2 (support.voilabot@orange-ftgroup.com)"
123.125.71.20 - - [13/Oct/2013:22:40:43 +0200] "GET / HTTP/1.1" 200 16060 "-" "Mozilla/5.0 (compatible; Baiduspider/2.0; +http://www.baidu.com/search/spider.html)"
220.181.108.116 - - [13/Oct/2013:22:40:43 +0200] "GET / HTTP/1.1" 200 16060 "-" "Mozilla/5.0 (compatible; Baiduspider/2.0; +http://www.baidu.com/search/spider.html)"
5.63.145.68 - - [13/Oct/2013:22:40:57 +0200] "HEAD / HTTP/1.1" 200 468 "-" "checks.panopta.com"
5.10.83.11 - - [13/Oct/2013:22:42:49 +0200] "GET /taxonomy/term/1/feed HTTP/1.1" 200 637 "-" "Mozilla/5.0 (compatible; AhrefsBot/5.0; +http://ahrefs.com/robot/)"
208.115.111.71 - - [13/Oct/2013:22:43:24 +0200] "GET /robots.txt HTTP/1.1" 200 1793 "-" "Mozilla/5.0 (compatible; Ezooms/1.0; ezooms.bot@gmail.com)"
208.115.111.71 - - [13/Oct/2013:22:43:24 +0200] "GET /robots.txt HTTP/1.1" 200 1793 "-" "Mozilla/5.0 (compatible; Ezooms/1.0; ezooms.bot@gmail.com)"
207.241.226.239 - - [13/Oct/2013:22:47:12 +0200] "GET /robots.txt HTTP/1.1" 200 1793 "-" "ia_archiver(OS-Wayback)"
5.63.145.68 - - [13/Oct/2013:22:55:59 +0200] "HEAD / HTTP/1.1" 200 468 "-" "checks.panopta.com"
198.27.65.143 - - [13/Oct/2013:23:05:46 +0200] "GET / HTTP/1.1" 200 6365 "http://www.hurence.com/" "Mozilla/5.0 (X11; Ubuntu; Linux i686; rv:21.0) Gecko/20100101 Firefox/21.0"
198.27.65.143 - - [13/Oct/2013:23:05:48 +0200] "GET /?q=user HTTP/1.1" 200 5096 "http://www.hurence.com/" "Mozilla/5.0 (X11; Ubuntu; Linux i686; rv:21.0) Gecko/20100101 Firefox/21.0"
198.27.65.143 - - [13/Oct/2013:23:05:49 +0200] "POST /?q=user HTTP/1.1" 200 5166 "http://www.hurence.com/?q=user" "Mozilla/5.0 (X11; Ubuntu; Linux i686; rv:21.0) Gecko/20100101 Firefox/21.0"
5.10.83.11 - - [13/Oct/2013:23:06:42 +0200] "GET /node/79?lang=en HTTP/1.1" 200 6677 "-" "Mozilla/5.0 (compatible; AhrefsBot/5.0; +http://ahrefs.com/robot/)"
5.10.83.11 - - [13/Oct/2013:23:08:05 +0200] "GET /node/59?lang=en HTTP/1.1" 200 6419 "-" "Mozilla/5.0 (compatible; AhrefsBot/5.0; +http://ahrefs.com/robot/)"
209.85.238.70 - - [13/Oct/2013:23:09:26 +0200] "GET /rss.xml HTTP/1.1" 200 2983 "-" "Feedfetcher-Google; (+http://www.google.com/feedfetcher.html; 3 subscribers; feed-id=7225077890218036057)"
5.63.145.68 - - [13/Oct/2013:23:11:08 +0200] "HEAD / HTTP/1.1" 200 468 "-" "checks.panopta.com"
202.46.63.43 - - [13/Oct/2013:23:12:03 +0200] "GET / HTTP/1.1" 200 16060 "-" "Mozilla/4.0 (compatible; MSIE 7.0; Windows NT 6.0)"
119.63.193.195 - - [13/Oct/2013:23:13:11 +0200] "GET / HTTP/1.1" 200 16060 "-" "Mozilla/4.0 (compatible; MSIE 7.0; Windows NT 6.0)"
66.249.66.213 - - [13/Oct/2013:23:13:25 +0200] "GET /node/146?lang=en HTTP/1.1" 200 6856 "-" "DoCoMo/2.0 N905i(c100;TB;W24H16) (compatible; Googlebot-Mobile/2.1; +http://www.google.com/bot.html)"
66.249.66.213 - - [13/Oct/2013:23:14:15 +0200] "GET /node/59 HTTP/1.1" 200 6433 "-" "Mozilla/5.0 (iPhone; U; CPU iPhone OS 4_1 like Mac OS X; en-us) AppleWebKit/532.9 (KHTML, like Gecko) Version/4.0.5 Mobile/8B117 Safari/6531.22.7 (compatible; Googlebot-Mobile/2.1; +http://www.google.com/bot.html)"
66.249.66.213 - - [13/Oct/2013:23:17:53 +0200] "GET /node/110?lang=fr HTTP/1.1" 200 7147 "-" "Mozilla/5.0 (iPhone; U; CPU iPhone OS 4_1 like Mac OS X; en-us) AppleWebKit/532.9 (KHTML, like Gecko) Version/4.0.5 Mobile/8B117 Safari/6531.22.7 (compatible; Googlebot-Mobile/2.1; +http://www.google.com/bot.html)"
66.249.66.213 - - [13/Oct/2013:23:21:06 +0200] "GET /sites/all/modules/simplenews/simplenews.css?ls5cse HTTP/1.1" 200 575 "-" "Mozilla/5.0 (compatible; Googlebot/2.1; +http://www.google.com/bot.html)"
5.10.83.11 - - [13/Oct/2013:23:22:19 +0200] "GET /node/122?lang=fr HTTP/1.1" 200 7291 "-" "Mozilla/5.0 (compatible; AhrefsBot/5.0; +http://ahrefs.com/robot/)"
5.10.83.11 - - [13/Oct/2013:23:26:14 +0200] "GET /node/103?lang=fr HTTP/1.1" 200 7033 "-" "Mozilla/5.0 (compatible; AhrefsBot/5.0; +http://ahrefs.com/robot/)"
5.63.145.68 - - [13/Oct/2013:23:27:16 +0200] "HEAD / HTTP/1.1" 200 468 "-" "checks.panopta.com"
5.10.83.11 - - [13/Oct/2013:23:29:49 +0200] "GET /node/142 HTTP/1.1" 200 6241 "-" "Mozilla/5.0 (compatible; AhrefsBot/5.0; +http://ahrefs.com/robot/)"
193.252.118.175 - - [13/Oct/2013:23:35:31 +0200] "GET /node/12 HTTP/1.1" 200 6326 "-" "Mozilla/5.0 (Windows; U; Windows NT 5.1; fr; rv:1.8.1) VoilaBot BETA 1.2 (support.voilabot@orange-ftgroup.com)"
198.27.65.143 - - [13/Oct/2013:23:37:07 +0200] "GET / HTTP/1.1" 200 6365 "http://www.hurence.com/" "Mozilla/5.0 (X11; Ubuntu; Linux i686; rv:21.0) Gecko/20100101 Firefox/21.0"
198.27.65.143 - - [13/Oct/2013:23:37:09 +0200] "GET /?q=user HTTP/1.1" 200 5096 "http://www.hurence.com/" "Mozilla/5.0 (X11; Ubuntu; Linux i686; rv:21.0) Gecko/20100101 Firefox/21.0"
198.27.65.143 - - [13/Oct/2013:23:37:09 +0200] "POST /?q=user HTTP/1.1" 200 5166 "http://www.hurence.com/?q=user" "Mozilla/5.0 (X11; Ubuntu; Linux i686; rv:21.0) Gecko/20100101 Firefox/21.0"
5.10.83.11 - - [13/Oct/2013:23:37:34 +0200] "GET /taxonomy/term/1 HTTP/1.1" 200 4950 "-" "Mozilla/5.0 (compatible; AhrefsBot/5.0; +http://ahrefs.com/robot/)"
208.115.111.71 - - [13/Oct/2013:23:37:39 +0200] "GET /node/108?lang=fr HTTP/1.1" 200 32429 "-" "Mozilla/5.0 (compatible; Ezooms/1.0; ezooms.bot@gmail.com)"
208.115.111.71 - - [13/Oct/2013:23:37:54 +0200] "GET /node/52?lang=fr HTTP/1.1" 200 24574 "-" "Mozilla/5.0 (compatible; Ezooms/1.0; ezooms.bot@gmail.com)"
208.115.111.71 - - [13/Oct/2013:23:38:06 +0200] "GET /node/90 HTTP/1.1" 200 29796 "-" "Mozilla/5.0 (compatible; Ezooms/1.0; ezooms.bot@gmail.com)"
180.76.5.26 - - [13/Oct/2013:23:39:58 +0200] "GET /node/68?lang=en HTTP/1.1" 200 6736 "-" "Mozilla/5.0 (compatible; Baiduspider/2.0; +http://www.baidu.com/search/spider.html)"
220.181.108.91 - - [13/Oct/2013:23:40:40 +0200] "GET / HTTP/1.1" 200 16060 "-" "Mozilla/5.0 (compatible; Baiduspider/2.0; +http://www.baidu.com/search/spider.html)"
123.125.71.24 - - [13/Oct/2013:23:41:45 +0200] "GET / HTTP/1.1" 200 16060 "-" "Mozilla/5.0 (compatible; Baiduspider/2.0; +http://www.baidu.com/search/spider.html)"
5.63.145.68 - - [13/Oct/2013:23:42:21 +0200] "HEAD / HTTP/1.1" 200 468 "-" "checks.panopta.com"
81.57.123.104 - - [13/Oct/2013:23:48:20 +0200] "GET /node/101?lang=fr HTTP/1.1" 200 7120 "https://www.google.fr/" "Mozilla/5.0 (Linux; Android 4.3; Nexus 4 Build/JWR66Y) AppleWebKit/537.36 (KHTML, like Gecko) Chrome/30.0.1599.82 Mobile Safari/537.36"
81.57.123.104 - - [13/Oct/2013:23:48:22 +0200] "GET /modules/system/system.base.css?ls5cse HTTP/1.1" 200 2193 "http://www.hurence.com/node/101?lang=fr" "Mozilla/5.0 (Linux; Android 4.3; Nexus 4 Build/JWR66Y) AppleWebKit/537.36 (KHTML, like Gecko) Chrome/30.0.1599.82 Mobile Safari/537.36"
81.57.123.104 - - [13/Oct/2013:23:48:22 +0200] "GET /modules/system/system.menus.css?ls5cse HTTP/1.1" 200 1001 "http://www.hurence.com/node/101?lang=fr" "Mozilla/5.0 (Linux; Android 4.3; Nexus 4 Build/JWR66Y) AppleWebKit/537.36 (KHTML, like Gecko) Chrome/30.0.1599.82 Mobile Safari/537.36"
81.57.123.104 - - [13/Oct/2013:23:48:22 +0200] "GET /modules/system/system.messages.css?ls5cse HTTP/1.1" 200 722 "http://www.hurence.com/node/101?lang=fr" "Mozilla/5.0 (Linux; Android 4.3; Nexus 4 Build/JWR66Y) AppleWebKit/537.36 (KHTML, like Gecko) Chrome/30.0.1599.82 Mobile Safari/537.36"
81.57.123.104 - - [13/Oct/2013:23:48:22 +0200] "GET /modules/system/system.theme.css?ls5cse HTTP/1.1" 200 1561 "http://www.hurence.com/node/101?lang=fr" "Mozilla/5.0 (Linux; Android 4.3; Nexus 4 Build/JWR66Y) AppleWebKit/537.36 (KHTML, like Gecko) Chrome/30.0.1599.82 Mobile Safari/537.36"
81.57.123.104 - - [13/Oct/2013:23:48:22 +0200] "GET /modules/comment/comment.css?ls5cse HTTP/1.1" 200 481 "http://www.hurence.com/node/101?lang=fr" "Mozilla/5.0 (Linux; Android 4.3; Nexus 4 Build/JWR66Y) AppleWebKit/537.36 (KHTML, like Gecko) Chrome/30.0.1599.82 Mobile Safari/537.36"
81.57.123.104 - - [13/Oct/2013:23:48:22 +0200] "GET /modules/field/theme/field.css?ls5cse HTTP/1.1" 200 575 "http://www.hurence.com/node/101?lang=fr" "Mozilla/5.0 (Linux; Android 4.3; Nexus 4 Build/JWR66Y) AppleWebKit/537.36 (KHTML, like Gecko) Chrome/30.0.1599.82 Mobile Safari/537.36"
81.57.123.104 - - [13/Oct/2013:23:48:22 +0200] "GET /modules/node/node.css?ls5cse HTTP/1.1" 200 447 "http://www.hurence.com/node/101?lang=fr" "Mozilla/5.0 (Linux; Android 4.3; Nexus 4 Build/JWR66Y) AppleWebKit/537.36 (KHTML, like Gecko) Chrome/30.0.1599.82 Mobile Safari/537.36"
81.57.123.104 - - [13/Oct/2013:23:48:22 +0200] "GET /modules/search/search.css?ls5cse HTTP/1.1" 200 571 "http://www.hurence.com/node/101?lang=fr" "Mozilla/5.0 (Linux; Android 4.3; Nexus 4 Build/JWR66Y) AppleWebKit/537.36 (KHTML, like Gecko) Chrome/30.0.1599.82 Mobile Safari/537.36"
81.57.123.104 - - [13/Oct/2013:23:48:22 +0200] "GET /modules/user/user.css?ls5cse HTTP/1.1" 200 1036 "http://www.hurence.com/node/101?lang=fr" "Mozilla/5.0 (Linux; Android 4.3; Nexus 4 Build/JWR66Y) AppleWebKit/537.36 (KHTML, like Gecko) Chrome/30.0.1599.82 Mobile Safari/537.36"
81.57.123.104 - - [13/Oct/2013:23:48:22 +0200] "GET /sites/all/modules/views/css/views.css?ls5cse HTTP/1.1" 200 648 "http://www.hurence.com/node/101?lang=fr" "Mozilla/5.0 (Linux; Android 4.3; Nexus 4 Build/JWR66Y) AppleWebKit/537.36 (KHTML, like Gecko) Chrome/30.0.1599.82 Mobile Safari/537.36"
81.57.123.104 - - [13/Oct/2013:23:48:22 +0200] "GET /sites/all/modules/ctools/css/ctools.css?ls5cse HTTP/1.1" 200 591 "http://www.hurence.com/node/101?lang=fr" "Mozilla/5.0 (Linux; Android 4.3; Nexus 4 Build/JWR66Y) AppleWebKit/537.36 (KHTML, like Gecko) Chrome/30.0.1599.82 Mobile Safari/537.36"
81.57.123.104 - - [13/Oct/2013:23:48:22 +0200] "GET /sites/all/modules/featured_content/featured_content.css?ls5cse HTTP/1.1" 200 478 "http://www.hurence.com/node/101?lang=fr" "Mozilla/5.0 (Linux; Android 4.3; Nexus 4 Build/JWR66Y) AppleWebKit/537.36 (KHTML, like Gecko) Chrome/30.0.1599.82 Mobile Safari/537.36"
81.57.123.104 - - [13/Oct/2013:23:48:22 +0200] "GET /sites/all/modules/megamenu/megamenu.css?ls5cse HTTP/1.1" 200 1618 "http://www.hurence.com/node/101?lang=fr" "Mozilla/5.0 (Linux; Android 4.3; Nexus 4 Build/JWR66Y) AppleWebKit/537.36 (KHTML, like Gecko) Chrome/30.0.1599.82 Mobile Safari/537.36"
81.57.123.104 - - [13/Oct/2013:23:48:22 +0200] "GET /sites/all/modules/megamenu/megamenu-skins.css?ls5cse HTTP/1.1" 200 356 "http://www.hurence.com/node/101?lang=fr" "Mozilla/5.0 (Linux; Android 4.3; Nexus 4 Build/JWR66Y) AppleWebKit/537.36 (KHTML, like Gecko) Chrome/30.0.1599.82 Mobile Safari/537.36"
81.57.123.104 - - [13/Oct/2013:23:48:22 +0200] "GET /sites/all/modules/simplenews/simplenews.css?ls5cse HTTP/1.1" 200 574 "http://www.hurence.com/node/101?lang=fr" "Mozilla/5.0 (Linux; Android 4.3; Nexus 4 Build/JWR66Y) AppleWebKit/537.36 (KHTML, like Gecko) Chrome/30.0.1599.82 Mobile Safari/537.36"
81.57.123.104 - - [13/Oct/2013:23:48:22 +0200] "GET /modules/locale/locale.css?ls5cse HTTP/1.1" 200 751 "http://www.hurence.com/node/101?lang=fr" "Mozilla/5.0 (Linux; Android 4.3; Nexus 4 Build/JWR66Y) AppleWebKit/537.36 (KHTML, like Gecko) Chrome/30.0.1599.82 Mobile Safari/537.36"
81.57.123.104 - - [13/Oct/2013:23:48:22 +0200] "GET /sites/all/themes/hurence/css/html-reset.css?ls5cse HTTP/1.1" 200 3350 "http://www.hurence.com/node/101?lang=fr" "Mozilla/5.0 (Linux; Android 4.3; Nexus 4 Build/JWR66Y) AppleWebKit/537.36 (KHTML, like Gecko) Chrome/30.0.1599.82 Mobile Safari/537.36"
81.57.123.104 - - [13/Oct/2013:23:48:22 +0200] "GET /sites/all/themes/hurence/css/wireframes.css?ls5cse HTTP/1.1" 200 532 "http://www.hurence.com/node/101?lang=fr" "Mozilla/5.0 (Linux; Android 4.3; Nexus 4 Build/JWR66Y) AppleWebKit/537.36 (KHTML, like Gecko) Chrome/30.0.1599.82 Mobile Safari/537.36"
81.57.123.104 - - [13/Oct/2013:23:48:22 +0200] "GET /sites/all/themes/hurence/css/layout-fixed.css?ls5cse HTTP/1.1" 200 1924 "http://www.hurence.com/node/101?lang=fr" "Mozilla/5.0 (Linux; Android 4.3; Nexus 4 Build/JWR66Y) AppleWebKit/537.36 (KHTML, like Gecko) Chrome/30.0.1599.82 Mobile Safari/537.36"
81.57.123.104 - - [13/Oct/2013:23:48:22 +0200] "GET /sites/all/themes/hurence/css/page-backgrounds.css?ls5cse HTTP/1.1" 200 721 "http://www.hurence.com/node/101?lang=fr" "Mozilla/5.0 (Linux; Android 4.3; Nexus 4 Build/JWR66Y) AppleWebKit/537.36 (KHTML, like Gecko) Chrome/30.0.1599.82 Mobile Safari/537.36"
81.57.123.104 - - [13/Oct/2013:23:48:22 +0200] "GET /sites/all/themes/hurence/css/tabs.css?ls5cse HTTP/1.1" 200 1058 "http://www.hurence.com/node/101?lang=fr" "Mozilla/5.0 (Linux; Android 4.3; Nexus 4 Build/JWR66Y) AppleWebKit/537.36 (KHTML, like Gecko) Chrome/30.0.1599.82 Mobile Safari/537.36"
81.57.123.104 - - [13/Oct/2013:23:48:22 +0200] "GET /sites/all/themes/hurence/css/pages.css?ls5cse HTTP/1.1" 200 2219 "http://www.hurence.com/node/101?lang=fr" "Mozilla/5.0 (Linux; Android 4.3; Nexus 4 Build/JWR66Y) AppleWebKit/537.36 (KHTML, like Gecko) Chrome/30.0.1599.82 Mobile Safari/537.36"
81.57.123.104 - - [13/Oct/2013:23:48:22 +0200] "GET /sites/all/themes/hurence/css/blocks.css?ls5cse HTTP/1.1" 200 1869 "http://www.hurence.com/node/101?lang=fr" "Mozilla/5.0 (Linux; Android 4.3; Nexus 4 Build/JWR66Y) AppleWebKit/537.36 (KHTML, like Gecko) Chrome/30.0.1599.82 Mobile Safari/537.36"
81.57.123.104 - - [13/Oct/2013:23:48:22 +0200] "GET /sites/all/themes/hurence/css/navigation.css?ls5cse HTTP/1.1" 200 806 "http://www.hurence.com/node/101?lang=fr" "Mozilla/5.0 (Linux; Android 4.3; Nexus 4 Build/JWR66Y) AppleWebKit/537.36 (KHTML, like Gecko) Chrome/30.0.1599.82 Mobile Safari/537.36"
81.57.123.104 - - [13/Oct/2013:23:48:22 +0200] "GET /sites/all/themes/hurence/css/views-styles.css?ls5cse HTTP/1.1" 200 389 "http://www.hurence.com/node/101?lang=fr" "Mozilla/5.0 (Linux; Android 4.3; Nexus 4 Build/JWR66Y) AppleWebKit/537.36 (KHTML, like Gecko) Chrome/30.0.1599.82 Mobile Safari/537.36"
81.57.123.104 - - [13/Oct/2013:23:48:22 +0200] "GET /sites/all/themes/hurence/css/nodes.css?ls5cse HTTP/1.1" 200 1115 "http://www.hurence.com/node/101?lang=fr" "Mozilla/5.0 (Linux; Android 4.3; Nexus 4 Build/JWR66Y) AppleWebKit/537.36 (KHTML, like Gecko) Chrome/30.0.1599.82 Mobile Safari/537.36"
81.57.123.104 - - [13/Oct/2013:23:48:22 +0200] "GET /sites/all/themes/hurence/css/comments.css?ls5cse HTTP/1.1" 200 1019 "http://www.hurence.com/node/101?lang=fr" "Mozilla/5.0 (Linux; Android 4.3; Nexus 4 Build/JWR66Y) AppleWebKit/537.36 (KHTML, like Gecko) Chrome/30.0.1599.82 Mobile Safari/537.36"
81.57.123.104 - - [13/Oct/2013:23:48:22 +0200] "GET /sites/all/themes/hurence/css/forms.css?ls5cse HTTP/1.1" 200 1397 "http://www.hurence.com/node/101?lang=fr" "Mozilla/5.0 (Linux; Android 4.3; Nexus 4 Build/JWR66Y) AppleWebKit/537.36 (KHTML, like Gecko) Chrome/30.0.1599.82 Mobile Safari/537.36"
81.57.123.104 - - [13/Oct/2013:23:48:22 +0200] "GET /sites/all/themes/hurence/css/fields.css?ls5cse HTTP/1.1" 200 700 "http://www.hurence.com/node/101?lang=fr" "Mozilla/5.0 (Linux; Android 4.3; Nexus 4 Build/JWR66Y) AppleWebKit/537.36 (KHTML, like Gecko) Chrome/30.0.1599.82 Mobile Safari/537.36"
81.57.123.104 - - [13/Oct/2013:23:48:22 +0200] "GET /sites/all/themes/hurence/css/print.css?ls5cse HTTP/1.1" 200 979 "http://www.hurence.com/node/101?lang=fr" "Mozilla/5.0 (Linux; Android 4.3; Nexus 4 Build/JWR66Y) AppleWebKit/537.36 (KHTML, like Gecko) Chrome/30.0.1599.82 Mobile Safari/537.36"
81.57.123.104 - - [13/Oct/2013:23:48:22 +0200] "GET /sites/all/themes/hurence/css/hurence.css?ls5cse HTTP/1.1" 200 688 "http://www.hurence.com/node/101?lang=fr" "Mozilla/5.0 (Linux; Android 4.3; Nexus 4 Build/JWR66Y) AppleWebKit/537.36 (KHTML, like Gecko) Chrome/30.0.1599.82 Mobile Safari/537.36"
81.57.123.104 - - [13/Oct/2013:23:48:22 +0200] "GET /sites/all/themes/hurence/css/megamenu-hurence.css?ls5cse HTTP/1.1" 200 1725 "http://www.hurence.com/node/101?lang=fr" "Mozilla/5.0 (Linux; Android 4.3; Nexus 4 Build/JWR66Y) AppleWebKit/537.36 (KHTML, like Gecko) Chrome/30.0.1599.82 Mobile Safari/537.36"
81.57.123.104 - - [13/Oct/2013:23:48:22 +0200] "GET /misc/jquery.once.js?v=1.2 HTTP/1.1" 200 1420 "http://www.hurence.com/node/101?lang=fr" "Mozilla/5.0 (Linux; Android 4.3; Nexus 4 Build/JWR66Y) AppleWebKit/537.36 (KHTML, like Gecko) Chrome/30.0.1599.82 Mobile Safari/537.36"
81.57.123.104 - - [13/Oct/2013:23:48:22 +0200] "GET /misc/drupal.js?ls5cse HTTP/1.1" 200 4882 "http://www.hurence.com/node/101?lang=fr" "Mozilla/5.0 (Linux; Android 4.3; Nexus 4 Build/JWR66Y) AppleWebKit/537.36 (KHTML, like Gecko) Chrome/30.0.1599.82 Mobile Safari/537.36"
81.57.123.104 - - [13/Oct/2013:23:48:22 +0200] "GET /sites/all/modules/featured_content/featured_content.js?ls5cse HTTP/1.1" 200 1074 "http://www.hurence.com/node/101?lang=fr" "Mozilla/5.0 (Linux; Android 4.3; Nexus 4 Build/JWR66Y) AppleWebKit/537.36 (KHTML, like Gecko) Chrome/30.0.1599.82 Mobile Safari/537.36"
81.57.123.104 - - [13/Oct/2013:23:48:22 +0200] "GET /sites/all/modules/megamenu/megamenu.js?ls5cse HTTP/1.1" 200 1758 "http://www.hurence.com/node/101?lang=fr" "Mozilla/5.0 (Linux; Android 4.3; Nexus 4 Build/JWR66Y) AppleWebKit/537.36 (KHTML, like Gecko) Chrome/30.0.1599.82 Mobile Safari/537.36"
81.57.123.104 - - [13/Oct/2013:23:48:22 +0200] "GET /sites/all/themes/hurence/js/hurence.js?ls5cse HTTP/1.1" 200 806 "http://www.hurence.com/node/101?lang=fr" "Mozilla/5.0 (Linux; Android 4.3; Nexus 4 Build/JWR66Y) AppleWebKit/537.36 (KHTML, like Gecko) Chrome/30.0.1599.82 Mobile Safari/537.36"
81.57.123.104 - - [13/Oct/2013:23:48:22 +0200] "GET /misc/jquery.js?v=1.4.4 HTTP/1.1" 200 27431 "http://www.hurence.com/node/101?lang=fr" "Mozilla/5.0 (Linux; Android 4.3; Nexus 4 Build/JWR66Y) AppleWebKit/537.36 (KHTML, like Gecko) Chrome/30.0.1599.82 Mobile Safari/537.36"
81.57.123.104 - - [13/Oct/2013:23:48:22 +0200] "GET /sites/all/modules/views/js/jquery.ui.dialog.patch.js?ls5cse HTTP/1.1" 200 914 "http://www.hurence.com/node/101?lang=fr" "Mozilla/5.0 (Linux; Android 4.3; Nexus 4 Build/JWR66Y) AppleWebKit/537.36 (KHTML, like Gecko) Chrome/30.0.1599.82 Mobile Safari/537.36"
81.57.123.104 - - [13/Oct/2013:23:48:22 +0200] "GET /sites/all/themes/hurence/logo.png HTTP/1.1" 200 5065 "http://www.hurence.com/node/101?lang=fr" "Mozilla/5.0 (Linux; Android 4.3; Nexus 4 Build/JWR66Y) AppleWebKit/537.36 (KHTML, like Gecko) Chrome/30.0.1599.82 Mobile Safari/537.36"
