89.173.30.116 - - [13/Oct/2013:12:59:05 +0200] "GET /sites/all/themes/hurence/css/nodes.css?ls5cse HTTP/1.1" 200 1115 "http://www.hurence.com/node/67" "Mozilla/5.0 (X11; Linux i686) AppleWebKit/537.36 (KHTML, like Gecko) Ubuntu Chromium/28.0.1500.71 Chrome/28.0.1500.71 Safari/537.36"
89.173.30.116 - - [13/Oct/2013:12:59:05 +0200] "GET /sites/all/themes/hurence/css/comments.css?ls5cse HTTP/1.1" 200 1019 "http://www.hurence.com/node/67" "Mozilla/5.0 (X11; Linux i686) AppleWebKit/537.36 (KHTML, like Gecko) Ubuntu Chromium/28.0.1500.71 Chrome/28.0.1500.71 Safari/537.36"
89.173.30.116 - - [13/Oct/2013:12:59:05 +0200] "GET /sites/all/themes/hurence/css/forms.css?ls5cse HTTP/1.1" 200 1397 "http://www.hurence.com/node/67" "Mozilla/5.0 (X11; Linux i686) AppleWebKit/537.36 (KHTML, like Gecko) Ubuntu Chromium/28.0.1500.71 Chrome/28.0.1500.71 Safari/537.36"
89.173.30.116 - - [13/Oct/2013:12:59:05 +0200] "GET /sites/all/themes/hurence/css/fields.css?ls5cse HTTP/1.1" 200 700 "http://www.hurence.com/node/67" "Mozilla/5.0 (X11; Linux i686) AppleWebKit/537.36 (KHTML, like Gecko) Ubuntu Chromium/28.0.1500.71 Chrome/28.0.1500.71 Safari/537.36"
89.173.30.116 - - [13/Oct/2013:12:59:05 +0200] "GET /sites/all/themes/hurence/css/print.css?ls5cse HTTP/1.1" 200 979 "http://www.hurence.com/node/67" "Mozilla/5.0 (X11; Linux i686) AppleWebKit/537.36 (KHTML, like Gecko) Ubuntu Chromium/28.0.1500.71 Chrome/28.0.1500.71 Safari/537.36"
89.173.30.116 - - [13/Oct/2013:12:59:05 +0200] "GET /sites/all/themes/hurence/css/hurence.css?ls5cse HTTP/1.1" 200 688 "http://www.hurence.com/node/67" "Mozilla/5.0 (X11; Linux i686) AppleWebKit/537.36 (KHTML, like Gecko) Ubuntu Chromium/28.0.1500.71 Chrome/28.0.1500.71 Safari/537.36"
89.173.30.116 - - [13/Oct/2013:12:59:05 +0200] "GET /sites/all/themes/hurence/css/megamenu-hurence.css?ls5cse HTTP/1.1" 200 1725 "http://www.hurence.com/node/67" "Mozilla/5.0 (X11; Linux i686) AppleWebKit/537.36 (KHTML, like Gecko) Ubuntu Chromium/28.0.1500.71 Chrome/28.0.1500.71 Safari/537.36"
89.173.30.116 - - [13/Oct/2013:12:59:05 +0200] "GET /sites/all/modules/featured_content/featured_content.css?ls5cse HTTP/1.1" 200 478 "http://www.hurence.com/node/67" "Mozilla/5.0 (X11; Linux i686) AppleWebKit/537.36 (KHTML, like Gecko) Ubuntu Chromium/28.0.1500.71 Chrome/28.0.1500.71 Safari/537.36"
89.173.30.116 - - [13/Oct/2013:12:59:05 +0200] "GET /misc/jquery.once.js?v=1.2 HTTP/1.1" 200 1420 "http://www.hurence.com/node/67" "Mozilla/5.0 (X11; Linux i686) AppleWebKit/537.36 (KHTML, like Gecko) Ubuntu Chromium/28.0.1500.71 Chrome/28.0.1500.71 Safari/537.36"
89.173.30.116 - - [13/Oct/2013:12:59:05 +0200] "GET /misc/jquery.js?v=1.4.4 HTTP/1.1" 200 27431 "http://www.hurence.com/node/67" "Mozilla/5.0 (X11; Linux i686) AppleWebKit/537.36 (KHTML, like Gecko) Ubuntu Chromium/28.0.1500.71 Chrome/28.0.1500.71 Safari/537.36"
89.173.30.116 - - [13/Oct/2013:12:59:05 +0200] "GET /misc/drupal.js?ls5cse HTTP/1.1" 200 4882 "http://www.hurence.com/node/67" "Mozilla/5.0 (X11; Linux i686) AppleWebKit/537.36 (KHTML, like Gecko) Ubuntu Chromium/28.0.1500.71 Chrome/28.0.1500.71 Safari/537.36"
89.173.30.116 - - [13/Oct/2013:12:59:05 +0200] "GET /sites/all/modules/featured_content/featured_content.js?ls5cse HTTP/1.1" 200 1074 "http://www.hurence.com/node/67" "Mozilla/5.0 (X11; Linux i686) AppleWebKit/537.36 (KHTML, like Gecko) Ubuntu Chromium/28.0.1500.71 Chrome/28.0.1500.71 Safari/537.36"
89.173.30.116 - - [13/Oct/2013:12:59:05 +0200] "GET /sites/all/modules/megamenu/megamenu.js?ls5cse HTTP/1.1" 200 1758 "http://www.hurence.com/node/67" "Mozilla/5.0 (X11; Linux i686) AppleWebKit/537.36 (KHTML, like Gecko) Ubuntu Chromium/28.0.1500.71 Chrome/28.0.1500.71 Safari/537.36"
89.173.30.116 - - [13/Oct/2013:12:59:05 +0200] "GET /sites/all/themes/hurence/js/hurence.js?ls5cse HTTP/1.1" 200 806 "http://www.hurence.com/node/67" "Mozilla/5.0 (X11; Linux i686) AppleWebKit/537.36 (KHTML, like Gecko) Ubuntu Chromium/28.0.1500.71 Chrome/28.0.1500.71 Safari/537.36"
89.173.30.116 - - [13/Oct/2013:12:59:05 +0200] "GET /sites/all/modules/views/js/jquery.ui.dialog.patch.js?ls5cse HTTP/1.1" 200 914 "http://www.hurence.com/node/67" "Mozilla/5.0 (X11; Linux i686) AppleWebKit/537.36 (KHTML, like Gecko) Ubuntu Chromium/28.0.1500.71 Chrome/28.0.1500.71 Safari/537.36"
89.173.30.116 - - [13/Oct/2013:12:59:05 +0200] "GET /misc/feed.png HTTP/1.1" 200 949 "http://www.hurence.com/node/67" "Mozilla/5.0 (X11; Linux i686) AppleWebKit/537.36 (KHTML, like Gecko) Ubuntu Chromium/28.0.1500.71 Chrome/28.0.1500.71 Safari/537.36"
89.173.30.116 - - [13/Oct/2013:12:59:05 +0200] "GET /sites/default/files/styles/white_paper_logo/public/hadoop-logo.jpg HTTP/1.1" 200 2436 "http://www.hurence.com/node/67" "Mozilla/5.0 (X11; Linux i686) AppleWebKit/537.36 (KHTML, like Gecko) Ubuntu Chromium/28.0.1500.71 Chrome/28.0.1500.71 Safari/537.36"
89.173.30.116 - - [13/Oct/2013:12:59:05 +0200] "GET /sites/all/themes/hurence/logo.png HTTP/1.1" 200 5065 "http://www.hurence.com/node/67" "Mozilla/5.0 (X11; Linux i686) AppleWebKit/537.36 (KHTML, like Gecko) Ubuntu Chromium/28.0.1500.71 Chrome/28.0.1500.71 Safari/537.36"
89.173.30.116 - - [13/Oct/2013:12:59:05 +0200] "GET /modules/file/icons/application-pdf.png HTTP/1.1" 200 639 "http://www.hurence.com/node/67" "Mozilla/5.0 (X11; Linux i686) AppleWebKit/537.36 (KHTML, like Gecko) Ubuntu Chromium/28.0.1500.71 Chrome/28.0.1500.71 Safari/537.36"
89.173.30.116 - - [13/Oct/2013:12:59:05 +0200] "GET /sites/all/themes/hurence/images/bg_header-inner.jpg HTTP/1.1" 200 8925 "http://www.hurence.com/node/67" "Mozilla/5.0 (X11; Linux i686) AppleWebKit/537.36 (KHTML, like Gecko) Ubuntu Chromium/28.0.1500.71 Chrome/28.0.1500.71 Safari/537.36"
89.173.30.116 - - [13/Oct/2013:12:59:05 +0200] "GET /sites/all/themes/hurence/images/bg_header.gif HTTP/1.1" 200 559 "http://www.hurence.com/node/67" "Mozilla/5.0 (X11; Linux i686) AppleWebKit/537.36 (KHTML, like Gecko) Ubuntu Chromium/28.0.1500.71 Chrome/28.0.1500.71 Safari/537.36"
89.173.30.116 - - [13/Oct/2013:12:59:05 +0200] "GET /sites/default/files/en.jpg HTTP/1.1" 200 3136 "http://www.hurence.com/node/67" "Mozilla/5.0 (X11; Linux i686) AppleWebKit/537.36 (KHTML, like Gecko) Ubuntu Chromium/28.0.1500.71 Chrome/28.0.1500.71 Safari/537.36"
89.173.30.116 - - [13/Oct/2013:12:59:05 +0200] "GET /sites/default/files/fr.jpg HTTP/1.1" 200 3176 "http://www.hurence.com/node/67" "Mozilla/5.0 (X11; Linux i686) AppleWebKit/537.36 (KHTML, like Gecko) Ubuntu Chromium/28.0.1500.71 Chrome/28.0.1500.71 Safari/537.36"
89.173.30.116 - - [13/Oct/2013:12:59:05 +0200] "GET /sites/default/files/mail.png HTTP/1.1" 200 4030 "http://www.hurence.com/node/67" "Mozilla/5.0 (X11; Linux i686) AppleWebKit/537.36 (KHTML, like Gecko) Ubuntu Chromium/28.0.1500.71 Chrome/28.0.1500.71 Safari/537.36"
89.173.30.116 - - [13/Oct/2013:12:59:05 +0200] "GET /sites/default/files/Twitter-24x24.png HTTP/1.1" 200 1869 "http://www.hurence.com/node/67" "Mozilla/5.0 (X11; Linux i686) AppleWebKit/537.36 (KHTML, like Gecko) Ubuntu Chromium/28.0.1500.71 Chrome/28.0.1500.71 Safari/537.36"
89.173.30.116 - - [13/Oct/2013:12:59:05 +0200] "GET /sites/default/files/Facebook-24x24.png HTTP/1.1" 200 1725 "http://www.hurence.com/node/67" "Mozilla/5.0 (X11; Linux i686) AppleWebKit/537.36 (KHTML, like Gecko) Ubuntu Chromium/28.0.1500.71 Chrome/28.0.1500.71 Safari/537.36"
89.173.30.116 - - [13/Oct/2013:12:59:05 +0200] "GET /sites/default/files/favicon.png HTTP/1.1" 200 3880 "-" "Mozilla/5.0 (X11; Linux i686) AppleWebKit/537.36 (KHTML, like Gecko) Ubuntu Chromium/28.0.1500.71 Chrome/28.0.1500.71 Safari/537.36"
127.0.0.1 - - [13/Oct/2013:12:59:23 +0200] "OPTIONS * HTTP/1.0" 200 152 "-" "Apache/2.2.17 (Ubuntu) (internal dummy connection)"
89.173.30.116 - - [13/Oct/2013:12:59:59 +0200] "GET /node/12 HTTP/1.1" 200 6361 "http://www.hurence.com/node/67" "Mozilla/5.0 (X11; Linux i686) AppleWebKit/537.36 (KHTML, like Gecko) Ubuntu Chromium/28.0.1500.71 Chrome/28.0.1500.71 Safari/537.36"
89.173.30.116 - - [13/Oct/2013:13:00:00 +0200] "GET /sites/default/files/Hadoop-final.jpg HTTP/1.1" 200 40046 "http://www.hurence.com/node/12" "Mozilla/5.0 (X11; Linux i686) AppleWebKit/537.36 (KHTML, like Gecko) Ubuntu Chromium/28.0.1500.71 Chrome/28.0.1500.71 Safari/537.36"
89.173.30.116 - - [13/Oct/2013:13:00:00 +0200] "GET /sites/default/files/HBase-final.jpg HTTP/1.1" 200 37604 "http://www.hurence.com/node/12" "Mozilla/5.0 (X11; Linux i686) AppleWebKit/537.36 (KHTML, like Gecko) Ubuntu Chromium/28.0.1500.71 Chrome/28.0.1500.71 Safari/537.36"
89.173.30.116 - - [13/Oct/2013:13:00:00 +0200] "GET /sites/default/files/Hive-final.jpg HTTP/1.1" 200 39358 "http://www.hurence.com/node/12" "Mozilla/5.0 (X11; Linux i686) AppleWebKit/537.36 (KHTML, like Gecko) Ubuntu Chromium/28.0.1500.71 Chrome/28.0.1500.71 Safari/537.36"
89.173.30.116 - - [13/Oct/2013:13:00:00 +0200] "GET /sites/default/files/Pig-final.jpg HTTP/1.1" 200 39271 "http://www.hurence.com/node/12" "Mozilla/5.0 (X11; Linux i686) AppleWebKit/537.36 (KHTML, like Gecko) Ubuntu Chromium/28.0.1500.71 Chrome/28.0.1500.71 Safari/537.36"
89.173.30.116 - - [13/Oct/2013:13:00:01 +0200] "GET /sites/default/files/Membase-final.jpg HTTP/1.1" 200 34920 "http://www.hurence.com/node/12" "Mozilla/5.0 (X11; Linux i686) AppleWebKit/537.36 (KHTML, like Gecko) Ubuntu Chromium/28.0.1500.71 Chrome/28.0.1500.71 Safari/537.36"
127.0.0.1 - - [13/Oct/2013:13:00:19 +0200] "OPTIONS * HTTP/1.0" 200 152 "-" "Apache/2.2.17 (Ubuntu) (internal dummy connection)"
202.46.52.22 - - [13/Oct/2013:13:01:52 +0200] "GET / HTTP/1.1" 200 16060 "-" "Mozilla/4.0 (compatible; MSIE 7.0; Windows NT 6.0)"
119.63.193.131 - - [13/Oct/2013:13:02:37 +0200] "GET / HTTP/1.1" 200 16060 "-" "Mozilla/4.0 (compatible; MSIE 7.0; Windows NT 6.0)"
5.63.145.68 - - [13/Oct/2013:13:10:33 +0200] "HEAD / HTTP/1.1" 200 468 "-" "checks.panopta.com"
5.10.83.11 - - [13/Oct/2013:13:12:48 +0200] "GET /node/11?lang=en HTTP/1.1" 200 6831 "-" "Mozilla/5.0 (compatible; AhrefsBot/5.0; +http://ahrefs.com/robot/)"
95.108.247.253 - - [13/Oct/2013:13:16:26 +0200] "GET /robots.txt HTTP/1.1" 200 1850 "-" "Mozilla/5.0 (compatible; YandexBot/3.0; +http://yandex.com/bots)"
95.108.247.253 - - [13/Oct/2013:13:16:36 +0200] "GET /node/48?lang=fr HTTP/1.1" 200 6471 "-" "Mozilla/5.0 (compatible; YandexBot/3.0; +http://yandex.com/bots)"
193.252.149.16 - - [13/Oct/2013:13:18:15 +0200] "GET /node/83 HTTP/1.1" 200 6648 "-" "Mozilla/5.0 (Windows; U; Windows NT 5.1; fr; rv:1.8.1) VoilaBot BETA 1.2 (support.voilabot@orange-ftgroup.com)"
193.252.118.175 - - [13/Oct/2013:13:19:00 +0200] "GET /node/117?lang=fr HTTP/1.1" 200 6911 "-" "Mozilla/5.0 (Windows; U; Windows NT 5.1; fr; rv:1.8.1) VoilaBot BETA 1.2 (support.voilabot@orange-ftgroup.com)"
5.10.83.11 - - [13/Oct/2013:13:23:17 +0200] "GET /node/76 HTTP/1.1" 200 6389 "-" "Mozilla/5.0 (compatible; AhrefsBot/5.0; +http://ahrefs.com/robot/)"
5.10.83.11 - - [13/Oct/2013:13:24:38 +0200] "GET /node/132?lang=en HTTP/1.1" 200 5982 "-" "Mozilla/5.0 (compatible; AhrefsBot/5.0; +http://ahrefs.com/robot/)"
5.63.145.68 - - [13/Oct/2013:13:25:47 +0200] "HEAD / HTTP/1.1" 200 468 "-" "checks.panopta.com"
5.10.83.11 - - [13/Oct/2013:13:27:06 +0200] "GET /node/41?lang=fr HTTP/1.1" 200 6697 "-" "Mozilla/5.0 (compatible; AhrefsBot/5.0; +http://ahrefs.com/robot/)"
79.133.200.50 - - [13/Oct/2013:13:28:47 +0200] "GET / HTTP/1.1" 200 6356 "http://hurence.com/" "Mozilla/5.0 (X11; Ubuntu; Linux i686; rv:21.0) Gecko/20100101 Firefox/21.0"
79.133.200.50 - - [13/Oct/2013:13:28:49 +0200] "GET /?q=user HTTP/1.1" 200 5092 "http://hurence.com/" "Mozilla/5.0 (X11; Ubuntu; Linux i686; rv:21.0) Gecko/20100101 Firefox/21.0"
79.133.200.50 - - [13/Oct/2013:13:28:49 +0200] "POST /?q=user HTTP/1.1" 200 5171 "http://hurence.com/?q=user" "Mozilla/5.0 (X11; Ubuntu; Linux i686; rv:21.0) Gecko/20100101 Firefox/21.0"
5.10.83.11 - - [13/Oct/2013:13:37:58 +0200] "GET /node/122?lang=fr HTTP/1.1" 200 7298 "-" "Mozilla/5.0 (compatible; AhrefsBot/5.0; +http://ahrefs.com/robot/)"
220.181.108.92 - - [13/Oct/2013:13:40:36 +0200] "GET / HTTP/1.1" 200 16060 "-" "Mozilla/5.0 (compatible; Baiduspider/2.0; +http://www.baidu.com/search/spider.html)"
208.115.113.87 - - [13/Oct/2013:13:40:37 +0200] "GET /node/108?lang=fr HTTP/1.1" 200 32617 "-" "Mozilla/5.0 (compatible; Ezooms/1.0; ezooms.bot@gmail.com)"
5.63.145.68 - - [13/Oct/2013:13:40:49 +0200] "HEAD / HTTP/1.1" 200 468 "-" "checks.panopta.com"
208.115.113.87 - - [13/Oct/2013:13:40:51 +0200] "GET /taxonomy/term/1/feed?lang=fr HTTP/1.1" 200 750 "-" "Mozilla/5.0 (compatible; Ezooms/1.0; ezooms.bot@gmail.com)"
81.52.143.15 - - [13/Oct/2013:13:40:59 +0200] "GET /node/121?lang=fr HTTP/1.1" 200 6973 "-" "Mozilla/5.0 (Windows; U; Windows NT 5.1; fr; rv:1.8.1) VoilaBot BETA 1.2 (support.voilabot@orange-ftgroup.com)"
123.125.71.34 - - [13/Oct/2013:13:41:05 +0200] "GET / HTTP/1.1" 200 16060 "-" "Mozilla/5.0 (compatible; Baiduspider/2.0; +http://www.baidu.com/search/spider.html)"
54.215.67.149 - - [13/Oct/2013:13:43:10 +0200] "GET /rss.xml HTTP/1.1" 200 2945 "-" "Digg Feed Fetcher 1.0 (Mozilla/5.0 (Macintosh; Intel Mac OS X 10_7_1) AppleWebKit/534.48.3 (KHTML, like Gecko) Version/5.1 Safari/534.48.3)"
81.52.143.35 - - [13/Oct/2013:13:44:00 +0200] "GET /node/115?lang=fr HTTP/1.1" 200 5778 "-" "Mozilla/5.0 (Windows; U; Windows NT 5.1; fr; rv:1.8.1) VoilaBot BETA 1.2 (support.voilabot@orange-ftgroup.com)"
209.85.238.70 - - [13/Oct/2013:13:49:38 +0200] "GET /rss.xml HTTP/1.1" 200 2983 "-" "Feedfetcher-Google; (+http://www.google.com/feedfetcher.html; 3 subscribers; feed-id=7225077890218036057)"
66.249.66.213 - - [13/Oct/2013:13:50:47 +0200] "GET /node/47?lang=fr HTTP/1.1" 200 6045 "-" "Mozilla/5.0 (compatible; Googlebot/2.1; +http://www.google.com/bot.html)"
5.10.83.11 - - [13/Oct/2013:13:55:29 +0200] "GET /node/83?lang=en HTTP/1.1" 200 6674 "-" "Mozilla/5.0 (compatible; AhrefsBot/5.0; +http://ahrefs.com/robot/)"
5.63.145.68 - - [13/Oct/2013:13:55:56 +0200] "HEAD / HTTP/1.1" 200 468 "-" "checks.panopta.com"
65.19.138.34 - - [13/Oct/2013:13:56:37 +0200] "GET /rss.xml?lang=fr HTTP/1.1" 200 2968 "-" "Feedly/1.0 (+http://www.feedly.com/fetcher.html; like FeedFetcher-Google)"
193.105.154.90 - - [13/Oct/2013:13:58:05 +0200] "GET / HTTP/1.0" 200 6359 "http://www.hurence.com/" "Mozilla/5.0 (X11; Ubuntu; Linux i686; rv:21.0) Gecko/20100101 Firefox/21.0"
193.105.154.90 - - [13/Oct/2013:13:58:08 +0200] "GET /?q=node/add HTTP/1.0" 403 4787 "http://www.hurence.com/" "Mozilla/5.0 (X11; Ubuntu; Linux i686; rv:21.0) Gecko/20100101 Firefox/21.0"
193.105.154.90 - - [13/Oct/2013:13:58:09 +0200] "GET /?q=user/register HTTP/1.0" 200 5327 "http://www.hurence.com/?q=node/add" "Mozilla/5.0 (X11; Ubuntu; Linux i686; rv:21.0) Gecko/20100101 Firefox/21.0"
193.105.154.90 - - [13/Oct/2013:13:58:11 +0200] "POST /?q=user/register HTTP/1.0" 302 678 "http://www.hurence.com/?q=user/register" "Mozilla/5.0 (X11; Ubuntu; Linux i686; rv:21.0) Gecko/20100101 Firefox/21.0"
193.105.154.90 - - [13/Oct/2013:13:58:12 +0200] "GET / HTTP/1.0" 200 6716 "http://www.hurence.com/?q=user/register" "Mozilla/5.0 (X11; Ubuntu; Linux i686; rv:21.0) Gecko/20100101 Firefox/21.0"
193.105.154.90 - - [13/Oct/2013:13:58:18 +0200] "GET /?q=user HTTP/1.0" 200 5097 "http://www.hurence.com/" "Mozilla/5.0 (X11; Ubuntu; Linux i686; rv:21.0) Gecko/20100101 Firefox/21.0"
193.105.154.90 - - [13/Oct/2013:13:58:49 +0200] "POST /?q=user HTTP/1.0" 200 5175 "http://www.hurence.com/?q=user" "Mozilla/5.0 (X11; Ubuntu; Linux i686; rv:21.0) Gecko/20100101 Firefox/21.0"
5.63.145.68 - - [13/Oct/2013:14:11:02 +0200] "HEAD / HTTP/1.1" 200 468 "-" "checks.panopta.com"
193.252.118.173 - - [13/Oct/2013:14:12:29 +0200] "GET /node/47?lang=fr HTTP/1.1" 200 6006 "-" "Mozilla/5.0 (Windows; U; Windows NT 5.1; fr; rv:1.8.1) VoilaBot BETA 1.2 (support.voilabot@orange-ftgroup.com)"
5.63.145.68 - - [13/Oct/2013:14:26:16 +0200] "HEAD / HTTP/1.1" 200 468 "-" "checks.panopta.com"
5.10.83.11 - - [13/Oct/2013:14:27:17 +0200] "GET /node/68 HTTP/1.1" 200 6664 "-" "Mozilla/5.0 (compatible; AhrefsBot/5.0; +http://ahrefs.com/robot/)"
193.252.118.164 - - [13/Oct/2013:14:28:14 +0200] "GET /taxonomy/term/1?lang=fr HTTP/1.1" 200 5162 "-" "Mozilla/5.0 (Windows; U; Windows NT 5.1; fr; rv:1.8.1) VoilaBot BETA 1.2 (support.voilabot@orange-ftgroup.com)"
199.101.103.130 - - [13/Oct/2013:14:30:30 +0200] "GET / HTTP/1.1" 200 27767 "-" "blogtop.us crawler - http://blogtop.us/"
208.115.111.71 - - [13/Oct/2013:14:32:41 +0200] "GET /robots.txt HTTP/1.1" 200 1793 "-" "Mozilla/5.0 (compatible; Ezooms/1.0; ezooms.bot@gmail.com)"
123.125.71.51 - - [13/Oct/2013:14:40:06 +0200] "GET / HTTP/1.1" 200 16060 "-" "Mozilla/5.0 (compatible; Baiduspider/2.0; +http://www.baidu.com/search/spider.html)"
5.63.145.68 - - [13/Oct/2013:14:41:25 +0200] "HEAD / HTTP/1.1" 200 468 "-" "checks.panopta.com"
220.181.108.96 - - [13/Oct/2013:14:42:45 +0200] "GET / HTTP/1.1" 200 16060 "-" "Mozilla/5.0 (compatible; Baiduspider/2.0; +http://www.baidu.com/search/spider.html)"
209.85.238.70 - - [13/Oct/2013:14:43:08 +0200] "GET /rss.xml HTTP/1.1" 200 2983 "-" "Feedfetcher-Google; (+http://www.google.com/feedfetcher.html; 3 subscribers; feed-id=7225077890218036057)"
5.10.83.11 - - [13/Oct/2013:14:47:30 +0200] "GET /node/126 HTTP/1.1" 200 6510 "-" "Mozilla/5.0 (compatible; AhrefsBot/5.0; +http://ahrefs.com/robot/)"
93.182.159.11 - - [13/Oct/2013:14:49:39 +0200] "GET / HTTP/1.1" 200 6356 "http://www.hurence.com/" "Mozilla/5.0 (X11; Ubuntu; Linux i686; rv:21.0) Gecko/20100101 Firefox/21.0"
93.182.159.11 - - [13/Oct/2013:14:49:41 +0200] "GET /?q=user HTTP/1.1" 200 5096 "http://www.hurence.com/" "Mozilla/5.0 (X11; Ubuntu; Linux i686; rv:21.0) Gecko/20100101 Firefox/21.0"
93.182.159.11 - - [13/Oct/2013:14:49:41 +0200] "POST /?q=user HTTP/1.1" 200 5184 "http://www.hurence.com/?q=user" "Mozilla/5.0 (X11; Ubuntu; Linux i686; rv:21.0) Gecko/20100101 Firefox/21.0"
81.52.143.29 - - [13/Oct/2013:14:51:19 +0200] "GET /node/110?lang=fr HTTP/1.1" 200 7113 "-" "Mozilla/5.0 (Windows; U; Windows NT 5.1; fr; rv:1.8.1) VoilaBot BETA 1.2 (support.voilabot@orange-ftgroup.com)"
5.10.83.11 - - [13/Oct/2013:14:53:26 +0200] "GET /node/46?lang=fr HTTP/1.1" 200 6807 "-" "Mozilla/5.0 (compatible; AhrefsBot/5.0; +http://ahrefs.com/robot/)"
5.63.145.68 - - [13/Oct/2013:14:56:39 +0200] "HEAD / HTTP/1.1" 200 468 "-" "checks.panopta.com"
202.46.52.35 - - [13/Oct/2013:15:10:28 +0200] "GET / HTTP/1.1" 200 16060 "-" "Mozilla/4.0 (compatible; MSIE 7.0; Windows NT 6.0)"
119.63.193.131 - - [13/Oct/2013:15:11:33 +0200] "GET / HTTP/1.1" 200 16060 "-" "Mozilla/4.0 (compatible; MSIE 7.0; Windows NT 6.0)"
5.63.145.68 - - [13/Oct/2013:15:11:41 +0200] "HEAD / HTTP/1.1" 200 468 "-" "checks.panopta.com"
140.168.135.1 - - [13/Oct/2013:15:19:30 +0200] "GET /sites/all/themes/hurence/css/html-reset.css?ls5cse HTTP/1.1" 304 214 "-" "Mozilla/4.0 (compatible;)"
5.10.83.11 - - [13/Oct/2013:15:22:37 +0200] "GET /node/95?lang=fr HTTP/1.1" 200 6917 "-" "Mozilla/5.0 (compatible; AhrefsBot/5.0; +http://ahrefs.com/robot/)"
5.10.83.11 - - [13/Oct/2013:15:26:41 +0200] "GET /node/116?lang=fr HTTP/1.1" 200 6927 "-" "Mozilla/5.0 (compatible; AhrefsBot/5.0; +http://ahrefs.com/robot/)"
5.63.145.68 - - [13/Oct/2013:15:26:53 +0200] "HEAD / HTTP/1.1" 200 468 "-" "checks.panopta.com"
180.76.5.27 - - [13/Oct/2013:15:37:10 +0200] "GET /node/78?lang=en HTTP/1.1" 200 6629 "-" "Mozilla/5.0 (compatible; Baiduspider/2.0; +http://www.baidu.com/search/spider.html)"
5.63.145.68 - - [13/Oct/2013:15:41:58 +0200] "HEAD / HTTP/1.1" 200 468 "-" "checks.panopta.com"
123.125.71.34 - - [13/Oct/2013:15:42:36 +0200] "GET / HTTP/1.1" 200 16060 "-" "Mozilla/5.0 (compatible; Baiduspider/2.0; +http://www.baidu.com/search/spider.html)"
79.133.200.54 - - [13/Oct/2013:15:43:25 +0200] "GET /?q=user/register HTTP/1.1" 200 5327 "http://hurence.com/" "Mozilla/5.0 (X11; Ubuntu; Linux i686; rv:21.0) Gecko/20100101 Firefox/21.0"
79.133.200.54 - - [13/Oct/2013:15:43:26 +0200] "GET /?q=node/add HTTP/1.1" 403 4818 "http://hurence.com/" "Mozilla/5.0 (X11; Ubuntu; Linux i686; rv:21.0) Gecko/20100101 Firefox/21.0"
79.133.200.54 - - [13/Oct/2013:15:43:26 +0200] "GET /?q=user/register HTTP/1.1" 200 5333 "http://hurence.com/?q=node/add" "Mozilla/5.0 (X11; Ubuntu; Linux i686; rv:21.0) Gecko/20100101 Firefox/21.0"
79.133.200.54 - - [13/Oct/2013:15:43:26 +0200] "POST /?q=user/register HTTP/1.1" 302 674 "http://hurence.com/?q=user/register" "Mozilla/5.0 (X11; Ubuntu; Linux i686; rv:21.0) Gecko/20100101 Firefox/21.0"
79.133.200.54 - - [13/Oct/2013:15:43:27 +0200] "GET / HTTP/1.1" 200 6712 "http://hurence.com/?q=user/register" "Mozilla/5.0 (X11; Ubuntu; Linux i686; rv:21.0) Gecko/20100101 Firefox/21.0"
79.133.200.54 - - [13/Oct/2013:15:43:29 +0200] "GET /?q=user HTTP/1.1" 200 5096 "http://hurence.com/" "Mozilla/5.0 (X11; Ubuntu; Linux i686; rv:21.0) Gecko/20100101 Firefox/21.0"
79.133.200.54 - - [13/Oct/2013:15:43:29 +0200] "POST /?q=user HTTP/1.1" 200 5164 "http://hurence.com/?q=user" "Mozilla/5.0 (X11; Ubuntu; Linux i686; rv:21.0) Gecko/20100101 Firefox/21.0"
220.181.108.88 - - [13/Oct/2013:15:46:14 +0200] "GET / HTTP/1.1" 200 16060 "-" "Mozilla/5.0 (compatible; Baiduspider/2.0; +http://www.baidu.com/search/spider.html)"
209.85.238.70 - - [13/Oct/2013:15:48:28 +0200] "GET /rss.xml HTTP/1.1" 200 2983 "-" "Feedfetcher-Google; (+http://www.google.com/feedfetcher.html; 3 subscribers; feed-id=7225077890218036057)"
38.127.98.215 - - [13/Oct/2013:15:48:29 +0200] "GET / HTTP/1.0" 200 6356 "http://www.hurence.com/" "Mozilla/5.0 (X11; Ubuntu; Linux i686; rv:21.0) Gecko/20100101 Firefox/21.0"
38.127.98.215 - - [13/Oct/2013:15:48:32 +0200] "GET /?q=user HTTP/1.0" 200 5098 "http://www.hurence.com/" "Mozilla/5.0 (X11; Ubuntu; Linux i686; rv:21.0) Gecko/20100101 Firefox/21.0"
38.127.98.215 - - [13/Oct/2013:15:48:33 +0200] "POST /?q=user HTTP/1.0" 200 5175 "http://www.hurence.com/?q=user" "Mozilla/5.0 (X11; Ubuntu; Linux i686; rv:21.0) Gecko/20100101 Firefox/21.0"
66.249.66.213 - - [13/Oct/2013:15:50:01 +0200] "GET /node/62 HTTP/1.1" 200 6593 "-" "Mozilla/5.0 (compatible; Googlebot/2.1; +http://www.google.com/bot.html)"
208.115.111.71 - - [13/Oct/2013:15:56:28 +0200] "GET /node/32?lang=en HTTP/1.1" 200 23795 "-" "Mozilla/5.0 (compatible; Ezooms/1.0; ezooms.bot@gmail.com)"
208.115.111.71 - - [13/Oct/2013:15:56:40 +0200] "GET /node/46?lang=fr HTTP/1.1" 200 29788 "-" "Mozilla/5.0 (compatible; Ezooms/1.0; ezooms.bot@gmail.com)"
5.63.145.68 - - [13/Oct/2013:15:57:15 +0200] "HEAD / HTTP/1.1" 200 468 "-" "checks.panopta.com"
5.10.83.11 - - [13/Oct/2013:15:59:16 +0200] "GET /node/78 HTTP/1.1" 200 6568 "-" "Mozilla/5.0 (compatible; AhrefsBot/5.0; +http://ahrefs.com/robot/)"
94.23.202.64 - - [13/Oct/2013:16:05:49 +0200] "GET / HTTP/1.1" 200 6361 "-" "Mozilla/5.0 (X11; Linux x86_64) AppleWebKit/534.34 (KHTML, like Gecko) Qt/4.8.1 Safari/534.34"
94.23.202.64 - - [13/Oct/2013:16:05:51 +0200] "GET /misc/jquery.once.js?v=1.2 HTTP/1.1" 200 1421 "http://www.hurence.com/" "Mozilla/5.0 (X11; Linux x86_64) AppleWebKit/534.34 (KHTML, like Gecko) Qt/4.8.1 Safari/534.34"
94.23.202.64 - - [13/Oct/2013:16:05:51 +0200] "GET /misc/drupal.js?ls5cse HTTP/1.1" 200 4883 "http://www.hurence.com/" "Mozilla/5.0 (X11; Linux x86_64) AppleWebKit/534.34 (KHTML, like Gecko) Qt/4.8.1 Safari/534.34"
94.23.202.64 - - [13/Oct/2013:16:05:51 +0200] "GET /sites/all/modules/featured_content/featured_content.js?ls5cse HTTP/1.1" 200 1075 "http://www.hurence.com/" "Mozilla/5.0 (X11; Linux x86_64) AppleWebKit/534.34 (KHTML, like Gecko) Qt/4.8.1 Safari/534.34"
94.23.202.64 - - [13/Oct/2013:16:05:51 +0200] "GET /sites/all/modules/megamenu/megamenu.js?ls5cse HTTP/1.1" 200 1759 "http://www.hurence.com/" "Mozilla/5.0 (X11; Linux x86_64) AppleWebKit/534.34 (KHTML, like Gecko) Qt/4.8.1 Safari/534.34"
94.23.202.64 - - [13/Oct/2013:16:05:51 +0200] "GET /sites/all/themes/hurence/js/hurence.js?ls5cse HTTP/1.1" 200 807 "http://www.hurence.com/" "Mozilla/5.0 (X11; Linux x86_64) AppleWebKit/534.34 (KHTML, like Gecko) Qt/4.8.1 Safari/534.34"
94.23.202.64 - - [13/Oct/2013:16:05:51 +0200] "GET /sites/all/modules/views/js/jquery.ui.dialog.patch.js?ls5cse HTTP/1.1" 200 914 "http://www.hurence.com/" "Mozilla/5.0 (X11; Linux x86_64) AppleWebKit/534.34 (KHTML, like Gecko) Qt/4.8.1 Safari/534.34"
94.23.202.64 - - [13/Oct/2013:16:05:51 +0200] "GET /misc/jquery.js?v=1.4.4 HTTP/1.1" 200 27431 "http://www.hurence.com/" "Mozilla/5.0 (X11; Linux x86_64) AppleWebKit/534.34 (KHTML, like Gecko) Qt/4.8.1 Safari/534.34"
127.0.0.1 - - [13/Oct/2013:16:05:53 +0200] "OPTIONS * HTTP/1.0" 200 152 "-" "Apache/2.2.17 (Ubuntu) (internal dummy connection)"
117.211.123.51 - - [13/Oct/2013:16:10:59 +0200] "GET /node/3 HTTP/1.0" 200 6677 "http://www.hurence.com/" "Mozilla/5.0 (X11; Ubuntu; Linux i686; rv:21.0) Gecko/20100101 Firefox/21.0"
117.211.123.51 - - [13/Oct/2013:16:11:08 +0200] "GET /?q=node/add HTTP/1.0" 403 4783 "http://www.hurence.com/" "Mozilla/5.0 (X11; Ubuntu; Linux i686; rv:21.0) Gecko/20100101 Firefox/21.0"
117.211.123.51 - - [13/Oct/2013:16:11:11 +0200] "GET /?q=user/register HTTP/1.0" 200 5333 "http://www.hurence.com/?q=node/add" "Mozilla/5.0 (X11; Ubuntu; Linux i686; rv:21.0) Gecko/20100101 Firefox/21.0"
117.211.123.51 - - [13/Oct/2013:16:11:13 +0200] "POST /?q=user/register HTTP/1.0" 302 677 "http://www.hurence.com/?q=user/register" "Mozilla/5.0 (X11; Ubuntu; Linux i686; rv:21.0) Gecko/20100101 Firefox/21.0"
117.211.123.51 - - [13/Oct/2013:16:11:14 +0200] "GET / HTTP/1.0" 200 6717 "http://www.hurence.com/?q=user/register" "Mozilla/5.0 (X11; Ubuntu; Linux i686; rv:21.0) Gecko/20100101 Firefox/21.0"
117.211.123.51 - - [13/Oct/2013:16:11:18 +0200] "GET /?q=user HTTP/1.0" 200 5097 "http://www.hurence.com/" "Mozilla/5.0 (X11; Ubuntu; Linux i686; rv:21.0) Gecko/20100101 Firefox/21.0"
117.211.123.51 - - [13/Oct/2013:16:11:20 +0200] "POST /?q=user HTTP/1.0" 200 5175 "http://www.hurence.com/?q=user" "Mozilla/5.0 (X11; Ubuntu; Linux i686; rv:21.0) Gecko/20100101 Firefox/21.0"
5.63.145.68 - - [13/Oct/2013:16:12:19 +0200] "HEAD / HTTP/1.1" 200 468 "-" "checks.panopta.com"
5.10.83.11 - - [13/Oct/2013:16:14:15 +0200] "GET /taxonomy/term/2?lang=en HTTP/1.1" 200 6795 "-" "Mozilla/5.0 (compatible; AhrefsBot/5.0; +http://ahrefs.com/robot/)"
176.31.223.220 - - [13/Oct/2013:16:14:19 +0200] "GET /node/3 HTTP/1.0" 200 6684 "http://www.hurence.com/" "Mozilla/5.0 (X11; Ubuntu; Linux i686; rv:21.0) Gecko/20100101 Firefox/21.0"
5.10.83.11 - - [13/Oct/2013:16:17:03 +0200] "GET /node/132?lang=fr HTTP/1.1" 200 6154 "-" "Mozilla/5.0 (compatible; AhrefsBot/5.0; +http://ahrefs.com/robot/)"
185.5.45.170 - - [13/Oct/2013:16:17:21 +0200] "GET /node/88 HTTP/1.0" 200 29241 "http://www.hurence.com/node/88" "Mozilla/5.0 (Windows NT 6.0) AppleWebKit/537.11 (KHTML, like Gecko) Chrome/23.0.1271.64 Safari/537.11"
185.5.45.170 - - [13/Oct/2013:16:17:30 +0200] "GET /node/82 HTTP/1.0" 200 29219 "http://www.hurence.com/82" "Mozilla/5.0 (Windows NT 6.0) AppleWebKit/537.11 (KHTML, like Gecko) Chrome/23.0.1271.64 Safari/537.11"
185.5.45.170 - - [13/Oct/2013:16:17:34 +0200] "GET /node/6 HTTP/1.0" 200 29295 "http://www.hurence.com/6" "Mozilla/5.0 (Windows NT 6.0) AppleWebKit/537.11 (KHTML, like Gecko) Chrome/23.0.1271.64 Safari/537.11"
185.5.45.170 - - [13/Oct/2013:16:17:39 +0200] "GET /node/5 HTTP/1.0" 200 23448 "http://www.hurence.com/5" "Mozilla/5.0 (Windows NT 6.0) AppleWebKit/537.11 (KHTML, like Gecko) Chrome/23.0.1271.64 Safari/537.11"
185.5.45.170 - - [13/Oct/2013:16:17:44 +0200] "GET /node/59 HTTP/1.0" 200 28514 "http://www.hurence.com/59" "Mozilla/5.0 (Windows NT 6.0) AppleWebKit/537.11 (KHTML, like Gecko) Chrome/23.0.1271.64 Safari/537.11"
5.63.145.68 - - [13/Oct/2013:16:27:25 +0200] "HEAD / HTTP/1.1" 200 468 "-" "checks.panopta.com"
5.63.145.68 - - [13/Oct/2013:16:27:27 +0200] "GET / HTTP/1.1" 200 27767 "-" "checks.panopta.com"
198.27.65.143 - - [13/Oct/2013:16:31:52 +0200] "GET /node/3 HTTP/1.1" 200 6678 "http://www.hurence.com/" "Mozilla/5.0 (X11; Ubuntu; Linux i686; rv:21.0) Gecko/20100101 Firefox/21.0"
198.27.65.143 - - [13/Oct/2013:16:31:54 +0200] "GET /?q=user/register HTTP/1.1" 200 5332 "http://www.hurence.com/node/3" "Mozilla/5.0 (X11; Ubuntu; Linux i686; rv:21.0) Gecko/20100101 Firefox/21.0"
198.27.65.143 - - [13/Oct/2013:16:31:55 +0200] "POST /?q=user/register HTTP/1.1" 302 678 "http://www.hurence.com/?q=user/register" "Mozilla/5.0 (X11; Ubuntu; Linux i686; rv:21.0) Gecko/20100101 Firefox/21.0"
198.27.65.143 - - [13/Oct/2013:16:31:55 +0200] "GET / HTTP/1.1" 200 6716 "http://www.hurence.com/?q=user/register" "Mozilla/5.0 (X11; Ubuntu; Linux i686; rv:21.0) Gecko/20100101 Firefox/21.0"
198.27.65.143 - - [13/Oct/2013:16:31:57 +0200] "GET /?q=user HTTP/1.1" 200 5099 "http://www.hurence.com/" "Mozilla/5.0 (X11; Ubuntu; Linux i686; rv:21.0) Gecko/20100101 Firefox/21.0"
198.27.65.143 - - [13/Oct/2013:16:31:58 +0200] "POST /?q=user HTTP/1.1" 200 5167 "http://www.hurence.com/?q=user" "Mozilla/5.0 (X11; Ubuntu; Linux i686; rv:21.0) Gecko/20100101 Firefox/21.0"
5.10.83.11 - - [13/Oct/2013:16:32:43 +0200] "GET /node/12 HTTP/1.1" 200 6301 "-" "Mozilla/5.0 (compatible; AhrefsBot/5.0; +http://ahrefs.com/robot/)"
220.181.108.87 - - [13/Oct/2013:16:41:38 +0200] "GET / HTTP/1.1" 200 16060 "-" "Mozilla/5.0 (compatible; Baiduspider/2.0; +http://www.baidu.com/search/spider.html)"
209.85.238.70 - - [13/Oct/2013:16:42:18 +0200] "GET /rss.xml HTTP/1.1" 200 2983 "-" "Feedfetcher-Google; (+http://www.google.com/feedfetcher.html; 3 subscribers; feed-id=7225077890218036057)"
5.63.145.68 - - [13/Oct/2013:16:42:48 +0200] "HEAD / HTTP/1.1" 200 468 "-" "checks.panopta.com"
123.125.71.55 - - [13/Oct/2013:16:42:53 +0200] "GET / HTTP/1.1" 200 16060 "-" "Mozilla/5.0 (compatible; Baiduspider/2.0; +http://www.baidu.com/search/spider.html)"
5.10.83.11 - - [13/Oct/2013:16:43:24 +0200] "GET /node/72 HTTP/1.1" 200 6663 "-" "Mozilla/5.0 (compatible; AhrefsBot/5.0; +http://ahrefs.com/robot/)"
208.115.113.87 - - [13/Oct/2013:16:45:14 +0200] "GET /robots.txt HTTP/1.1" 200 1793 "-" "Mozilla/5.0 (compatible; Ezooms/1.0; ezooms.bot@gmail.com)"
66.249.66.213 - - [13/Oct/2013:16:47:05 +0200] "GET /node/59 HTTP/1.1" 200 6437 "-" "Mozilla/5.0 (compatible; Googlebot/2.1; +http://www.google.com/bot.html)"
79.133.216.100 - - [13/Oct/2013:16:57:06 +0200] "GET / HTTP/1.1" 200 6357 "http://hurence.com/" "Mozilla/5.0 (X11; Ubuntu; Linux i686; rv:21.0) Gecko/20100101 Firefox/21.0"
79.133.216.100 - - [13/Oct/2013:16:57:08 +0200] "GET /?q=user HTTP/1.1" 200 5091 "http://hurence.com/" "Mozilla/5.0 (X11; Ubuntu; Linux i686; rv:21.0) Gecko/20100101 Firefox/21.0"
79.133.216.100 - - [13/Oct/2013:16:57:08 +0200] "POST /?q=user HTTP/1.1" 200 5171 "http://hurence.com/?q=user" "Mozilla/5.0 (X11; Ubuntu; Linux i686; rv:21.0) Gecko/20100101 Firefox/21.0"
5.63.145.68 - - [13/Oct/2013:16:58:04 +0200] "HEAD / HTTP/1.1" 200 468 "-" "checks.panopta.com"
202.46.63.40 - - [13/Oct/2013:17:08:40 +0200] "GET / HTTP/1.1" 200 16060 "-" "Mozilla/4.0 (compatible; MSIE 7.0; Windows NT 6.0)"
119.63.193.195 - - [13/Oct/2013:17:09:37 +0200] "GET / HTTP/1.1" 200 16060 "-" "Mozilla/4.0 (compatible; MSIE 7.0; Windows NT 6.0)"
5.63.145.68 - - [13/Oct/2013:17:13:13 +0200] "HEAD / HTTP/1.1" 200 468 "-" "checks.panopta.com"
66.249.66.213 - - [13/Oct/2013:17:19:47 +0200] "GET /node/48 HTTP/1.1" 200 6282 "-" "SAMSUNG-SGH-E250/1.0 Profile/MIDP-2.0 Configuration/CLDC-1.1 UP.Browser/6.2.3.3.c.1.101 (GUI) MMP/2.0 (compatible; Googlebot-Mobile/2.1; +http://www.google.com/bot.html)"
5.10.83.11 - - [13/Oct/2013:17:21:07 +0200] "GET /node/3?lang=en HTTP/1.1" 200 6663 "-" "Mozilla/5.0 (compatible; AhrefsBot/5.0; +http://ahrefs.com/robot/)"
66.249.66.213 - - [13/Oct/2013:17:23:23 +0200] "GET /node/48 HTTP/1.1" 200 6285 "-" "DoCoMo/2.0 N905i(c100;TB;W24H16) (compatible; Googlebot-Mobile/2.1; +http://www.google.com/bot.html)"
5.63.145.68 - - [13/Oct/2013:17:28:25 +0200] "HEAD / HTTP/1.1" 200 468 "-" "checks.panopta.com"
188.165.246.158 - - [13/Oct/2013:17:30:22 +0200] "GET / HTTP/1.1" 200 6359 "http://www.hurence.com" "Mozilla/5.0 (X11; Ubuntu; Linux i686; rv:21.0) Gecko/20100101 Firefox/21.0"
74.121.150.244 - - [13/Oct/2013:17:30:25 +0200] "GET /?q=node/add HTTP/1.0" 403 4780 "http://www.hurence.com" "Mozilla/5.0 (X11; Ubuntu; Linux i686; rv:21.0) Gecko/20100101 Firefox/21.0"
74.121.150.244 - - [13/Oct/2013:17:30:25 +0200] "GET /?q=user/register HTTP/1.0" 200 5329 "http://www.hurence.com/?q=node/add" "Mozilla/5.0 (X11; Ubuntu; Linux i686; rv:21.0) Gecko/20100101 Firefox/21.0"
74.121.150.244 - - [13/Oct/2013:17:30:26 +0200] "POST /?q=user/register HTTP/1.0" 302 678 "http://www.hurence.com/?q=user/register" "Mozilla/5.0 (X11; Ubuntu; Linux i686; rv:21.0) Gecko/20100101 Firefox/21.0"
74.121.150.244 - - [13/Oct/2013:17:30:27 +0200] "GET / HTTP/1.0" 200 6716 "http://www.hurence.com/?q=user/register" "Mozilla/5.0 (X11; Ubuntu; Linux i686; rv:21.0) Gecko/20100101 Firefox/21.0"
74.121.150.244 - - [13/Oct/2013:17:30:29 +0200] "GET /?q=user HTTP/1.0" 200 5096 "http://www.hurence.com/" "Mozilla/5.0 (X11; Ubuntu; Linux i686; rv:21.0) Gecko/20100101 Firefox/21.0"
74.121.150.244 - - [13/Oct/2013:17:30:30 +0200] "POST /?q=user HTTP/1.0" 200 5177 "http://www.hurence.com/?q=user" "Mozilla/5.0 (X11; Ubuntu; Linux i686; rv:21.0) Gecko/20100101 Firefox/21.0"
199.188.75.16 - - [13/Oct/2013:17:35:35 +0200] "GET /node/6 HTTP/1.0" 200 6702 "http://www.hurence.com/" "Mozilla/5.0 (X11; Ubuntu; Linux i686; rv:21.0) Gecko/20100101 Firefox/21.0"
199.188.75.16 - - [13/Oct/2013:17:35:38 +0200] "GET /?q=node/add HTTP/1.0" 403 4782 "http://www.hurence.com/" "Mozilla/5.0 (X11; Ubuntu; Linux i686; rv:21.0) Gecko/20100101 Firefox/21.0"
199.188.75.16 - - [13/Oct/2013:17:35:39 +0200] "GET /?q=user/register HTTP/1.0" 200 5327 "http://www.hurence.com/?q=node/add" "Mozilla/5.0 (X11; Ubuntu; Linux i686; rv:21.0) Gecko/20100101 Firefox/21.0"
199.188.75.16 - - [13/Oct/2013:17:35:40 +0200] "POST /?q=user/register HTTP/1.0" 302 678 "http://www.hurence.com/?q=user/register" "Mozilla/5.0 (X11; Ubuntu; Linux i686; rv:21.0) Gecko/20100101 Firefox/21.0"
199.188.75.16 - - [13/Oct/2013:17:35:41 +0200] "GET / HTTP/1.0" 200 6720 "http://www.hurence.com/?q=user/register" "Mozilla/5.0 (X11; Ubuntu; Linux i686; rv:21.0) Gecko/20100101 Firefox/21.0"
199.188.75.16 - - [13/Oct/2013:17:35:43 +0200] "GET /?q=user HTTP/1.0" 200 5096 "http://www.hurence.com/" "Mozilla/5.0 (X11; Ubuntu; Linux i686; rv:21.0) Gecko/20100101 Firefox/21.0"
199.188.75.16 - - [13/Oct/2013:17:35:44 +0200] "POST /?q=user HTTP/1.0" 200 5177 "http://www.hurence.com/?q=user" "Mozilla/5.0 (X11; Ubuntu; Linux i686; rv:21.0) Gecko/20100101 Firefox/21.0"
209.85.238.70 - - [13/Oct/2013:17:38:48 +0200] "GET /rss.xml HTTP/1.1" 200 2983 "-" "Feedfetcher-Google; (+http://www.google.com/feedfetcher.html; 3 subscribers; feed-id=7225077890218036057)"
5.10.83.11 - - [13/Oct/2013:17:39:00 +0200] "GET /node/134?lang=en HTTP/1.1" 200 5416 "-" "Mozilla/5.0 (compatible; AhrefsBot/5.0; +http://ahrefs.com/robot/)"
208.115.113.87 - - [13/Oct/2013:17:41:49 +0200] "GET /taxonomy/term/1/feed?lang=en HTTP/1.1" 200 742 "-" "Mozilla/5.0 (compatible; Ezooms/1.0; ezooms.bot@gmail.com)"
5.63.145.68 - - [13/Oct/2013:17:43:30 +0200] "HEAD / HTTP/1.1" 200 468 "-" "checks.panopta.com"
70.247.167.206 - - [13/Oct/2013:17:43:59 +0200] "GET /sites/default/files/What%20is%20Hadoop.pdf HTTP/1.1" 200 692041 "http://www.google.com/url?sa=t&rct=j&q=&esrc=s&frm=1&source=web&cd=16&cad=rja&ved=0CGEQFjAFOAo&url=http%3A%2F%2Fwww.hurence.com%2Fsites%2Fdefault%2Ffiles%2FWhat%2520is%2520Hadoop.pdf&ei=mr9aUqKlBIHUkQeZgoGYAg&usg=AFQjCNGENTsQcgSJzQyvHK-EaBihv9e_Lw&bvm=bv.53899372,d.eWU" "Mozilla/4.0 (compatible; MSIE 8.0; Windows NT 6.1; WOW64; Trident/4.0; SLCC2; .NET CLR 2.0.50727; .NET CLR 3.5.30729; .NET CLR 3.0.30729; InfoPath.2; .NET4.0C; .NET4.0E; MS-RTC LM 8)"
74.221.209.239 - - [13/Oct/2013:17:45:13 +0200] "GET / HTTP/1.0" 200 6356 "http://www.hurence.com/" "Mozilla/5.0 (X11; Ubuntu; Linux i686; rv:21.0) Gecko/20100101 Firefox/21.0"
74.221.209.239 - - [13/Oct/2013:17:45:16 +0200] "GET /?q=user HTTP/1.0" 200 5101 "http://www.hurence.com/" "Mozilla/5.0 (X11; Ubuntu; Linux i686; rv:21.0) Gecko/20100101 Firefox/21.0"
220.181.108.102 - - [13/Oct/2013:17:45:15 +0200] "GET / HTTP/1.1" 200 16060 "-" "Mozilla/5.0 (compatible; Baiduspider/2.0; +http://www.baidu.com/search/spider.html)"
74.221.209.239 - - [13/Oct/2013:17:45:21 +0200] "POST /?q=user HTTP/1.0" 200 5178 "http://www.hurence.com/?q=user" "Mozilla/5.0 (X11; Ubuntu; Linux i686; rv:21.0) Gecko/20100101 Firefox/21.0"
123.125.71.34 - - [13/Oct/2013:17:45:45 +0200] "GET / HTTP/1.1" 200 16060 "-" "Mozilla/5.0 (compatible; Baiduspider/2.0; +http://www.baidu.com/search/spider.html)"
5.10.83.11 - - [13/Oct/2013:17:47:26 +0200] "GET /node/109?lang=fr HTTP/1.1" 200 7063 "-" "Mozilla/5.0 (compatible; AhrefsBot/5.0; +http://ahrefs.com/robot/)"
5.10.83.11 - - [13/Oct/2013:17:56:54 +0200] "GET /node/46?lang=en HTTP/1.1" 200 6601 "-" "Mozilla/5.0 (compatible; AhrefsBot/5.0; +http://ahrefs.com/robot/)"
5.63.145.68 - - [13/Oct/2013:17:58:40 +0200] "HEAD / HTTP/1.1" 200 468 "-" "checks.panopta.com"
5.39.44.24 - - [13/Oct/2013:18:09:21 +0200] "GET / HTTP/1.0" 200 6358 "http://www.hurence.com/" "Mozilla/5.0 (X11; Ubuntu; Linux i686; rv:21.0) Gecko/20100101 Firefox/21.0"
5.39.44.24 - - [13/Oct/2013:18:09:23 +0200] "GET /?q=user HTTP/1.0" 200 5097 "http://www.hurence.com/" "Mozilla/5.0 (X11; Ubuntu; Linux i686; rv:21.0) Gecko/20100101 Firefox/21.0"
5.39.44.24 - - [13/Oct/2013:18:09:23 +0200] "POST /?q=user HTTP/1.0" 200 5172 "http://www.hurence.com/?q=user" "Mozilla/5.0 (X11; Ubuntu; Linux i686; rv:21.0) Gecko/20100101 Firefox/21.0"
5.63.145.68 - - [13/Oct/2013:18:13:44 +0200] "HEAD / HTTP/1.1" 200 468 "-" "checks.panopta.com"
5.10.83.11 - - [13/Oct/2013:18:16:02 +0200] "GET /node/71 HTTP/1.1" 200 6505 "-" "Mozilla/5.0 (compatible; AhrefsBot/5.0; +http://ahrefs.com/robot/)"
5.10.83.11 - - [13/Oct/2013:18:17:30 +0200] "GET /node/109?lang=fr HTTP/1.1" 200 7058 "-" "Mozilla/5.0 (compatible; AhrefsBot/5.0; +http://ahrefs.com/robot/)"
193.252.149.16 - - [13/Oct/2013:18:17:53 +0200] "GET /node/98?lang=fr HTTP/1.1" 200 6718 "-" "Mozilla/5.0 (Windows; U; Windows NT 5.1; fr; rv:1.8.1) VoilaBot BETA 1.2 (support.voilabot@orange-ftgroup.com)"
185.3.134.253 - - [13/Oct/2013:18:24:12 +0200] "GET / HTTP/1.0" 200 6357 "http://www.hurence.com/" "Mozilla/5.0 (X11; Ubuntu; Linux i686; rv:21.0) Gecko/20100101 Firefox/21.0"
185.3.134.253 - - [13/Oct/2013:18:24:15 +0200] "GET /?q=user HTTP/1.0" 200 5098 "http://www.hurence.com/" "Mozilla/5.0 (X11; Ubuntu; Linux i686; rv:21.0) Gecko/20100101 Firefox/21.0"
185.3.134.253 - - [13/Oct/2013:18:24:16 +0200] "POST /?q=user HTTP/1.0" 200 5172 "http://www.hurence.com/?q=user" "Mozilla/5.0 (X11; Ubuntu; Linux i686; rv:21.0) Gecko/20100101 Firefox/21.0"
5.63.145.68 - - [13/Oct/2013:18:28:49 +0200] "HEAD / HTTP/1.1" 200 468 "-" "checks.panopta.com"
5.10.83.11 - - [13/Oct/2013:18:30:57 +0200] "GET /node/19 HTTP/1.1" 200 6089 "-" "Mozilla/5.0 (compatible; AhrefsBot/5.0; +http://ahrefs.com/robot/)"
5.10.83.11 - - [13/Oct/2013:18:36:10 +0200] "GET /node/142 HTTP/1.1" 200 6243 "-" "Mozilla/5.0 (compatible; AhrefsBot/5.0; +http://ahrefs.com/robot/)"
193.105.154.68 - - [13/Oct/2013:18:42:55 +0200] "GET / HTTP/1.0" 200 6359 "http://www.hurence.com/" "Mozilla/5.0 (X11; Ubuntu; Linux i686; rv:21.0) Gecko/20100101 Firefox/21.0"
193.105.154.68 - - [13/Oct/2013:18:42:58 +0200] "GET /?q=user HTTP/1.0" 200 5097 "http://www.hurence.com/" "Mozilla/5.0 (X11; Ubuntu; Linux i686; rv:21.0) Gecko/20100101 Firefox/21.0"
208.115.111.71 - - [13/Oct/2013:18:42:59 +0200] "GET /robots.txt HTTP/1.1" 200 1793 "-" "Mozilla/5.0 (compatible; Ezooms/1.0; ezooms.bot@gmail.com)"
193.105.154.68 - - [13/Oct/2013:18:43:00 +0200] "POST /?q=user HTTP/1.0" 200 5175 "http://www.hurence.com/?q=user" "Mozilla/5.0 (X11; Ubuntu; Linux i686; rv:21.0) Gecko/20100101 Firefox/21.0"
5.63.145.68 - - [13/Oct/2013:18:43:54 +0200] "HEAD / HTTP/1.1" 200 468 "-" "checks.panopta.com"
184.154.191.205 - - [13/Oct/2013:18:44:36 +0200] "GET / HTTP/1.0" 200 6355 "http://www.hurence.com/" "Mozilla/5.0 (X11; Ubuntu; Linux i686; rv:21.0) Gecko/20100101 Firefox/21.0"
184.154.191.205 - - [13/Oct/2013:18:44:39 +0200] "GET /?q=user HTTP/1.0" 200 5099 "http://www.hurence.com/" "Mozilla/5.0 (X11; Ubuntu; Linux i686; rv:21.0) Gecko/20100101 Firefox/21.0"
184.154.191.205 - - [13/Oct/2013:18:44:41 +0200] "POST /?q=user HTTP/1.0" 200 5177 "http://www.hurence.com/?q=user" "Mozilla/5.0 (X11; Ubuntu; Linux i686; rv:21.0) Gecko/20100101 Firefox/21.0"
123.125.71.41 - - [13/Oct/2013:18:55:06 +0200] "GET / HTTP/1.1" 200 16060 "-" "Mozilla/5.0 (compatible; Baiduspider/2.0; +http://www.baidu.com/search/spider.html)"
220.181.108.80 - - [13/Oct/2013:18:55:37 +0200] "GET / HTTP/1.1" 200 16060 "-" "Mozilla/5.0 (compatible; Baiduspider/2.0; +http://www.baidu.com/search/spider.html)"
5.10.83.11 - - [13/Oct/2013:18:58:46 +0200] "GET /node/121?lang=fr HTTP/1.1" 200 6953 "-" "Mozilla/5.0 (compatible; AhrefsBot/5.0; +http://ahrefs.com/robot/)"
5.63.145.68 - - [13/Oct/2013:18:59:00 +0200] "HEAD / HTTP/1.1" 200 468 "-" "checks.panopta.com"
151.248.122.187 - - [13/Oct/2013:19:02:42 +0200] "GET / HTTP/1.1" 200 27767 "-" "-"
198.27.65.143 - - [13/Oct/2013:19:07:45 +0200] "GET / HTTP/1.1" 200 6363 "http://www.hurence.com/" "Mozilla/5.0 (X11; Ubuntu; Linux i686; rv:21.0) Gecko/20100101 Firefox/21.0"
198.27.65.143 - - [13/Oct/2013:19:07:46 +0200] "GET /?q=user HTTP/1.1" 200 5095 "http://www.hurence.com/" "Mozilla/5.0 (X11; Ubuntu; Linux i686; rv:21.0) Gecko/20100101 Firefox/21.0"
198.27.65.143 - - [13/Oct/2013:19:07:47 +0200] "POST /?q=user HTTP/1.1" 200 5167 "http://www.hurence.com/?q=user" "Mozilla/5.0 (X11; Ubuntu; Linux i686; rv:21.0) Gecko/20100101 Firefox/21.0"
5.63.145.68 - - [13/Oct/2013:19:14:05 +0200] "HEAD / HTTP/1.1" 200 468 "-" "checks.panopta.com"
93.182.159.11 - - [13/Oct/2013:19:15:11 +0200] "GET /node/64 HTTP/1.1" 200 6242 "http://www.hurence.com/" "Mozilla/5.0 (X11; Ubuntu; Linux i686; rv:21.0) Gecko/20100101 Firefox/21.0"
93.182.159.11 - - [13/Oct/2013:19:15:16 +0200] "GET /node/134 HTTP/1.1" 200 5440 "http://www.hurence.com/" "Mozilla/5.0 (X11; Ubuntu; Linux i686; rv:21.0) Gecko/20100101 Firefox/21.0"
193.252.149.16 - - [13/Oct/2013:19:16:10 +0200] "GET /node/40 HTTP/1.1" 200 6675 "-" "Mozilla/5.0 (Windows; U; Windows NT 5.1; fr; rv:1.8.1) VoilaBot BETA 1.2 (support.voilabot@orange-ftgroup.com)"
140.168.135.1 - - [13/Oct/2013:19:16:27 +0200] "GET /sites/all/themes/hurence/logo.png HTTP/1.1" 304 191 "-" "Mozilla/4.0 (compatible;)"
209.85.238.70 - - [13/Oct/2013:19:20:46 +0200] "GET /rss.xml HTTP/1.1" 200 2983 "-" "Feedfetcher-Google; (+http://www.google.com/feedfetcher.html; 3 subscribers; feed-id=7225077890218036057)"
80.72.35.91 - - [13/Oct/2013:19:20:55 +0200] "GET /?q=user/register HTTP/1.1" 200 5326 "http://hurence.com/" "Mozilla/5.0 (X11; Ubuntu; Linux i686; rv:21.0) Gecko/20100101 Firefox/21.0"
80.72.35.91 - - [13/Oct/2013:19:20:56 +0200] "GET /?q=node/add HTTP/1.1" 403 4818 "http://hurence.com/" "Mozilla/5.0 (X11; Ubuntu; Linux i686; rv:21.0) Gecko/20100101 Firefox/21.0"
80.72.35.91 - - [13/Oct/2013:19:20:56 +0200] "GET /?q=user/register HTTP/1.1" 200 5327 "http://hurence.com/?q=node/add" "Mozilla/5.0 (X11; Ubuntu; Linux i686; rv:21.0) Gecko/20100101 Firefox/21.0"
80.72.35.91 - - [13/Oct/2013:19:20:56 +0200] "GET /?q=user HTTP/1.1" 200 5096 "http://hurence.com/" "Mozilla/5.0 (X11; Ubuntu; Linux i686; rv:21.0) Gecko/20100101 Firefox/21.0"
80.72.35.91 - - [13/Oct/2013:19:20:57 +0200] "POST /?q=user HTTP/1.1" 200 5176 "http://hurence.com/?q=user" "Mozilla/5.0 (X11; Ubuntu; Linux i686; rv:21.0) Gecko/20100101 Firefox/21.0"
5.10.83.11 - - [13/Oct/2013:19:23:00 +0200] "GET /node/67 HTTP/1.1" 200 6685 "-" "Mozilla/5.0 (compatible; AhrefsBot/5.0; +http://ahrefs.com/robot/)"
5.63.145.68 - - [13/Oct/2013:19:29:29 +0200] "HEAD / HTTP/1.1" 200 468 "-" "checks.panopta.com"
198.55.103.82 - - [13/Oct/2013:19:38:05 +0200] "GET /node/3 HTTP/1.0" 200 6682 "http://www.hurence.com/" "Mozilla/5.0 (X11; Ubuntu; Linux i686; rv:21.0) Gecko/20100101 Firefox/21.0"
198.55.103.82 - - [13/Oct/2013:19:38:13 +0200] "GET /?q=node/add HTTP/1.0" 403 4787 "http://www.hurence.com/" "Mozilla/5.0 (X11; Ubuntu; Linux i686; rv:21.0) Gecko/20100101 Firefox/21.0"
198.55.103.82 - - [13/Oct/2013:19:38:28 +0200] "GET /?q=user/register HTTP/1.0" 200 5334 "http://www.hurence.com/?q=node/add" "Mozilla/5.0 (X11; Ubuntu; Linux i686; rv:21.0) Gecko/20100101 Firefox/21.0"
198.55.103.82 - - [13/Oct/2013:19:38:32 +0200] "POST /?q=user/register HTTP/1.0" 302 678 "http://www.hurence.com/?q=user/register" "Mozilla/5.0 (X11; Ubuntu; Linux i686; rv:21.0) Gecko/20100101 Firefox/21.0"
198.55.103.82 - - [13/Oct/2013:19:38:34 +0200] "GET / HTTP/1.0" 200 6718 "http://www.hurence.com/?q=user/register" "Mozilla/5.0 (X11; Ubuntu; Linux i686; rv:21.0) Gecko/20100101 Firefox/21.0"
198.55.103.82 - - [13/Oct/2013:19:39:06 +0200] "GET /?q=user HTTP/1.0" 200 5098 "http://www.hurence.com/" "Mozilla/5.0 (X11; Ubuntu; Linux i686; rv:21.0) Gecko/20100101 Firefox/21.0"
198.55.103.82 - - [13/Oct/2013:19:39:22 +0200] "POST /?q=user HTTP/1.0" 200 5172 "http://www.hurence.com/?q=user" "Mozilla/5.0 (X11; Ubuntu; Linux i686; rv:21.0) Gecko/20100101 Firefox/21.0"
208.115.111.71 - - [13/Oct/2013:19:42:28 +0200] "GET /node/3?lang=en HTTP/1.1" 200 29928 "-" "Mozilla/5.0 (compatible; Ezooms/1.0; ezooms.bot@gmail.com)"
208.115.111.71 - - [13/Oct/2013:19:42:41 +0200] "GET /node/83 HTTP/1.1" 200 29455 "-" "Mozilla/5.0 (compatible; Ezooms/1.0; ezooms.bot@gmail.com)"
54.215.88.226 - - [13/Oct/2013:19:44:13 +0200] "GET /rss.xml HTTP/1.1" 200 2945 "-" "Digg Feed Fetcher 1.0 (Mozilla/5.0 (Macintosh; Intel Mac OS X 10_7_1) AppleWebKit/534.48.3 (KHTML, like Gecko) Version/5.1 Safari/534.48.3)"
5.63.145.68 - - [13/Oct/2013:19:44:33 +0200] "HEAD / HTTP/1.1" 200 468 "-" "checks.panopta.com"
66.249.66.202 - - [13/Oct/2013:19:45:49 +0200] "GET /robots.txt HTTP/1.1" 200 985 "-" "Mozilla/5.0 (compatible; Googlebot/2.1; +http://www.google.com/bot.html)"
66.249.66.202 - - [13/Oct/2013:19:45:49 +0200] "GET /node/129?lang=fr HTTP/1.1" 200 5692 "-" "Mozilla/5.0 (compatible; Googlebot/2.1; +http://www.google.com/bot.html)"
180.76.5.59 - - [13/Oct/2013:19:46:13 +0200] "GET /node/74?lang=en HTTP/1.1" 200 6542 "-" "Mozilla/5.0 (compatible; Baiduspider/2.0; +http://www.baidu.com/search/spider.html)"
180.76.5.18 - - [13/Oct/2013:19:46:45 +0200] "GET / HTTP/1.1" 200 6319 "-" "Mozilla/5.0 (compatible; Baiduspider/2.0; +http://www.baidu.com/search/spider.html)"
5.10.83.11 - - [13/Oct/2013:19:51:42 +0200] "GET /taxonomy/term/1/feed?lang=fr HTTP/1.1" 200 644 "-" "Mozilla/5.0 (compatible; AhrefsBot/5.0; +http://ahrefs.com/robot/)"
5.63.145.68 - - [13/Oct/2013:19:59:40 +0200] "HEAD / HTTP/1.1" 200 468 "-" "checks.panopta.com"
123.125.71.44 - - [13/Oct/2013:20:00:42 +0200] "GET / HTTP/1.1" 200 16060 "-" "Mozilla/5.0 (compatible; Baiduspider/2.0; +http://www.baidu.com/search/spider.html)"
220.181.108.92 - - [13/Oct/2013:20:01:37 +0200] "GET / HTTP/1.1" 200 16060 "-" "Mozilla/5.0 (compatible; Baiduspider/2.0; +http://www.baidu.com/search/spider.html)"
198.27.65.143 - - [13/Oct/2013:20:01:55 +0200] "GET /node/3 HTTP/1.1" 200 6681 "http://www.hurence.com/" "Mozilla/5.0 (X11; Ubuntu; Linux i686; rv:21.0) Gecko/20100101 Firefox/21.0"
198.27.65.143 - - [13/Oct/2013:20:01:57 +0200] "GET /?q=user/register HTTP/1.1" 200 5328 "http://www.hurence.com/node/3" "Mozilla/5.0 (X11; Ubuntu; Linux i686; rv:21.0) Gecko/20100101 Firefox/21.0"
198.27.65.143 - - [13/Oct/2013:20:01:58 +0200] "POST /?q=user/register HTTP/1.1" 302 678 "http://www.hurence.com/?q=user/register" "Mozilla/5.0 (X11; Ubuntu; Linux i686; rv:21.0) Gecko/20100101 Firefox/21.0"
198.27.65.143 - - [13/Oct/2013:20:01:58 +0200] "GET / HTTP/1.1" 200 6710 "http://www.hurence.com/?q=user/register" "Mozilla/5.0 (X11; Ubuntu; Linux i686; rv:21.0) Gecko/20100101 Firefox/21.0"
198.27.65.143 - - [13/Oct/2013:20:02:02 +0200] "GET /?q=user HTTP/1.1" 200 5095 "http://www.hurence.com/" "Mozilla/5.0 (X11; Ubuntu; Linux i686; rv:21.0) Gecko/20100101 Firefox/21.0"
198.27.65.143 - - [13/Oct/2013:20:02:02 +0200] "POST /?q=user HTTP/1.1" 200 5167 "http://www.hurence.com/?q=user" "Mozilla/5.0 (X11; Ubuntu; Linux i686; rv:21.0) Gecko/20100101 Firefox/21.0"
193.252.149.13 - - [13/Oct/2013:20:05:38 +0200] "GET /node/37?lang=en HTTP/1.1" 200 6367 "-" "Mozilla/5.0 (Windows; U; Windows NT 5.1; fr; rv:1.8.1) VoilaBot BETA 1.2 (support.voilabot@orange-ftgroup.com)"
5.10.83.11 - - [13/Oct/2013:20:09:47 +0200] "GET /node/101?lang=fr HTTP/1.1" 200 7059 "-" "Mozilla/5.0 (compatible; AhrefsBot/5.0; +http://ahrefs.com/robot/)"
5.10.83.11 - - [13/Oct/2013:20:11:24 +0200] "GET /node/39?lang=fr HTTP/1.1" 200 6985 "-" "Mozilla/5.0 (compatible; AhrefsBot/5.0; +http://ahrefs.com/robot/)"
5.10.83.11 - - [13/Oct/2013:20:13:37 +0200] "GET /node/43?lang=fr HTTP/1.1" 200 6576 "-" "Mozilla/5.0 (compatible; AhrefsBot/5.0; +http://ahrefs.com/robot/)"
5.63.145.68 - - [13/Oct/2013:20:14:42 +0200] "HEAD / HTTP/1.1" 200 468 "-" "checks.panopta.com"
188.240.35.66 - - [13/Oct/2013:20:16:27 +0200] "GET / HTTP/1.0" 200 18824 "-" "-"
209.85.238.70 - - [13/Oct/2013:20:17:06 +0200] "GET /rss.xml HTTP/1.1" 200 2983 "-" "Feedfetcher-Google; (+http://www.google.com/feedfetcher.html; 3 subscribers; feed-id=7225077890218036057)"
93.182.159.11 - - [13/Oct/2013:20:19:51 +0200] "GET /node/64 HTTP/1.1" 200 6241 "http://www.hurence.com/" "Mozilla/5.0 (X11; Ubuntu; Linux i686; rv:21.0) Gecko/20100101 Firefox/21.0"
93.182.159.11 - - [13/Oct/2013:20:19:52 +0200] "GET /?q=node/add HTTP/1.1" 403 4825 "http://www.hurence.com/" "Mozilla/5.0 (X11; Ubuntu; Linux i686; rv:21.0) Gecko/20100101 Firefox/21.0"
93.182.159.11 - - [13/Oct/2013:20:19:56 +0200] "GET /?q=user/register HTTP/1.1" 200 5327 "http://www.hurence.com/?q=node/add" "Mozilla/5.0 (X11; Ubuntu; Linux i686; rv:21.0) Gecko/20100101 Firefox/21.0"
