184.82.117.52 - - [03/Nov/2013:15:05:44 +0100] "GET /?q=user/register HTTP/1.0" 200 5334 "http://www.hurence.com/?q=node/add" "Mozilla/5.0 (iPad; CPU OS 6_1_3 like Mac OS X) AppleWebKit/536.26 (KHTML, like Gecko) Version/6.0 Mobile/10B329 Safari/8536.25"
184.82.117.52 - - [03/Nov/2013:15:05:46 +0100] "POST /?q=user/register HTTP/1.0" 302 678 "http://www.hurence.com/?q=user/register" "Mozilla/5.0 (iPad; CPU OS 6_1_3 like Mac OS X) AppleWebKit/536.26 (KHTML, like Gecko) Version/6.0 Mobile/10B329 Safari/8536.25"
184.82.117.52 - - [03/Nov/2013:15:05:47 +0100] "GET / HTTP/1.0" 200 6718 "http://www.hurence.com/?q=user/register" "Mozilla/5.0 (iPad; CPU OS 6_1_3 like Mac OS X) AppleWebKit/536.26 (KHTML, like Gecko) Version/6.0 Mobile/10B329 Safari/8536.25"
184.82.117.52 - - [03/Nov/2013:15:05:50 +0100] "GET /?q=user HTTP/1.0" 200 5096 "http://www.hurence.com/" "Mozilla/5.0 (iPad; CPU OS 6_1_3 like Mac OS X) AppleWebKit/536.26 (KHTML, like Gecko) Version/6.0 Mobile/10B329 Safari/8536.25"
184.82.117.52 - - [03/Nov/2013:15:05:51 +0100] "POST /?q=user HTTP/1.0" 200 5172 "http://www.hurence.com/?q=user" "Mozilla/5.0 (iPad; CPU OS 6_1_3 like Mac OS X) AppleWebKit/536.26 (KHTML, like Gecko) Version/6.0 Mobile/10B329 Safari/8536.25"
46.22.131.129 - - [03/Nov/2013:15:07:21 +0100] "HEAD / HTTP/1.0" 200 487 "-" "-"
193.252.118.167 - - [03/Nov/2013:15:16:32 +0100] "GET /node/100?lang=fr HTTP/1.1" 200 6839 "-" "Mozilla/5.0 (Windows; U; Windows NT 5.1; fr; rv:1.8.1) VoilaBot BETA 1.2 (support.voilabot@orange-ftgroup.com)"
5.10.83.41 - - [03/Nov/2013:15:16:50 +0100] "GET /node/139 HTTP/1.1" 200 6858 "-" "Mozilla/5.0 (compatible; AhrefsBot/5.0; +http://ahrefs.com/robot/)"
27.159.219.89 - - [03/Nov/2013:15:16:52 +0100] "GET / HTTP/1.1" 200 6359 "http://hurence.com/" "Mozilla/5.0 (iPad; CPU OS 6_1_3 like Mac OS X) AppleWebKit/536.26 (KHTML, like Gecko) Version/6.0 Mobile/10B329 Safari/8536.25"
27.159.219.89 - - [03/Nov/2013:15:17:00 +0100] "GET /?q=user HTTP/1.1" 200 5093 "http://hurence.com/" "Mozilla/5.0 (iPad; CPU OS 6_1_3 like Mac OS X) AppleWebKit/536.26 (KHTML, like Gecko) Version/6.0 Mobile/10B329 Safari/8536.25"
27.159.219.89 - - [03/Nov/2013:15:17:02 +0100] "POST /?q=user HTTP/1.1" 200 5168 "http://hurence.com/?q=user" "Mozilla/5.0 (iPad; CPU OS 6_1_3 like Mac OS X) AppleWebKit/536.26 (KHTML, like Gecko) Version/6.0 Mobile/10B329 Safari/8536.25"
5.63.145.68 - - [03/Nov/2013:15:18:42 +0100] "HEAD / HTTP/1.1" 200 468 "-" "checks.panopta.com"
66.249.78.81 - - [03/Nov/2013:15:22:36 +0100] "GET /node/37 HTTP/1.1" 200 6359 "-" "Mozilla/5.0 (compatible; Googlebot/2.1; +http://www.google.com/bot.html)"
209.85.238.70 - - [03/Nov/2013:15:31:59 +0100] "GET /rss.xml HTTP/1.1" 200 2983 "-" "Feedfetcher-Google; (+http://www.google.com/feedfetcher.html; 3 subscribers; feed-id=7225077890218036057)"
81.52.143.37 - - [03/Nov/2013:15:33:03 +0100] "GET /node/135 HTTP/1.1" 200 5405 "-" "Mozilla/5.0 (Windows; U; Windows NT 5.1; fr; rv:1.8.1) VoilaBot BETA 1.2 (support.voilabot@orange-ftgroup.com)"
5.63.145.68 - - [03/Nov/2013:15:34:37 +0100] "HEAD / HTTP/1.1" 200 468 "-" "checks.panopta.com"
27.159.219.89 - - [03/Nov/2013:15:37:39 +0100] "GET /node/67 HTTP/1.1" 200 6743 "http://hurence.com/" "Mozilla/5.0 (iPad; CPU OS 6_1_3 like Mac OS X) AppleWebKit/536.26 (KHTML, like Gecko) Version/6.0 Mobile/10B329 Safari/8536.25"
27.159.219.89 - - [03/Nov/2013:15:37:43 +0100] "GET /?q=node/add HTTP/1.1" 403 4812 "http://hurence.com/" "Mozilla/5.0 (iPad; CPU OS 6_1_3 like Mac OS X) AppleWebKit/536.26 (KHTML, like Gecko) Version/6.0 Mobile/10B329 Safari/8536.25"
27.159.219.89 - - [03/Nov/2013:15:38:00 +0100] "GET /?q=user/register HTTP/1.1" 200 5329 "http://hurence.com/?q=node/add" "Mozilla/5.0 (iPad; CPU OS 6_1_3 like Mac OS X) AppleWebKit/536.26 (KHTML, like Gecko) Version/6.0 Mobile/10B329 Safari/8536.25"
27.159.219.89 - - [03/Nov/2013:15:38:08 +0100] "POST /?q=user/register HTTP/1.1" 302 674 "http://hurence.com/?q=user/register" "Mozilla/5.0 (iPad; CPU OS 6_1_3 like Mac OS X) AppleWebKit/536.26 (KHTML, like Gecko) Version/6.0 Mobile/10B329 Safari/8536.25"
27.159.219.89 - - [03/Nov/2013:15:38:09 +0100] "GET / HTTP/1.1" 200 6708 "http://hurence.com/?q=user/register" "Mozilla/5.0 (iPad; CPU OS 6_1_3 like Mac OS X) AppleWebKit/536.26 (KHTML, like Gecko) Version/6.0 Mobile/10B329 Safari/8536.25"
27.159.219.89 - - [03/Nov/2013:15:38:19 +0100] "GET /?q=user HTTP/1.1" 200 5094 "http://hurence.com/" "Mozilla/5.0 (iPad; CPU OS 6_1_3 like Mac OS X) AppleWebKit/536.26 (KHTML, like Gecko) Version/6.0 Mobile/10B329 Safari/8536.25"
27.159.219.89 - - [03/Nov/2013:15:38:21 +0100] "POST /?q=user HTTP/1.1" 200 5165 "http://hurence.com/?q=user" "Mozilla/5.0 (iPad; CPU OS 6_1_3 like Mac OS X) AppleWebKit/536.26 (KHTML, like Gecko) Version/6.0 Mobile/10B329 Safari/8536.25"
208.115.113.87 - - [03/Nov/2013:15:42:53 +0100] "GET /robots.txt HTTP/1.1" 200 1793 "-" "Mozilla/5.0 (compatible; Ezooms/1.0; ezooms.bot@gmail.com)"
208.115.113.87 - - [03/Nov/2013:15:42:53 +0100] "GET /robots.txt HTTP/1.1" 200 1793 "-" "Mozilla/5.0 (compatible; Ezooms/1.0; ezooms.bot@gmail.com)"
66.249.66.213 - - [03/Nov/2013:15:44:14 +0100] "GET /node/98?lang=fr HTTP/1.1" 200 6759 "-" "DoCoMo/2.0 N905i(c100;TB;W24H16) (compatible; Googlebot-Mobile/2.1; +http://www.google.com/bot.html)"
220.181.108.106 - - [03/Nov/2013:15:46:31 +0100] "GET / HTTP/1.1" 200 16060 "-" "Mozilla/5.0 (compatible; Baiduspider/2.0; +http://www.baidu.com/search/spider.html)"
180.76.5.12 - - [03/Nov/2013:15:46:39 +0100] "GET /node/92?lang=fr HTTP/1.1" 200 6994 "-" "Mozilla/5.0 (compatible; Baiduspider/2.0; +http://www.baidu.com/search/spider.html)"
5.10.83.41 - - [03/Nov/2013:15:49:51 +0100] "GET /node/18?lang=en HTTP/1.1" 200 6151 "-" "Mozilla/5.0 (compatible; AhrefsBot/5.0; +http://ahrefs.com/robot/)"
5.63.145.68 - - [03/Nov/2013:15:50:45 +0100] "HEAD / HTTP/1.1" 200 468 "-" "checks.panopta.com"
5.10.83.41 - - [03/Nov/2013:15:53:54 +0100] "GET /node/109?lang=fr HTTP/1.1" 200 7061 "-" "Mozilla/5.0 (compatible; AhrefsBot/5.0; +http://ahrefs.com/robot/)"
5.10.83.41 - - [03/Nov/2013:15:53:56 +0100] "GET /node/88?lang=en HTTP/1.1" 200 6594 "-" "Mozilla/5.0 (compatible; AhrefsBot/5.0; +http://ahrefs.com/robot/)"
5.10.83.41 - - [03/Nov/2013:15:54:36 +0100] "GET /node/44?lang=fr HTTP/1.1" 200 6564 "-" "Mozilla/5.0 (compatible; AhrefsBot/5.0; +http://ahrefs.com/robot/)"
157.55.35.34 - - [03/Nov/2013:15:58:08 +0100] "GET /robots.txt HTTP/1.1" 200 1850 "-" "Mozilla/5.0 (compatible; bingbot/2.0; +http://www.bing.com/bingbot.htm)"
193.252.118.175 - - [03/Nov/2013:16:04:11 +0100] "GET /node/12 HTTP/1.1" 200 6325 "-" "Mozilla/5.0 (Windows; U; Windows NT 5.1; fr; rv:1.8.1) VoilaBot BETA 1.2 (support.voilabot@orange-ftgroup.com)"
5.10.83.41 - - [03/Nov/2013:16:05:00 +0100] "GET /node/13 HTTP/1.1" 200 6734 "-" "Mozilla/5.0 (compatible; AhrefsBot/5.0; +http://ahrefs.com/robot/)"
5.63.145.68 - - [03/Nov/2013:16:06:27 +0100] "HEAD / HTTP/1.1" 200 468 "-" "checks.panopta.com"
162.243.138.121 - - [03/Nov/2013:16:13:12 +0100] "GET / HTTP/1.1" 200 27871 "-" "Mozilla/5.0 (Windows; U; Windows NT 5.1; en-US; rv:1.9.2.12) Gecko/20101026 Firefox/3.6.12 ( .NET CLR 3.5.30729)"
157.55.35.34 - - [03/Nov/2013:16:16:12 +0100] "GET /node/6 HTTP/1.1" 200 6695 "-" "Mozilla/5.0 (compatible; bingbot/2.0; +http://www.bing.com/bingbot.htm)"
5.10.83.41 - - [03/Nov/2013:16:16:35 +0100] "GET /node/41?lang=fr HTTP/1.1" 200 6701 "-" "Mozilla/5.0 (compatible; AhrefsBot/5.0; +http://ahrefs.com/robot/)"
5.10.83.41 - - [03/Nov/2013:16:19:02 +0100] "GET /node/94?lang=fr HTTP/1.1" 200 7224 "-" "Mozilla/5.0 (compatible; AhrefsBot/5.0; +http://ahrefs.com/robot/)"
5.63.145.68 - - [03/Nov/2013:16:23:55 +0100] "HEAD / HTTP/1.1" 200 468 "-" "checks.panopta.com"
66.249.78.81 - - [03/Nov/2013:16:23:58 +0100] "GET /node/7 HTTP/1.1" 200 5740 "-" "Mozilla/5.0 (iPhone; CPU iPhone OS 6_0 like Mac OS X) AppleWebKit/536.26 (KHTML, like Gecko) Version/6.0 Mobile/10A5376e Safari/8536.25 (compatible; Googlebot-Mobile/2.1; +http://www.google.com/bot.html)"
66.249.78.81 - - [03/Nov/2013:16:24:14 +0100] "GET / HTTP/1.1" 200 6358 "-" "Mozilla/5.0 (iPhone; CPU iPhone OS 6_0 like Mac OS X) AppleWebKit/536.26 (KHTML, like Gecko) Version/6.0 Mobile/10A5376e Safari/8536.25 (compatible; Googlebot-Mobile/2.1; +http://www.google.com/bot.html)"
5.10.83.41 - - [03/Nov/2013:16:28:15 +0100] "GET /node/8?lang=en HTTP/1.1" 200 6675 "-" "Mozilla/5.0 (compatible; AhrefsBot/5.0; +http://ahrefs.com/robot/)"
5.10.83.41 - - [03/Nov/2013:16:33:55 +0100] "GET /node/101?lang=fr HTTP/1.1" 200 7058 "-" "Mozilla/5.0 (compatible; AhrefsBot/5.0; +http://ahrefs.com/robot/)"
5.10.83.41 - - [03/Nov/2013:16:33:58 +0100] "GET /node/135?lang=en HTTP/1.1" 200 5423 "-" "Mozilla/5.0 (compatible; AhrefsBot/5.0; +http://ahrefs.com/robot/)"
66.249.78.81 - - [03/Nov/2013:16:34:40 +0100] "GET /sites/all/themes/hurence/css/forms.css?ls5cse HTTP/1.1" 200 1398 "-" "Mozilla/5.0 (compatible; Googlebot/2.1; +http://www.google.com/bot.html)"
209.85.238.70 - - [03/Nov/2013:16:37:40 +0100] "GET /rss.xml HTTP/1.1" 200 2983 "-" "Feedfetcher-Google; (+http://www.google.com/feedfetcher.html; 3 subscribers; feed-id=7225077890218036057)"
188.165.224.95 - - [03/Nov/2013:16:38:52 +0100] "POST /cgi-bin/php?%2D%64+%61%6C%6C%6F%77%5F%75%72%6C%5F%69%6E%63%6C%75%64%65%3D%6F%6E+%2D%64+%73%61%66%65%5F%6D%6F%64%65%3D%6F%66%66+%2D%64+%73%75%68%6F%73%69%6E%2E%73%69%6D%75%6C%61%74%69%6F%6E%3D%6F%6E+%2D%64+%64%69%73%61%62%6C%65%5F%66%75%6E%63%74%69%6F%6E%73%3D%22%22+%2D%64+%6F%70%65%6E%5F%62%61%73%65%64%69%72%3D%6E%6F%6E%65+%2D%64+%61%75%74%6F%5F%70%72%65%70%65%6E%64%5F%66%69%6C%65%3D%70%68%70%3A%2F%2F%69%6E%70%75%74+%2D%64+%63%67%69%2E%66%6F%72%63%65%5F%72%65%64%69%72%65%63%74%3D%30+%2D%64+%63%67%69%2E%72%65%64%69%72%65%63%74%5F%73%74%61%74%75%73%5F%65%6E%76%3D%30+%2D%6E HTTP/1.1" 404 490 "-" "Mozilla/5.0 (iPad; CPU OS 6_0 like Mac OS X) AppleWebKit/536.26(KHTML, like Gecko) Version/6.0 Mobile/10A5355d Safari/8536.25"
188.165.224.95 - - [03/Nov/2013:16:38:52 +0100] "POST /cgi-bin/php5?%2D%64+%61%6C%6C%6F%77%5F%75%72%6C%5F%69%6E%63%6C%75%64%65%3D%6F%6E+%2D%64+%73%61%66%65%5F%6D%6F%64%65%3D%6F%66%66+%2D%64+%73%75%68%6F%73%69%6E%2E%73%69%6D%75%6C%61%74%69%6F%6E%3D%6F%6E+%2D%64+%64%69%73%61%62%6C%65%5F%66%75%6E%63%74%69%6F%6E%73%3D%22%22+%2D%64+%6F%70%65%6E%5F%62%61%73%65%64%69%72%3D%6E%6F%6E%65+%2D%64+%61%75%74%6F%5F%70%72%65%70%65%6E%64%5F%66%69%6C%65%3D%70%68%70%3A%2F%2F%69%6E%70%75%74+%2D%64+%63%67%69%2E%66%6F%72%63%65%5F%72%65%64%69%72%65%63%74%3D%30+%2D%64+%63%67%69%2E%72%65%64%69%72%65%63%74%5F%73%74%61%74%75%73%5F%65%6E%76%3D%30+%2D%6E HTTP/1.1" 404 491 "-" "Mozilla/5.0 (iPad; CPU OS 6_0 like Mac OS X) AppleWebKit/536.26(KHTML, like Gecko) Version/6.0 Mobile/10A5355d Safari/8536.25"
188.165.224.95 - - [03/Nov/2013:16:38:52 +0100] "POST /cgi-bin/php-cgi?%2D%64+%61%6C%6C%6F%77%5F%75%72%6C%5F%69%6E%63%6C%75%64%65%3D%6F%6E+%2D%64+%73%61%66%65%5F%6D%6F%64%65%3D%6F%66%66+%2D%64+%73%75%68%6F%73%69%6E%2E%73%69%6D%75%6C%61%74%69%6F%6E%3D%6F%6E+%2D%64+%64%69%73%61%62%6C%65%5F%66%75%6E%63%74%69%6F%6E%73%3D%22%22+%2D%64+%6F%70%65%6E%5F%62%61%73%65%64%69%72%3D%6E%6F%6E%65+%2D%64+%61%75%74%6F%5F%70%72%65%70%65%6E%64%5F%66%69%6C%65%3D%70%68%70%3A%2F%2F%69%6E%70%75%74+%2D%64+%63%67%69%2E%66%6F%72%63%65%5F%72%65%64%69%72%65%63%74%3D%30+%2D%64+%63%67%69%2E%72%65%64%69%72%65%63%74%5F%73%74%61%74%75%73%5F%65%6E%76%3D%30+%2D%6E HTTP/1.1" 404 494 "-" "Mozilla/5.0 (iPad; CPU OS 6_0 like Mac OS X) AppleWebKit/536.26(KHTML, like Gecko) Version/6.0 Mobile/10A5355d Safari/8536.25"
188.165.224.95 - - [03/Nov/2013:16:38:52 +0100] "POST /cgi-bin/php.cgi?%2D%64+%61%6C%6C%6F%77%5F%75%72%6C%5F%69%6E%63%6C%75%64%65%3D%6F%6E+%2D%64+%73%61%66%65%5F%6D%6F%64%65%3D%6F%66%66+%2D%64+%73%75%68%6F%73%69%6E%2E%73%69%6D%75%6C%61%74%69%6F%6E%3D%6F%6E+%2D%64+%64%69%73%61%62%6C%65%5F%66%75%6E%63%74%69%6F%6E%73%3D%22%22+%2D%64+%6F%70%65%6E%5F%62%61%73%65%64%69%72%3D%6E%6F%6E%65+%2D%64+%61%75%74%6F%5F%70%72%65%70%65%6E%64%5F%66%69%6C%65%3D%70%68%70%3A%2F%2F%69%6E%70%75%74+%2D%64+%63%67%69%2E%66%6F%72%63%65%5F%72%65%64%69%72%65%63%74%3D%30+%2D%64+%63%67%69%2E%72%65%64%69%72%65%63%74%5F%73%74%61%74%75%73%5F%65%6E%76%3D%30+%2D%6E HTTP/1.1" 404 494 "-" "Mozilla/5.0 (iPad; CPU OS 6_0 like Mac OS X) AppleWebKit/536.26(KHTML, like Gecko) Version/6.0 Mobile/10A5355d Safari/8536.25"
188.165.224.95 - - [03/Nov/2013:16:38:52 +0100] "POST /cgi-bin/php4?%2D%64+%61%6C%6C%6F%77%5F%75%72%6C%5F%69%6E%63%6C%75%64%65%3D%6F%6E+%2D%64+%73%61%66%65%5F%6D%6F%64%65%3D%6F%66%66+%2D%64+%73%75%68%6F%73%69%6E%2E%73%69%6D%75%6C%61%74%69%6F%6E%3D%6F%6E+%2D%64+%64%69%73%61%62%6C%65%5F%66%75%6E%63%74%69%6F%6E%73%3D%22%22+%2D%64+%6F%70%65%6E%5F%62%61%73%65%64%69%72%3D%6E%6F%6E%65+%2D%64+%61%75%74%6F%5F%70%72%65%70%65%6E%64%5F%66%69%6C%65%3D%70%68%70%3A%2F%2F%69%6E%70%75%74+%2D%64+%63%67%69%2E%66%6F%72%63%65%5F%72%65%64%69%72%65%63%74%3D%30+%2D%64+%63%67%69%2E%72%65%64%69%72%65%63%74%5F%73%74%61%74%75%73%5F%65%6E%76%3D%30+%2D%6E HTTP/1.1" 404 491 "-" "Mozilla/5.0 (iPad; CPU OS 6_0 like Mac OS X) AppleWebKit/536.26(KHTML, like Gecko) Version/6.0 Mobile/10A5355d Safari/8536.25"
5.63.145.68 - - [03/Nov/2013:16:39:09 +0100] "HEAD / HTTP/1.1" 200 468 "-" "checks.panopta.com"
180.76.5.51 - - [03/Nov/2013:16:41:03 +0100] "GET / HTTP/1.1" 200 6328 "-" "Mozilla/5.0 (compatible; Baiduspider/2.0; +http://www.baidu.com/search/spider.html)"
208.115.113.87 - - [03/Nov/2013:16:41:37 +0100] "GET /taxonomy/term/1?lang=en HTTP/1.1" 200 23018 "-" "Mozilla/5.0 (compatible; Ezooms/1.0; ezooms.bot@gmail.com)"
208.115.113.87 - - [03/Nov/2013:16:41:49 +0100] "GET /node/138?lang=en HTTP/1.1" 200 29322 "-" "Mozilla/5.0 (compatible; Ezooms/1.0; ezooms.bot@gmail.com)"
208.115.113.87 - - [03/Nov/2013:16:42:04 +0100] "GET /node/38?lang=fr HTTP/1.1" 200 30408 "-" "Mozilla/5.0 (compatible; Ezooms/1.0; ezooms.bot@gmail.com)"
208.115.113.87 - - [03/Nov/2013:16:42:31 +0100] "GET /rss.xml?lang=en HTTP/1.1" 200 14174 "-" "Mozilla/5.0 (compatible; Ezooms/1.0; ezooms.bot@gmail.com)"
81.52.143.16 - - [03/Nov/2013:16:44:57 +0100] "GET /node/130 HTTP/1.1" 200 5461 "-" "Mozilla/5.0 (Windows; U; Windows NT 5.1; fr; rv:1.8.1) VoilaBot BETA 1.2 (support.voilabot@orange-ftgroup.com)"
46.246.36.230 - - [03/Nov/2013:16:48:22 +0100] "GET /node/3 HTTP/1.1" 200 6674 "http://www.hurence.com/" "Mozilla/5.0 (iPad; CPU OS 6_1_3 like Mac OS X) AppleWebKit/536.26 (KHTML, like Gecko) Version/6.0 Mobile/10B329 Safari/8536.25"
5.10.83.41 - - [03/Nov/2013:16:49:14 +0100] "GET /node/61 HTTP/1.1" 200 6533 "-" "Mozilla/5.0 (compatible; AhrefsBot/5.0; +http://ahrefs.com/robot/)"
46.246.36.230 - - [03/Nov/2013:16:50:56 +0100] "GET /?q=node/add HTTP/1.1" 403 4825 "http://www.hurence.com/" "Mozilla/5.0 (iPad; CPU OS 6_1_3 like Mac OS X) AppleWebKit/536.26 (KHTML, like Gecko) Version/6.0 Mobile/10B329 Safari/8536.25"
46.246.36.230 - - [03/Nov/2013:16:51:00 +0100] "GET /?q=user/register HTTP/1.1" 200 5330 "http://www.hurence.com/?q=node/add" "Mozilla/5.0 (iPad; CPU OS 6_1_3 like Mac OS X) AppleWebKit/536.26 (KHTML, like Gecko) Version/6.0 Mobile/10B329 Safari/8536.25"
46.246.36.230 - - [03/Nov/2013:16:51:01 +0100] "POST /?q=user/register HTTP/1.1" 302 678 "http://www.hurence.com/?q=user/register" "Mozilla/5.0 (iPad; CPU OS 6_1_3 like Mac OS X) AppleWebKit/536.26 (KHTML, like Gecko) Version/6.0 Mobile/10B329 Safari/8536.25"
46.246.36.230 - - [03/Nov/2013:16:51:01 +0100] "GET / HTTP/1.1" 200 6716 "http://www.hurence.com/?q=user/register" "Mozilla/5.0 (iPad; CPU OS 6_1_3 like Mac OS X) AppleWebKit/536.26 (KHTML, like Gecko) Version/6.0 Mobile/10B329 Safari/8536.25"
46.246.36.230 - - [03/Nov/2013:16:51:03 +0100] "GET /?q=user HTTP/1.1" 200 5097 "http://www.hurence.com/" "Mozilla/5.0 (iPad; CPU OS 6_1_3 like Mac OS X) AppleWebKit/536.26 (KHTML, like Gecko) Version/6.0 Mobile/10B329 Safari/8536.25"
46.246.36.230 - - [03/Nov/2013:16:51:10 +0100] "POST /?q=user HTTP/1.1" 200 5173 "http://www.hurence.com/?q=user" "Mozilla/5.0 (iPad; CPU OS 6_1_3 like Mac OS X) AppleWebKit/536.26 (KHTML, like Gecko) Version/6.0 Mobile/10B329 Safari/8536.25"
5.63.145.68 - - [03/Nov/2013:16:54:48 +0100] "HEAD / HTTP/1.1" 200 468 "-" "checks.panopta.com"
220.181.108.99 - - [03/Nov/2013:16:55:29 +0100] "GET / HTTP/1.1" 200 16060 "-" "Mozilla/5.0 (compatible; Baiduspider/2.0; +http://www.baidu.com/search/spider.html)"
180.76.5.164 - - [03/Nov/2013:16:56:03 +0100] "GET /node/8?lang=fr HTTP/1.1" 200 6807 "-" "Mozilla/5.0 (compatible; Baiduspider/2.0; +http://www.baidu.com/search/spider.html)"
193.252.118.175 - - [03/Nov/2013:17:02:42 +0100] "GET /node/7 HTTP/1.1" 200 5699 "-" "Mozilla/5.0 (Windows; U; Windows NT 5.1; fr; rv:1.8.1) VoilaBot BETA 1.2 (support.voilabot@orange-ftgroup.com)"
65.19.138.34 - - [03/Nov/2013:17:03:57 +0100] "GET /rss.xml HTTP/1.1" 200 2947 "-" "Feedly/1.0 (+http://www.feedly.com/fetcher.html; like FeedFetcher-Google)"
216.244.93.58 - - [03/Nov/2013:17:06:17 +0100] "GET / HTTP/1.1" 200 6361 "http://www.hurence.com/" "Mozilla/5.0 (iPad; CPU OS 6_1_3 like Mac OS X) AppleWebKit/536.26 (KHTML, like Gecko) Version/6.0 Mobile/10B329 Safari/8536.25"
216.244.93.58 - - [03/Nov/2013:17:06:19 +0100] "GET /?q=user HTTP/1.1" 200 5098 "http://www.hurence.com/" "Mozilla/5.0 (iPad; CPU OS 6_1_3 like Mac OS X) AppleWebKit/536.26 (KHTML, like Gecko) Version/6.0 Mobile/10B329 Safari/8536.25"
216.244.93.58 - - [03/Nov/2013:17:06:20 +0100] "POST /?q=user HTTP/1.1" 200 5179 "http://www.hurence.com/?q=user" "Mozilla/5.0 (iPad; CPU OS 6_1_3 like Mac OS X) AppleWebKit/536.26 (KHTML, like Gecko) Version/6.0 Mobile/10B329 Safari/8536.25"
5.10.83.41 - - [03/Nov/2013:17:07:53 +0100] "GET /node/58 HTTP/1.1" 200 6783 "-" "Mozilla/5.0 (compatible; AhrefsBot/5.0; +http://ahrefs.com/robot/)"
5.63.145.68 - - [03/Nov/2013:17:09:51 +0100] "HEAD / HTTP/1.1" 200 468 "-" "checks.panopta.com"
5.10.83.41 - - [03/Nov/2013:17:12:14 +0100] "GET /node/62 HTTP/1.1" 200 6531 "-" "Mozilla/5.0 (compatible; AhrefsBot/5.0; +http://ahrefs.com/robot/)"
65.19.138.33 - - [03/Nov/2013:17:16:21 +0100] "GET /taxonomy/term/1/feed HTTP/1.1" 200 659 "-" "Feedly/1.0 (+http://www.feedly.com/fetcher.html; like FeedFetcher-Google)"
5.63.145.68 - - [03/Nov/2013:17:25:40 +0100] "HEAD / HTTP/1.1" 200 468 "-" "checks.panopta.com"
180.76.5.180 - - [03/Nov/2013:17:29:06 +0100] "GET /taxonomy/term/1 HTTP/1.1" 200 4975 "-" "Mozilla/5.0 (compatible; Baiduspider/2.0; +http://www.baidu.com/search/spider.html)"
209.85.238.70 - - [03/Nov/2013:17:35:29 +0100] "GET /rss.xml HTTP/1.1" 200 2983 "-" "Feedfetcher-Google; (+http://www.google.com/feedfetcher.html; 3 subscribers; feed-id=7225077890218036057)"
5.10.83.41 - - [03/Nov/2013:17:36:11 +0100] "GET /node/11?lang=en HTTP/1.1" 200 6830 "-" "Mozilla/5.0 (compatible; AhrefsBot/5.0; +http://ahrefs.com/robot/)"
66.249.78.81 - - [03/Nov/2013:17:36:33 +0100] "GET /robots.txt HTTP/1.1" 200 985 "-" "Mozilla/5.0 (compatible; Googlebot/2.1; +http://www.google.com/bot.html)"
66.249.78.81 - - [03/Nov/2013:17:36:33 +0100] "GET /sites/all/modules/simplenews/simplenews.css?ls5cse HTTP/1.1" 200 574 "-" "Mozilla/5.0 (compatible; Googlebot/2.1; +http://www.google.com/bot.html)"
66.249.78.81 - - [03/Nov/2013:17:36:40 +0100] "GET /sites/all/themes/hurence/css/wireframes.css?ls5cse HTTP/1.1" 200 533 "-" "Mozilla/5.0 (compatible; Googlebot/2.1; +http://www.google.com/bot.html)"
5.10.83.41 - - [03/Nov/2013:17:36:44 +0100] "GET /node/78 HTTP/1.1" 200 6573 "-" "Mozilla/5.0 (compatible; AhrefsBot/5.0; +http://ahrefs.com/robot/)"
5.63.145.68 - - [03/Nov/2013:17:41:53 +0100] "HEAD / HTTP/1.1" 200 468 "-" "checks.panopta.com"
91.226.212.41 - - [03/Nov/2013:17:44:30 +0100] "GET http://www.proxy-alert.com/remote.php HTTP/1.1" 404 21167 "-" "-"
5.10.83.41 - - [03/Nov/2013:17:51:34 +0100] "GET /node/82 HTTP/1.1" 200 6712 "-" "Mozilla/5.0 (compatible; AhrefsBot/5.0; +http://ahrefs.com/robot/)"
5.10.83.41 - - [03/Nov/2013:17:52:54 +0100] "GET /node/node/127?lang=fr HTTP/1.1" 404 4830 "-" "Mozilla/5.0 (compatible; AhrefsBot/5.0; +http://ahrefs.com/robot/)"
208.115.111.71 - - [03/Nov/2013:17:53:14 +0100] "GET /robots.txt HTTP/1.1" 200 1793 "-" "Mozilla/5.0 (compatible; Ezooms/1.0; ezooms.bot@gmail.com)"
208.115.111.71 - - [03/Nov/2013:17:53:14 +0100] "GET /robots.txt HTTP/1.1" 200 1793 "-" "Mozilla/5.0 (compatible; Ezooms/1.0; ezooms.bot@gmail.com)"
220.181.108.121 - - [03/Nov/2013:17:56:30 +0100] "GET / HTTP/1.1" 200 16060 "-" "Mozilla/5.0 (compatible; Baiduspider/2.0; +http://www.baidu.com/search/spider.html)"
66.249.78.81 - - [03/Nov/2013:17:56:54 +0100] "GET /sites/all/themes/hurence/css/pages.css?ls5cse HTTP/1.1" 200 2220 "-" "Mozilla/5.0 (compatible; Googlebot/2.1; +http://www.google.com/bot.html)"
66.249.78.81 - - [03/Nov/2013:17:56:55 +0100] "GET /sites/all/themes/hurence/css/navigation.css?ls5cse HTTP/1.1" 200 806 "-" "Mozilla/5.0 (compatible; Googlebot/2.1; +http://www.google.com/bot.html)"
209.85.238.70 - - [03/Nov/2013:17:57:08 +0100] "GET /rss.xml HTTP/1.1" 200 2983 "-" "Feedfetcher-Google; (+http://www.google.com/feedfetcher.html; 3 subscribers; feed-id=7225077890218036057)"
5.63.145.68 - - [03/Nov/2013:17:57:22 +0100] "HEAD / HTTP/1.1" 200 468 "-" "checks.panopta.com"
66.249.78.81 - - [03/Nov/2013:17:57:54 +0100] "GET /sites/all/themes/hurence/css/comments.css?ls5cse HTTP/1.1" 200 1020 "-" "Mozilla/5.0 (compatible; Googlebot/2.1; +http://www.google.com/bot.html)"
193.252.149.14 - - [03/Nov/2013:18:01:49 +0100] "GET /node/103?lang=fr HTTP/1.1" 200 7063 "-" "Mozilla/5.0 (Windows; U; Windows NT 5.1; fr; rv:1.8.1) VoilaBot BETA 1.2 (support.voilabot@orange-ftgroup.com)"
66.249.78.81 - - [03/Nov/2013:18:02:23 +0100] "GET /sites/all/themes/hurence/css/html-reset.css?ls5cse HTTP/1.1" 200 3351 "-" "Mozilla/5.0 (compatible; Googlebot/2.1; +http://www.google.com/bot.html)"
5.10.83.41 - - [03/Nov/2013:18:03:59 +0100] "GET /node/13?lang=en HTTP/1.1" 200 6779 "-" "Mozilla/5.0 (compatible; AhrefsBot/5.0; +http://ahrefs.com/robot/)"
178.73.196.183 - - [03/Nov/2013:18:04:22 +0100] "GET /?q=user/register HTTP/1.1" 200 5329 "http://hurence.com/" "Mozilla/5.0 (iPad; CPU OS 6_1_3 like Mac OS X) AppleWebKit/536.26 (KHTML, like Gecko) Version/6.0 Mobile/10B329 Safari/8536.25"
178.73.196.183 - - [03/Nov/2013:18:04:23 +0100] "GET /?q=node/add HTTP/1.1" 403 4815 "http://hurence.com/" "Mozilla/5.0 (iPad; CPU OS 6_1_3 like Mac OS X) AppleWebKit/536.26 (KHTML, like Gecko) Version/6.0 Mobile/10B329 Safari/8536.25"
178.73.196.183 - - [03/Nov/2013:18:04:27 +0100] "GET /?q=user/register HTTP/1.1" 200 5329 "http://hurence.com/?q=node/add" "Mozilla/5.0 (iPad; CPU OS 6_1_3 like Mac OS X) AppleWebKit/536.26 (KHTML, like Gecko) Version/6.0 Mobile/10B329 Safari/8536.25"
178.73.196.183 - - [03/Nov/2013:18:04:27 +0100] "POST /?q=user/register HTTP/1.1" 302 674 "http://hurence.com/?q=user/register" "Mozilla/5.0 (iPad; CPU OS 6_1_3 like Mac OS X) AppleWebKit/536.26 (KHTML, like Gecko) Version/6.0 Mobile/10B329 Safari/8536.25"
178.73.196.183 - - [03/Nov/2013:18:04:29 +0100] "GET / HTTP/1.1" 200 6710 "http://hurence.com/?q=user/register" "Mozilla/5.0 (iPad; CPU OS 6_1_3 like Mac OS X) AppleWebKit/536.26 (KHTML, like Gecko) Version/6.0 Mobile/10B329 Safari/8536.25"
178.73.196.183 - - [03/Nov/2013:18:04:31 +0100] "GET /?q=user HTTP/1.1" 200 5092 "http://hurence.com/" "Mozilla/5.0 (iPad; CPU OS 6_1_3 like Mac OS X) AppleWebKit/536.26 (KHTML, like Gecko) Version/6.0 Mobile/10B329 Safari/8536.25"
178.73.196.183 - - [03/Nov/2013:18:04:32 +0100] "POST /?q=user HTTP/1.1" 200 5173 "http://hurence.com/?q=user" "Mozilla/5.0 (iPad; CPU OS 6_1_3 like Mac OS X) AppleWebKit/536.26 (KHTML, like Gecko) Version/6.0 Mobile/10B329 Safari/8536.25"
66.249.78.81 - - [03/Nov/2013:18:10:16 +0100] "GET /sites/all/themes/hurence/css/tabs.css?ls5cse HTTP/1.1" 200 1059 "-" "Mozilla/5.0 (compatible; Googlebot/2.1; +http://www.google.com/bot.html)"
5.63.145.68 - - [03/Nov/2013:18:12:42 +0100] "HEAD / HTTP/1.1" 200 468 "-" "checks.panopta.com"
66.249.78.81 - - [03/Nov/2013:18:18:17 +0100] "GET / HTTP/1.1" 200 6359 "-" "Mozilla/5.0 (compatible; Googlebot/2.1; +http://www.google.com/bot.html)"
65.55.24.236 - - [03/Nov/2013:18:22:54 +0100] "GET /robots.txt HTTP/1.1" 200 1850 "-" "Mozilla/5.0 (compatible; bingbot/2.0; +http://www.bing.com/bingbot.htm)"
180.76.5.170 - - [03/Nov/2013:18:23:37 +0100] "GET /node/38?lang=fr HTTP/1.1" 200 6670 "-" "Mozilla/5.0 (compatible; Baiduspider/2.0; +http://www.baidu.com/search/spider.html)"
5.10.83.41 - - [03/Nov/2013:18:26:20 +0100] "GET /node/22 HTTP/1.1" 200 6222 "-" "Mozilla/5.0 (compatible; AhrefsBot/5.0; +http://ahrefs.com/robot/)"
5.63.145.68 - - [03/Nov/2013:18:27:59 +0100] "HEAD / HTTP/1.1" 200 468 "-" "checks.panopta.com"
65.55.24.236 - - [03/Nov/2013:18:31:57 +0100] "GET / HTTP/1.1" 200 6359 "-" "Mozilla/5.0 (compatible; bingbot/2.0; +http://www.bing.com/bingbot.htm)"
5.63.145.68 - - [03/Nov/2013:18:43:00 +0100] "HEAD / HTTP/1.1" 200 468 "-" "checks.panopta.com"
5.10.83.41 - - [03/Nov/2013:18:44:07 +0100] "GET /node/119?lang=fr HTTP/1.1" 200 7107 "-" "Mozilla/5.0 (compatible; AhrefsBot/5.0; +http://ahrefs.com/robot/)"
134.134.139.74 - - [03/Nov/2013:18:44:42 +0100] "GET /modules/field/theme/field.css?ls5cse HTTP/1.1" 304 213 "-" "Mozilla/4.0 (compatible;)"
220.181.108.108 - - [03/Nov/2013:18:50:48 +0100] "GET / HTTP/1.1" 200 16060 "-" "Mozilla/5.0 (compatible; Baiduspider/2.0; +http://www.baidu.com/search/spider.html)"
5.10.83.41 - - [03/Nov/2013:18:51:09 +0100] "GET /node/116?lang=fr HTTP/1.1" 200 6930 "-" "Mozilla/5.0 (compatible; AhrefsBot/5.0; +http://ahrefs.com/robot/)"
5.10.83.41 - - [03/Nov/2013:18:52:26 +0100] "GET /node/83 HTTP/1.1" 200 6623 "-" "Mozilla/5.0 (compatible; AhrefsBot/5.0; +http://ahrefs.com/robot/)"
208.115.111.71 - - [03/Nov/2013:18:55:07 +0100] "GET /node/77?lang=en HTTP/1.1" 200 29556 "-" "Mozilla/5.0 (compatible; Ezooms/1.0; ezooms.bot@gmail.com)"
208.115.111.71 - - [03/Nov/2013:18:55:33 +0100] "GET /node/hbase.apache.org HTTP/1.1" 404 20601 "-" "Mozilla/5.0 (compatible; Ezooms/1.0; ezooms.bot@gmail.com)"
198.7.59.233 - - [03/Nov/2013:18:55:44 +0100] "GET /user/register HTTP/1.1" 200 5329 "https://www.google.com/" "Mozilla/5.0 (Windows NT 6.1; WOW64; rv:24.0) Gecko/20100101 Firefox/24.0"
208.115.111.71 - - [03/Nov/2013:18:55:44 +0100] "GET /node/5 HTTP/1.1" 200 23470 "-" "Mozilla/5.0 (compatible; Ezooms/1.0; ezooms.bot@gmail.com)"
198.7.59.233 - - [03/Nov/2013:18:55:45 +0100] "POST /user/register HTTP/1.1" 302 702 "http://www.hurence.com/user/register" "Mozilla/5.0 (Windows NT 6.1; WOW64; rv:24.0) Gecko/20100101 Firefox/24.0"
198.7.59.233 - - [03/Nov/2013:18:55:47 +0100] "GET / HTTP/1.1" 200 6661 "http://www.hurence.com/user/register" "Mozilla/5.0 (Windows NT 6.1; WOW64; rv:24.0) Gecko/20100101 Firefox/24.0"
5.63.145.68 - - [03/Nov/2013:18:58:28 +0100] "HEAD / HTTP/1.1" 200 468 "-" "checks.panopta.com"
5.10.83.41 - - [03/Nov/2013:18:58:54 +0100] "GET /node/132 HTTP/1.1" 200 5939 "-" "Mozilla/5.0 (compatible; AhrefsBot/5.0; +http://ahrefs.com/robot/)"
5.10.83.41 - - [03/Nov/2013:19:01:52 +0100] "GET /node/128?lang=en HTTP/1.1" 200 6862 "-" "Mozilla/5.0 (compatible; AhrefsBot/5.0; +http://ahrefs.com/robot/)"
5.10.83.41 - - [03/Nov/2013:19:03:32 +0100] "GET /node/node/128 HTTP/1.1" 404 4640 "-" "Mozilla/5.0 (compatible; AhrefsBot/5.0; +http://ahrefs.com/robot/)"
157.55.35.80 - - [03/Nov/2013:19:04:46 +0100] "GET /robots.txt HTTP/1.1" 200 1850 "-" "Mozilla/5.0 (compatible; bingbot/2.0; +http://www.bing.com/bingbot.htm)"
93.180.64.200 - - [03/Nov/2013:19:06:09 +0100] "GET /robots.txt HTTP/1.1" 200 947 "-" "Mozilla/5.0 (compatible; Plukkie/1.5; http://www.botje.com/plukkie.htm)"
93.180.64.200 - - [03/Nov/2013:19:06:10 +0100] "GET /node/77 HTTP/1.1" 200 6485 "-" "Mozilla/5.0 (compatible; Plukkie/1.5; http://www.botje.com/plukkie.htm)"
209.85.238.70 - - [03/Nov/2013:19:06:18 +0100] "GET /rss.xml HTTP/1.1" 200 2983 "-" "Feedfetcher-Google; (+http://www.google.com/feedfetcher.html; 3 subscribers; feed-id=7225077890218036057)"
5.10.83.41 - - [03/Nov/2013:19:07:10 +0100] "GET /node/83?lang=en HTTP/1.1" 200 6669 "-" "Mozilla/5.0 (compatible; AhrefsBot/5.0; +http://ahrefs.com/robot/)"
5.10.83.41 - - [03/Nov/2013:19:08:58 +0100] "GET /node/91?lang=fr HTTP/1.1" 200 7252 "-" "Mozilla/5.0 (compatible; AhrefsBot/5.0; +http://ahrefs.com/robot/)"
5.63.145.68 - - [03/Nov/2013:19:13:45 +0100] "HEAD / HTTP/1.1" 200 468 "-" "checks.panopta.com"
27.159.217.81 - - [03/Nov/2013:19:19:55 +0100] "GET / HTTP/1.1" 200 6360 "http://hurence.com/" "Mozilla/5.0 (iPhone; CPU iPhone OS 6_1_3 like Mac OS X) AppleWebKit/536.26 (KHTML, like Gecko) Version/6.0 Mobile/10B329 Safari/8536.25"
27.159.217.81 - - [03/Nov/2013:19:19:59 +0100] "GET /?q=user HTTP/1.1" 200 5093 "http://hurence.com/" "Mozilla/5.0 (iPhone; CPU iPhone OS 6_1_3 like Mac OS X) AppleWebKit/536.26 (KHTML, like Gecko) Version/6.0 Mobile/10B329 Safari/8536.25"
27.159.217.81 - - [03/Nov/2013:19:20:01 +0100] "POST /?q=user HTTP/1.1" 200 5173 "http://hurence.com/?q=user" "Mozilla/5.0 (iPhone; CPU iPhone OS 6_1_3 like Mac OS X) AppleWebKit/536.26 (KHTML, like Gecko) Version/6.0 Mobile/10B329 Safari/8536.25"
88.174.201.84 - - [03/Nov/2013:19:22:51 +0100] "GET /?lang=fr HTTP/1.1" 200 6706 "http://www.bigdataparis.com/2014-fr-liste-exposants.php" "Mozilla/5.0 (Windows NT 6.1; WOW64) AppleWebKit/537.36 (KHTML, like Gecko) Chrome/30.0.1599.101 Safari/537.36"
88.174.201.84 - - [03/Nov/2013:19:22:53 +0100] "GET /modules/system/system.base.css?ls5cse HTTP/1.1" 200 2193 "http://www.hurence.com/?lang=fr" "Mozilla/5.0 (Windows NT 6.1; WOW64) AppleWebKit/537.36 (KHTML, like Gecko) Chrome/30.0.1599.101 Safari/537.36"
88.174.201.84 - - [03/Nov/2013:19:22:53 +0100] "GET /modules/system/system.menus.css?ls5cse HTTP/1.1" 200 1001 "http://www.hurence.com/?lang=fr" "Mozilla/5.0 (Windows NT 6.1; WOW64) AppleWebKit/537.36 (KHTML, like Gecko) Chrome/30.0.1599.101 Safari/537.36"
88.174.201.84 - - [03/Nov/2013:19:22:53 +0100] "GET /modules/system/system.messages.css?ls5cse HTTP/1.1" 200 722 "http://www.hurence.com/?lang=fr" "Mozilla/5.0 (Windows NT 6.1; WOW64) AppleWebKit/537.36 (KHTML, like Gecko) Chrome/30.0.1599.101 Safari/537.36"
88.174.201.84 - - [03/Nov/2013:19:22:53 +0100] "GET /modules/system/system.theme.css?ls5cse HTTP/1.1" 200 1561 "http://www.hurence.com/?lang=fr" "Mozilla/5.0 (Windows NT 6.1; WOW64) AppleWebKit/537.36 (KHTML, like Gecko) Chrome/30.0.1599.101 Safari/537.36"
88.174.201.84 - - [03/Nov/2013:19:22:53 +0100] "GET /modules/comment/comment.css?ls5cse HTTP/1.1" 200 481 "http://www.hurence.com/?lang=fr" "Mozilla/5.0 (Windows NT 6.1; WOW64) AppleWebKit/537.36 (KHTML, like Gecko) Chrome/30.0.1599.101 Safari/537.36"
88.174.201.84 - - [03/Nov/2013:19:22:53 +0100] "GET /modules/field/theme/field.css?ls5cse HTTP/1.1" 200 575 "http://www.hurence.com/?lang=fr" "Mozilla/5.0 (Windows NT 6.1; WOW64) AppleWebKit/537.36 (KHTML, like Gecko) Chrome/30.0.1599.101 Safari/537.36"
88.174.201.84 - - [03/Nov/2013:19:22:53 +0100] "GET /modules/node/node.css?ls5cse HTTP/1.1" 200 447 "http://www.hurence.com/?lang=fr" "Mozilla/5.0 (Windows NT 6.1; WOW64) AppleWebKit/537.36 (KHTML, like Gecko) Chrome/30.0.1599.101 Safari/537.36"
88.174.201.84 - - [03/Nov/2013:19:22:53 +0100] "GET /modules/search/search.css?ls5cse HTTP/1.1" 200 571 "http://www.hurence.com/?lang=fr" "Mozilla/5.0 (Windows NT 6.1; WOW64) AppleWebKit/537.36 (KHTML, like Gecko) Chrome/30.0.1599.101 Safari/537.36"
88.174.201.84 - - [03/Nov/2013:19:22:53 +0100] "GET /modules/user/user.css?ls5cse HTTP/1.1" 200 1036 "http://www.hurence.com/?lang=fr" "Mozilla/5.0 (Windows NT 6.1; WOW64) AppleWebKit/537.36 (KHTML, like Gecko) Chrome/30.0.1599.101 Safari/537.36"
88.174.201.84 - - [03/Nov/2013:19:22:53 +0100] "GET /sites/all/modules/views/css/views.css?ls5cse HTTP/1.1" 200 648 "http://www.hurence.com/?lang=fr" "Mozilla/5.0 (Windows NT 6.1; WOW64) AppleWebKit/537.36 (KHTML, like Gecko) Chrome/30.0.1599.101 Safari/537.36"
88.174.201.84 - - [03/Nov/2013:19:22:53 +0100] "GET /sites/all/modules/ctools/css/ctools.css?ls5cse HTTP/1.1" 200 591 "http://www.hurence.com/?lang=fr" "Mozilla/5.0 (Windows NT 6.1; WOW64) AppleWebKit/537.36 (KHTML, like Gecko) Chrome/30.0.1599.101 Safari/537.36"
88.174.201.84 - - [03/Nov/2013:19:22:53 +0100] "GET /sites/all/modules/featured_content/featured_content.css?ls5cse HTTP/1.1" 200 478 "http://www.hurence.com/?lang=fr" "Mozilla/5.0 (Windows NT 6.1; WOW64) AppleWebKit/537.36 (KHTML, like Gecko) Chrome/30.0.1599.101 Safari/537.36"
88.174.201.84 - - [03/Nov/2013:19:22:53 +0100] "GET /sites/all/modules/megamenu/megamenu.css?ls5cse HTTP/1.1" 200 1618 "http://www.hurence.com/?lang=fr" "Mozilla/5.0 (Windows NT 6.1; WOW64) AppleWebKit/537.36 (KHTML, like Gecko) Chrome/30.0.1599.101 Safari/537.36"
88.174.201.84 - - [03/Nov/2013:19:22:53 +0100] "GET /sites/all/modules/megamenu/megamenu-skins.css?ls5cse HTTP/1.1" 200 356 "http://www.hurence.com/?lang=fr" "Mozilla/5.0 (Windows NT 6.1; WOW64) AppleWebKit/537.36 (KHTML, like Gecko) Chrome/30.0.1599.101 Safari/537.36"
88.174.201.84 - - [03/Nov/2013:19:22:53 +0100] "GET /sites/all/modules/simplenews/simplenews.css?ls5cse HTTP/1.1" 200 574 "http://www.hurence.com/?lang=fr" "Mozilla/5.0 (Windows NT 6.1; WOW64) AppleWebKit/537.36 (KHTML, like Gecko) Chrome/30.0.1599.101 Safari/537.36"
88.174.201.84 - - [03/Nov/2013:19:22:53 +0100] "GET /modules/locale/locale.css?ls5cse HTTP/1.1" 200 751 "http://www.hurence.com/?lang=fr" "Mozilla/5.0 (Windows NT 6.1; WOW64) AppleWebKit/537.36 (KHTML, like Gecko) Chrome/30.0.1599.101 Safari/537.36"
88.174.201.84 - - [03/Nov/2013:19:22:53 +0100] "GET /sites/all/themes/hurence/css/html-reset.css?ls5cse HTTP/1.1" 200 3350 "http://www.hurence.com/?lang=fr" "Mozilla/5.0 (Windows NT 6.1; WOW64) AppleWebKit/537.36 (KHTML, like Gecko) Chrome/30.0.1599.101 Safari/537.36"
88.174.201.84 - - [03/Nov/2013:19:22:53 +0100] "GET /sites/all/themes/hurence/css/wireframes.css?ls5cse HTTP/1.1" 200 532 "http://www.hurence.com/?lang=fr" "Mozilla/5.0 (Windows NT 6.1; WOW64) AppleWebKit/537.36 (KHTML, like Gecko) Chrome/30.0.1599.101 Safari/537.36"
88.174.201.84 - - [03/Nov/2013:19:22:53 +0100] "GET /sites/all/themes/hurence/css/layout-fixed.css?ls5cse HTTP/1.1" 200 1924 "http://www.hurence.com/?lang=fr" "Mozilla/5.0 (Windows NT 6.1; WOW64) AppleWebKit/537.36 (KHTML, like Gecko) Chrome/30.0.1599.101 Safari/537.36"
88.174.201.84 - - [03/Nov/2013:19:22:53 +0100] "GET /sites/all/themes/hurence/css/page-backgrounds.css?ls5cse HTTP/1.1" 200 721 "http://www.hurence.com/?lang=fr" "Mozilla/5.0 (Windows NT 6.1; WOW64) AppleWebKit/537.36 (KHTML, like Gecko) Chrome/30.0.1599.101 Safari/537.36"
88.174.201.84 - - [03/Nov/2013:19:22:53 +0100] "GET /sites/all/themes/hurence/css/tabs.css?ls5cse HTTP/1.1" 200 1058 "http://www.hurence.com/?lang=fr" "Mozilla/5.0 (Windows NT 6.1; WOW64) AppleWebKit/537.36 (KHTML, like Gecko) Chrome/30.0.1599.101 Safari/537.36"
88.174.201.84 - - [03/Nov/2013:19:22:53 +0100] "GET /sites/all/themes/hurence/css/pages.css?ls5cse HTTP/1.1" 200 2219 "http://www.hurence.com/?lang=fr" "Mozilla/5.0 (Windows NT 6.1; WOW64) AppleWebKit/537.36 (KHTML, like Gecko) Chrome/30.0.1599.101 Safari/537.36"
88.174.201.84 - - [03/Nov/2013:19:22:53 +0100] "GET /sites/all/themes/hurence/css/blocks.css?ls5cse HTTP/1.1" 200 1869 "http://www.hurence.com/?lang=fr" "Mozilla/5.0 (Windows NT 6.1; WOW64) AppleWebKit/537.36 (KHTML, like Gecko) Chrome/30.0.1599.101 Safari/537.36"
88.174.201.84 - - [03/Nov/2013:19:22:53 +0100] "GET /sites/all/themes/hurence/css/navigation.css?ls5cse HTTP/1.1" 200 806 "http://www.hurence.com/?lang=fr" "Mozilla/5.0 (Windows NT 6.1; WOW64) AppleWebKit/537.36 (KHTML, like Gecko) Chrome/30.0.1599.101 Safari/537.36"
88.174.201.84 - - [03/Nov/2013:19:22:53 +0100] "GET /sites/all/themes/hurence/css/views-styles.css?ls5cse HTTP/1.1" 200 389 "http://www.hurence.com/?lang=fr" "Mozilla/5.0 (Windows NT 6.1; WOW64) AppleWebKit/537.36 (KHTML, like Gecko) Chrome/30.0.1599.101 Safari/537.36"
88.174.201.84 - - [03/Nov/2013:19:22:53 +0100] "GET /sites/all/themes/hurence/css/nodes.css?ls5cse HTTP/1.1" 200 1115 "http://www.hurence.com/?lang=fr" "Mozilla/5.0 (Windows NT 6.1; WOW64) AppleWebKit/537.36 (KHTML, like Gecko) Chrome/30.0.1599.101 Safari/537.36"
88.174.201.84 - - [03/Nov/2013:19:22:53 +0100] "GET /sites/all/themes/hurence/css/comments.css?ls5cse HTTP/1.1" 200 1019 "http://www.hurence.com/?lang=fr" "Mozilla/5.0 (Windows NT 6.1; WOW64) AppleWebKit/537.36 (KHTML, like Gecko) Chrome/30.0.1599.101 Safari/537.36"
88.174.201.84 - - [03/Nov/2013:19:22:53 +0100] "GET /sites/all/themes/hurence/css/forms.css?ls5cse HTTP/1.1" 200 1397 "http://www.hurence.com/?lang=fr" "Mozilla/5.0 (Windows NT 6.1; WOW64) AppleWebKit/537.36 (KHTML, like Gecko) Chrome/30.0.1599.101 Safari/537.36"
88.174.201.84 - - [03/Nov/2013:19:22:53 +0100] "GET /sites/all/themes/hurence/css/fields.css?ls5cse HTTP/1.1" 200 700 "http://www.hurence.com/?lang=fr" "Mozilla/5.0 (Windows NT 6.1; WOW64) AppleWebKit/537.36 (KHTML, like Gecko) Chrome/30.0.1599.101 Safari/537.36"
88.174.201.84 - - [03/Nov/2013:19:22:53 +0100] "GET /sites/all/themes/hurence/css/print.css?ls5cse HTTP/1.1" 200 979 "http://www.hurence.com/?lang=fr" "Mozilla/5.0 (Windows NT 6.1; WOW64) AppleWebKit/537.36 (KHTML, like Gecko) Chrome/30.0.1599.101 Safari/537.36"
88.174.201.84 - - [03/Nov/2013:19:22:53 +0100] "GET /sites/all/themes/hurence/css/hurence.css?ls5cse HTTP/1.1" 200 688 "http://www.hurence.com/?lang=fr" "Mozilla/5.0 (Windows NT 6.1; WOW64) AppleWebKit/537.36 (KHTML, like Gecko) Chrome/30.0.1599.101 Safari/537.36"
88.174.201.84 - - [03/Nov/2013:19:22:53 +0100] "GET /sites/all/themes/hurence/css/megamenu-hurence.css?ls5cse HTTP/1.1" 200 1725 "http://www.hurence.com/?lang=fr" "Mozilla/5.0 (Windows NT 6.1; WOW64) AppleWebKit/537.36 (KHTML, like Gecko) Chrome/30.0.1599.101 Safari/537.36"
88.174.201.84 - - [03/Nov/2013:19:22:53 +0100] "GET /misc/jquery.once.js?v=1.2 HTTP/1.1" 200 1420 "http://www.hurence.com/?lang=fr" "Mozilla/5.0 (Windows NT 6.1; WOW64) AppleWebKit/537.36 (KHTML, like Gecko) Chrome/30.0.1599.101 Safari/537.36"
88.174.201.84 - - [03/Nov/2013:19:22:53 +0100] "GET /misc/drupal.js?ls5cse HTTP/1.1" 200 4882 "http://www.hurence.com/?lang=fr" "Mozilla/5.0 (Windows NT 6.1; WOW64) AppleWebKit/537.36 (KHTML, like Gecko) Chrome/30.0.1599.101 Safari/537.36"
88.174.201.84 - - [03/Nov/2013:19:22:53 +0100] "GET /sites/all/modules/featured_content/featured_content.js?ls5cse HTTP/1.1" 200 1074 "http://www.hurence.com/?lang=fr" "Mozilla/5.0 (Windows NT 6.1; WOW64) AppleWebKit/537.36 (KHTML, like Gecko) Chrome/30.0.1599.101 Safari/537.36"
88.174.201.84 - - [03/Nov/2013:19:22:53 +0100] "GET /sites/all/modules/megamenu/megamenu.js?ls5cse HTTP/1.1" 200 1758 "http://www.hurence.com/?lang=fr" "Mozilla/5.0 (Windows NT 6.1; WOW64) AppleWebKit/537.36 (KHTML, like Gecko) Chrome/30.0.1599.101 Safari/537.36"
88.174.201.84 - - [03/Nov/2013:19:22:53 +0100] "GET /sites/all/themes/hurence/js/hurence.js?ls5cse HTTP/1.1" 200 806 "http://www.hurence.com/?lang=fr" "Mozilla/5.0 (Windows NT 6.1; WOW64) AppleWebKit/537.36 (KHTML, like Gecko) Chrome/30.0.1599.101 Safari/537.36"
88.174.201.84 - - [03/Nov/2013:19:22:53 +0100] "GET /sites/all/modules/views/js/jquery.ui.dialog.patch.js?ls5cse HTTP/1.1" 200 914 "http://www.hurence.com/?lang=fr" "Mozilla/5.0 (Windows NT 6.1; WOW64) AppleWebKit/537.36 (KHTML, like Gecko) Chrome/30.0.1599.101 Safari/537.36"
88.174.201.84 - - [03/Nov/2013:19:22:53 +0100] "GET /misc/jquery.js?v=1.4.4 HTTP/1.1" 200 27431 "http://www.hurence.com/?lang=fr" "Mozilla/5.0 (Windows NT 6.1; WOW64) AppleWebKit/537.36 (KHTML, like Gecko) Chrome/30.0.1599.101 Safari/537.36"
88.174.201.84 - - [03/Nov/2013:19:22:53 +0100] "GET /sites/all/themes/hurence/logo.png HTTP/1.1" 200 5065 "http://www.hurence.com/?lang=fr" "Mozilla/5.0 (Windows NT 6.1; WOW64) AppleWebKit/537.36 (KHTML, like Gecko) Chrome/30.0.1599.101 Safari/537.36"
88.174.201.84 - - [03/Nov/2013:19:22:54 +0100] "GET /sites/default/files/styles/white_paper_logo/public/hadoop-logo.jpg HTTP/1.1" 200 2436 "http://www.hurence.com/?lang=fr" "Mozilla/5.0 (Windows NT 6.1; WOW64) AppleWebKit/537.36 (KHTML, like Gecko) Chrome/30.0.1599.101 Safari/537.36"
88.174.201.84 - - [03/Nov/2013:19:22:54 +0100] "GET /modules/file/icons/application-pdf.png HTTP/1.1" 200 639 "http://www.hurence.com/?lang=fr" "Mozilla/5.0 (Windows NT 6.1; WOW64) AppleWebKit/537.36 (KHTML, like Gecko) Chrome/30.0.1599.101 Safari/537.36"
88.174.201.84 - - [03/Nov/2013:19:22:54 +0100] "GET /misc/feed.png HTTP/1.1" 200 949 "http://www.hurence.com/?lang=fr" "Mozilla/5.0 (Windows NT 6.1; WOW64) AppleWebKit/537.36 (KHTML, like Gecko) Chrome/30.0.1599.101 Safari/537.36"
88.174.201.84 - - [03/Nov/2013:19:22:54 +0100] "GET /sites/all/themes/hurence/images/bg_header.gif HTTP/1.1" 200 559 "http://www.hurence.com/?lang=fr" "Mozilla/5.0 (Windows NT 6.1; WOW64) AppleWebKit/537.36 (KHTML, like Gecko) Chrome/30.0.1599.101 Safari/537.36"
88.174.201.84 - - [03/Nov/2013:19:22:54 +0100] "GET /sites/all/themes/hurence/images/bg_header-inner.jpg HTTP/1.1" 200 8925 "http://www.hurence.com/?lang=fr" "Mozilla/5.0 (Windows NT 6.1; WOW64) AppleWebKit/537.36 (KHTML, like Gecko) Chrome/30.0.1599.101 Safari/537.36"
88.174.201.84 - - [03/Nov/2013:19:22:54 +0100] "GET /sites/default/files/en.jpg HTTP/1.1" 200 3136 "http://www.hurence.com/?lang=fr" "Mozilla/5.0 (Windows NT 6.1; WOW64) AppleWebKit/537.36 (KHTML, like Gecko) Chrome/30.0.1599.101 Safari/537.36"
88.174.201.84 - - [03/Nov/2013:19:22:54 +0100] "GET /sites/default/files/fr.jpg HTTP/1.1" 200 3176 "http://www.hurence.com/?lang=fr" "Mozilla/5.0 (Windows NT 6.1; WOW64) AppleWebKit/537.36 (KHTML, like Gecko) Chrome/30.0.1599.101 Safari/537.36"
88.174.201.84 - - [03/Nov/2013:19:22:54 +0100] "GET /sites/default/files/mail.png HTTP/1.1" 200 4030 "http://www.hurence.com/?lang=fr" "Mozilla/5.0 (Windows NT 6.1; WOW64) AppleWebKit/537.36 (KHTML, like Gecko) Chrome/30.0.1599.101 Safari/537.36"
88.174.201.84 - - [03/Nov/2013:19:22:54 +0100] "GET /sites/default/files/Twitter-24x24.png HTTP/1.1" 200 1869 "http://www.hurence.com/?lang=fr" "Mozilla/5.0 (Windows NT 6.1; WOW64) AppleWebKit/537.36 (KHTML, like Gecko) Chrome/30.0.1599.101 Safari/537.36"
88.174.201.84 - - [03/Nov/2013:19:22:54 +0100] "GET /sites/default/files/Facebook-24x24.png HTTP/1.1" 200 1725 "http://www.hurence.com/?lang=fr" "Mozilla/5.0 (Windows NT 6.1; WOW64) AppleWebKit/537.36 (KHTML, like Gecko) Chrome/30.0.1599.101 Safari/537.36"
88.174.201.84 - - [03/Nov/2013:19:22:54 +0100] "GET /sites/default/files/HurenceBannier.png HTTP/1.1" 200 388732 "http://www.hurence.com/?lang=fr" "Mozilla/5.0 (Windows NT 6.1; WOW64) AppleWebKit/537.36 (KHTML, like Gecko) Chrome/30.0.1599.101 Safari/537.36"
88.174.201.84 - - [03/Nov/2013:19:22:54 +0100] "GET /sites/default/files/favicon.png HTTP/1.1" 200 3880 "-" "Mozilla/5.0 (Windows NT 6.1; WOW64) AppleWebKit/537.36 (KHTML, like Gecko) Chrome/30.0.1599.101 Safari/537.36"
88.174.201.84 - - [03/Nov/2013:19:22:58 +0100] "GET /node/45?lang=fr HTTP/1.1" 200 7138 "http://www.hurence.com/?lang=fr" "Mozilla/5.0 (Windows NT 6.1; WOW64) AppleWebKit/537.36 (KHTML, like Gecko) Chrome/30.0.1599.101 Safari/537.36"
88.174.201.84 - - [03/Nov/2013:19:23:14 +0100] "GET /node/135?lang=fr HTTP/1.1" 200 5650 "http://www.hurence.com/node/45?lang=fr" "Mozilla/5.0 (Windows NT 6.1; WOW64) AppleWebKit/537.36 (KHTML, like Gecko) Chrome/30.0.1599.101 Safari/537.36"
127.0.0.1 - - [03/Nov/2013:19:23:34 +0100] "OPTIONS * HTTP/1.0" 200 152 "-" "Apache/2.2.17 (Ubuntu) (internal dummy connection)"
127.0.0.1 - - [03/Nov/2013:19:23:55 +0100] "OPTIONS * HTTP/1.0" 200 152 "-" "Apache/2.2.17 (Ubuntu) (internal dummy connection)"
88.174.201.84 - - [03/Nov/2013:19:23:56 +0100] "HEAD / HTTP/1.1" 200 569 "-" "Mozilla/5.0 (Windows NT 6.1; WOW64) AppleWebKit/537.36 (KHTML, like Gecko) Chrome/30.0.1599.101 Safari/537.36"
5.10.83.41 - - [03/Nov/2013:19:24:53 +0100] "GET /node/106?lang=fr HTTP/1.1" 200 6871 "-" "Mozilla/5.0 (compatible; AhrefsBot/5.0; +http://ahrefs.com/robot/)"
5.63.145.68 - - [03/Nov/2013:19:29:12 +0100] "HEAD / HTTP/1.1" 200 468 "-" "checks.panopta.com"
157.55.32.166 - - [03/Nov/2013:19:29:59 +0100] "GET / HTTP/1.1" 200 6356 "-" "Mozilla/5.0 (compatible; bingbot/2.0; +http://www.bing.com/bingbot.htm)"
5.10.83.41 - - [03/Nov/2013:19:32:00 +0100] "GET /node/46?lang=fr HTTP/1.1" 200 6810 "-" "Mozilla/5.0 (compatible; AhrefsBot/5.0; +http://ahrefs.com/robot/)"
5.63.145.68 - - [03/Nov/2013:19:46:19 +0100] "HEAD / HTTP/1.1" 200 468 "-" "checks.panopta.com"
208.115.113.87 - - [03/Nov/2013:19:46:25 +0100] "GET /robots.txt HTTP/1.1" 200 1793 "-" "Mozilla/5.0 (compatible; Ezooms/1.0; ezooms.bot@gmail.com)"
204.236.148.79 - - [03/Nov/2013:19:54:18 +0100] "GET /rss.xml HTTP/1.1" 200 2945 "-" "Digg Feed Fetcher 1.0 (Mozilla/5.0 (Macintosh; Intel Mac OS X 10_7_1) AppleWebKit/534.48.3 (KHTML, like Gecko) Version/5.1 Safari/534.48.3)"
220.181.108.121 - - [03/Nov/2013:19:55:12 +0100] "GET / HTTP/1.1" 200 16060 "-" "Mozilla/5.0 (compatible; Baiduspider/2.0; +http://www.baidu.com/search/spider.html)"
157.55.35.108 - - [03/Nov/2013:19:59:14 +0100] "GET /node/109?lang=fr HTTP/1.1" 200 7119 "-" "Mozilla/5.0 (compatible; bingbot/2.0; +http://www.bing.com/bingbot.htm)"
81.52.143.29 - - [03/Nov/2013:20:00:42 +0100] "GET /node/133 HTTP/1.1" 200 5898 "-" "Mozilla/5.0 (Windows; U; Windows NT 5.1; fr; rv:1.8.1) VoilaBot BETA 1.2 (support.voilabot@orange-ftgroup.com)"
5.63.145.68 - - [03/Nov/2013:20:02:15 +0100] "HEAD / HTTP/1.1" 200 468 "-" "checks.panopta.com"
65.19.138.33 - - [03/Nov/2013:20:04:04 +0100] "GET /rss.xml HTTP/1.1" 200 2947 "-" "Feedly/1.0 (+http://www.feedly.com/fetcher.html; like FeedFetcher-Google)"
5.10.83.41 - - [03/Nov/2013:20:04:32 +0100] "GET /node/61 HTTP/1.1" 200 6531 "-" "Mozilla/5.0 (compatible; AhrefsBot/5.0; +http://ahrefs.com/robot/)"
157.55.35.80 - - [03/Nov/2013:20:06:02 +0100] "GET /node/68?lang=en HTTP/1.1" 200 6767 "-" "Mozilla/5.0 (compatible; bingbot/2.0; +http://www.bing.com/bingbot.htm)"
5.10.83.41 - - [03/Nov/2013:20:07:37 +0100] "GET /node/69?lang=en HTTP/1.1" 200 6689 "-" "Mozilla/5.0 (compatible; AhrefsBot/5.0; +http://ahrefs.com/robot/)"
209.85.238.70 - - [03/Nov/2013:20:13:48 +0100] "GET /rss.xml HTTP/1.1" 200 2983 "-" "Feedfetcher-Google; (+http://www.google.com/feedfetcher.html; 3 subscribers; feed-id=7225077890218036057)"
65.19.138.33 - - [03/Nov/2013:20:16:28 +0100] "GET /taxonomy/term/1/feed HTTP/1.1" 200 659 "-" "Feedly/1.0 (+http://www.feedly.com/fetcher.html; like FeedFetcher-Google)"
5.63.145.68 - - [03/Nov/2013:20:17:25 +0100] "HEAD / HTTP/1.1" 200 468 "-" "checks.panopta.com"
5.63.145.68 - - [03/Nov/2013:20:17:28 +0100] "GET / HTTP/1.1" 200 27767 "-" "checks.panopta.com"
206.253.226.18 - - [03/Nov/2013:20:19:08 +0100] "GET /robots.txt HTTP/1.1" 200 1793 "-" "Mozilla/5.0 (compatible; oBot/2.3.1; http://filterdb.iss.net/crawler/)"
206.253.226.18 - - [03/Nov/2013:20:19:08 +0100] "HEAD /sites/all/themes/hurence/logo.png HTTP/1.1" 200 239 "-" "Mozilla/5.0 (compatible; oBot/2.3.1; http://filterdb.iss.net/crawler/)"
206.253.226.18 - - [03/Nov/2013:20:19:11 +0100] "HEAD /sites/default/files/styles/white_paper_logo/public/hadoop-logo.jpg HTTP/1.1" 200 239 "-" "Mozilla/5.0 (compatible; oBot/2.3.1; http://filterdb.iss.net/crawler/)"
206.253.226.18 - - [03/Nov/2013:20:19:11 +0100] "HEAD /sites/default/files/HurenceBannier.png HTTP/1.1" 200 242 "-" "Mozilla/5.0 (compatible; oBot/2.3.1; http://filterdb.iss.net/crawler/)"
180.76.5.101 - - [03/Nov/2013:20:19:56 +0100] "GET /node/32 HTTP/1.1" 200 5605 "-" "Mozilla/5.0 (compatible; Baiduspider/2.0; +http://www.baidu.com/search/spider.html)"
127.0.0.1 - - [03/Nov/2013:20:23:34 +0100] "OPTIONS * HTTP/1.0" 200 152 "-" "Apache/2.2.17 (Ubuntu) (internal dummy connection)"
5.10.83.41 - - [03/Nov/2013:20:23:34 +0100] "GET /node/147?lang=fr HTTP/1.1" 200 7180 "-" "Mozilla/5.0 (compatible; AhrefsBot/5.0; +http://ahrefs.com/robot/)"
66.249.66.213 - - [03/Nov/2013:20:24:16 +0100] "GET /node/70?lang=en HTTP/1.1" 200 6542 "-" "DoCoMo/2.0 N905i(c100;TB;W24H16) (compatible; Googlebot-Mobile/2.1; +http://www.google.com/bot.html)"
5.10.83.41 - - [03/Nov/2013:20:25:02 +0100] "GET /node/node/126 HTTP/1.1" 404 4646 "-" "Mozilla/5.0 (compatible; AhrefsBot/5.0; +http://ahrefs.com/robot/)"
50.56.224.198 - - [03/Nov/2013:20:31:28 +0100] "GET /w00tw00t.at.ISC.SANS.DFind:) HTTP/1.1" 400 516 "-" "-"
5.63.145.68 - - [03/Nov/2013:20:33:02 +0100] "HEAD / HTTP/1.1" 200 468 "-" "checks.panopta.com"
134.134.139.74 - - [03/Nov/2013:20:34:40 +0100] "GET /modules/node/node.css?ls5cse HTTP/1.1" 304 212 "-" "Mozilla/4.0 (compatible;)"
5.10.83.41 - - [03/Nov/2013:20:35:26 +0100] "GET /node/47?lang=fr HTTP/1.1" 200 5989 "-" "Mozilla/5.0 (compatible; AhrefsBot/5.0; +http://ahrefs.com/robot/)"
5.10.83.41 - - [03/Nov/2013:20:37:42 +0100] "GET /?lang=en HTTP/1.1" 200 6345 "-" "Mozilla/5.0 (compatible; AhrefsBot/5.0; +http://ahrefs.com/robot/)"
5.10.83.41 - - [03/Nov/2013:20:37:59 +0100] "GET /node/88 HTTP/1.1" 200 6549 "-" "Mozilla/5.0 (compatible; AhrefsBot/5.0; +http://ahrefs.com/robot/)"
66.249.83.213 - - [03/Nov/2013:20:40:10 +0100] "GET /rss.xml?lang=fr HTTP/1.1" 200 2999 "-" "Feedfetcher-Google; (+http://www.google.com/feedfetcher.html; feed-id=1608384059868371807)"
192.119.144.25 - - [03/Nov/2013:20:42:04 +0100] "GET /node/3 HTTP/1.0" 200 6677 "http://www.hurence.com/" "Mozilla/5.0 (iPad; CPU OS 6_1_3 like Mac OS X) AppleWebKit/536.26 (KHTML, like Gecko) Version/6.0 Mobile/10B329 Safari/8536.25"
192.119.144.25 - - [03/Nov/2013:20:42:07 +0100] "GET /?q=node/add HTTP/1.0" 403 4780 "http://www.hurence.com/" "Mozilla/5.0 (iPad; CPU OS 6_1_3 like Mac OS X) AppleWebKit/536.26 (KHTML, like Gecko) Version/6.0 Mobile/10B329 Safari/8536.25"
192.119.144.25 - - [03/Nov/2013:20:42:08 +0100] "GET /?q=user/register HTTP/1.0" 200 5329 "http://www.hurence.com/?q=node/add" "Mozilla/5.0 (iPad; CPU OS 6_1_3 like Mac OS X) AppleWebKit/536.26 (KHTML, like Gecko) Version/6.0 Mobile/10B329 Safari/8536.25"
