127.0.0.1 - - [03/Nov/2013:06:25:02 +0100] "OPTIONS * HTTP/1.0" 200 152 "-" "Apache/2.2.17 (Ubuntu) (internal dummy connection)"
127.0.0.1 - - [03/Nov/2013:06:25:02 +0100] "OPTIONS * HTTP/1.0" 200 152 "-" "Apache/2.2.17 (Ubuntu) (internal dummy connection)"
74.91.23.2 - - [03/Nov/2013:06:27:56 +0100] "GET /node/3 HTTP/1.1" 200 6677 "http://www.hurence.com/" "Mozilla/5.0 (iPad; CPU OS 5_1_1 like Mac OS X) AppleWebKit/534.46 (KHTML, like Gecko) Version/5.1 Mobile/9B206 Safari/7534.48.3"
151.237.177.44 - - [03/Nov/2013:06:27:58 +0100] "GET /?q=node/add HTTP/1.0" 403 4785 "http://www.hurence.com/" "Mozilla/5.0 (iPad; CPU OS 5_1_1 like Mac OS X) AppleWebKit/534.46 (KHTML, like Gecko) Version/5.1 Mobile/9B206 Safari/7534.48.3"
151.237.177.44 - - [03/Nov/2013:06:27:59 +0100] "GET /?q=user/register HTTP/1.0" 200 5329 "http://www.hurence.com/?q=node/add" "Mozilla/5.0 (iPad; CPU OS 5_1_1 like Mac OS X) AppleWebKit/534.46 (KHTML, like Gecko) Version/5.1 Mobile/9B206 Safari/7534.48.3"
151.237.177.44 - - [03/Nov/2013:06:28:02 +0100] "POST /?q=user/register HTTP/1.0" 302 678 "http://www.hurence.com/?q=user/register" "Mozilla/5.0 (iPad; CPU OS 5_1_1 like Mac OS X) AppleWebKit/534.46 (KHTML, like Gecko) Version/5.1 Mobile/9B206 Safari/7534.48.3"
151.237.177.44 - - [03/Nov/2013:06:28:05 +0100] "GET / HTTP/1.0" 200 6718 "http://www.hurence.com/?q=user/register" "Mozilla/5.0 (iPad; CPU OS 5_1_1 like Mac OS X) AppleWebKit/534.46 (KHTML, like Gecko) Version/5.1 Mobile/9B206 Safari/7534.48.3"
151.237.177.44 - - [03/Nov/2013:06:28:08 +0100] "GET /?q=user HTTP/1.0" 200 5096 "http://www.hurence.com/" "Mozilla/5.0 (iPad; CPU OS 5_1_1 like Mac OS X) AppleWebKit/534.46 (KHTML, like Gecko) Version/5.1 Mobile/9B206 Safari/7534.48.3"
151.237.177.44 - - [03/Nov/2013:06:28:10 +0100] "POST /?q=user HTTP/1.0" 200 5170 "http://www.hurence.com/?q=user" "Mozilla/5.0 (iPad; CPU OS 5_1_1 like Mac OS X) AppleWebKit/534.46 (KHTML, like Gecko) Version/5.1 Mobile/9B206 Safari/7534.48.3"
5.63.145.68 - - [03/Nov/2013:06:30:37 +0100] "HEAD / HTTP/1.1" 200 468 "-" "checks.panopta.com"
27.159.219.89 - - [03/Nov/2013:06:31:43 +0100] "GET /node/67 HTTP/1.1" 200 6743 "http://hurence.com/" "Mozilla/5.0 (iPad; CPU OS 6_1_3 like Mac OS X) AppleWebKit/536.26 (KHTML, like Gecko) Version/6.0 Mobile/10B329 Safari/8536.25"
27.159.219.89 - - [03/Nov/2013:06:31:50 +0100] "GET /?q=node/add HTTP/1.1" 403 4818 "http://hurence.com/" "Mozilla/5.0 (iPad; CPU OS 6_1_3 like Mac OS X) AppleWebKit/536.26 (KHTML, like Gecko) Version/6.0 Mobile/10B329 Safari/8536.25"
27.159.219.89 - - [03/Nov/2013:06:31:52 +0100] "GET /?q=user/register HTTP/1.1" 200 5326 "http://hurence.com/?q=node/add" "Mozilla/5.0 (iPad; CPU OS 6_1_3 like Mac OS X) AppleWebKit/536.26 (KHTML, like Gecko) Version/6.0 Mobile/10B329 Safari/8536.25"
27.159.219.89 - - [03/Nov/2013:06:31:54 +0100] "POST /?q=user/register HTTP/1.1" 302 674 "http://hurence.com/?q=user/register" "Mozilla/5.0 (iPad; CPU OS 6_1_3 like Mac OS X) AppleWebKit/536.26 (KHTML, like Gecko) Version/6.0 Mobile/10B329 Safari/8536.25"
27.159.219.89 - - [03/Nov/2013:06:31:57 +0100] "GET / HTTP/1.1" 200 6706 "http://hurence.com/?q=user/register" "Mozilla/5.0 (iPad; CPU OS 6_1_3 like Mac OS X) AppleWebKit/536.26 (KHTML, like Gecko) Version/6.0 Mobile/10B329 Safari/8536.25"
27.159.219.89 - - [03/Nov/2013:06:32:01 +0100] "GET /?q=user HTTP/1.1" 200 5097 "http://hurence.com/" "Mozilla/5.0 (iPad; CPU OS 6_1_3 like Mac OS X) AppleWebKit/536.26 (KHTML, like Gecko) Version/6.0 Mobile/10B329 Safari/8536.25"
27.159.219.89 - - [03/Nov/2013:06:32:03 +0100] "POST /?q=user HTTP/1.1" 200 5169 "http://hurence.com/?q=user" "Mozilla/5.0 (iPad; CPU OS 6_1_3 like Mac OS X) AppleWebKit/536.26 (KHTML, like Gecko) Version/6.0 Mobile/10B329 Safari/8536.25"
5.10.83.41 - - [03/Nov/2013:06:36:09 +0100] "GET /node/8 HTTP/1.1" 200 6629 "-" "Mozilla/5.0 (compatible; AhrefsBot/5.0; +http://ahrefs.com/robot/)"
193.252.118.166 - - [03/Nov/2013:06:40:16 +0100] "GET /node/94?lang=fr HTTP/1.1" 200 7242 "-" "Mozilla/5.0 (Windows; U; Windows NT 5.1; fr; rv:1.8.1) VoilaBot BETA 1.2 (support.voilabot@orange-ftgroup.com)"
209.85.238.70 - - [03/Nov/2013:06:42:41 +0100] "GET /rss.xml HTTP/1.1" 200 2983 "-" "Feedfetcher-Google; (+http://www.google.com/feedfetcher.html; 3 subscribers; feed-id=7225077890218036057)"
5.63.145.68 - - [03/Nov/2013:06:45:47 +0100] "HEAD / HTTP/1.1" 200 468 "-" "checks.panopta.com"
217.69.133.248 - - [03/Nov/2013:06:46:06 +0100] "GET /robots.txt HTTP/1.0" 200 1812 "-" "Mozilla/5.0 (compatible; Linux x86_64; Mail.RU_Bot/2.0; +http://go.mail.ru/help/robots)"
217.69.133.253 - - [03/Nov/2013:06:46:16 +0100] "GET /robots.txt HTTP/1.0" 200 1812 "-" "Mozilla/5.0 (compatible; Linux x86_64; Mail.RU_Bot/2.0; +http://go.mail.ru/help/robots)"
208.115.111.71 - - [03/Nov/2013:06:47:50 +0100] "GET /node/57 HTTP/1.1" 200 30049 "-" "Mozilla/5.0 (compatible; Ezooms/1.0; ezooms.bot@gmail.com)"
81.52.143.36 - - [03/Nov/2013:06:48:10 +0100] "GET /node/79 HTTP/1.1" 200 6656 "-" "Mozilla/5.0 (Windows; U; Windows NT 5.1; fr; rv:1.8.1) VoilaBot BETA 1.2 (support.voilabot@orange-ftgroup.com)"
220.181.108.84 - - [03/Nov/2013:06:49:55 +0100] "GET / HTTP/1.1" 200 16060 "-" "Mozilla/5.0 (compatible; Baiduspider/2.0; +http://www.baidu.com/search/spider.html)"
5.10.83.41 - - [03/Nov/2013:06:50:38 +0100] "GET /node/114?lang=fr HTTP/1.1" 200 6885 "-" "Mozilla/5.0 (compatible; AhrefsBot/5.0; +http://ahrefs.com/robot/)"
123.125.71.25 - - [03/Nov/2013:06:50:57 +0100] "GET / HTTP/1.1" 200 16060 "-" "Mozilla/5.0 (compatible; Baiduspider/2.0; +http://www.baidu.com/search/spider.html)"
5.10.83.41 - - [03/Nov/2013:06:55:20 +0100] "GET /node/124?lang=fr HTTP/1.1" 200 6759 "-" "Mozilla/5.0 (compatible; AhrefsBot/5.0; +http://ahrefs.com/robot/)"
157.55.33.33 - - [03/Nov/2013:06:59:27 +0100] "GET /robots.txt HTTP/1.1" 200 1850 "-" "Mozilla/5.0 (compatible; bingbot/2.0; +http://www.bing.com/bingbot.htm)"
5.63.145.68 - - [03/Nov/2013:07:01:16 +0100] "HEAD / HTTP/1.1" 200 468 "-" "checks.panopta.com"
157.55.33.33 - - [03/Nov/2013:07:04:30 +0100] "GET / HTTP/1.1" 200 6359 "-" "Mozilla/5.0 (compatible; bingbot/2.0; +http://www.bing.com/bingbot.htm)"
5.10.83.41 - - [03/Nov/2013:07:04:34 +0100] "GET /node/102?lang=fr HTTP/1.1" 200 6926 "-" "Mozilla/5.0 (compatible; AhrefsBot/5.0; +http://ahrefs.com/robot/)"
5.63.145.68 - - [03/Nov/2013:07:16:44 +0100] "HEAD / HTTP/1.1" 200 468 "-" "checks.panopta.com"
157.55.33.33 - - [03/Nov/2013:07:19:27 +0100] "GET /robots.txt HTTP/1.1" 200 1850 "-" "Mozilla/5.0 (compatible; bingbot/2.0; +http://www.bing.com/bingbot.htm)"
180.76.5.155 - - [03/Nov/2013:07:24:26 +0100] "GET /node/116?lang=fr HTTP/1.1" 200 6944 "-" "Mozilla/5.0 (compatible; Baiduspider/2.0; +http://www.baidu.com/search/spider.html)"
157.55.33.33 - - [03/Nov/2013:07:25:25 +0100] "GET / HTTP/1.1" 200 6359 "-" "Mozilla/5.0 (compatible; bingbot/2.0; +http://www.bing.com/bingbot.htm)"
5.10.83.41 - - [03/Nov/2013:07:29:17 +0100] "GET /node/82 HTTP/1.1" 200 6713 "-" "Mozilla/5.0 (compatible; AhrefsBot/5.0; +http://ahrefs.com/robot/)"
5.63.145.68 - - [03/Nov/2013:07:31:48 +0100] "HEAD / HTTP/1.1" 200 468 "-" "checks.panopta.com"
209.85.238.70 - - [03/Nov/2013:07:35:51 +0100] "GET /rss.xml HTTP/1.1" 200 2983 "-" "Feedfetcher-Google; (+http://www.google.com/feedfetcher.html; 3 subscribers; feed-id=7225077890218036057)"
5.10.83.41 - - [03/Nov/2013:07:39:34 +0100] "GET /node/40?lang=fr HTTP/1.1" 200 6840 "-" "Mozilla/5.0 (compatible; AhrefsBot/5.0; +http://ahrefs.com/robot/)"
208.115.113.87 - - [03/Nov/2013:07:41:03 +0100] "GET /robots.txt HTTP/1.1" 200 1793 "-" "Mozilla/5.0 (compatible; Ezooms/1.0; ezooms.bot@gmail.com)"
5.63.145.68 - - [03/Nov/2013:07:46:50 +0100] "HEAD / HTTP/1.1" 200 468 "-" "checks.panopta.com"
220.181.108.75 - - [03/Nov/2013:07:47:30 +0100] "GET / HTTP/1.1" 200 16060 "-" "Mozilla/5.0 (compatible; Baiduspider/2.0; +http://www.baidu.com/search/spider.html)"
5.10.83.41 - - [03/Nov/2013:07:53:39 +0100] "GET /node/88 HTTP/1.1" 200 6550 "-" "Mozilla/5.0 (compatible; AhrefsBot/5.0; +http://ahrefs.com/robot/)"
5.10.83.41 - - [03/Nov/2013:07:53:57 +0100] "GET /node/63 HTTP/1.1" 200 6537 "-" "Mozilla/5.0 (compatible; AhrefsBot/5.0; +http://ahrefs.com/robot/)"
5.63.145.68 - - [03/Nov/2013:08:01:52 +0100] "HEAD / HTTP/1.1" 200 468 "-" "checks.panopta.com"
65.19.138.33 - - [03/Nov/2013:08:03:36 +0100] "GET /rss.xml HTTP/1.1" 200 2947 "-" "Feedly/1.0 (+http://www.feedly.com/fetcher.html; like FeedFetcher-Google)"
5.10.83.41 - - [03/Nov/2013:08:04:01 +0100] "GET /node/87?lang=fr HTTP/1.1" 200 7144 "-" "Mozilla/5.0 (compatible; AhrefsBot/5.0; +http://ahrefs.com/robot/)"
5.10.83.41 - - [03/Nov/2013:08:07:00 +0100] "GET /node/101?lang=fr HTTP/1.1" 200 7055 "-" "Mozilla/5.0 (compatible; AhrefsBot/5.0; +http://ahrefs.com/robot/)"
193.252.118.173 - - [03/Nov/2013:08:07:12 +0100] "GET /node/47?lang=fr HTTP/1.1" 200 6007 "-" "Mozilla/5.0 (Windows; U; Windows NT 5.1; fr; rv:1.8.1) VoilaBot BETA 1.2 (support.voilabot@orange-ftgroup.com)"
5.10.83.41 - - [03/Nov/2013:08:10:26 +0100] "GET /node/43?lang=fr HTTP/1.1" 200 6579 "-" "Mozilla/5.0 (compatible; AhrefsBot/5.0; +http://ahrefs.com/robot/)"
65.19.138.34 - - [03/Nov/2013:08:15:51 +0100] "GET /taxonomy/term/1/feed HTTP/1.1" 200 659 "-" "Feedly/1.0 (+http://www.feedly.com/fetcher.html; like FeedFetcher-Google)"
5.63.145.68 - - [03/Nov/2013:08:17:12 +0100] "HEAD / HTTP/1.1" 200 468 "-" "checks.panopta.com"
81.52.143.16 - - [03/Nov/2013:08:17:54 +0100] "GET /node/81 HTTP/1.1" 200 6445 "-" "Mozilla/5.0 (Windows; U; Windows NT 5.1; fr; rv:1.8.1) VoilaBot BETA 1.2 (support.voilabot@orange-ftgroup.com)"
5.10.83.41 - - [03/Nov/2013:08:18:38 +0100] "GET /node/104?lang=fr HTTP/1.1" 200 7016 "-" "Mozilla/5.0 (compatible; AhrefsBot/5.0; +http://ahrefs.com/robot/)"
80.72.35.85 - - [03/Nov/2013:08:19:49 +0100] "GET / HTTP/1.1" 200 6363 "http://hurence.com/" "Mozilla/5.0 (iPad; CPU OS 6_1_3 like Mac OS X) AppleWebKit/536.26 (KHTML, like Gecko) Version/6.0 Mobile/10B329 Safari/8536.25"
80.72.35.85 - - [03/Nov/2013:08:19:51 +0100] "GET /?q=user HTTP/1.1" 200 5091 "http://hurence.com/" "Mozilla/5.0 (iPad; CPU OS 6_1_3 like Mac OS X) AppleWebKit/536.26 (KHTML, like Gecko) Version/6.0 Mobile/10B329 Safari/8536.25"
80.72.35.85 - - [03/Nov/2013:08:19:51 +0100] "POST /?q=user HTTP/1.1" 200 5172 "http://hurence.com/?q=user" "Mozilla/5.0 (iPad; CPU OS 6_1_3 like Mac OS X) AppleWebKit/536.26 (KHTML, like Gecko) Version/6.0 Mobile/10B329 Safari/8536.25"
5.10.83.41 - - [03/Nov/2013:08:23:00 +0100] "GET /node/10?lang=en HTTP/1.1" 200 6548 "-" "Mozilla/5.0 (compatible; AhrefsBot/5.0; +http://ahrefs.com/robot/)"
74.91.23.2 - - [03/Nov/2013:08:29:43 +0100] "GET /node/3 HTTP/1.1" 200 6679 "http://www.hurence.com/" "Mozilla/5.0 (iPad; CPU OS 6_1_3 like Mac OS X) AppleWebKit/536.26 (KHTML, like Gecko) Version/6.0 Mobile/10B329 Safari/8536.25"
130.185.156.250 - - [03/Nov/2013:08:29:45 +0100] "GET /?q=node/add HTTP/1.0" 403 4783 "http://www.hurence.com/" "Mozilla/5.0 (iPad; CPU OS 6_1_3 like Mac OS X) AppleWebKit/536.26 (KHTML, like Gecko) Version/6.0 Mobile/10B329 Safari/8536.25"
130.185.156.250 - - [03/Nov/2013:08:29:47 +0100] "GET /?q=user/register HTTP/1.0" 200 5331 "http://www.hurence.com/?q=node/add" "Mozilla/5.0 (iPad; CPU OS 6_1_3 like Mac OS X) AppleWebKit/536.26 (KHTML, like Gecko) Version/6.0 Mobile/10B329 Safari/8536.25"
130.185.156.250 - - [03/Nov/2013:08:29:50 +0100] "POST /?q=user/register HTTP/1.0" 302 678 "http://www.hurence.com/?q=user/register" "Mozilla/5.0 (iPad; CPU OS 6_1_3 like Mac OS X) AppleWebKit/536.26 (KHTML, like Gecko) Version/6.0 Mobile/10B329 Safari/8536.25"
130.185.156.250 - - [03/Nov/2013:08:29:51 +0100] "GET / HTTP/1.0" 200 6715 "http://www.hurence.com/?q=user/register" "Mozilla/5.0 (iPad; CPU OS 6_1_3 like Mac OS X) AppleWebKit/536.26 (KHTML, like Gecko) Version/6.0 Mobile/10B329 Safari/8536.25"
130.185.156.250 - - [03/Nov/2013:08:30:00 +0100] "GET /?q=user HTTP/1.0" 200 5090 "http://www.hurence.com/" "Mozilla/5.0 (iPad; CPU OS 6_1_3 like Mac OS X) AppleWebKit/536.26 (KHTML, like Gecko) Version/6.0 Mobile/10B329 Safari/8536.25"
130.185.156.250 - - [03/Nov/2013:08:30:01 +0100] "POST /?q=user HTTP/1.0" 200 5180 "http://www.hurence.com/?q=user" "Mozilla/5.0 (iPad; CPU OS 6_1_3 like Mac OS X) AppleWebKit/536.26 (KHTML, like Gecko) Version/6.0 Mobile/10B329 Safari/8536.25"
5.63.145.68 - - [03/Nov/2013:08:33:11 +0100] "HEAD / HTTP/1.1" 200 468 "-" "checks.panopta.com"
5.10.83.41 - - [03/Nov/2013:08:36:27 +0100] "GET /taxonomy/term/1?lang=fr HTTP/1.1" 200 5147 "-" "Mozilla/5.0 (compatible; AhrefsBot/5.0; +http://ahrefs.com/robot/)"
157.55.33.33 - - [03/Nov/2013:08:39:44 +0100] "GET /robots.txt HTTP/1.1" 200 1850 "-" "Mozilla/5.0 (compatible; bingbot/2.0; +http://www.bing.com/bingbot.htm)"
209.85.238.70 - - [03/Nov/2013:08:40:31 +0100] "GET /rss.xml HTTP/1.1" 200 2983 "-" "Feedfetcher-Google; (+http://www.google.com/feedfetcher.html; 3 subscribers; feed-id=7225077890218036057)"
5.10.83.41 - - [03/Nov/2013:08:42:37 +0100] "GET /node/15?lang=en HTTP/1.1" 200 6222 "-" "Mozilla/5.0 (compatible; AhrefsBot/5.0; +http://ahrefs.com/robot/)"
220.181.108.108 - - [03/Nov/2013:08:43:15 +0100] "GET / HTTP/1.1" 200 16060 "-" "Mozilla/5.0 (compatible; Baiduspider/2.0; +http://www.baidu.com/search/spider.html)"
157.55.33.33 - - [03/Nov/2013:08:43:19 +0100] "GET / HTTP/1.1" 200 6357 "-" "Mozilla/5.0 (compatible; bingbot/2.0; +http://www.bing.com/bingbot.htm)"
208.115.113.87 - - [03/Nov/2013:08:43:49 +0100] "GET /node/109?lang=fr HTTP/1.1" 200 31998 "-" "Mozilla/5.0 (compatible; Ezooms/1.0; ezooms.bot@gmail.com)"
5.10.83.41 - - [03/Nov/2013:08:50:12 +0100] "GET /rss.xml HTTP/1.1" 200 2926 "-" "Mozilla/5.0 (compatible; AhrefsBot/5.0; +http://ahrefs.com/robot/)"
5.63.145.68 - - [03/Nov/2013:08:50:45 +0100] "HEAD / HTTP/1.1" 200 468 "-" "checks.panopta.com"
5.10.83.41 - - [03/Nov/2013:08:53:22 +0100] "GET /node/109?lang=fr HTTP/1.1" 200 7058 "-" "Mozilla/5.0 (compatible; AhrefsBot/5.0; +http://ahrefs.com/robot/)"
5.10.83.41 - - [03/Nov/2013:08:53:50 +0100] "GET /taxonomy/term/1/feed HTTP/1.1" 200 637 "-" "Mozilla/5.0 (compatible; AhrefsBot/5.0; +http://ahrefs.com/robot/)"
193.252.118.167 - - [03/Nov/2013:08:55:57 +0100] "GET /node/129 HTTP/1.1" 200 5423 "-" "Mozilla/5.0 (Windows; U; Windows NT 5.1; fr; rv:1.8.1) VoilaBot BETA 1.2 (support.voilabot@orange-ftgroup.com)"
220.255.2.178 - - [03/Nov/2013:08:57:17 +0100] "GET /node/67 HTTP/1.1" 200 6749 "http://www.google.com.sg/url?sa=t&rct=j&q=&esrc=s&frm=1&source=web&cd=2&ved=0CDwQFjAB&url=http%3A%2F%2Fwww.hurence.com%2Fnode%2F67&ei=1gF2Uqb1EIWCrgf95oD4Bg&usg=AFQjCNGhmB-mXgBggQvEM6eSk2EYyf5PWA&bvm=bv.55819444,d.bmk" "Mozilla/4.0 (compatible; MSIE 7.0; Windows NT 6.2; WOW64; Trident/6.0; .NET4.0E; .NET4.0C; InfoPath.3; McAfee; .NET CLR 3.5.30729; .NET CLR 2.0.50727; .NET CLR 3.0.30729)"
220.255.2.23 - - [03/Nov/2013:08:57:19 +0100] "GET /modules/system/system.base.css?ls5cse HTTP/1.1" 200 2194 "http://www.hurence.com/node/67" "Mozilla/4.0 (compatible; MSIE 7.0; Windows NT 6.2; WOW64; Trident/6.0; .NET4.0E; .NET4.0C; InfoPath.3; McAfee; .NET CLR 3.5.30729; .NET CLR 2.0.50727; .NET CLR 3.0.30729)"
220.255.2.56 - - [03/Nov/2013:08:57:20 +0100] "GET /modules/system/system.messages.css?ls5cse HTTP/1.1" 200 722 "http://www.hurence.com/node/67" "Mozilla/4.0 (compatible; MSIE 7.0; Windows NT 6.2; WOW64; Trident/6.0; .NET4.0E; .NET4.0C; InfoPath.3; McAfee; .NET CLR 3.5.30729; .NET CLR 2.0.50727; .NET CLR 3.0.30729)"
220.255.2.48 - - [03/Nov/2013:08:57:20 +0100] "GET /modules/system/system.menus.css?ls5cse HTTP/1.1" 200 1001 "http://www.hurence.com/node/67" "Mozilla/4.0 (compatible; MSIE 7.0; Windows NT 6.2; WOW64; Trident/6.0; .NET4.0E; .NET4.0C; InfoPath.3; McAfee; .NET CLR 3.5.30729; .NET CLR 2.0.50727; .NET CLR 3.0.30729)"
220.255.2.87 - - [03/Nov/2013:08:57:20 +0100] "GET /modules/comment/comment.css?ls5cse HTTP/1.1" 200 481 "http://www.hurence.com/node/67" "Mozilla/4.0 (compatible; MSIE 7.0; Windows NT 6.2; WOW64; Trident/6.0; .NET4.0E; .NET4.0C; InfoPath.3; McAfee; .NET CLR 3.5.30729; .NET CLR 2.0.50727; .NET CLR 3.0.30729)"
220.255.2.23 - - [03/Nov/2013:08:57:20 +0100] "GET /modules/system/system.theme.css?ls5cse HTTP/1.1" 200 1560 "http://www.hurence.com/node/67" "Mozilla/4.0 (compatible; MSIE 7.0; Windows NT 6.2; WOW64; Trident/6.0; .NET4.0E; .NET4.0C; InfoPath.3; McAfee; .NET CLR 3.5.30729; .NET CLR 2.0.50727; .NET CLR 3.0.30729)"
220.255.2.35 - - [03/Nov/2013:08:57:20 +0100] "GET /modules/field/theme/field.css?ls5cse HTTP/1.1" 200 575 "http://www.hurence.com/node/67" "Mozilla/4.0 (compatible; MSIE 7.0; Windows NT 6.2; WOW64; Trident/6.0; .NET4.0E; .NET4.0C; InfoPath.3; McAfee; .NET CLR 3.5.30729; .NET CLR 2.0.50727; .NET CLR 3.0.30729)"
220.255.2.59 - - [03/Nov/2013:08:57:20 +0100] "GET /modules/node/node.css?ls5cse HTTP/1.1" 200 448 "http://www.hurence.com/node/67" "Mozilla/4.0 (compatible; MSIE 7.0; Windows NT 6.2; WOW64; Trident/6.0; .NET4.0E; .NET4.0C; InfoPath.3; McAfee; .NET CLR 3.5.30729; .NET CLR 2.0.50727; .NET CLR 3.0.30729)"
220.255.2.56 - - [03/Nov/2013:08:57:20 +0100] "GET /modules/search/search.css?ls5cse HTTP/1.1" 200 571 "http://www.hurence.com/node/67" "Mozilla/4.0 (compatible; MSIE 7.0; Windows NT 6.2; WOW64; Trident/6.0; .NET4.0E; .NET4.0C; InfoPath.3; McAfee; .NET CLR 3.5.30729; .NET CLR 2.0.50727; .NET CLR 3.0.30729)"
220.255.2.48 - - [03/Nov/2013:08:57:20 +0100] "GET /modules/user/user.css?ls5cse HTTP/1.1" 200 1036 "http://www.hurence.com/node/67" "Mozilla/4.0 (compatible; MSIE 7.0; Windows NT 6.2; WOW64; Trident/6.0; .NET4.0E; .NET4.0C; InfoPath.3; McAfee; .NET CLR 3.5.30729; .NET CLR 2.0.50727; .NET CLR 3.0.30729)"
220.255.2.87 - - [03/Nov/2013:08:57:20 +0100] "GET /sites/all/modules/views/css/views.css?ls5cse HTTP/1.1" 200 648 "http://www.hurence.com/node/67" "Mozilla/4.0 (compatible; MSIE 7.0; Windows NT 6.2; WOW64; Trident/6.0; .NET4.0E; .NET4.0C; InfoPath.3; McAfee; .NET CLR 3.5.30729; .NET CLR 2.0.50727; .NET CLR 3.0.30729)"
220.255.2.23 - - [03/Nov/2013:08:57:20 +0100] "GET /sites/all/modules/ctools/css/ctools.css?ls5cse HTTP/1.1" 200 591 "http://www.hurence.com/node/67" "Mozilla/4.0 (compatible; MSIE 7.0; Windows NT 6.2; WOW64; Trident/6.0; .NET4.0E; .NET4.0C; InfoPath.3; McAfee; .NET CLR 3.5.30729; .NET CLR 2.0.50727; .NET CLR 3.0.30729)"
220.255.2.35 - - [03/Nov/2013:08:57:20 +0100] "GET /sites/all/modules/featured_content/featured_content.css?ls5cse HTTP/1.1" 200 478 "http://www.hurence.com/node/67" "Mozilla/4.0 (compatible; MSIE 7.0; Windows NT 6.2; WOW64; Trident/6.0; .NET4.0E; .NET4.0C; InfoPath.3; McAfee; .NET CLR 3.5.30729; .NET CLR 2.0.50727; .NET CLR 3.0.30729)"
220.255.2.59 - - [03/Nov/2013:08:57:20 +0100] "GET /sites/all/modules/megamenu/megamenu.css?ls5cse HTTP/1.1" 200 1618 "http://www.hurence.com/node/67" "Mozilla/4.0 (compatible; MSIE 7.0; Windows NT 6.2; WOW64; Trident/6.0; .NET4.0E; .NET4.0C; InfoPath.3; McAfee; .NET CLR 3.5.30729; .NET CLR 2.0.50727; .NET CLR 3.0.30729)"
220.255.2.56 - - [03/Nov/2013:08:57:20 +0100] "GET /sites/all/modules/megamenu/megamenu-skins.css?ls5cse HTTP/1.1" 200 356 "http://www.hurence.com/node/67" "Mozilla/4.0 (compatible; MSIE 7.0; Windows NT 6.2; WOW64; Trident/6.0; .NET4.0E; .NET4.0C; InfoPath.3; McAfee; .NET CLR 3.5.30729; .NET CLR 2.0.50727; .NET CLR 3.0.30729)"
220.255.2.48 - - [03/Nov/2013:08:57:20 +0100] "GET /sites/all/modules/simplenews/simplenews.css?ls5cse HTTP/1.1" 200 574 "http://www.hurence.com/node/67" "Mozilla/4.0 (compatible; MSIE 7.0; Windows NT 6.2; WOW64; Trident/6.0; .NET4.0E; .NET4.0C; InfoPath.3; McAfee; .NET CLR 3.5.30729; .NET CLR 2.0.50727; .NET CLR 3.0.30729)"
220.255.2.23 - - [03/Nov/2013:08:57:20 +0100] "GET /modules/locale/locale.css?ls5cse HTTP/1.1" 200 751 "http://www.hurence.com/node/67" "Mozilla/4.0 (compatible; MSIE 7.0; Windows NT 6.2; WOW64; Trident/6.0; .NET4.0E; .NET4.0C; InfoPath.3; McAfee; .NET CLR 3.5.30729; .NET CLR 2.0.50727; .NET CLR 3.0.30729)"
220.255.2.87 - - [03/Nov/2013:08:57:20 +0100] "GET /sites/all/themes/hurence/css/html-reset.css?ls5cse HTTP/1.1" 200 3350 "http://www.hurence.com/node/67" "Mozilla/4.0 (compatible; MSIE 7.0; Windows NT 6.2; WOW64; Trident/6.0; .NET4.0E; .NET4.0C; InfoPath.3; McAfee; .NET CLR 3.5.30729; .NET CLR 2.0.50727; .NET CLR 3.0.30729)"
220.255.2.35 - - [03/Nov/2013:08:57:20 +0100] "GET /sites/all/themes/hurence/css/wireframes.css?ls5cse HTTP/1.1" 200 532 "http://www.hurence.com/node/67" "Mozilla/4.0 (compatible; MSIE 7.0; Windows NT 6.2; WOW64; Trident/6.0; .NET4.0E; .NET4.0C; InfoPath.3; McAfee; .NET CLR 3.5.30729; .NET CLR 2.0.50727; .NET CLR 3.0.30729)"
220.255.2.59 - - [03/Nov/2013:08:57:21 +0100] "GET /sites/all/themes/hurence/css/layout-fixed.css?ls5cse HTTP/1.1" 200 1924 "http://www.hurence.com/node/67" "Mozilla/4.0 (compatible; MSIE 7.0; Windows NT 6.2; WOW64; Trident/6.0; .NET4.0E; .NET4.0C; InfoPath.3; McAfee; .NET CLR 3.5.30729; .NET CLR 2.0.50727; .NET CLR 3.0.30729)"
220.255.2.56 - - [03/Nov/2013:08:57:21 +0100] "GET /sites/all/themes/hurence/css/page-backgrounds.css?ls5cse HTTP/1.1" 200 721 "http://www.hurence.com/node/67" "Mozilla/4.0 (compatible; MSIE 7.0; Windows NT 6.2; WOW64; Trident/6.0; .NET4.0E; .NET4.0C; InfoPath.3; McAfee; .NET CLR 3.5.30729; .NET CLR 2.0.50727; .NET CLR 3.0.30729)"
220.255.2.48 - - [03/Nov/2013:08:57:21 +0100] "GET /sites/all/themes/hurence/css/tabs.css?ls5cse HTTP/1.1" 200 1058 "http://www.hurence.com/node/67" "Mozilla/4.0 (compatible; MSIE 7.0; Windows NT 6.2; WOW64; Trident/6.0; .NET4.0E; .NET4.0C; InfoPath.3; McAfee; .NET CLR 3.5.30729; .NET CLR 2.0.50727; .NET CLR 3.0.30729)"
220.255.2.23 - - [03/Nov/2013:08:57:21 +0100] "GET /sites/all/themes/hurence/css/pages.css?ls5cse HTTP/1.1" 200 2219 "http://www.hurence.com/node/67" "Mozilla/4.0 (compatible; MSIE 7.0; Windows NT 6.2; WOW64; Trident/6.0; .NET4.0E; .NET4.0C; InfoPath.3; McAfee; .NET CLR 3.5.30729; .NET CLR 2.0.50727; .NET CLR 3.0.30729)"
220.255.2.35 - - [03/Nov/2013:08:57:21 +0100] "GET /sites/all/themes/hurence/css/blocks.css?ls5cse HTTP/1.1" 200 1869 "http://www.hurence.com/node/67" "Mozilla/4.0 (compatible; MSIE 7.0; Windows NT 6.2; WOW64; Trident/6.0; .NET4.0E; .NET4.0C; InfoPath.3; McAfee; .NET CLR 3.5.30729; .NET CLR 2.0.50727; .NET CLR 3.0.30729)"
220.255.2.87 - - [03/Nov/2013:08:57:21 +0100] "GET /sites/all/themes/hurence/css/navigation.css?ls5cse HTTP/1.1" 200 806 "http://www.hurence.com/node/67" "Mozilla/4.0 (compatible; MSIE 7.0; Windows NT 6.2; WOW64; Trident/6.0; .NET4.0E; .NET4.0C; InfoPath.3; McAfee; .NET CLR 3.5.30729; .NET CLR 2.0.50727; .NET CLR 3.0.30729)"
220.255.2.59 - - [03/Nov/2013:08:57:21 +0100] "GET /sites/all/themes/hurence/css/views-styles.css?ls5cse HTTP/1.1" 200 389 "http://www.hurence.com/node/67" "Mozilla/4.0 (compatible; MSIE 7.0; Windows NT 6.2; WOW64; Trident/6.0; .NET4.0E; .NET4.0C; InfoPath.3; McAfee; .NET CLR 3.5.30729; .NET CLR 2.0.50727; .NET CLR 3.0.30729)"
220.255.2.56 - - [03/Nov/2013:08:57:21 +0100] "GET /sites/all/themes/hurence/css/nodes.css?ls5cse HTTP/1.1" 200 1115 "http://www.hurence.com/node/67" "Mozilla/4.0 (compatible; MSIE 7.0; Windows NT 6.2; WOW64; Trident/6.0; .NET4.0E; .NET4.0C; InfoPath.3; McAfee; .NET CLR 3.5.30729; .NET CLR 2.0.50727; .NET CLR 3.0.30729)"
220.255.2.48 - - [03/Nov/2013:08:57:21 +0100] "GET /sites/all/themes/hurence/css/comments.css?ls5cse HTTP/1.1" 200 1019 "http://www.hurence.com/node/67" "Mozilla/4.0 (compatible; MSIE 7.0; Windows NT 6.2; WOW64; Trident/6.0; .NET4.0E; .NET4.0C; InfoPath.3; McAfee; .NET CLR 3.5.30729; .NET CLR 2.0.50727; .NET CLR 3.0.30729)"
220.255.2.23 - - [03/Nov/2013:08:57:21 +0100] "GET /sites/all/themes/hurence/css/forms.css?ls5cse HTTP/1.1" 200 1397 "http://www.hurence.com/node/67" "Mozilla/4.0 (compatible; MSIE 7.0; Windows NT 6.2; WOW64; Trident/6.0; .NET4.0E; .NET4.0C; InfoPath.3; McAfee; .NET CLR 3.5.30729; .NET CLR 2.0.50727; .NET CLR 3.0.30729)"
220.255.2.87 - - [03/Nov/2013:08:57:21 +0100] "GET /sites/all/themes/hurence/css/fields.css?ls5cse HTTP/1.1" 200 700 "http://www.hurence.com/node/67" "Mozilla/4.0 (compatible; MSIE 7.0; Windows NT 6.2; WOW64; Trident/6.0; .NET4.0E; .NET4.0C; InfoPath.3; McAfee; .NET CLR 3.5.30729; .NET CLR 2.0.50727; .NET CLR 3.0.30729)"
220.255.2.35 - - [03/Nov/2013:08:57:21 +0100] "GET /sites/all/themes/hurence/css/print.css?ls5cse HTTP/1.1" 200 979 "http://www.hurence.com/node/67" "Mozilla/4.0 (compatible; MSIE 7.0; Windows NT 6.2; WOW64; Trident/6.0; .NET4.0E; .NET4.0C; InfoPath.3; McAfee; .NET CLR 3.5.30729; .NET CLR 2.0.50727; .NET CLR 3.0.30729)"
220.255.2.59 - - [03/Nov/2013:08:57:21 +0100] "GET /sites/all/themes/hurence/css/hurence.css?ls5cse HTTP/1.1" 200 688 "http://www.hurence.com/node/67" "Mozilla/4.0 (compatible; MSIE 7.0; Windows NT 6.2; WOW64; Trident/6.0; .NET4.0E; .NET4.0C; InfoPath.3; McAfee; .NET CLR 3.5.30729; .NET CLR 2.0.50727; .NET CLR 3.0.30729)"
220.255.2.56 - - [03/Nov/2013:08:57:21 +0100] "GET /sites/all/themes/hurence/css/ie7.css?ls5cse HTTP/1.1" 200 766 "http://www.hurence.com/node/67" "Mozilla/4.0 (compatible; MSIE 7.0; Windows NT 6.2; WOW64; Trident/6.0; .NET4.0E; .NET4.0C; InfoPath.3; McAfee; .NET CLR 3.5.30729; .NET CLR 2.0.50727; .NET CLR 3.0.30729)"
220.255.2.48 - - [03/Nov/2013:08:57:21 +0100] "GET /misc/jquery.js?v=1.4.4 HTTP/1.1" 200 27431 "http://www.hurence.com/node/67" "Mozilla/4.0 (compatible; MSIE 7.0; Windows NT 6.2; WOW64; Trident/6.0; .NET4.0E; .NET4.0C; InfoPath.3; McAfee; .NET CLR 3.5.30729; .NET CLR 2.0.50727; .NET CLR 3.0.30729)"
220.255.2.23 - - [03/Nov/2013:08:57:21 +0100] "GET /misc/jquery.once.js?v=1.2 HTTP/1.1" 200 1420 "http://www.hurence.com/node/67" "Mozilla/4.0 (compatible; MSIE 7.0; Windows NT 6.2; WOW64; Trident/6.0; .NET4.0E; .NET4.0C; InfoPath.3; McAfee; .NET CLR 3.5.30729; .NET CLR 2.0.50727; .NET CLR 3.0.30729)"
220.255.2.87 - - [03/Nov/2013:08:57:21 +0100] "GET /misc/drupal.js?ls5cse HTTP/1.1" 200 4882 "http://www.hurence.com/node/67" "Mozilla/4.0 (compatible; MSIE 7.0; Windows NT 6.2; WOW64; Trident/6.0; .NET4.0E; .NET4.0C; InfoPath.3; McAfee; .NET CLR 3.5.30729; .NET CLR 2.0.50727; .NET CLR 3.0.30729)"
220.255.2.35 - - [03/Nov/2013:08:57:21 +0100] "GET /sites/all/modules/featured_content/featured_content.js?ls5cse HTTP/1.1" 200 1074 "http://www.hurence.com/node/67" "Mozilla/4.0 (compatible; MSIE 7.0; Windows NT 6.2; WOW64; Trident/6.0; .NET4.0E; .NET4.0C; InfoPath.3; McAfee; .NET CLR 3.5.30729; .NET CLR 2.0.50727; .NET CLR 3.0.30729)"
220.255.2.59 - - [03/Nov/2013:08:57:22 +0100] "GET /sites/all/modules/megamenu/megamenu.js?ls5cse HTTP/1.1" 200 1758 "http://www.hurence.com/node/67" "Mozilla/4.0 (compatible; MSIE 7.0; Windows NT 6.2; WOW64; Trident/6.0; .NET4.0E; .NET4.0C; InfoPath.3; McAfee; .NET CLR 3.5.30729; .NET CLR 2.0.50727; .NET CLR 3.0.30729)"
220.255.2.56 - - [03/Nov/2013:08:57:22 +0100] "GET /sites/all/themes/hurence/js/hurence.js?ls5cse HTTP/1.1" 200 806 "http://www.hurence.com/node/67" "Mozilla/4.0 (compatible; MSIE 7.0; Windows NT 6.2; WOW64; Trident/6.0; .NET4.0E; .NET4.0C; InfoPath.3; McAfee; .NET CLR 3.5.30729; .NET CLR 2.0.50727; .NET CLR 3.0.30729)"
220.255.2.23 - - [03/Nov/2013:08:57:22 +0100] "GET /sites/all/modules/views/js/jquery.ui.dialog.patch.js?ls5cse HTTP/1.1" 200 914 "http://www.hurence.com/node/67" "Mozilla/4.0 (compatible; MSIE 7.0; Windows NT 6.2; WOW64; Trident/6.0; .NET4.0E; .NET4.0C; InfoPath.3; McAfee; .NET CLR 3.5.30729; .NET CLR 2.0.50727; .NET CLR 3.0.30729)"
220.255.2.35 - - [03/Nov/2013:08:57:22 +0100] "GET /sites/all/themes/hurence/css/megamenu-hurence.css?ls5cse HTTP/1.1" 200 1725 "http://www.hurence.com/node/67" "Mozilla/4.0 (compatible; MSIE 7.0; Windows NT 6.2; WOW64; Trident/6.0; .NET4.0E; .NET4.0C; InfoPath.3; McAfee; .NET CLR 3.5.30729; .NET CLR 2.0.50727; .NET CLR 3.0.30729)"
220.255.2.48 - - [03/Nov/2013:08:57:23 +0100] "GET /misc/feed.png HTTP/1.1" 200 949 "http://www.hurence.com/node/67" "Mozilla/4.0 (compatible; MSIE 7.0; Windows NT 6.2; WOW64; Trident/6.0; .NET4.0E; .NET4.0C; InfoPath.3; McAfee; .NET CLR 3.5.30729; .NET CLR 2.0.50727; .NET CLR 3.0.30729)"
220.255.2.23 - - [03/Nov/2013:08:57:23 +0100] "GET /misc/menu-expanded.png HTTP/1.1" 200 398 "http://www.hurence.com/node/67" "Mozilla/4.0 (compatible; MSIE 7.0; Windows NT 6.2; WOW64; Trident/6.0; .NET4.0E; .NET4.0C; InfoPath.3; McAfee; .NET CLR 3.5.30729; .NET CLR 2.0.50727; .NET CLR 3.0.30729)"
220.255.2.35 - - [03/Nov/2013:08:57:23 +0100] "GET /misc/menu-collapsed.png HTTP/1.1" 200 397 "http://www.hurence.com/node/67" "Mozilla/4.0 (compatible; MSIE 7.0; Windows NT 6.2; WOW64; Trident/6.0; .NET4.0E; .NET4.0C; InfoPath.3; McAfee; .NET CLR 3.5.30729; .NET CLR 2.0.50727; .NET CLR 3.0.30729)"
220.255.1.200 - - [03/Nov/2013:08:57:23 +0100] "GET /sites/all/themes/hurence/logo.png HTTP/1.1" 200 5066 "http://www.hurence.com/node/67" "Mozilla/4.0 (compatible; MSIE 7.0; Windows NT 6.2; WOW64; Trident/6.0; .NET4.0E; .NET4.0C; InfoPath.3; McAfee; .NET CLR 3.5.30729; .NET CLR 2.0.50727; .NET CLR 3.0.30729)"
220.255.1.250 - - [03/Nov/2013:08:57:23 +0100] "GET /sites/default/files/styles/white_paper_logo/public/hadoop-logo.jpg HTTP/1.1" 200 2437 "http://www.hurence.com/node/67" "Mozilla/4.0 (compatible; MSIE 7.0; Windows NT 6.2; WOW64; Trident/6.0; .NET4.0E; .NET4.0C; InfoPath.3; McAfee; .NET CLR 3.5.30729; .NET CLR 2.0.50727; .NET CLR 3.0.30729)"
220.255.2.48 - - [03/Nov/2013:08:57:23 +0100] "GET /misc/menu-leaf.png HTTP/1.1" 200 418 "http://www.hurence.com/node/67" "Mozilla/4.0 (compatible; MSIE 7.0; Windows NT 6.2; WOW64; Trident/6.0; .NET4.0E; .NET4.0C; InfoPath.3; McAfee; .NET CLR 3.5.30729; .NET CLR 2.0.50727; .NET CLR 3.0.30729)"
220.255.2.23 - - [03/Nov/2013:08:57:23 +0100] "GET /sites/all/themes/hurence/images/bg_header-inner.jpg HTTP/1.1" 200 8925 "http://www.hurence.com/node/67" "Mozilla/4.0 (compatible; MSIE 7.0; Windows NT 6.2; WOW64; Trident/6.0; .NET4.0E; .NET4.0C; InfoPath.3; McAfee; .NET CLR 3.5.30729; .NET CLR 2.0.50727; .NET CLR 3.0.30729)"
220.255.2.59 - - [03/Nov/2013:08:57:23 +0100] "GET /sites/default/files/en.jpg HTTP/1.1" 200 3136 "http://www.hurence.com/node/67" "Mozilla/4.0 (compatible; MSIE 7.0; Windows NT 6.2; WOW64; Trident/6.0; .NET4.0E; .NET4.0C; InfoPath.3; McAfee; .NET CLR 3.5.30729; .NET CLR 2.0.50727; .NET CLR 3.0.30729)"
220.255.2.48 - - [03/Nov/2013:08:57:23 +0100] "GET /sites/default/files/fr.jpg HTTP/1.1" 200 3176 "http://www.hurence.com/node/67" "Mozilla/4.0 (compatible; MSIE 7.0; Windows NT 6.2; WOW64; Trident/6.0; .NET4.0E; .NET4.0C; InfoPath.3; McAfee; .NET CLR 3.5.30729; .NET CLR 2.0.50727; .NET CLR 3.0.30729)"
220.255.1.178 - - [03/Nov/2013:08:57:23 +0100] "GET /modules/file/icons/application-pdf.png HTTP/1.1" 200 640 "http://www.hurence.com/node/67" "Mozilla/4.0 (compatible; MSIE 7.0; Windows NT 6.2; WOW64; Trident/6.0; .NET4.0E; .NET4.0C; InfoPath.3; McAfee; .NET CLR 3.5.30729; .NET CLR 2.0.50727; .NET CLR 3.0.30729)"
220.255.2.87 - - [03/Nov/2013:08:57:23 +0100] "GET /sites/default/files/mail.png HTTP/1.1" 200 4030 "http://www.hurence.com/node/67" "Mozilla/4.0 (compatible; MSIE 7.0; Windows NT 6.2; WOW64; Trident/6.0; .NET4.0E; .NET4.0C; InfoPath.3; McAfee; .NET CLR 3.5.30729; .NET CLR 2.0.50727; .NET CLR 3.0.30729)"
220.255.2.48 - - [03/Nov/2013:08:57:24 +0100] "GET /sites/default/files/Twitter-24x24.png HTTP/1.1" 200 1869 "http://www.hurence.com/node/67" "Mozilla/4.0 (compatible; MSIE 7.0; Windows NT 6.2; WOW64; Trident/6.0; .NET4.0E; .NET4.0C; InfoPath.3; McAfee; .NET CLR 3.5.30729; .NET CLR 2.0.50727; .NET CLR 3.0.30729)"
220.255.2.56 - - [03/Nov/2013:08:57:24 +0100] "GET /sites/default/files/Facebook-24x24.png HTTP/1.1" 200 1725 "http://www.hurence.com/node/67" "Mozilla/4.0 (compatible; MSIE 7.0; Windows NT 6.2; WOW64; Trident/6.0; .NET4.0E; .NET4.0C; InfoPath.3; McAfee; .NET CLR 3.5.30729; .NET CLR 2.0.50727; .NET CLR 3.0.30729)"
220.255.1.178 - - [03/Nov/2013:08:57:24 +0100] "GET /sites/all/themes/hurence/images/bg_header.gif HTTP/1.1" 200 560 "http://www.hurence.com/node/67" "Mozilla/4.0 (compatible; MSIE 7.0; Windows NT 6.2; WOW64; Trident/6.0; .NET4.0E; .NET4.0C; InfoPath.3; McAfee; .NET CLR 3.5.30729; .NET CLR 2.0.50727; .NET CLR 3.0.30729)"
220.255.1.178 - - [03/Nov/2013:08:57:25 +0100] "GET /sites/default/files/favicon.png HTTP/1.1" 200 3881 "-" "Mozilla/4.0 (compatible; MSIE 7.0; Windows NT 6.2; Win64; x64; Trident/6.0; .NET4.0E; .NET4.0C; InfoPath.3; McAfee; .NET CLR 3.5.30729; .NET CLR 3.0.30729; .NET CLR 2.0.50727)"
127.0.0.1 - - [03/Nov/2013:08:57:38 +0100] "OPTIONS * HTTP/1.0" 200 152 "-" "Apache/2.2.17 (Ubuntu) (internal dummy connection)"
127.0.0.1 - - [03/Nov/2013:08:57:39 +0100] "OPTIONS * HTTP/1.0" 200 152 "-" "Apache/2.2.17 (Ubuntu) (internal dummy connection)"
127.0.0.1 - - [03/Nov/2013:08:57:40 +0100] "OPTIONS * HTTP/1.0" 200 152 "-" "Apache/2.2.17 (Ubuntu) (internal dummy connection)"
127.0.0.1 - - [03/Nov/2013:08:57:41 +0100] "OPTIONS * HTTP/1.0" 200 152 "-" "Apache/2.2.17 (Ubuntu) (internal dummy connection)"
127.0.0.1 - - [03/Nov/2013:08:57:42 +0100] "OPTIONS * HTTP/1.0" 200 152 "-" "Apache/2.2.17 (Ubuntu) (internal dummy connection)"
127.0.0.1 - - [03/Nov/2013:08:57:43 +0100] "OPTIONS * HTTP/1.0" 200 152 "-" "Apache/2.2.17 (Ubuntu) (internal dummy connection)"
127.0.0.1 - - [03/Nov/2013:08:57:44 +0100] "OPTIONS * HTTP/1.0" 200 152 "-" "Apache/2.2.17 (Ubuntu) (internal dummy connection)"
127.0.0.1 - - [03/Nov/2013:08:57:45 +0100] "OPTIONS * HTTP/1.0" 200 152 "-" "Apache/2.2.17 (Ubuntu) (internal dummy connection)"
127.0.0.1 - - [03/Nov/2013:08:57:46 +0100] "OPTIONS * HTTP/1.0" 200 152 "-" "Apache/2.2.17 (Ubuntu) (internal dummy connection)"
127.0.0.1 - - [03/Nov/2013:08:57:47 +0100] "OPTIONS * HTTP/1.0" 200 152 "-" "Apache/2.2.17 (Ubuntu) (internal dummy connection)"
127.0.0.1 - - [03/Nov/2013:08:57:48 +0100] "OPTIONS * HTTP/1.0" 200 152 "-" "Apache/2.2.17 (Ubuntu) (internal dummy connection)"
127.0.0.1 - - [03/Nov/2013:08:57:49 +0100] "OPTIONS * HTTP/1.0" 200 152 "-" "Apache/2.2.17 (Ubuntu) (internal dummy connection)"
220.255.2.29 - - [03/Nov/2013:08:57:53 +0100] "GET /node/67 HTTP/1.1" 200 6748 "http://www.hurence.com/node/67" "Mozilla/4.0 (compatible; MSIE 7.0; Windows NT 6.2; WOW64; Trident/6.0; .NET4.0E; .NET4.0C; InfoPath.3; McAfee; .NET CLR 3.5.30729; .NET CLR 2.0.50727; .NET CLR 3.0.30729)"
220.255.2.79 - - [03/Nov/2013:08:57:54 +0100] "GET /node/67 HTTP/1.1" 200 6745 "http://www.hurence.com/node/67" "Mozilla/4.0 (compatible; MSIE 7.0; Windows NT 6.2; WOW64; Trident/6.0; .NET4.0E; .NET4.0C; InfoPath.3; McAfee; .NET CLR 3.5.30729; .NET CLR 2.0.50727; .NET CLR 3.0.30729)"
220.255.2.28 - - [03/Nov/2013:09:04:09 +0100] "GET /node/67 HTTP/1.1" 200 6747 "http://www.google.com.sg/url?sa=t&rct=j&q=&esrc=s&frm=1&source=web&cd=2&ved=0CDwQFjAB&url=http%3A%2F%2Fwww.hurence.com%2Fnode%2F67&ei=1gF2Uqb1EIWCrgf95oD4Bg&usg=AFQjCNGhmB-mXgBggQvEM6eSk2EYyf5PWA" "Mozilla/4.0 (compatible; MSIE 7.0; Windows NT 6.2; WOW64; Trident/6.0; .NET4.0E; .NET4.0C; InfoPath.3; McAfee; .NET CLR 3.5.30729; .NET CLR 2.0.50727; .NET CLR 3.0.30729)"
220.255.2.28 - - [03/Nov/2013:09:04:16 +0100] "GET /node/8 HTTP/1.1" 200 6691 "http://www.hurence.com/node/67" "Mozilla/4.0 (compatible; MSIE 7.0; Windows NT 6.2; WOW64; Trident/6.0; .NET4.0E; .NET4.0C; InfoPath.3; McAfee; .NET CLR 3.5.30729; .NET CLR 2.0.50727; .NET CLR 3.0.30729)"
220.255.2.85 - - [03/Nov/2013:09:05:05 +0100] "GET / HTTP/1.1" 200 6361 "https://www.google.com.sg/" "Mozilla/5.0 (Windows NT 6.2; WOW64) AppleWebKit/537.36 (KHTML, like Gecko) Chrome/30.0.1599.101 Safari/537.36"
220.255.2.40 - - [03/Nov/2013:09:05:07 +0100] "GET /modules/system/system.base.css?ls5cse HTTP/1.1" 200 2194 "http://www.hurence.com/" "Mozilla/5.0 (Windows NT 6.2; WOW64) AppleWebKit/537.36 (KHTML, like Gecko) Chrome/30.0.1599.101 Safari/537.36"
220.255.2.85 - - [03/Nov/2013:09:05:07 +0100] "GET /modules/system/system.messages.css?ls5cse HTTP/1.1" 200 721 "http://www.hurence.com/" "Mozilla/5.0 (Windows NT 6.2; WOW64) AppleWebKit/537.36 (KHTML, like Gecko) Chrome/30.0.1599.101 Safari/537.36"
220.255.2.89 - - [03/Nov/2013:09:05:07 +0100] "GET /modules/system/system.theme.css?ls5cse HTTP/1.1" 200 1561 "http://www.hurence.com/" "Mozilla/5.0 (Windows NT 6.2; WOW64) AppleWebKit/537.36 (KHTML, like Gecko) Chrome/30.0.1599.101 Safari/537.36"
220.255.2.85 - - [03/Nov/2013:09:05:07 +0100] "GET /modules/system/system.menus.css?ls5cse HTTP/1.1" 200 1001 "http://www.hurence.com/" "Mozilla/5.0 (Windows NT 6.2; WOW64) AppleWebKit/537.36 (KHTML, like Gecko) Chrome/30.0.1599.101 Safari/537.36"
220.255.2.81 - - [03/Nov/2013:09:05:07 +0100] "GET /modules/comment/comment.css?ls5cse HTTP/1.1" 200 481 "http://www.hurence.com/" "Mozilla/5.0 (Windows NT 6.2; WOW64) AppleWebKit/537.36 (KHTML, like Gecko) Chrome/30.0.1599.101 Safari/537.36"
220.255.2.40 - - [03/Nov/2013:09:05:07 +0100] "GET /modules/field/theme/field.css?ls5cse HTTP/1.1" 200 574 "http://www.hurence.com/" "Mozilla/5.0 (Windows NT 6.2; WOW64) AppleWebKit/537.36 (KHTML, like Gecko) Chrome/30.0.1599.101 Safari/537.36"
220.255.2.85 - - [03/Nov/2013:09:05:07 +0100] "GET /modules/node/node.css?ls5cse HTTP/1.1" 200 447 "http://www.hurence.com/" "Mozilla/5.0 (Windows NT 6.2; WOW64) AppleWebKit/537.36 (KHTML, like Gecko) Chrome/30.0.1599.101 Safari/537.36"
220.255.2.89 - - [03/Nov/2013:09:05:08 +0100] "GET /modules/search/search.css?ls5cse HTTP/1.1" 200 571 "http://www.hurence.com/" "Mozilla/5.0 (Windows NT 6.2; WOW64) AppleWebKit/537.36 (KHTML, like Gecko) Chrome/30.0.1599.101 Safari/537.36"
220.255.2.81 - - [03/Nov/2013:09:05:08 +0100] "GET /modules/user/user.css?ls5cse HTTP/1.1" 200 1036 "http://www.hurence.com/" "Mozilla/5.0 (Windows NT 6.2; WOW64) AppleWebKit/537.36 (KHTML, like Gecko) Chrome/30.0.1599.101 Safari/537.36"
220.255.2.85 - - [03/Nov/2013:09:05:08 +0100] "GET /sites/all/modules/views/css/views.css?ls5cse HTTP/1.1" 200 648 "http://www.hurence.com/" "Mozilla/5.0 (Windows NT 6.2; WOW64) AppleWebKit/537.36 (KHTML, like Gecko) Chrome/30.0.1599.101 Safari/537.36"
220.255.2.40 - - [03/Nov/2013:09:05:08 +0100] "GET /sites/all/modules/ctools/css/ctools.css?ls5cse HTTP/1.1" 200 591 "http://www.hurence.com/" "Mozilla/5.0 (Windows NT 6.2; WOW64) AppleWebKit/537.36 (KHTML, like Gecko) Chrome/30.0.1599.101 Safari/537.36"
220.255.2.85 - - [03/Nov/2013:09:05:08 +0100] "GET /sites/all/modules/featured_content/featured_content.css?ls5cse HTTP/1.1" 200 478 "http://www.hurence.com/" "Mozilla/5.0 (Windows NT 6.2; WOW64) AppleWebKit/537.36 (KHTML, like Gecko) Chrome/30.0.1599.101 Safari/537.36"
220.255.2.89 - - [03/Nov/2013:09:05:08 +0100] "GET /sites/all/modules/megamenu/megamenu.css?ls5cse HTTP/1.1" 200 1618 "http://www.hurence.com/" "Mozilla/5.0 (Windows NT 6.2; WOW64) AppleWebKit/537.36 (KHTML, like Gecko) Chrome/30.0.1599.101 Safari/537.36"
220.255.2.81 - - [03/Nov/2013:09:05:08 +0100] "GET /sites/all/modules/megamenu/megamenu-skins.css?ls5cse HTTP/1.1" 200 356 "http://www.hurence.com/" "Mozilla/5.0 (Windows NT 6.2; WOW64) AppleWebKit/537.36 (KHTML, like Gecko) Chrome/30.0.1599.101 Safari/537.36"
220.255.2.85 - - [03/Nov/2013:09:05:08 +0100] "GET /sites/all/modules/simplenews/simplenews.css?ls5cse HTTP/1.1" 200 574 "http://www.hurence.com/" "Mozilla/5.0 (Windows NT 6.2; WOW64) AppleWebKit/537.36 (KHTML, like Gecko) Chrome/30.0.1599.101 Safari/537.36"
220.255.2.40 - - [03/Nov/2013:09:05:08 +0100] "GET /modules/locale/locale.css?ls5cse HTTP/1.1" 200 751 "http://www.hurence.com/" "Mozilla/5.0 (Windows NT 6.2; WOW64) AppleWebKit/537.36 (KHTML, like Gecko) Chrome/30.0.1599.101 Safari/537.36"
220.255.2.85 - - [03/Nov/2013:09:05:08 +0100] "GET /sites/all/themes/hurence/css/html-reset.css?ls5cse HTTP/1.1" 200 3350 "http://www.hurence.com/" "Mozilla/5.0 (Windows NT 6.2; WOW64) AppleWebKit/537.36 (KHTML, like Gecko) Chrome/30.0.1599.101 Safari/537.36"
220.255.2.89 - - [03/Nov/2013:09:05:08 +0100] "GET /sites/all/themes/hurence/css/wireframes.css?ls5cse HTTP/1.1" 200 532 "http://www.hurence.com/" "Mozilla/5.0 (Windows NT 6.2; WOW64) AppleWebKit/537.36 (KHTML, like Gecko) Chrome/30.0.1599.101 Safari/537.36"
220.255.2.81 - - [03/Nov/2013:09:05:08 +0100] "GET /sites/all/themes/hurence/css/page-backgrounds.css?ls5cse HTTP/1.1" 200 721 "http://www.hurence.com/" "Mozilla/5.0 (Windows NT 6.2; WOW64) AppleWebKit/537.36 (KHTML, like Gecko) Chrome/30.0.1599.101 Safari/537.36"
220.255.2.85 - - [03/Nov/2013:09:05:08 +0100] "GET /sites/all/themes/hurence/css/layout-fixed.css?ls5cse HTTP/1.1" 200 1924 "http://www.hurence.com/" "Mozilla/5.0 (Windows NT 6.2; WOW64) AppleWebKit/537.36 (KHTML, like Gecko) Chrome/30.0.1599.101 Safari/537.36"
220.255.2.40 - - [03/Nov/2013:09:05:08 +0100] "GET /sites/all/themes/hurence/css/tabs.css?ls5cse HTTP/1.1" 200 1058 "http://www.hurence.com/" "Mozilla/5.0 (Windows NT 6.2; WOW64) AppleWebKit/537.36 (KHTML, like Gecko) Chrome/30.0.1599.101 Safari/537.36"
220.255.2.85 - - [03/Nov/2013:09:05:08 +0100] "GET /sites/all/themes/hurence/css/pages.css?ls5cse HTTP/1.1" 200 2219 "http://www.hurence.com/" "Mozilla/5.0 (Windows NT 6.2; WOW64) AppleWebKit/537.36 (KHTML, like Gecko) Chrome/30.0.1599.101 Safari/537.36"
220.255.2.89 - - [03/Nov/2013:09:05:09 +0100] "GET /sites/all/themes/hurence/css/blocks.css?ls5cse HTTP/1.1" 200 1869 "http://www.hurence.com/" "Mozilla/5.0 (Windows NT 6.2; WOW64) AppleWebKit/537.36 (KHTML, like Gecko) Chrome/30.0.1599.101 Safari/537.36"
220.255.2.85 - - [03/Nov/2013:09:05:09 +0100] "GET /sites/all/themes/hurence/css/navigation.css?ls5cse HTTP/1.1" 200 806 "http://www.hurence.com/" "Mozilla/5.0 (Windows NT 6.2; WOW64) AppleWebKit/537.36 (KHTML, like Gecko) Chrome/30.0.1599.101 Safari/537.36"
220.255.2.81 - - [03/Nov/2013:09:05:09 +0100] "GET /sites/all/themes/hurence/css/views-styles.css?ls5cse HTTP/1.1" 200 389 "http://www.hurence.com/" "Mozilla/5.0 (Windows NT 6.2; WOW64) AppleWebKit/537.36 (KHTML, like Gecko) Chrome/30.0.1599.101 Safari/537.36"
220.255.2.40 - - [03/Nov/2013:09:05:09 +0100] "GET /sites/all/themes/hurence/css/nodes.css?ls5cse HTTP/1.1" 200 1115 "http://www.hurence.com/" "Mozilla/5.0 (Windows NT 6.2; WOW64) AppleWebKit/537.36 (KHTML, like Gecko) Chrome/30.0.1599.101 Safari/537.36"
220.255.2.85 - - [03/Nov/2013:09:05:09 +0100] "GET /sites/all/themes/hurence/css/comments.css?ls5cse HTTP/1.1" 200 1019 "http://www.hurence.com/" "Mozilla/5.0 (Windows NT 6.2; WOW64) AppleWebKit/537.36 (KHTML, like Gecko) Chrome/30.0.1599.101 Safari/537.36"
220.255.2.46 - - [03/Nov/2013:09:05:07 +0100] "GET / HTTP/1.1" 200 6357 "https://www.google.com.sg/" "Mozilla/5.0 (Windows NT 6.2; WOW64) AppleWebKit/537.36 (KHTML, like Gecko) Chrome/30.0.1599.101 Safari/537.36"
220.255.2.89 - - [03/Nov/2013:09:05:09 +0100] "GET /sites/all/themes/hurence/css/forms.css?ls5cse HTTP/1.1" 200 1397 "http://www.hurence.com/" "Mozilla/5.0 (Windows NT 6.2; WOW64) AppleWebKit/537.36 (KHTML, like Gecko) Chrome/30.0.1599.101 Safari/537.36"
220.255.2.81 - - [03/Nov/2013:09:05:09 +0100] "GET /sites/all/themes/hurence/css/fields.css?ls5cse HTTP/1.1" 200 700 "http://www.hurence.com/" "Mozilla/5.0 (Windows NT 6.2; WOW64) AppleWebKit/537.36 (KHTML, like Gecko) Chrome/30.0.1599.101 Safari/537.36"
220.255.2.85 - - [03/Nov/2013:09:05:09 +0100] "GET /sites/all/themes/hurence/css/print.css?ls5cse HTTP/1.1" 200 979 "http://www.hurence.com/" "Mozilla/5.0 (Windows NT 6.2; WOW64) AppleWebKit/537.36 (KHTML, like Gecko) Chrome/30.0.1599.101 Safari/537.36"
220.255.2.40 - - [03/Nov/2013:09:05:09 +0100] "GET /sites/all/themes/hurence/css/hurence.css?ls5cse HTTP/1.1" 200 688 "http://www.hurence.com/" "Mozilla/5.0 (Windows NT 6.2; WOW64) AppleWebKit/537.36 (KHTML, like Gecko) Chrome/30.0.1599.101 Safari/537.36"
220.255.2.85 - - [03/Nov/2013:09:05:09 +0100] "GET /sites/all/themes/hurence/css/megamenu-hurence.css?ls5cse HTTP/1.1" 200 1725 "http://www.hurence.com/" "Mozilla/5.0 (Windows NT 6.2; WOW64) AppleWebKit/537.36 (KHTML, like Gecko) Chrome/30.0.1599.101 Safari/537.36"
220.255.2.81 - - [03/Nov/2013:09:05:09 +0100] "GET /misc/jquery.once.js?v=1.2 HTTP/1.1" 200 1420 "http://www.hurence.com/" "Mozilla/5.0 (Windows NT 6.2; WOW64) AppleWebKit/537.36 (KHTML, like Gecko) Chrome/30.0.1599.101 Safari/537.36"
220.255.2.85 - - [03/Nov/2013:09:05:09 +0100] "GET /misc/drupal.js?ls5cse HTTP/1.1" 200 4882 "http://www.hurence.com/" "Mozilla/5.0 (Windows NT 6.2; WOW64) AppleWebKit/537.36 (KHTML, like Gecko) Chrome/30.0.1599.101 Safari/537.36"
220.255.2.85 - - [03/Nov/2013:09:05:09 +0100] "GET /sites/all/modules/featured_content/featured_content.js?ls5cse HTTP/1.1" 200 1074 "http://www.hurence.com/" "Mozilla/5.0 (Windows NT 6.2; WOW64) AppleWebKit/537.36 (KHTML, like Gecko) Chrome/30.0.1599.101 Safari/537.36"
220.255.2.40 - - [03/Nov/2013:09:05:09 +0100] "GET /sites/all/modules/megamenu/megamenu.js?ls5cse HTTP/1.1" 200 1758 "http://www.hurence.com/" "Mozilla/5.0 (Windows NT 6.2; WOW64) AppleWebKit/537.36 (KHTML, like Gecko) Chrome/30.0.1599.101 Safari/537.36"
220.255.2.46 - - [03/Nov/2013:09:05:10 +0100] "GET /sites/all/themes/hurence/js/hurence.js?ls5cse HTTP/1.1" 200 806 "http://www.hurence.com/" "Mozilla/5.0 (Windows NT 6.2; WOW64) AppleWebKit/537.36 (KHTML, like Gecko) Chrome/30.0.1599.101 Safari/537.36"
220.255.2.89 - - [03/Nov/2013:09:05:09 +0100] "GET /misc/jquery.js?v=1.4.4 HTTP/1.1" 200 27431 "http://www.hurence.com/" "Mozilla/5.0 (Windows NT 6.2; WOW64) AppleWebKit/537.36 (KHTML, like Gecko) Chrome/30.0.1599.101 Safari/537.36"
220.255.2.81 - - [03/Nov/2013:09:05:10 +0100] "GET /sites/all/modules/views/js/jquery.ui.dialog.patch.js?ls5cse HTTP/1.1" 200 914 "http://www.hurence.com/" "Mozilla/5.0 (Windows NT 6.2; WOW64) AppleWebKit/537.36 (KHTML, like Gecko) Chrome/30.0.1599.101 Safari/537.36"
220.255.1.221 - - [03/Nov/2013:09:05:10 +0100] "GET /sites/all/themes/hurence/logo.png HTTP/1.1" 200 5066 "http://www.hurence.com/" "Mozilla/5.0 (Windows NT 6.2; WOW64) AppleWebKit/537.36 (KHTML, like Gecko) Chrome/30.0.1599.101 Safari/537.36"
220.255.1.195 - - [03/Nov/2013:09:05:10 +0100] "GET /sites/default/files/styles/white_paper_logo/public/hadoop-logo.jpg HTTP/1.1" 200 2437 "http://www.hurence.com/" "Mozilla/5.0 (Windows NT 6.2; WOW64) AppleWebKit/537.36 (KHTML, like Gecko) Chrome/30.0.1599.101 Safari/537.36"
220.255.1.241 - - [03/Nov/2013:09:05:10 +0100] "GET /misc/feed.png HTTP/1.1" 200 950 "http://www.hurence.com/" "Mozilla/5.0 (Windows NT 6.2; WOW64) AppleWebKit/537.36 (KHTML, like Gecko) Chrome/30.0.1599.101 Safari/537.36"
220.255.2.89 - - [03/Nov/2013:09:05:10 +0100] "GET /sites/default/files/en.jpg HTTP/1.1" 200 3136 "http://www.hurence.com/" "Mozilla/5.0 (Windows NT 6.2; WOW64) AppleWebKit/537.36 (KHTML, like Gecko) Chrome/30.0.1599.101 Safari/537.36"
220.255.2.81 - - [03/Nov/2013:09:05:10 +0100] "GET /sites/all/themes/hurence/images/bg_header-inner.jpg HTTP/1.1" 200 8925 "http://www.hurence.com/" "Mozilla/5.0 (Windows NT 6.2; WOW64) AppleWebKit/537.36 (KHTML, like Gecko) Chrome/30.0.1599.101 Safari/537.36"
220.255.2.40 - - [03/Nov/2013:09:05:11 +0100] "GET /sites/default/files/fr.jpg HTTP/1.1" 200 3176 "http://www.hurence.com/" "Mozilla/5.0 (Windows NT 6.2; WOW64) AppleWebKit/537.36 (KHTML, like Gecko) Chrome/30.0.1599.101 Safari/537.36"
220.255.2.46 - - [03/Nov/2013:09:05:11 +0100] "GET /sites/default/files/mail.png HTTP/1.1" 200 4030 "http://www.hurence.com/" "Mozilla/5.0 (Windows NT 6.2; WOW64) AppleWebKit/537.36 (KHTML, like Gecko) Chrome/30.0.1599.101 Safari/537.36"
220.255.2.89 - - [03/Nov/2013:09:05:11 +0100] "GET /sites/default/files/Twitter-24x24.png HTTP/1.1" 200 1869 "http://www.hurence.com/" "Mozilla/5.0 (Windows NT 6.2; WOW64) AppleWebKit/537.36 (KHTML, like Gecko) Chrome/30.0.1599.101 Safari/537.36"
220.255.2.85 - - [03/Nov/2013:09:05:11 +0100] "GET /sites/default/files/Facebook-24x24.png HTTP/1.1" 200 1725 "http://www.hurence.com/" "Mozilla/5.0 (Windows NT 6.2; WOW64) AppleWebKit/537.36 (KHTML, like Gecko) Chrome/30.0.1599.101 Safari/537.36"
220.255.2.180 - - [03/Nov/2013:09:05:10 +0100] "GET /sites/default/files/HurenceBannier.png HTTP/1.1" 200 388733 "http://www.hurence.com/" "Mozilla/5.0 (Windows NT 6.2; WOW64) AppleWebKit/537.36 (KHTML, like Gecko) Chrome/30.0.1599.101 Safari/537.36"
220.255.2.85 - - [03/Nov/2013:09:05:15 +0100] "GET /sites/default/files/favicon.png HTTP/1.1" 200 3880 "-" "Mozilla/5.0 (Windows NT 6.2; WOW64) AppleWebKit/537.36 (KHTML, like Gecko) Chrome/30.0.1599.101 Safari/537.36"
220.255.2.85 - - [03/Nov/2013:09:05:22 +0100] "GET /node/8 HTTP/1.1" 200 6693 "http://www.hurence.com/" "Mozilla/5.0 (Windows NT 6.2; WOW64) AppleWebKit/537.36 (KHTML, like Gecko) Chrome/30.0.1599.101 Safari/537.36"
127.0.0.1 - - [03/Nov/2013:09:05:26 +0100] "OPTIONS * HTTP/1.0" 200 152 "-" "Apache/2.2.17 (Ubuntu) (internal dummy connection)"
127.0.0.1 - - [03/Nov/2013:09:05:27 +0100] "OPTIONS * HTTP/1.0" 200 152 "-" "Apache/2.2.17 (Ubuntu) (internal dummy connection)"
127.0.0.1 - - [03/Nov/2013:09:05:28 +0100] "OPTIONS * HTTP/1.0" 200 152 "-" "Apache/2.2.17 (Ubuntu) (internal dummy connection)"
127.0.0.1 - - [03/Nov/2013:09:05:29 +0100] "OPTIONS * HTTP/1.0" 200 152 "-" "Apache/2.2.17 (Ubuntu) (internal dummy connection)"
127.0.0.1 - - [03/Nov/2013:09:05:30 +0100] "OPTIONS * HTTP/1.0" 200 152 "-" "Apache/2.2.17 (Ubuntu) (internal dummy connection)"
127.0.0.1 - - [03/Nov/2013:09:05:31 +0100] "OPTIONS * HTTP/1.0" 200 152 "-" "Apache/2.2.17 (Ubuntu) (internal dummy connection)"
127.0.0.1 - - [03/Nov/2013:09:05:32 +0100] "OPTIONS * HTTP/1.0" 200 152 "-" "Apache/2.2.17 (Ubuntu) (internal dummy connection)"
127.0.0.1 - - [03/Nov/2013:09:05:39 +0100] "OPTIONS * HTTP/1.0" 200 152 "-" "Apache/2.2.17 (Ubuntu) (internal dummy connection)"
220.255.2.71 - - [03/Nov/2013:09:05:40 +0100] "GET /node/67 HTTP/1.1" 200 6743 "http://www.hurence.com/node/8" "Mozilla/5.0 (Windows NT 6.2; WOW64) AppleWebKit/537.36 (KHTML, like Gecko) Chrome/30.0.1599.101 Safari/537.36"
5.63.145.68 - - [03/Nov/2013:09:06:12 +0100] "HEAD / HTTP/1.1" 200 468 "-" "checks.panopta.com"
180.76.5.162 - - [03/Nov/2013:09:06:36 +0100] "GET /node/63 HTTP/1.1" 200 6559 "-" "Mozilla/5.0 (compatible; Baiduspider/2.0; +http://www.baidu.com/search/spider.html)"
