220.255.2.74 - - [03/Nov/2013:09:08:18 +0100] "GET /node/12 HTTP/1.1" 200 6363 "http://www.hurence.com/node/67" "Mozilla/5.0 (Windows NT 6.2; WOW64) AppleWebKit/537.36 (KHTML, like Gecko) Chrome/30.0.1599.101 Safari/537.36"
220.255.2.74 - - [03/Nov/2013:09:08:20 +0100] "GET /sites/default/files/Hive-final.jpg HTTP/1.1" 200 39357 "http://www.hurence.com/node/12" "Mozilla/5.0 (Windows NT 6.2; WOW64) AppleWebKit/537.36 (KHTML, like Gecko) Chrome/30.0.1599.101 Safari/537.36"
220.255.2.86 - - [03/Nov/2013:09:08:20 +0100] "GET /sites/default/files/Hadoop-final.jpg HTTP/1.1" 200 40047 "http://www.hurence.com/node/12" "Mozilla/5.0 (Windows NT 6.2; WOW64) AppleWebKit/537.36 (KHTML, like Gecko) Chrome/30.0.1599.101 Safari/537.36"
220.255.2.20 - - [03/Nov/2013:09:08:20 +0100] "GET /sites/default/files/Pig-final.jpg HTTP/1.1" 200 39271 "http://www.hurence.com/node/12" "Mozilla/5.0 (Windows NT 6.2; WOW64) AppleWebKit/537.36 (KHTML, like Gecko) Chrome/30.0.1599.101 Safari/537.36"
220.255.2.68 - - [03/Nov/2013:09:08:20 +0100] "GET /sites/default/files/Membase-final.jpg HTTP/1.1" 200 34920 "http://www.hurence.com/node/12" "Mozilla/5.0 (Windows NT 6.2; WOW64) AppleWebKit/537.36 (KHTML, like Gecko) Chrome/30.0.1599.101 Safari/537.36"
220.255.2.65 - - [03/Nov/2013:09:08:21 +0100] "GET /sites/default/files/HBase-final.jpg HTTP/1.1" 200 37604 "http://www.hurence.com/node/12" "Mozilla/5.0 (Windows NT 6.2; WOW64) AppleWebKit/537.36 (KHTML, like Gecko) Chrome/30.0.1599.101 Safari/537.36"
220.255.2.20 - - [03/Nov/2013:09:08:34 +0100] "GET /node/8 HTTP/1.1" 200 6689 "http://www.hurence.com/node/12" "Mozilla/5.0 (Windows NT 6.2; WOW64) AppleWebKit/537.36 (KHTML, like Gecko) Chrome/30.0.1599.101 Safari/537.36"
127.0.0.1 - - [03/Nov/2013:09:08:37 +0100] "OPTIONS * HTTP/1.0" 200 152 "-" "Apache/2.2.17 (Ubuntu) (internal dummy connection)"
127.0.0.1 - - [03/Nov/2013:09:08:38 +0100] "OPTIONS * HTTP/1.0" 200 152 "-" "Apache/2.2.17 (Ubuntu) (internal dummy connection)"
220.255.2.20 - - [03/Nov/2013:09:08:38 +0100] "GET /node/8 HTTP/1.1" 200 6689 "http://www.hurence.com/node/8" "Mozilla/5.0 (Windows NT 6.2; WOW64) AppleWebKit/537.36 (KHTML, like Gecko) Chrome/30.0.1599.101 Safari/537.36"
220.255.2.20 - - [03/Nov/2013:09:08:49 +0100] "GET /node/8 HTTP/1.1" 200 6690 "http://www.hurence.com/node/8" "Mozilla/5.0 (Windows NT 6.2; WOW64) AppleWebKit/537.36 (KHTML, like Gecko) Chrome/30.0.1599.101 Safari/537.36"
220.255.2.75 - - [03/Nov/2013:09:08:51 +0100] "GET /node/8 HTTP/1.1" 200 6687 "http://www.hurence.com/node/8" "Mozilla/5.0 (Windows NT 6.2; WOW64) AppleWebKit/537.36 (KHTML, like Gecko) Chrome/30.0.1599.101 Safari/537.36"
220.255.2.75 - - [03/Nov/2013:09:08:57 +0100] "GET /node/8 HTTP/1.1" 200 6688 "http://www.hurence.com/node/8" "Mozilla/5.0 (Windows NT 6.2; WOW64) AppleWebKit/537.36 (KHTML, like Gecko) Chrome/30.0.1599.101 Safari/537.36"
220.255.2.75 - - [03/Nov/2013:09:09:03 +0100] "GET /node/67 HTTP/1.1" 200 6742 "http://www.hurence.com/node/8" "Mozilla/5.0 (Windows NT 6.2; WOW64) AppleWebKit/537.36 (KHTML, like Gecko) Chrome/30.0.1599.101 Safari/537.36"
127.0.0.1 - - [03/Nov/2013:09:09:21 +0100] "OPTIONS * HTTP/1.0" 200 152 "-" "Apache/2.2.17 (Ubuntu) (internal dummy connection)"
220.255.2.84 - - [03/Nov/2013:09:11:15 +0100] "GET /node/13 HTTP/1.1" 200 6797 "http://www.hurence.com/node/67" "Mozilla/5.0 (Windows NT 6.2; WOW64) AppleWebKit/537.36 (KHTML, like Gecko) Chrome/30.0.1599.101 Safari/537.36"
220.255.2.84 - - [03/Nov/2013:09:11:26 +0100] "GET / HTTP/1.1" 200 6356 "http://www.hurence.com/node/13" "Mozilla/5.0 (Windows NT 6.2; WOW64) AppleWebKit/537.36 (KHTML, like Gecko) Chrome/30.0.1599.101 Safari/537.36"
220.255.2.84 - - [03/Nov/2013:09:11:37 +0100] "GET /node/8 HTTP/1.1" 200 6688 "http://www.hurence.com/" "Mozilla/5.0 (Windows NT 6.2; WOW64) AppleWebKit/537.36 (KHTML, like Gecko) Chrome/30.0.1599.101 Safari/537.36"
220.255.2.84 - - [03/Nov/2013:09:11:44 +0100] "GET /node/67 HTTP/1.1" 200 6746 "http://www.hurence.com/node/8" "Mozilla/5.0 (Windows NT 6.2; WOW64) AppleWebKit/537.36 (KHTML, like Gecko) Chrome/30.0.1599.101 Safari/537.36"
220.255.2.79 - - [03/Nov/2013:09:11:46 +0100] "GET /node/67 HTTP/1.1" 200 6745 "http://www.hurence.com/node/8" "Mozilla/5.0 (Windows NT 6.2; WOW64) AppleWebKit/537.36 (KHTML, like Gecko) Chrome/30.0.1599.101 Safari/537.36"
220.255.2.61 - - [03/Nov/2013:09:12:34 +0100] "GET /node/13 HTTP/1.1" 200 6790 "http://www.hurence.com/node/67" "Mozilla/5.0 (Windows NT 6.2; WOW64) AppleWebKit/537.36 (KHTML, like Gecko) Chrome/30.0.1599.101 Safari/537.36"
220.255.2.77 - - [03/Nov/2013:09:12:36 +0100] "GET /node/13 HTTP/1.1" 200 6789 "http://www.hurence.com/node/67" "Mozilla/5.0 (Windows NT 6.2; WOW64) AppleWebKit/537.36 (KHTML, like Gecko) Chrome/30.0.1599.101 Safari/537.36"
220.255.2.28 - - [03/Nov/2013:09:12:37 +0100] "GET /node/13 HTTP/1.1" 200 6791 "http://www.hurence.com/node/67" "Mozilla/5.0 (Windows NT 6.2; WOW64) AppleWebKit/537.36 (KHTML, like Gecko) Chrome/30.0.1599.101 Safari/537.36"
5.10.83.41 - - [03/Nov/2013:09:19:32 +0100] "GET /node/10 HTTP/1.1" 200 6503 "-" "Mozilla/5.0 (compatible; AhrefsBot/5.0; +http://ahrefs.com/robot/)"
5.10.83.41 - - [03/Nov/2013:09:20:10 +0100] "GET /node/99?lang=fr HTTP/1.1" 200 7065 "-" "Mozilla/5.0 (compatible; AhrefsBot/5.0; +http://ahrefs.com/robot/)"
5.63.145.68 - - [03/Nov/2013:09:21:59 +0100] "HEAD / HTTP/1.1" 200 468 "-" "checks.panopta.com"
5.63.145.68 - - [03/Nov/2013:09:22:01 +0100] "GET / HTTP/1.1" 200 27767 "-" "checks.panopta.com"
5.10.83.41 - - [03/Nov/2013:09:36:54 +0100] "GET /node/20?lang=en HTTP/1.1" 200 6209 "-" "Mozilla/5.0 (compatible; AhrefsBot/5.0; +http://ahrefs.com/robot/)"
5.63.145.68 - - [03/Nov/2013:09:38:34 +0100] "HEAD / HTTP/1.1" 200 468 "-" "checks.panopta.com"
50.2.138.249 - - [03/Nov/2013:09:39:37 +0100] "GET /node/3 HTTP/1.0" 200 6681 "http://www.hurence.com/" "Mozilla/5.0 (iPad; CPU OS 6_1_3 like Mac OS X) AppleWebKit/536.26 (KHTML, like Gecko) Version/6.0 Mobile/10B329 Safari/8536.25"
50.2.138.249 - - [03/Nov/2013:09:39:42 +0100] "GET /?q=node/add HTTP/1.0" 403 4785 "http://www.hurence.com/" "Mozilla/5.0 (iPad; CPU OS 6_1_3 like Mac OS X) AppleWebKit/536.26 (KHTML, like Gecko) Version/6.0 Mobile/10B329 Safari/8536.25"
50.2.138.249 - - [03/Nov/2013:09:39:45 +0100] "GET /?q=user/register HTTP/1.0" 200 5333 "http://www.hurence.com/?q=node/add" "Mozilla/5.0 (iPad; CPU OS 6_1_3 like Mac OS X) AppleWebKit/536.26 (KHTML, like Gecko) Version/6.0 Mobile/10B329 Safari/8536.25"
50.2.138.249 - - [03/Nov/2013:09:39:48 +0100] "POST /?q=user/register HTTP/1.0" 302 678 "http://www.hurence.com/?q=user/register" "Mozilla/5.0 (iPad; CPU OS 6_1_3 like Mac OS X) AppleWebKit/536.26 (KHTML, like Gecko) Version/6.0 Mobile/10B329 Safari/8536.25"
50.2.138.249 - - [03/Nov/2013:09:39:49 +0100] "GET / HTTP/1.0" 200 6715 "http://www.hurence.com/?q=user/register" "Mozilla/5.0 (iPad; CPU OS 6_1_3 like Mac OS X) AppleWebKit/536.26 (KHTML, like Gecko) Version/6.0 Mobile/10B329 Safari/8536.25"
50.2.138.249 - - [03/Nov/2013:09:39:53 +0100] "GET /?q=user HTTP/1.0" 200 5092 "http://www.hurence.com/" "Mozilla/5.0 (iPad; CPU OS 6_1_3 like Mac OS X) AppleWebKit/536.26 (KHTML, like Gecko) Version/6.0 Mobile/10B329 Safari/8536.25"
50.2.138.249 - - [03/Nov/2013:09:39:56 +0100] "POST /?q=user HTTP/1.0" 200 5172 "http://www.hurence.com/?q=user" "Mozilla/5.0 (iPad; CPU OS 6_1_3 like Mac OS X) AppleWebKit/536.26 (KHTML, like Gecko) Version/6.0 Mobile/10B329 Safari/8536.25"
209.85.238.70 - - [03/Nov/2013:09:41:21 +0100] "GET /rss.xml HTTP/1.1" 200 2983 "-" "Feedfetcher-Google; (+http://www.google.com/feedfetcher.html; 3 subscribers; feed-id=7225077890218036057)"
193.252.149.13 - - [03/Nov/2013:09:41:58 +0100] "GET /node/6 HTTP/1.1" 200 6660 "-" "Mozilla/5.0 (Windows; U; Windows NT 5.1; fr; rv:1.8.1) VoilaBot BETA 1.2 (support.voilabot@orange-ftgroup.com)"
81.52.143.35 - - [03/Nov/2013:09:42:05 +0100] "GET /node/136 HTTP/1.1" 200 9410 "-" "Mozilla/5.0 (Windows; U; Windows NT 5.1; fr; rv:1.8.1) VoilaBot BETA 1.2 (support.voilabot@orange-ftgroup.com)"
65.19.138.33 - - [03/Nov/2013:09:43:52 +0100] "GET /taxonomy/term/1/feed?lang=fr HTTP/1.1" 200 668 "-" "Feedly/1.0 (+http://www.feedly.com/fetcher.html; like FeedFetcher-Google)"
208.115.111.71 - - [03/Nov/2013:09:46:00 +0100] "GET /robots.txt HTTP/1.1" 200 1793 "-" "Mozilla/5.0 (compatible; Ezooms/1.0; ezooms.bot@gmail.com)"
180.96.16.67 - - [03/Nov/2013:09:47:05 +0100] "GET /?q=user/register HTTP/1.0" 200 5290 "http://www.hurence.com/" "Mozilla/5.0 (iPad; CPU OS 6_1_3 like Mac OS X) AppleWebKit/536.26 (KHTML, like Gecko) Version/6.0 Mobile/10B329 Safari/8536.25"
180.96.16.67 - - [03/Nov/2013:09:47:07 +0100] "GET /?q=node/add HTTP/1.0" 403 4781 "http://www.hurence.com/" "Mozilla/5.0 (iPad; CPU OS 6_1_3 like Mac OS X) AppleWebKit/536.26 (KHTML, like Gecko) Version/6.0 Mobile/10B329 Safari/8536.25"
180.96.16.67 - - [03/Nov/2013:09:47:09 +0100] "GET /?q=user/register HTTP/1.0" 200 5293 "http://www.hurence.com/?q=node/add" "Mozilla/5.0 (iPad; CPU OS 6_1_3 like Mac OS X) AppleWebKit/536.26 (KHTML, like Gecko) Version/6.0 Mobile/10B329 Safari/8536.25"
180.96.16.67 - - [03/Nov/2013:09:47:15 +0100] "POST /?q=user/register HTTP/1.0" 302 640 "http://www.hurence.com/?q=user/register" "Mozilla/5.0 (iPad; CPU OS 6_1_3 like Mac OS X) AppleWebKit/536.26 (KHTML, like Gecko) Version/6.0 Mobile/10B329 Safari/8536.25"
180.96.16.67 - - [03/Nov/2013:09:47:18 +0100] "GET / HTTP/1.0" 200 6675 "http://www.hurence.com/?q=user/register" "Mozilla/5.0 (iPad; CPU OS 6_1_3 like Mac OS X) AppleWebKit/536.26 (KHTML, like Gecko) Version/6.0 Mobile/10B329 Safari/8536.25"
180.96.16.67 - - [03/Nov/2013:09:47:21 +0100] "GET /?q=user HTTP/1.0" 200 5059 "http://www.hurence.com/" "Mozilla/5.0 (iPad; CPU OS 6_1_3 like Mac OS X) AppleWebKit/536.26 (KHTML, like Gecko) Version/6.0 Mobile/10B329 Safari/8536.25"
180.96.16.67 - - [03/Nov/2013:09:47:23 +0100] "POST /?q=user HTTP/1.0" 200 5133 "http://www.hurence.com/?q=user" "Mozilla/5.0 (iPad; CPU OS 6_1_3 like Mac OS X) AppleWebKit/536.26 (KHTML, like Gecko) Version/6.0 Mobile/10B329 Safari/8536.25"
220.181.108.78 - - [03/Nov/2013:09:48:16 +0100] "GET / HTTP/1.1" 200 16060 "-" "Mozilla/5.0 (compatible; Baiduspider/2.0; +http://www.baidu.com/search/spider.html)"
5.10.83.41 - - [03/Nov/2013:09:49:07 +0100] "GET /node/108?lang=fr HTTP/1.1" 200 6789 "-" "Mozilla/5.0 (compatible; AhrefsBot/5.0; +http://ahrefs.com/robot/)"
5.10.83.41 - - [03/Nov/2013:09:53:43 +0100] "GET /node/37?lang=en HTTP/1.1" 200 6355 "-" "Mozilla/5.0 (compatible; AhrefsBot/5.0; +http://ahrefs.com/robot/)"
5.63.145.68 - - [03/Nov/2013:09:54:20 +0100] "HEAD / HTTP/1.1" 200 468 "-" "checks.panopta.com"
5.10.83.41 - - [03/Nov/2013:09:58:07 +0100] "GET /node/92?lang=fr HTTP/1.1" 200 6975 "-" "Mozilla/5.0 (compatible; AhrefsBot/5.0; +http://ahrefs.com/robot/)"
184.154.189.131 - - [03/Nov/2013:10:02:36 +0100] "GET / HTTP/1.1" 200 6363 "http://www.hurence.com/" "Mozilla/5.0 (iPad; CPU OS 6_1_3 like Mac OS X) AppleWebKit/536.26 (KHTML, like Gecko) Version/6.0 Mobile/10B329 Safari/8536.25"
184.154.189.131 - - [03/Nov/2013:10:02:38 +0100] "GET /?q=user HTTP/1.1" 200 5097 "http://www.hurence.com/" "Mozilla/5.0 (iPad; CPU OS 6_1_3 like Mac OS X) AppleWebKit/536.26 (KHTML, like Gecko) Version/6.0 Mobile/10B329 Safari/8536.25"
184.154.189.131 - - [03/Nov/2013:10:02:38 +0100] "POST /?q=user HTTP/1.1" 200 5175 "http://www.hurence.com/?q=user" "Mozilla/5.0 (iPad; CPU OS 6_1_3 like Mac OS X) AppleWebKit/536.26 (KHTML, like Gecko) Version/6.0 Mobile/10B329 Safari/8536.25"
5.10.83.41 - - [03/Nov/2013:10:08:56 +0100] "GET /node/90 HTTP/1.1" 200 6815 "-" "Mozilla/5.0 (compatible; AhrefsBot/5.0; +http://ahrefs.com/robot/)"
5.63.145.68 - - [03/Nov/2013:10:09:29 +0100] "HEAD / HTTP/1.1" 200 468 "-" "checks.panopta.com"
5.10.83.41 - - [03/Nov/2013:10:11:18 +0100] "GET /node/65 HTTP/1.1" 200 6646 "-" "Mozilla/5.0 (compatible; AhrefsBot/5.0; +http://ahrefs.com/robot/)"
31.6.71.178 - - [03/Nov/2013:10:11:37 +0100] "GET /node/136 HTTP/1.1" 200 9446 "http://www.hurence.com/" "Mozilla/5.0 (iPad; CPU OS 6_1_3 like Mac OS X) AppleWebKit/536.26 (KHTML, like Gecko) Version/6.0 Mobile/10B329 Safari/8536.25"
31.6.71.178 - - [03/Nov/2013:10:11:39 +0100] "GET /node/134 HTTP/1.1" 200 5433 "http://www.hurence.com/" "Mozilla/5.0 (iPad; CPU OS 6_1_3 like Mac OS X) AppleWebKit/536.26 (KHTML, like Gecko) Version/6.0 Mobile/10B329 Safari/8536.25"
5.10.83.41 - - [03/Nov/2013:10:12:07 +0100] "GET /node/107?lang=en HTTP/1.1" 200 6496 "-" "Mozilla/5.0 (compatible; AhrefsBot/5.0; +http://ahrefs.com/robot/)"
5.10.83.41 - - [03/Nov/2013:10:13:25 +0100] "GET /node/57 HTTP/1.1" 200 6913 "-" "Mozilla/5.0 (compatible; AhrefsBot/5.0; +http://ahrefs.com/robot/)"
5.10.83.41 - - [03/Nov/2013:10:19:33 +0100] "GET /node/75?lang=en HTTP/1.1" 200 6517 "-" "Mozilla/5.0 (compatible; AhrefsBot/5.0; +http://ahrefs.com/robot/)"
5.10.83.41 - - [03/Nov/2013:10:20:33 +0100] "GET /node/104?lang=fr HTTP/1.1" 200 7020 "-" "Mozilla/5.0 (compatible; AhrefsBot/5.0; +http://ahrefs.com/robot/)"
5.63.145.68 - - [03/Nov/2013:10:24:54 +0100] "HEAD / HTTP/1.1" 200 468 "-" "checks.panopta.com"
198.7.59.233 - - [03/Nov/2013:10:28:10 +0100] "GET /user/register HTTP/1.1" 200 5322 "https://www.google.com/" "Mozilla/5.0 (Windows NT 6.1; WOW64; rv:24.0) Gecko/20100101 Firefox/24.0"
198.7.59.233 - - [03/Nov/2013:10:28:11 +0100] "POST /user/register HTTP/1.1" 302 702 "http://www.hurence.com/user/register" "Mozilla/5.0 (Windows NT 6.1; WOW64; rv:24.0) Gecko/20100101 Firefox/24.0"
198.7.59.233 - - [03/Nov/2013:10:28:14 +0100] "GET / HTTP/1.1" 200 6654 "http://www.hurence.com/user/register" "Mozilla/5.0 (Windows NT 6.1; WOW64; rv:24.0) Gecko/20100101 Firefox/24.0"
5.10.83.41 - - [03/Nov/2013:10:35:29 +0100] "GET /node/4 HTTP/1.1" 200 6533 "-" "Mozilla/5.0 (compatible; AhrefsBot/5.0; +http://ahrefs.com/robot/)"
209.85.238.70 - - [03/Nov/2013:10:36:11 +0100] "GET /rss.xml HTTP/1.1" 200 2983 "-" "Feedfetcher-Google; (+http://www.google.com/feedfetcher.html; 3 subscribers; feed-id=7225077890218036057)"
5.10.83.41 - - [03/Nov/2013:10:37:00 +0100] "GET /node/148 HTTP/1.1" 200 6370 "-" "Mozilla/5.0 (compatible; AhrefsBot/5.0; +http://ahrefs.com/robot/)"
27.159.217.81 - - [03/Nov/2013:10:37:14 +0100] "GET /node/67 HTTP/1.1" 200 6740 "http://hurence.com/" "Mozilla/5.0 (iPad; CPU OS 6_1_3 like Mac OS X) AppleWebKit/536.26 (KHTML, like Gecko) Version/6.0 Mobile/10B329 Safari/8536.25"
27.159.217.81 - - [03/Nov/2013:10:37:17 +0100] "GET /?q=node/add HTTP/1.1" 403 4814 "http://hurence.com/" "Mozilla/5.0 (iPad; CPU OS 6_1_3 like Mac OS X) AppleWebKit/536.26 (KHTML, like Gecko) Version/6.0 Mobile/10B329 Safari/8536.25"
27.159.217.81 - - [03/Nov/2013:10:37:22 +0100] "GET /?q=user/register HTTP/1.1" 200 5329 "http://hurence.com/?q=node/add" "Mozilla/5.0 (iPad; CPU OS 6_1_3 like Mac OS X) AppleWebKit/536.26 (KHTML, like Gecko) Version/6.0 Mobile/10B329 Safari/8536.25"
27.159.217.81 - - [03/Nov/2013:10:37:26 +0100] "POST /?q=user/register HTTP/1.1" 302 674 "http://hurence.com/?q=user/register" "Mozilla/5.0 (iPad; CPU OS 6_1_3 like Mac OS X) AppleWebKit/536.26 (KHTML, like Gecko) Version/6.0 Mobile/10B329 Safari/8536.25"
27.159.217.81 - - [03/Nov/2013:10:37:27 +0100] "GET / HTTP/1.1" 200 6710 "http://hurence.com/?q=user/register" "Mozilla/5.0 (iPad; CPU OS 6_1_3 like Mac OS X) AppleWebKit/536.26 (KHTML, like Gecko) Version/6.0 Mobile/10B329 Safari/8536.25"
27.159.217.81 - - [03/Nov/2013:10:37:30 +0100] "GET /?q=user HTTP/1.1" 200 5093 "http://hurence.com/" "Mozilla/5.0 (iPad; CPU OS 6_1_3 like Mac OS X) AppleWebKit/536.26 (KHTML, like Gecko) Version/6.0 Mobile/10B329 Safari/8536.25"
27.159.217.81 - - [03/Nov/2013:10:37:32 +0100] "POST /?q=user HTTP/1.1" 200 5166 "http://hurence.com/?q=user" "Mozilla/5.0 (iPad; CPU OS 6_1_3 like Mac OS X) AppleWebKit/536.26 (KHTML, like Gecko) Version/6.0 Mobile/10B329 Safari/8536.25"
5.63.145.68 - - [03/Nov/2013:10:39:55 +0100] "HEAD / HTTP/1.1" 200 468 "-" "checks.panopta.com"
66.249.66.213 - - [03/Nov/2013:10:44:17 +0100] "GET /node/65 HTTP/1.1" 200 6707 "-" "Mozilla/5.0 (iPhone; CPU iPhone OS 6_0 like Mac OS X) AppleWebKit/536.26 (KHTML, like Gecko) Version/6.0 Mobile/10A5376e Safari/8536.25 (compatible; Googlebot-Mobile/2.1; +http://www.google.com/bot.html)"
77.75.77.32 - - [03/Nov/2013:10:44:54 +0100] "GET /robots.txt HTTP/1.1" 200 985 "-" "SeznamBot/3.0 (+http://fulltext.sblog.cz/)"
77.75.77.32 - - [03/Nov/2013:10:45:04 +0100] "GET /node/57 HTTP/1.1" 200 6969 "-" "SeznamBot/3.0 (+http://fulltext.sblog.cz/)"
208.115.111.71 - - [03/Nov/2013:10:46:22 +0100] "GET /node/51 HTTP/1.1" 200 23055 "-" "Mozilla/5.0 (compatible; Ezooms/1.0; ezooms.bot@gmail.com)"
180.76.5.101 - - [03/Nov/2013:10:48:06 +0100] "GET /node/47?lang=fr HTTP/1.1" 200 6008 "-" "Mozilla/5.0 (compatible; Baiduspider/2.0; +http://www.baidu.com/search/spider.html)"
66.249.66.213 - - [03/Nov/2013:10:48:56 +0100] "GET /sites/all/themes/hurence/css/megamenu-hurence.css?ls5cse HTTP/1.1" 200 1726 "-" "Mozilla/5.0 (compatible; Googlebot/2.1; +http://www.google.com/bot.html)"
66.249.66.213 - - [03/Nov/2013:10:48:57 +0100] "GET /sites/all/themes/hurence/css/layout-fixed.css?ls5cse HTTP/1.1" 200 1924 "-" "Mozilla/5.0 (compatible; Googlebot/2.1; +http://www.google.com/bot.html)"
66.249.66.213 - - [03/Nov/2013:10:48:57 +0100] "GET /sites/all/themes/hurence/css/views-styles.css?ls5cse HTTP/1.1" 200 389 "-" "Mozilla/5.0 (compatible; Googlebot/2.1; +http://www.google.com/bot.html)"
5.63.145.68 - - [03/Nov/2013:10:55:26 +0100] "HEAD / HTTP/1.1" 200 468 "-" "checks.panopta.com"
66.249.66.213 - - [03/Nov/2013:11:03:24 +0100] "GET /node/106?lang=fr HTTP/1.1" 200 6929 "-" "DoCoMo/2.0 N905i(c100;TB;W24H16) (compatible; Googlebot-Mobile/2.1; +http://www.google.com/bot.html)"
65.19.138.33 - - [03/Nov/2013:11:03:46 +0100] "GET /rss.xml HTTP/1.1" 200 2947 "-" "Feedly/1.0 (+http://www.feedly.com/fetcher.html; like FeedFetcher-Google)"
220.181.108.121 - - [03/Nov/2013:11:03:55 +0100] "GET / HTTP/1.1" 200 16060 "-" "Mozilla/5.0 (compatible; Baiduspider/2.0; +http://www.baidu.com/search/spider.html)"
5.135.9.176 - - [03/Nov/2013:11:04:32 +0100] "GET / HTTP/1.1" 200 6360 "http://www.hurence.com/" "Mozilla/5.0 (iPad; CPU OS 6_1_3 like Mac OS X) AppleWebKit/536.26 (KHTML, like Gecko) Version/6.0 Mobile/10B329 Safari/8536.25"
23.231.4.158 - - [03/Nov/2013:11:04:34 +0100] "GET /?q=user HTTP/1.0" 200 5097 "http://www.hurence.com/" "Mozilla/5.0 (iPad; CPU OS 6_1_3 like Mac OS X) AppleWebKit/536.26 (KHTML, like Gecko) Version/6.0 Mobile/10B329 Safari/8536.25"
23.231.4.158 - - [03/Nov/2013:11:04:35 +0100] "POST /?q=user HTTP/1.0" 200 5180 "http://www.hurence.com/?q=user" "Mozilla/5.0 (iPad; CPU OS 6_1_3 like Mac OS X) AppleWebKit/536.26 (KHTML, like Gecko) Version/6.0 Mobile/10B329 Safari/8536.25"
5.10.83.41 - - [03/Nov/2013:11:04:53 +0100] "GET /node/40 HTTP/1.1" 200 6649 "-" "Mozilla/5.0 (compatible; AhrefsBot/5.0; +http://ahrefs.com/robot/)"
5.10.83.41 - - [03/Nov/2013:11:09:11 +0100] "GET /taxonomy/term/1 HTTP/1.1" 200 4949 "-" "Mozilla/5.0 (compatible; AhrefsBot/5.0; +http://ahrefs.com/robot/)"
5.63.145.68 - - [03/Nov/2013:11:10:36 +0100] "HEAD / HTTP/1.1" 200 468 "-" "checks.panopta.com"
193.252.118.175 - - [03/Nov/2013:11:15:44 +0100] "GET /node/132 HTTP/1.1" 200 5960 "-" "Mozilla/5.0 (Windows; U; Windows NT 5.1; fr; rv:1.8.1) VoilaBot BETA 1.2 (support.voilabot@orange-ftgroup.com)"
65.19.138.34 - - [03/Nov/2013:11:15:58 +0100] "GET /taxonomy/term/1/feed HTTP/1.1" 200 659 "-" "Feedly/1.0 (+http://www.feedly.com/fetcher.html; like FeedFetcher-Google)"
5.10.83.41 - - [03/Nov/2013:11:21:00 +0100] "GET /node/73?lang=en HTTP/1.1" 200 6609 "-" "Mozilla/5.0 (compatible; AhrefsBot/5.0; +http://ahrefs.com/robot/)"
5.63.145.68 - - [03/Nov/2013:11:25:39 +0100] "HEAD / HTTP/1.1" 200 468 "-" "checks.panopta.com"
5.10.83.41 - - [03/Nov/2013:11:26:17 +0100] "GET /node/147?lang=fr HTTP/1.1" 200 7179 "-" "Mozilla/5.0 (compatible; AhrefsBot/5.0; +http://ahrefs.com/robot/)"
5.10.83.41 - - [03/Nov/2013:11:27:13 +0100] "GET /node/126 HTTP/1.1" 200 6507 "-" "Mozilla/5.0 (compatible; AhrefsBot/5.0; +http://ahrefs.com/robot/)"
66.249.81.206 - - [03/Nov/2013:11:34:53 +0100] "GET / HTTP/1.1" 200 6368 "-" "Mozilla/5.0 (Windows NT 6.1; rv:6.0) Gecko/20110814 Firefox/6.0 Google (+https://developers.google.com/+/web/snippet/)"
66.249.81.206 - - [03/Nov/2013:11:34:55 +0100] "GET /sites/default/files/favicon.png HTTP/1.1" 200 3880 "-" "Mozilla/5.0 (Windows NT 6.1; rv:6.0) Gecko/20110814 Firefox/6.0 Google (+https://developers.google.com/+/web/snippet/)"
5.63.145.68 - - [03/Nov/2013:11:40:41 +0100] "HEAD / HTTP/1.1" 200 468 "-" "checks.panopta.com"
209.85.238.70 - - [03/Nov/2013:11:41:11 +0100] "GET /rss.xml HTTP/1.1" 200 2983 "-" "Feedfetcher-Google; (+http://www.google.com/feedfetcher.html; 3 subscribers; feed-id=7225077890218036057)"
208.115.113.87 - - [03/Nov/2013:11:43:54 +0100] "GET /robots.txt HTTP/1.1" 200 1793 "-" "Mozilla/5.0 (compatible; Ezooms/1.0; ezooms.bot@gmail.com)"
208.115.113.87 - - [03/Nov/2013:11:43:54 +0100] "GET /robots.txt HTTP/1.1" 200 1793 "-" "Mozilla/5.0 (compatible; Ezooms/1.0; ezooms.bot@gmail.com)"
5.10.83.41 - - [03/Nov/2013:11:54:10 +0100] "GET /node/45?lang=fr HTTP/1.1" 200 7077 "-" "Mozilla/5.0 (compatible; AhrefsBot/5.0; +http://ahrefs.com/robot/)"
5.10.83.41 - - [03/Nov/2013:11:54:38 +0100] "GET /node/79?lang=en HTTP/1.1" 200 6682 "-" "Mozilla/5.0 (compatible; AhrefsBot/5.0; +http://ahrefs.com/robot/)"
5.63.145.68 - - [03/Nov/2013:11:57:47 +0100] "HEAD / HTTP/1.1" 200 468 "-" "checks.panopta.com"
220.181.108.97 - - [03/Nov/2013:12:00:22 +0100] "GET / HTTP/1.1" 200 16060 "-" "Mozilla/5.0 (compatible; Baiduspider/2.0; +http://www.baidu.com/search/spider.html)"
193.252.118.164 - - [03/Nov/2013:12:00:24 +0100] "GET /node/3 HTTP/1.1" 200 6646 "-" "Mozilla/5.0 (Windows; U; Windows NT 5.1; fr; rv:1.8.1) VoilaBot BETA 1.2 (support.voilabot@orange-ftgroup.com)"
5.10.83.41 - - [03/Nov/2013:12:01:59 +0100] "GET /node/107?lang=en HTTP/1.1" 200 6487 "-" "Mozilla/5.0 (compatible; AhrefsBot/5.0; +http://ahrefs.com/robot/)"
204.236.140.145 - - [03/Nov/2013:12:11:47 +0100] "GET /rss.xml HTTP/1.1" 200 2945 "-" "Digg Feed Fetcher 1.0 (Mozilla/5.0 (Macintosh; Intel Mac OS X 10_7_1) AppleWebKit/534.48.3 (KHTML, like Gecko) Version/5.1 Safari/534.48.3)"
5.63.145.68 - - [03/Nov/2013:12:14:07 +0100] "HEAD / HTTP/1.1" 200 468 "-" "checks.panopta.com"
5.10.83.41 - - [03/Nov/2013:12:18:21 +0100] "GET /node/6 HTTP/1.1" 200 6646 "-" "Mozilla/5.0 (compatible; AhrefsBot/5.0; +http://ahrefs.com/robot/)"
5.10.83.41 - - [03/Nov/2013:12:20:20 +0100] "GET /node/118?lang=fr HTTP/1.1" 200 7601 "-" "Mozilla/5.0 (compatible; AhrefsBot/5.0; +http://ahrefs.com/robot/)"
180.76.5.159 - - [03/Nov/2013:12:27:08 +0100] "GET /sites/all/modules/featured_content/featured_content.js?ls5cse HTTP/1.1" 200 1037 "-" "Mozilla/5.0 (compatible; Baiduspider/2.0; +http://www.baidu.com/search/spider.html)"
5.10.83.41 - - [03/Nov/2013:12:28:00 +0100] "GET /node/121?lang=fr HTTP/1.1" 200 6960 "-" "Mozilla/5.0 (compatible; AhrefsBot/5.0; +http://ahrefs.com/robot/)"
5.63.145.68 - - [03/Nov/2013:12:29:20 +0100] "HEAD / HTTP/1.1" 200 468 "-" "checks.panopta.com"
66.186.247.235 - - [03/Nov/2013:12:43:46 +0100] "\x80w\x01\x03\x01" 200 15928 "-" "-"
66.186.247.235 - admin [03/Nov/2013:12:43:48 +0100] "GET /HNAP1/ HTTP/1.1" 404 4708 "http://88.190.13.57/" "Opera/6.x (Linux 2.4.8-26mdk i686; U) [en]"
5.63.145.68 - - [03/Nov/2013:12:44:39 +0100] "HEAD / HTTP/1.1" 200 468 "-" "checks.panopta.com"
72.21.217.1 - - [03/Nov/2013:12:45:03 +0100] "GET / HTTP/1.1" 200 27955 "-" "Jakarta Commons-HttpClient/3.0"
208.115.113.87 - - [03/Nov/2013:12:45:21 +0100] "GET /node/58?lang=en HTTP/1.1" 200 30426 "-" "Mozilla/5.0 (compatible; Ezooms/1.0; ezooms.bot@gmail.com)"
23.22.98.199 - - [03/Nov/2013:12:45:23 +0100] "GET / HTTP/1.1" 200 27824 "-" "Mozilla/5.0 (Windows NT 6.1; WOW64; rv:14.0) Gecko/20100101 Firefox/14.0.1"
208.115.113.87 - - [03/Nov/2013:12:45:34 +0100] "GET /node/112?lang=fr HTTP/1.1" 200 31050 "-" "Mozilla/5.0 (compatible; Ezooms/1.0; ezooms.bot@gmail.com)"
208.115.113.87 - - [03/Nov/2013:12:45:46 +0100] "GET /node/143?lang=fr HTTP/1.1" 200 30905 "-" "Mozilla/5.0 (compatible; Ezooms/1.0; ezooms.bot@gmail.com)"
208.115.113.87 - - [03/Nov/2013:12:45:59 +0100] "GET /node/26?lang=en HTTP/1.1" 200 29776 "-" "Mozilla/5.0 (compatible; Ezooms/1.0; ezooms.bot@gmail.com)"
220.181.108.76 - - [03/Nov/2013:12:46:00 +0100] "GET / HTTP/1.1" 200 16060 "-" "Mozilla/5.0 (compatible; Baiduspider/2.0; +http://www.baidu.com/search/spider.html)"
5.10.83.41 - - [03/Nov/2013:12:46:57 +0100] "GET /node/11 HTTP/1.1" 200 6785 "-" "Mozilla/5.0 (compatible; AhrefsBot/5.0; +http://ahrefs.com/robot/)"
204.236.220.209 - - [03/Nov/2013:12:48:27 +0100] "GET / HTTP/1.1" 200 28012 "-" "Mozilla/5.0 (Windows NT 6.1; WOW64; rv:14.0) Gecko/20100101 Firefox/14.0.1"
5.10.83.41 - - [03/Nov/2013:12:48:52 +0100] "GET /node/141?lang=fr HTTP/1.1" 200 6979 "-" "Mozilla/5.0 (compatible; AhrefsBot/5.0; +http://ahrefs.com/robot/)"
193.252.118.174 - - [03/Nov/2013:12:50:29 +0100] "GET /node/64 HTTP/1.1" 200 6202 "-" "Mozilla/5.0 (Windows; U; Windows NT 5.1; fr; rv:1.8.1) VoilaBot BETA 1.2 (support.voilabot@orange-ftgroup.com)"
209.85.238.70 - - [03/Nov/2013:12:50:31 +0100] "GET /rss.xml HTTP/1.1" 200 2983 "-" "Feedfetcher-Google; (+http://www.google.com/feedfetcher.html; 3 subscribers; feed-id=7225077890218036057)"
217.69.133.249 - - [03/Nov/2013:12:52:44 +0100] "GET /robots.txt HTTP/1.0" 200 1812 "-" "Mozilla/5.0 (compatible; Linux x86_64; Mail.RU_Bot/2.0; +http://go.mail.ru/help/robots)"
217.69.133.248 - - [03/Nov/2013:12:52:54 +0100] "GET /node/40?lang=fr HTTP/1.0" 200 30882 "-" "Mozilla/5.0 (compatible; Linux x86_64; Mail.RU_Bot/2.0; +http://go.mail.ru/help/robots)"
81.52.143.32 - - [03/Nov/2013:12:55:45 +0100] "GET /node/145?lang=fr HTTP/1.1" 200 6934 "-" "Mozilla/5.0 (Windows; U; Windows NT 5.1; fr; rv:1.8.1) VoilaBot BETA 1.2 (support.voilabot@orange-ftgroup.com)"
5.10.83.41 - - [03/Nov/2013:12:58:20 +0100] "GET /node/138 HTTP/1.1" 200 6655 "-" "Mozilla/5.0 (compatible; AhrefsBot/5.0; +http://ahrefs.com/robot/)"
5.63.145.68 - - [03/Nov/2013:13:00:01 +0100] "HEAD / HTTP/1.1" 200 468 "-" "checks.panopta.com"
5.10.83.41 - - [03/Nov/2013:13:11:52 +0100] "GET /node/75 HTTP/1.1" 200 6467 "-" "Mozilla/5.0 (compatible; AhrefsBot/5.0; +http://ahrefs.com/robot/)"
130.149.221.188 - - [03/Nov/2013:13:14:31 +0100] "GET / HTTP/1.1" 200 18824 "-" "-"
5.63.145.68 - - [03/Nov/2013:13:15:34 +0100] "HEAD / HTTP/1.1" 200 468 "-" "checks.panopta.com"
5.10.83.41 - - [03/Nov/2013:13:16:43 +0100] "GET /node/6?lang=en HTTP/1.1" 200 6681 "-" "Mozilla/5.0 (compatible; AhrefsBot/5.0; +http://ahrefs.com/robot/)"
5.10.83.41 - - [03/Nov/2013:13:23:29 +0100] "GET /node/40?lang=fr HTTP/1.1" 200 6835 "-" "Mozilla/5.0 (compatible; AhrefsBot/5.0; +http://ahrefs.com/robot/)"
5.10.83.41 - - [03/Nov/2013:13:26:02 +0100] "GET /node/100?lang=fr HTTP/1.1" 200 6819 "-" "Mozilla/5.0 (compatible; AhrefsBot/5.0; +http://ahrefs.com/robot/)"
66.249.66.213 - - [03/Nov/2013:13:26:15 +0100] "GET /node/69 HTTP/1.1" 200 6699 "-" "SAMSUNG-SGH-E250/1.0 Profile/MIDP-2.0 Configuration/CLDC-1.1 UP.Browser/6.2.3.3.c.1.101 (GUI) MMP/2.0 (compatible; Googlebot-Mobile/2.1; +http://www.google.com/bot.html)"
65.19.138.34 - - [03/Nov/2013:13:26:24 +0100] "GET /rss.xml?lang=fr HTTP/1.1" 200 2968 "-" "Feedly/1.0 (+http://www.feedly.com/fetcher.html; like FeedFetcher-Google)"
5.10.83.41 - - [03/Nov/2013:13:26:49 +0100] "GET /taxonomy/term/1?lang=en HTTP/1.1" 200 4974 "-" "Mozilla/5.0 (compatible; AhrefsBot/5.0; +http://ahrefs.com/robot/)"
5.63.145.68 - - [03/Nov/2013:13:30:46 +0100] "HEAD / HTTP/1.1" 200 468 "-" "checks.panopta.com"
5.10.83.41 - - [03/Nov/2013:13:33:23 +0100] "GET /node/139?lang=fr HTTP/1.1" 200 7037 "-" "Mozilla/5.0 (compatible; AhrefsBot/5.0; +http://ahrefs.com/robot/)"
54.212.197.182 - - [03/Nov/2013:13:35:20 +0100] "HEAD / HTTP/1.1" 200 468 "-" "-"
193.252.118.176 - - [03/Nov/2013:13:42:33 +0100] "GET /node/58 HTTP/1.1" 200 6808 "-" "Mozilla/5.0 (Windows; U; Windows NT 5.1; fr; rv:1.8.1) VoilaBot BETA 1.2 (support.voilabot@orange-ftgroup.com)"
81.52.143.34 - - [03/Nov/2013:13:44:22 +0100] "GET /node/54?lang=fr HTTP/1.1" 200 7032 "-" "Mozilla/5.0 (Windows; U; Windows NT 5.1; fr; rv:1.8.1) VoilaBot BETA 1.2 (support.voilabot@orange-ftgroup.com)"
220.181.108.83 - - [03/Nov/2013:13:45:47 +0100] "GET / HTTP/1.1" 200 16060 "-" "Mozilla/5.0 (compatible; Baiduspider/2.0; +http://www.baidu.com/search/spider.html)"
5.63.145.68 - - [03/Nov/2013:13:45:48 +0100] "HEAD / HTTP/1.1" 200 468 "-" "checks.panopta.com"
123.125.71.25 - - [03/Nov/2013:13:45:49 +0100] "GET / HTTP/1.1" 200 16060 "-" "Mozilla/5.0 (compatible; Baiduspider/2.0; +http://www.baidu.com/search/spider.html)"
208.115.111.71 - - [03/Nov/2013:13:49:49 +0100] "GET /robots.txt HTTP/1.1" 200 1793 "-" "Mozilla/5.0 (compatible; Ezooms/1.0; ezooms.bot@gmail.com)"
208.115.111.71 - - [03/Nov/2013:13:49:49 +0100] "GET /robots.txt HTTP/1.1" 200 1793 "-" "Mozilla/5.0 (compatible; Ezooms/1.0; ezooms.bot@gmail.com)"
5.10.83.41 - - [03/Nov/2013:13:53:31 +0100] "GET /node/59 HTTP/1.1" 200 6376 "-" "Mozilla/5.0 (compatible; AhrefsBot/5.0; +http://ahrefs.com/robot/)"
209.85.238.70 - - [03/Nov/2013:13:56:21 +0100] "GET /rss.xml HTTP/1.1" 200 2983 "-" "Feedfetcher-Google; (+http://www.google.com/feedfetcher.html; 3 subscribers; feed-id=7225077890218036057)"
5.63.145.68 - - [03/Nov/2013:14:00:51 +0100] "HEAD / HTTP/1.1" 200 468 "-" "checks.panopta.com"
65.19.138.34 - - [03/Nov/2013:14:03:51 +0100] "GET /rss.xml HTTP/1.1" 200 2947 "-" "Feedly/1.0 (+http://www.feedly.com/fetcher.html; like FeedFetcher-Google)"
208.43.225.84 - - [03/Nov/2013:14:04:37 +0100] "GET /robots.txt HTTP/1.1" 200 985 "-" "Mozilla/5.0 (compatible; SiteExplorer/1.0b; +http://siteexplorer.info/)"
208.43.225.84 - - [03/Nov/2013:14:04:42 +0100] "GET /node/59 HTTP/1.1" 200 6435 "-" "Mozilla/5.0 (compatible; SiteExplorer/1.0b; +http://siteexplorer.info/)"
208.43.225.84 - - [03/Nov/2013:14:04:47 +0100] "GET /node/58 HTTP/1.1" 200 6844 "-" "Mozilla/5.0 (compatible; SiteExplorer/1.0b; +http://siteexplorer.info/)"
208.43.225.84 - - [03/Nov/2013:14:04:52 +0100] "GET /node/57 HTTP/1.1" 200 6974 "-" "Mozilla/5.0 (compatible; SiteExplorer/1.0b; +http://siteexplorer.info/)"
208.43.225.84 - - [03/Nov/2013:14:04:57 +0100] "GET /node/5 HTTP/1.1" 200 5480 "-" "Mozilla/5.0 (compatible; SiteExplorer/1.0b; +http://siteexplorer.info/)"
208.43.225.84 - - [03/Nov/2013:14:05:02 +0100] "GET /node/40 HTTP/1.1" 200 6706 "-" "Mozilla/5.0 (compatible; SiteExplorer/1.0b; +http://siteexplorer.info/)"
208.43.225.84 - - [03/Nov/2013:14:05:07 +0100] "GET /node/26 HTTP/1.1" 200 6614 "-" "Mozilla/5.0 (compatible; SiteExplorer/1.0b; +http://siteexplorer.info/)"
208.43.225.84 - - [03/Nov/2013:14:05:12 +0100] "GET /node/22 HTTP/1.1" 200 6281 "-" "Mozilla/5.0 (compatible; SiteExplorer/1.0b; +http://siteexplorer.info/)"
208.43.225.84 - - [03/Nov/2013:14:05:17 +0100] "GET /node/15 HTTP/1.1" 200 6240 "-" "Mozilla/5.0 (compatible; SiteExplorer/1.0b; +http://siteexplorer.info/)"
208.43.225.84 - - [03/Nov/2013:14:05:22 +0100] "GET /node/148 HTTP/1.1" 200 6426 "-" "Mozilla/5.0 (compatible; SiteExplorer/1.0b; +http://siteexplorer.info/)"
208.43.225.84 - - [03/Nov/2013:14:05:27 +0100] "GET /node/146 HTTP/1.1" 200 6814 "-" "Mozilla/5.0 (compatible; SiteExplorer/1.0b; +http://siteexplorer.info/)"
208.43.225.84 - - [03/Nov/2013:14:05:32 +0100] "GET /node/144 HTTP/1.1" 200 6594 "-" "Mozilla/5.0 (compatible; SiteExplorer/1.0b; +http://siteexplorer.info/)"
208.43.225.84 - - [03/Nov/2013:14:05:37 +0100] "GET /node/142 HTTP/1.1" 200 6301 "-" "Mozilla/5.0 (compatible; SiteExplorer/1.0b; +http://siteexplorer.info/)"
208.43.225.84 - - [03/Nov/2013:14:05:42 +0100] "GET /node/140 HTTP/1.1" 200 6645 "-" "Mozilla/5.0 (compatible; SiteExplorer/1.0b; +http://siteexplorer.info/)"
208.43.225.84 - - [03/Nov/2013:14:05:47 +0100] "GET /node/134 HTTP/1.1" 200 5438 "-" "Mozilla/5.0 (compatible; SiteExplorer/1.0b; +http://siteexplorer.info/)"
208.43.225.84 - - [03/Nov/2013:14:05:52 +0100] "GET /node/132 HTTP/1.1" 200 6002 "-" "Mozilla/5.0 (compatible; SiteExplorer/1.0b; +http://siteexplorer.info/)"
208.43.225.84 - - [03/Nov/2013:14:05:57 +0100] "GET /node/13 HTTP/1.1" 200 6796 "-" "Mozilla/5.0 (compatible; SiteExplorer/1.0b; +http://siteexplorer.info/)"
208.43.225.84 - - [03/Nov/2013:14:06:02 +0100] "GET /node/12 HTTP/1.1" 200 6360 "-" "Mozilla/5.0 (compatible; SiteExplorer/1.0b; +http://siteexplorer.info/)"
208.43.225.84 - - [03/Nov/2013:14:06:07 +0100] "GET /node/11 HTTP/1.1" 200 6843 "-" "Mozilla/5.0 (compatible; SiteExplorer/1.0b; +http://siteexplorer.info/)"
208.43.225.84 - - [03/Nov/2013:14:06:12 +0100] "GET /node/107 HTTP/1.1" 200 6508 "-" "Mozilla/5.0 (compatible; SiteExplorer/1.0b; +http://siteexplorer.info/)"
208.43.225.84 - - [03/Nov/2013:14:06:17 +0100] "GET /node/10 HTTP/1.1" 200 6558 "-" "Mozilla/5.0 (compatible; SiteExplorer/1.0b; +http://siteexplorer.info/)"
23.244.125.71 - - [03/Nov/2013:14:08:11 +0100] "GET /node/67 HTTP/1.1" 200 6742 "http://hurence.com/" "Mozilla/5.0 (iPad; CPU OS 6_1_3 like Mac OS X) AppleWebKit/536.26 (KHTML, like Gecko) Version/6.0 Mobile/10B329 Safari/8536.25"
193.252.149.14 - - [03/Nov/2013:14:09:39 +0100] "GET /node/126 HTTP/1.1" 200 6531 "-" "Mozilla/5.0 (Windows; U; Windows NT 5.1; fr; rv:1.8.1) VoilaBot BETA 1.2 (support.voilabot@orange-ftgroup.com)"
5.10.83.41 - - [03/Nov/2013:14:10:47 +0100] "GET /node/114?lang=fr HTTP/1.1" 200 6883 "-" "Mozilla/5.0 (compatible; AhrefsBot/5.0; +http://ahrefs.com/robot/)"
5.10.83.41 - - [03/Nov/2013:14:12:21 +0100] "GET /node/124?lang=fr HTTP/1.1" 200 6765 "-" "Mozilla/5.0 (compatible; AhrefsBot/5.0; +http://ahrefs.com/robot/)"
65.19.138.33 - - [03/Nov/2013:14:16:07 +0100] "GET /taxonomy/term/1/feed HTTP/1.1" 200 659 "-" "Feedly/1.0 (+http://www.feedly.com/fetcher.html; like FeedFetcher-Google)"
5.63.145.68 - - [03/Nov/2013:14:16:19 +0100] "HEAD / HTTP/1.1" 200 468 "-" "checks.panopta.com"
5.10.83.41 - - [03/Nov/2013:14:16:57 +0100] "GET /taxonomy/term/1/feed?lang=fr HTTP/1.1" 200 644 "-" "Mozilla/5.0 (compatible; AhrefsBot/5.0; +http://ahrefs.com/robot/)"
193.252.118.167 - - [03/Nov/2013:14:26:12 +0100] "GET /node/148 HTTP/1.1" 200 6389 "-" "Mozilla/5.0 (Windows; U; Windows NT 5.1; fr; rv:1.8.1) VoilaBot BETA 1.2 (support.voilabot@orange-ftgroup.com)"
114.252.126.151 - - [03/Nov/2013:14:29:09 +0100] "GET /node/63 HTTP/1.1" 200 6595 "http://www.google.com.hk/url?sa=t&rct=j&q=crowler%20hadoop&source=web&cd=6&cad=rja&ved=0CFcQFjAF&url=%68%74%74%70%3a%2f%2f%77%77%77%2e%68%75%72%65%6e%63%65%2e%63%6f%6d%2f%6e%6f%64%65%2f%36%33&ei=jU92UoS5M8mNrQeHqIHQAg&usg=AFQjCNHCmMxmNIXQaoyvegSgCAM4tFa_hQ&bvm=bv.55819444,d.bmk" "Mozilla/5.0 (compatible; MSIE 10.0; Windows NT 6.1; WOW64; Trident/6.0)"
114.252.126.151 - - [03/Nov/2013:14:29:11 +0100] "GET /modules/system/system.base.css?ls5cse HTTP/1.1" 200 2193 "http://www.hurence.com/node/63" "Mozilla/5.0 (compatible; MSIE 10.0; Windows NT 6.1; WOW64; Trident/6.0)"
114.252.126.151 - - [03/Nov/2013:14:29:12 +0100] "GET /modules/system/system.menus.css?ls5cse HTTP/1.1" 200 1001 "http://www.hurence.com/node/63" "Mozilla/5.0 (compatible; MSIE 10.0; Windows NT 6.1; WOW64; Trident/6.0)"
114.252.126.151 - - [03/Nov/2013:14:29:12 +0100] "GET /misc/feed.png HTTP/1.1" 200 949 "http://www.hurence.com/node/63" "Mozilla/5.0 (compatible; MSIE 10.0; Windows NT 6.1; WOW64; Trident/6.0)"
114.252.126.151 - - [03/Nov/2013:14:29:12 +0100] "GET /modules/system/system.messages.css?ls5cse HTTP/1.1" 200 722 "http://www.hurence.com/node/63" "Mozilla/5.0 (compatible; MSIE 10.0; Windows NT 6.1; WOW64; Trident/6.0)"
114.252.126.151 - - [03/Nov/2013:14:29:12 +0100] "GET /modules/comment/comment.css?ls5cse HTTP/1.1" 200 481 "http://www.hurence.com/node/63" "Mozilla/5.0 (compatible; MSIE 10.0; Windows NT 6.1; WOW64; Trident/6.0)"
114.252.126.151 - - [03/Nov/2013:14:29:12 +0100] "GET /modules/field/theme/field.css?ls5cse HTTP/1.1" 200 575 "http://www.hurence.com/node/63" "Mozilla/5.0 (compatible; MSIE 10.0; Windows NT 6.1; WOW64; Trident/6.0)"
114.252.126.151 - - [03/Nov/2013:14:29:12 +0100] "GET /sites/all/modules/megamenu/megamenu-skins.css?ls5cse HTTP/1.1" 200 357 "http://www.hurence.com/node/63" "Mozilla/5.0 (compatible; MSIE 10.0; Windows NT 6.1; WOW64; Trident/6.0)"
114.252.126.151 - - [03/Nov/2013:14:29:12 +0100] "GET /modules/search/search.css?ls5cse HTTP/1.1" 200 571 "http://www.hurence.com/node/63" "Mozilla/5.0 (compatible; MSIE 10.0; Windows NT 6.1; WOW64; Trident/6.0)"
114.252.126.151 - - [03/Nov/2013:14:29:12 +0100] "GET /modules/user/user.css?ls5cse HTTP/1.1" 200 1036 "http://www.hurence.com/node/63" "Mozilla/5.0 (compatible; MSIE 10.0; Windows NT 6.1; WOW64; Trident/6.0)"
114.252.126.151 - - [03/Nov/2013:14:29:12 +0100] "GET /sites/all/modules/views/css/views.css?ls5cse HTTP/1.1" 200 648 "http://www.hurence.com/node/63" "Mozilla/5.0 (compatible; MSIE 10.0; Windows NT 6.1; WOW64; Trident/6.0)"
114.252.126.151 - - [03/Nov/2013:14:29:13 +0100] "GET /sites/all/modules/ctools/css/ctools.css?ls5cse HTTP/1.1" 200 591 "http://www.hurence.com/node/63" "Mozilla/5.0 (compatible; MSIE 10.0; Windows NT 6.1; WOW64; Trident/6.0)"
114.252.126.151 - - [03/Nov/2013:14:29:13 +0100] "GET /sites/all/modules/featured_content/featured_content.css?ls5cse HTTP/1.1" 200 478 "http://www.hurence.com/node/63" "Mozilla/5.0 (compatible; MSIE 10.0; Windows NT 6.1; WOW64; Trident/6.0)"
114.252.126.151 - - [03/Nov/2013:14:29:13 +0100] "GET /sites/all/modules/megamenu/megamenu.css?ls5cse HTTP/1.1" 200 1618 "http://www.hurence.com/node/63" "Mozilla/5.0 (compatible; MSIE 10.0; Windows NT 6.1; WOW64; Trident/6.0)"
114.252.126.151 - - [03/Nov/2013:14:29:13 +0100] "GET /sites/all/modules/simplenews/simplenews.css?ls5cse HTTP/1.1" 200 574 "http://www.hurence.com/node/63" "Mozilla/5.0 (compatible; MSIE 10.0; Windows NT 6.1; WOW64; Trident/6.0)"
114.252.126.151 - - [03/Nov/2013:14:29:13 +0100] "GET /modules/locale/locale.css?ls5cse HTTP/1.1" 200 751 "http://www.hurence.com/node/63" "Mozilla/5.0 (compatible; MSIE 10.0; Windows NT 6.1; WOW64; Trident/6.0)"
114.252.126.151 - - [03/Nov/2013:14:29:13 +0100] "GET /modules/system/system.theme.css?ls5cse HTTP/1.1" 200 1560 "http://www.hurence.com/node/63" "Mozilla/5.0 (compatible; MSIE 10.0; Windows NT 6.1; WOW64; Trident/6.0)"
114.252.126.151 - - [03/Nov/2013:14:29:13 +0100] "GET /sites/all/themes/hurence/css/html-reset.css?ls5cse HTTP/1.1" 200 3350 "http://www.hurence.com/node/63" "Mozilla/5.0 (compatible; MSIE 10.0; Windows NT 6.1; WOW64; Trident/6.0)"
114.252.126.151 - - [03/Nov/2013:14:29:13 +0100] "GET /sites/all/themes/hurence/css/wireframes.css?ls5cse HTTP/1.1" 200 532 "http://www.hurence.com/node/63" "Mozilla/5.0 (compatible; MSIE 10.0; Windows NT 6.1; WOW64; Trident/6.0)"
114.252.126.151 - - [03/Nov/2013:14:29:13 +0100] "GET /sites/all/themes/hurence/css/layout-fixed.css?ls5cse HTTP/1.1" 200 1924 "http://www.hurence.com/node/63" "Mozilla/5.0 (compatible; MSIE 10.0; Windows NT 6.1; WOW64; Trident/6.0)"
114.252.126.151 - - [03/Nov/2013:14:29:13 +0100] "GET /sites/all/themes/hurence/css/page-backgrounds.css?ls5cse HTTP/1.1" 200 721 "http://www.hurence.com/node/63" "Mozilla/5.0 (compatible; MSIE 10.0; Windows NT 6.1; WOW64; Trident/6.0)"
114.252.126.151 - - [03/Nov/2013:14:29:14 +0100] "GET /sites/all/themes/hurence/css/pages.css?ls5cse HTTP/1.1" 200 2219 "http://www.hurence.com/node/63" "Mozilla/5.0 (compatible; MSIE 10.0; Windows NT 6.1; WOW64; Trident/6.0)"
114.252.126.151 - - [03/Nov/2013:14:29:14 +0100] "GET /sites/all/themes/hurence/css/blocks.css?ls5cse HTTP/1.1" 200 1869 "http://www.hurence.com/node/63" "Mozilla/5.0 (compatible; MSIE 10.0; Windows NT 6.1; WOW64; Trident/6.0)"
114.252.126.151 - - [03/Nov/2013:14:29:14 +0100] "GET /sites/all/themes/hurence/css/navigation.css?ls5cse HTTP/1.1" 200 806 "http://www.hurence.com/node/63" "Mozilla/5.0 (compatible; MSIE 10.0; Windows NT 6.1; WOW64; Trident/6.0)"
114.252.126.151 - - [03/Nov/2013:14:29:14 +0100] "GET /sites/all/themes/hurence/css/views-styles.css?ls5cse HTTP/1.1" 200 389 "http://www.hurence.com/node/63" "Mozilla/5.0 (compatible; MSIE 10.0; Windows NT 6.1; WOW64; Trident/6.0)"
114.252.126.151 - - [03/Nov/2013:14:29:14 +0100] "GET /sites/all/themes/hurence/css/nodes.css?ls5cse HTTP/1.1" 200 1115 "http://www.hurence.com/node/63" "Mozilla/5.0 (compatible; MSIE 10.0; Windows NT 6.1; WOW64; Trident/6.0)"
114.252.126.151 - - [03/Nov/2013:14:29:14 +0100] "GET /sites/all/themes/hurence/css/comments.css?ls5cse HTTP/1.1" 200 1019 "http://www.hurence.com/node/63" "Mozilla/5.0 (compatible; MSIE 10.0; Windows NT 6.1; WOW64; Trident/6.0)"
114.252.126.151 - - [03/Nov/2013:14:29:14 +0100] "GET /sites/all/themes/hurence/css/fields.css?ls5cse HTTP/1.1" 200 700 "http://www.hurence.com/node/63" "Mozilla/5.0 (compatible; MSIE 10.0; Windows NT 6.1; WOW64; Trident/6.0)"
114.252.126.151 - - [03/Nov/2013:14:29:14 +0100] "GET /sites/all/themes/hurence/css/print.css?ls5cse HTTP/1.1" 200 979 "http://www.hurence.com/node/63" "Mozilla/5.0 (compatible; MSIE 10.0; Windows NT 6.1; WOW64; Trident/6.0)"
114.252.126.151 - - [03/Nov/2013:14:29:14 +0100] "GET /sites/all/themes/hurence/css/tabs.css?ls5cse HTTP/1.1" 200 1058 "http://www.hurence.com/node/63" "Mozilla/5.0 (compatible; MSIE 10.0; Windows NT 6.1; WOW64; Trident/6.0)"
114.252.126.151 - - [03/Nov/2013:14:29:14 +0100] "GET /sites/all/themes/hurence/css/hurence.css?ls5cse HTTP/1.1" 200 688 "http://www.hurence.com/node/63" "Mozilla/5.0 (compatible; MSIE 10.0; Windows NT 6.1; WOW64; Trident/6.0)"
114.252.126.151 - - [03/Nov/2013:14:29:15 +0100] "GET /misc/jquery.once.js?v=1.2 HTTP/1.1" 200 1420 "http://www.hurence.com/node/63" "Mozilla/5.0 (compatible; MSIE 10.0; Windows NT 6.1; WOW64; Trident/6.0)"
114.252.126.151 - - [03/Nov/2013:14:29:15 +0100] "GET /misc/drupal.js?ls5cse HTTP/1.1" 200 4882 "http://www.hurence.com/node/63" "Mozilla/5.0 (compatible; MSIE 10.0; Windows NT 6.1; WOW64; Trident/6.0)"
114.252.126.151 - - [03/Nov/2013:14:29:15 +0100] "GET /sites/all/modules/featured_content/featured_content.js?ls5cse HTTP/1.1" 200 1074 "http://www.hurence.com/node/63" "Mozilla/5.0 (compatible; MSIE 10.0; Windows NT 6.1; WOW64; Trident/6.0)"
114.252.126.151 - - [03/Nov/2013:14:29:15 +0100] "GET /sites/all/themes/hurence/css/forms.css?ls5cse HTTP/1.1" 200 1397 "http://www.hurence.com/node/63" "Mozilla/5.0 (compatible; MSIE 10.0; Windows NT 6.1; WOW64; Trident/6.0)"
114.252.126.151 - - [03/Nov/2013:14:29:15 +0100] "GET /sites/all/modules/megamenu/megamenu.js?ls5cse HTTP/1.1" 200 1758 "http://www.hurence.com/node/63" "Mozilla/5.0 (compatible; MSIE 10.0; Windows NT 6.1; WOW64; Trident/6.0)"
114.252.126.151 - - [03/Nov/2013:14:29:15 +0100] "GET /misc/jquery.js?v=1.4.4 HTTP/1.1" 200 27431 "http://www.hurence.com/node/63" "Mozilla/5.0 (compatible; MSIE 10.0; Windows NT 6.1; WOW64; Trident/6.0)"
114.252.126.151 - - [03/Nov/2013:14:29:15 +0100] "GET /sites/all/themes/hurence/js/hurence.js?ls5cse HTTP/1.1" 200 806 "http://www.hurence.com/node/63" "Mozilla/5.0 (compatible; MSIE 10.0; Windows NT 6.1; WOW64; Trident/6.0)"
114.252.126.151 - - [03/Nov/2013:14:29:15 +0100] "GET /sites/all/modules/views/js/jquery.ui.dialog.patch.js?ls5cse HTTP/1.1" 200 914 "http://www.hurence.com/node/63" "Mozilla/5.0 (compatible; MSIE 10.0; Windows NT 6.1; WOW64; Trident/6.0)"
114.252.126.151 - - [03/Nov/2013:14:29:15 +0100] "GET /sites/all/themes/hurence/logo.png HTTP/1.1" 200 5065 "http://www.hurence.com/node/63" "Mozilla/5.0 (compatible; MSIE 10.0; Windows NT 6.1; WOW64; Trident/6.0)"
114.252.126.151 - - [03/Nov/2013:14:29:15 +0100] "GET /sites/default/files/styles/white_paper_logo/public/hadoop-logo.jpg HTTP/1.1" 200 2436 "http://www.hurence.com/node/63" "Mozilla/5.0 (compatible; MSIE 10.0; Windows NT 6.1; WOW64; Trident/6.0)"
114.252.126.151 - - [03/Nov/2013:14:29:16 +0100] "GET /modules/file/icons/application-pdf.png HTTP/1.1" 200 639 "http://www.hurence.com/node/63" "Mozilla/5.0 (compatible; MSIE 10.0; Windows NT 6.1; WOW64; Trident/6.0)"
114.252.126.151 - - [03/Nov/2013:14:29:16 +0100] "GET /modules/node/node.css?ls5cse HTTP/1.1" 200 447 "http://www.hurence.com/node/63" "Mozilla/5.0 (compatible; MSIE 10.0; Windows NT 6.1; WOW64; Trident/6.0)"
114.252.126.151 - - [03/Nov/2013:14:29:16 +0100] "GET /sites/all/themes/hurence/css/megamenu-hurence.css?ls5cse HTTP/1.1" 200 1725 "http://www.hurence.com/node/63" "Mozilla/5.0 (compatible; MSIE 10.0; Windows NT 6.1; WOW64; Trident/6.0)"
114.252.126.151 - - [03/Nov/2013:14:29:16 +0100] "GET /sites/all/themes/hurence/images/bg_header.gif HTTP/1.1" 200 559 "http://www.hurence.com/node/63" "Mozilla/5.0 (compatible; MSIE 10.0; Windows NT 6.1; WOW64; Trident/6.0)"
114.252.126.151 - - [03/Nov/2013:14:29:16 +0100] "GET /sites/all/themes/hurence/images/bg_header-inner.jpg HTTP/1.1" 200 8925 "http://www.hurence.com/node/63" "Mozilla/5.0 (compatible; MSIE 10.0; Windows NT 6.1; WOW64; Trident/6.0)"
114.252.126.151 - - [03/Nov/2013:14:29:16 +0100] "GET /sites/default/files/en.jpg HTTP/1.1" 200 3136 "http://www.hurence.com/node/63" "Mozilla/5.0 (compatible; MSIE 10.0; Windows NT 6.1; WOW64; Trident/6.0)"
114.252.126.151 - - [03/Nov/2013:14:29:16 +0100] "GET /sites/default/files/fr.jpg HTTP/1.1" 200 3176 "http://www.hurence.com/node/63" "Mozilla/5.0 (compatible; MSIE 10.0; Windows NT 6.1; WOW64; Trident/6.0)"
114.252.126.151 - - [03/Nov/2013:14:29:16 +0100] "GET /sites/default/files/mail.png HTTP/1.1" 200 4030 "http://www.hurence.com/node/63" "Mozilla/5.0 (compatible; MSIE 10.0; Windows NT 6.1; WOW64; Trident/6.0)"
114.252.126.151 - - [03/Nov/2013:14:29:16 +0100] "GET /sites/default/files/Twitter-24x24.png HTTP/1.1" 200 1869 "http://www.hurence.com/node/63" "Mozilla/5.0 (compatible; MSIE 10.0; Windows NT 6.1; WOW64; Trident/6.0)"
114.252.126.151 - - [03/Nov/2013:14:29:17 +0100] "GET /sites/default/files/Facebook-24x24.png HTTP/1.1" 200 1725 "http://www.hurence.com/node/63" "Mozilla/5.0 (compatible; MSIE 10.0; Windows NT 6.1; WOW64; Trident/6.0)"
114.252.126.151 - - [03/Nov/2013:14:29:18 +0100] "GET /sites/default/files/favicon.png HTTP/1.1" 200 3881 "-" "Mozilla/5.0 (compatible; MSIE 10.0; Windows NT 6.1; Win64; x64; Trident/6.0)"
127.0.0.1 - - [03/Nov/2013:14:29:34 +0100] "OPTIONS * HTTP/1.0" 200 152 "-" "Apache/2.2.17 (Ubuntu) (internal dummy connection)"
127.0.0.1 - - [03/Nov/2013:14:29:35 +0100] "OPTIONS * HTTP/1.0" 200 152 "-" "Apache/2.2.17 (Ubuntu) (internal dummy connection)"
5.63.145.68 - - [03/Nov/2013:14:31:20 +0100] "HEAD / HTTP/1.1" 200 468 "-" "checks.panopta.com"
5.63.145.68 - - [03/Nov/2013:14:31:22 +0100] "GET / HTTP/1.1" 200 27767 "-" "checks.panopta.com"
114.252.126.151 - - [03/Nov/2013:14:34:40 +0100] "GET /node/nutch.apache.org HTTP/1.1" 404 4715 "http://www.hurence.com/node/63" "Mozilla/5.0 (compatible; MSIE 10.0; Windows NT 6.1; WOW64; Trident/6.0)"
15.219.201.81 - - [03/Nov/2013:14:46:01 +0100] "GET /sites/all/modules/featured_content/featured_content.js?ls5cse HTTP/1.1" 304 214 "-" "Mozilla/4.0 (compatible;)"
209.85.238.70 - - [03/Nov/2013:14:46:51 +0100] "GET /rss.xml HTTP/1.1" 200 2983 "-" "Feedfetcher-Google; (+http://www.google.com/feedfetcher.html; 3 subscribers; feed-id=7225077890218036057)"
5.63.145.68 - - [03/Nov/2013:14:47:03 +0100] "HEAD / HTTP/1.1" 200 468 "-" "checks.panopta.com"
208.115.111.71 - - [03/Nov/2013:14:48:09 +0100] "GET /node/4?lang=en HTTP/1.1" 200 28583 "-" "Mozilla/5.0 (compatible; Ezooms/1.0; ezooms.bot@gmail.com)"
208.115.111.71 - - [03/Nov/2013:14:48:23 +0100] "GET /node/123?lang=fr HTTP/1.1" 200 32559 "-" "Mozilla/5.0 (compatible; Ezooms/1.0; ezooms.bot@gmail.com)"
208.115.111.71 - - [03/Nov/2013:14:48:36 +0100] "GET /node/129 HTTP/1.1" 200 23241 "-" "Mozilla/5.0 (compatible; Ezooms/1.0; ezooms.bot@gmail.com)"
220.181.108.102 - - [03/Nov/2013:14:48:48 +0100] "GET / HTTP/1.1" 200 16060 "-" "Mozilla/5.0 (compatible; Baiduspider/2.0; +http://www.baidu.com/search/spider.html)"
208.115.111.71 - - [03/Nov/2013:14:48:48 +0100] "GET /node/53 HTTP/1.1" 200 23542 "-" "Mozilla/5.0 (compatible; Ezooms/1.0; ezooms.bot@gmail.com)"
123.125.71.39 - - [03/Nov/2013:14:56:31 +0100] "GET / HTTP/1.1" 200 16060 "-" "Mozilla/5.0 (compatible; Baiduspider/2.0; +http://www.baidu.com/search/spider.html)"
46.246.36.230 - - [03/Nov/2013:14:57:55 +0100] "GET / HTTP/1.1" 200 6357 "http://www.hurence.com/" "Mozilla/5.0 (iPad; CPU OS 6_1_3 like Mac OS X) AppleWebKit/536.26 (KHTML, like Gecko) Version/6.0 Mobile/10B329 Safari/8536.25"
46.246.36.230 - - [03/Nov/2013:14:59:51 +0100] "GET /?q=user HTTP/1.1" 200 5097 "http://www.hurence.com/" "Mozilla/5.0 (iPad; CPU OS 6_1_3 like Mac OS X) AppleWebKit/536.26 (KHTML, like Gecko) Version/6.0 Mobile/10B329 Safari/8536.25"
46.246.36.230 - - [03/Nov/2013:14:59:51 +0100] "POST /?q=user HTTP/1.1" 200 5179 "http://www.hurence.com/?q=user" "Mozilla/5.0 (iPad; CPU OS 6_1_3 like Mac OS X) AppleWebKit/536.26 (KHTML, like Gecko) Version/6.0 Mobile/10B329 Safari/8536.25"
5.10.83.41 - - [03/Nov/2013:15:02:17 +0100] "GET /node/62?lang=en HTTP/1.1" 200 6582 "-" "Mozilla/5.0 (compatible; AhrefsBot/5.0; +http://ahrefs.com/robot/)"
5.63.145.68 - - [03/Nov/2013:15:03:02 +0100] "HEAD / HTTP/1.1" 200 468 "-" "checks.panopta.com"
5.10.83.41 - - [03/Nov/2013:15:04:39 +0100] "GET /node/15?lang=fr HTTP/1.1" 200 6391 "-" "Mozilla/5.0 (compatible; AhrefsBot/5.0; +http://ahrefs.com/robot/)"
184.82.117.52 - - [03/Nov/2013:15:05:37 +0100] "GET /node/3 HTTP/1.0" 200 6681 "http://www.hurence.com/" "Mozilla/5.0 (iPad; CPU OS 6_1_3 like Mac OS X) AppleWebKit/536.26 (KHTML, like Gecko) Version/6.0 Mobile/10B329 Safari/8536.25"
184.82.117.52 - - [03/Nov/2013:15:05:40 +0100] "GET /?q=node/add HTTP/1.0" 403 4783 "http://www.hurence.com/" "Mozilla/5.0 (iPad; CPU OS 6_1_3 like Mac OS X) AppleWebKit/536.26 (KHTML, like Gecko) Version/6.0 Mobile/10B329 Safari/8536.25"
